==> commonplace
make: Nothing to be done for 'all'.
==> yelixer
Running ExUnit with seed: 859679, max_cases: 8

???????????

  0) Yelixer.DiffYjsTest: failure on setup_all callback, all tests have been invalidated
     ** (RuntimeError) Yjs stable oracle import failed with status 1.
     Install the pinned test dependency with:
       npm ci --prefix apps/yelixer/test/fixtures

     Node output:
     node:internal/modules/package_json_reader:301
       throw new ERR_MODULE_NOT_FOUND(packageName, fileURLToPath(base), null);
             ^

     Error [ERR_MODULE_NOT_FOUND]: Cannot find package 'yjs-stable' imported from /home/jes/sol-measure/apps/yelixer/test/fixtures/yjs_diff_driver.mjs
         at Object.getPackageJSONURL (node:internal/modules/package_json_reader:301:9)
         at packageResolve (node:internal/modules/esm/resolve:769:81)
         at moduleResolve (node:internal/modules/esm/resolve:860:18)
         at defaultResolve (node:internal/modules/esm/resolve:992:11)
         at #cachedDefaultResolve (node:internal/modules/esm/loader:719:20)
         at #resolveAndMaybeBlockOnLoaderThread (node:internal/modules/esm/loader:736:38)
         at ModuleLoader.resolveSync (node:internal/modules/esm/loader:765:52)
         at #resolve (node:internal/modules/esm/loader:701:17)
         at ModuleLoader.getOrCreateModuleJob (node:internal/modules/esm/loader:621:35)
         at onImport.tracePromise.__proto__ (node:internal/modules/esm/loader:650:32) {
       code: 'ERR_MODULE_NOT_FOUND'
     }

     Node.js v24.13.1

     stacktrace:
       test/yelixer/diff_yjs_test.exs:44: Yelixer.DiffYjsTest.__ex_unit_setup_all_0/1
       test/yelixer/diff_yjs_test.exs:1: Yelixer.DiffYjsTest.__ex_unit__/2


Finished in 0.3 seconds (0.00s async, 0.3s sync)
11 tests, 0 failures, 11 invalid
