==> commonplace
make: Nothing to be done for 'all'.
==> commonplace_cli
Running ExUnit with seed: 808788, max_cases: 8

..............................07:08:57.913 [error] local node self-trust was not added: node signing public-key artifact is absent — continuing with configured trusted identities
07:08:58.020 [error] local node self-trust was not added: node signing public-key artifact is absent — continuing with configured trusted identities
.07:08:58.032 [error] local node self-trust was not added: node signing public-key artifact is absent — continuing with configured trusted identities
07:08:58.063 [warning] CommitStore: root attach DENIED by workspace profile doc_uuid=b4a312e0-9151-47de-8cdc-a291b296604e reason="workspace class 'minimal' does not accept root entry 'bd' — declared in profile"
07:08:58.083 [error] local node self-trust was not added: node signing public-key artifact is absent — continuing with configured trusted identities
......07:08:58.206 [error] local node self-trust was not added: node signing public-key artifact is absent — continuing with configured trusted identities
07:08:58.207 [error] local node self-trust was not added: node signing public-key artifact is absent — continuing with configured trusted identities
07:08:58.209 [error] local node self-trust was not added: node signing public-key artifact is absent — continuing with configured trusted identities
07:08:58.211 [error] local node self-trust was not added: node signing public-key artifact is absent — continuing with configured trusted identities
07:08:58.213 [error] local node self-trust was not added: node signing public-key artifact is absent — continuing with configured trusted identities
07:08:58.216 [error] local node self-trust was not added: node signing public-key artifact is absent — continuing with configured trusted identities
07:08:58.218 [error] local node self-trust was not added: node signing public-key artifact is absent — continuing with configured trusted identities
07:08:58.220 [error] local node self-trust was not added: node signing public-key artifact is absent — continuing with configured trusted identities
07:08:58.227 [warning] flock failed on /tmp/cp_checkout_sync_162631/repos/myrepo/feature/feature.txt: :enoent, proceeding without lock
07:08:58.229 [warning] flock failed on /tmp/cp_checkout_sync_162631/repos/myrepo/main/readme.txt: :enoent, proceeding without lock
07:08:58.231 [warning] flock failed on /tmp/cp_checkout_sync_162631/readme.txt: :enoent, proceeding without lock
07:08:58.241 [error] local node self-trust was not added: node signing public-key artifact is absent — continuing with configured trusted identities
.07:08:58.251 [error] local node self-trust was not added: node signing public-key artifact is absent — continuing with configured trusted identities
07:08:58.251 [error] local node self-trust was not added: node signing public-key artifact is absent — continuing with configured trusted identities
07:08:58.253 [error] local node self-trust was not added: node signing public-key artifact is absent — continuing with configured trusted identities
07:08:58.255 [error] local node self-trust was not added: node signing public-key artifact is absent — continuing with configured trusted identities
07:08:58.257 [error] local node self-trust was not added: node signing public-key artifact is absent — continuing with configured trusted identities
07:08:58.259 [error] local node self-trust was not added: node signing public-key artifact is absent — continuing with configured trusted identities
07:08:58.261 [error] local node self-trust was not added: node signing public-key artifact is absent — continuing with configured trusted identities
07:08:58.263 [error] local node self-trust was not added: node signing public-key artifact is absent — continuing with configured trusted identities
07:08:58.270 [error] local node self-trust was not added: node signing public-key artifact is absent — continuing with configured trusted identities
.07:08:58.278 [error] local node self-trust was not added: node signing public-key artifact is absent — continuing with configured trusted identities
07:08:58.279 [error] local node self-trust was not added: node signing public-key artifact is absent — continuing with configured trusted identities
07:08:58.281 [error] local node self-trust was not added: node signing public-key artifact is absent — continuing with configured trusted identities
07:08:58.283 [error] local node self-trust was not added: node signing public-key artifact is absent — continuing with configured trusted identities
07:08:58.285 [error] local node self-trust was not added: node signing public-key artifact is absent — continuing with configured trusted identities
07:08:58.290 [error] local node self-trust was not added: node signing public-key artifact is absent — continuing with configured trusted identities
07:08:58.292 [error] local node self-trust was not added: node signing public-key artifact is absent — continuing with configured trusted identities
07:08:58.294 [error] local node self-trust was not added: node signing public-key artifact is absent — continuing with configured trusted identities
Re-rooted: uuid-root → uuid-main
Exporting from new root...
Done.
07:08:58.310 [error] local node self-trust was not added: node signing public-key artifact is absent — continuing with configured trusted identities
.07:08:58.322 [error] local node self-trust was not added: node signing public-key artifact is absent — continuing with configured trusted identities
07:08:58.323 [error] local node self-trust was not added: node signing public-key artifact is absent — continuing with configured trusted identities
07:08:58.325 [error] local node self-trust was not added: node signing public-key artifact is absent — continuing with configured trusted identities
07:08:58.327 [error] local node self-trust was not added: node signing public-key artifact is absent — continuing with configured trusted identities
07:08:58.328 [error] local node self-trust was not added: node signing public-key artifact is absent — continuing with configured trusted identities
07:08:58.330 [error] local node self-trust was not added: node signing public-key artifact is absent — continuing with configured trusted identities
07:08:58.332 [error] local node self-trust was not added: node signing public-key artifact is absent — continuing with configured trusted identities
07:08:58.333 [error] local node self-trust was not added: node signing public-key artifact is absent — continuing with configured trusted identities
Current root: uuid-root
07:08:58.342 [error] local node self-trust was not added: node signing public-key artifact is absent — continuing with configured trusted identities
.07:08:58.351 [error] local node self-trust was not added: node signing public-key artifact is absent — continuing with configured trusted identities
07:08:58.351 [error] local node self-trust was not added: node signing public-key artifact is absent — continuing with configured trusted identities
07:08:58.353 [error] local node self-trust was not added: node signing public-key artifact is absent — continuing with configured trusted identities
07:08:58.355 [error] local node self-trust was not added: node signing public-key artifact is absent — continuing with configured trusted identities
07:08:58.357 [error] local node self-trust was not added: node signing public-key artifact is absent — continuing with configured trusted identities
07:08:58.359 [error] local node self-trust was not added: node signing public-key artifact is absent — continuing with configured trusted identities
07:08:58.360 [error] local node self-trust was not added: node signing public-key artifact is absent — continuing with configured trusted identities
07:08:58.363 [error] local node self-trust was not added: node signing public-key artifact is absent — continuing with configured trusted identities
07:08:58.365 [warning] flock failed on /tmp/cp_checkout_sync_622897/feature.txt: :enoent, proceeding without lock
07:08:58.374 [error] local node self-trust was not added: node signing public-key artifact is absent — continuing with configured trusted identities
.07:08:58.435 [error] local node self-trust was not added: node signing public-key artifact is absent — continuing with configured trusted identities
07:08:58.544 [error] local node self-trust was not added: node signing public-key artifact is absent — continuing with configured trusted identities
.07:08:58.657 [error] local node self-trust was not added: node signing public-key artifact is absent — continuing with configured trusted identities
.07:08:58.765 [error] local node self-trust was not added: node signing public-key artifact is absent — continuing with configured trusted identities
.07:08:58.876 [error] local node self-trust was not added: node signing public-key artifact is absent — continuing with configured trusted identities
.07:08:58.936 [error] local node self-trust was not added: node signing public-key artifact is absent — continuing with configured trusted identities
07:08:58.937 [error] local node self-trust was not added: node signing public-key artifact is absent — continuing with configured trusted identities
07:08:58.951 [error] local node self-trust was not added: node signing public-key artifact is absent — continuing with configured trusted identities
07:08:58.953 [error] local node self-trust was not added: node signing public-key artifact is absent — continuing with configured trusted identities
07:08:58.961 [error] local node self-trust was not added: node signing public-key artifact is absent — continuing with configured trusted identities
.07:08:58.968 [error] local node self-trust was not added: node signing public-key artifact is absent — continuing with configured trusted identities
07:08:58.969 [error] local node self-trust was not added: node signing public-key artifact is absent — continuing with configured trusted identities
07:08:58.971 [error] local node self-trust was not added: node signing public-key artifact is absent — continuing with configured trusted identities
07:08:58.973 [error] local node self-trust was not added: node signing public-key artifact is absent — continuing with configured trusted identities
07:08:58.979 [error] local node self-trust was not added: node signing public-key artifact is absent — continuing with configured trusted identities
.07:08:58.987 [error] local node self-trust was not added: node signing public-key artifact is absent — continuing with configured trusted identities
07:08:58.988 [error] local node self-trust was not added: node signing public-key artifact is absent — continuing with configured trusted identities
07:08:58.991 [error] local node self-trust was not added: node signing public-key artifact is absent — continuing with configured trusted identities
07:08:58.996 [error] local node self-trust was not added: node signing public-key artifact is absent — continuing with configured trusted identities
07:08:58.999 [error] local node self-trust was not added: node signing public-key artifact is absent — continuing with configured trusted identities
07:08:59.002 [error] local node self-trust was not added: node signing public-key artifact is absent — continuing with configured trusted identities
07:08:59.005 [error] local node self-trust was not added: node signing public-key artifact is absent — continuing with configured trusted identities
07:08:59.008 [error] local node self-trust was not added: node signing public-key artifact is absent — continuing with configured trusted identities
07:08:59.015 [error] local node self-trust was not added: node signing public-key artifact is absent — continuing with configured trusted identities
07:08:59.019 [error] local node self-trust was not added: node signing public-key artifact is absent — continuing with configured trusted identities
07:08:59.024 [error] local node self-trust was not added: node signing public-key artifact is absent — continuing with configured trusted identities
07:08:59.028 [error] local node self-trust was not added: node signing public-key artifact is absent — continuing with configured trusted identities
07:08:59.031 [warning] flock failed on /tmp/cp_sync_export_348659/new.txt: :enoent, proceeding without lock
07:08:59.033 [warning] flock failed on /tmp/cp_sync_export_348659/notes/todo.txt: :enoent, proceeding without lock
07:08:59.040 [error] local node self-trust was not added: node signing public-key artifact is absent — continuing with configured trusted identities
.07:08:59.049 [error] local node self-trust was not added: node signing public-key artifact is absent — continuing with configured trusted identities
07:08:59.050 [error] local node self-trust was not added: node signing public-key artifact is absent — continuing with configured trusted identities
07:08:59.052 [error] local node self-trust was not added: node signing public-key artifact is absent — continuing with configured trusted identities
07:08:59.054 [error] local node self-trust was not added: node signing public-key artifact is absent — continuing with configured trusted identities
07:08:59.056 [error] local node self-trust was not added: node signing public-key artifact is absent — continuing with configured trusted identities
07:08:59.059 [error] local node self-trust was not added: node signing public-key artifact is absent — continuing with configured trusted identities
07:08:59.061 [error] local node self-trust was not added: node signing public-key artifact is absent — continuing with configured trusted identities
07:08:59.064 [error] local node self-trust was not added: node signing public-key artifact is absent — continuing with configured trusted identities
07:08:59.068 [error] local node self-trust was not added: node signing public-key artifact is absent — continuing with configured trusted identities
07:08:59.070 [error] local node self-trust was not added: node signing public-key artifact is absent — continuing with configured trusted identities
07:08:59.073 [error] local node self-trust was not added: node signing public-key artifact is absent — continuing with configured trusted identities
07:08:59.080 [error] local node self-trust was not added: node signing public-key artifact is absent — continuing with configured trusted identities
.07:08:59.084 [error] local node self-trust was not added: node signing public-key artifact is absent — continuing with configured trusted identities
07:08:59.089 [error] local node self-trust was not added: node signing public-key artifact is absent — continuing with configured trusted identities
07:08:59.091 [error] local node self-trust was not added: node signing public-key artifact is absent — continuing with configured trusted identities
07:08:59.099 [error] local node self-trust was not added: node signing public-key artifact is absent — continuing with configured trusted identities
07:08:59.102 [error] local node self-trust was not added: node signing public-key artifact is absent — continuing with configured trusted identities
.07:08:59.111 [error] local node self-trust was not added: node signing public-key artifact is absent — continuing with configured trusted identities
07:08:59.115 [error] local node self-trust was not added: node signing public-key artifact is absent — continuing with configured trusted identities
07:08:59.117 [error] local node self-trust was not added: node signing public-key artifact is absent — continuing with configured trusted identities
07:08:59.120 [error] local node self-trust was not added: node signing public-key artifact is absent — continuing with configured trusted identities
07:08:59.121 [error] local node self-trust was not added: node signing public-key artifact is absent — continuing with configured trusted identities
07:08:59.126 [error] local node self-trust was not added: node signing public-key artifact is absent — continuing with configured trusted identities
07:08:59.129 [error] local node self-trust was not added: node signing public-key artifact is absent — continuing with configured trusted identities
.07:08:59.135 [error] local node self-trust was not added: node signing public-key artifact is absent — continuing with configured trusted identities
07:08:59.137 [error] local node self-trust was not added: node signing public-key artifact is absent — continuing with configured trusted identities
07:08:59.139 [error] local node self-trust was not added: node signing public-key artifact is absent — continuing with configured trusted identities
07:08:59.141 [error] local node self-trust was not added: node signing public-key artifact is absent — continuing with configured trusted identities
07:08:59.143 [error] local node self-trust was not added: node signing public-key artifact is absent — continuing with configured trusted identities
07:08:59.145 [error] local node self-trust was not added: node signing public-key artifact is absent — continuing with configured trusted identities
07:08:59.148 [error] local node self-trust was not added: node signing public-key artifact is absent — continuing with configured trusted identities
.07:08:59.154 [error] local node self-trust was not added: node signing public-key artifact is absent — continuing with configured trusted identities
...07:08:59.165 [error] local node self-trust was not added: node signing public-key artifact is absent — continuing with configured trusted identities
07:08:59.166 [error] local node self-trust was not added: node signing public-key artifact is absent — continuing with configured trusted identities
07:08:59.168 [error] local node self-trust was not added: node signing public-key artifact is absent — continuing with configured trusted identities
07:08:59.172 [error] local node self-trust was not added: node signing public-key artifact is absent — continuing with configured trusted identities
07:08:59.174 [error] local node self-trust was not added: node signing public-key artifact is absent — continuing with configured trusted identities
07:08:59.176 [error] local node self-trust was not added: node signing public-key artifact is absent — continuing with configured trusted identities
07:08:59.178 [error] local node self-trust was not added: node signing public-key artifact is absent — continuing with configured trusted identities
07:08:59.181 [error] local node self-trust was not added: node signing public-key artifact is absent — continuing with configured trusted identities
07:08:59.184 [error] local node self-trust was not added: node signing public-key artifact is absent — continuing with configured trusted identities
07:08:59.193 [error] local node self-trust was not added: node signing public-key artifact is absent — continuing with configured trusted identities
.07:08:59.202 [error] local node self-trust was not added: node signing public-key artifact is absent — continuing with configured trusted identities
07:08:59.215 [error] local node self-trust was not added: node signing public-key artifact is absent — continuing with configured trusted identities
.07:08:59.224 [error] local node self-trust was not added: node signing public-key artifact is absent — continuing with configured trusted identities
07:08:59.224 [error] local node self-trust was not added: node signing public-key artifact is absent — continuing with configured trusted identities
07:08:59.228 [error] local node self-trust was not added: node signing public-key artifact is absent — continuing with configured trusted identities
07:08:59.232 [error] local node self-trust was not added: node signing public-key artifact is absent — continuing with configured trusted identities
07:08:59.235 [error] local node self-trust was not added: node signing public-key artifact is absent — continuing with configured trusted identities
07:08:59.238 [error] local node self-trust was not added: node signing public-key artifact is absent — continuing with configured trusted identities
07:08:59.249 [error] local node self-trust was not added: node signing public-key artifact is absent — continuing with configured trusted identities
.07:08:59.257 [error] local node self-trust was not added: node signing public-key artifact is absent — continuing with configured trusted identities
07:08:59.258 [error] local node self-trust was not added: node signing public-key artifact is absent — continuing with configured trusted identities
07:08:59.266 [error] local node self-trust was not added: node signing public-key artifact is absent — continuing with configured trusted identities
.07:08:59.275 [error] local node self-trust was not added: node signing public-key artifact is absent — continuing with configured trusted identities
07:08:59.275 [error] local node self-trust was not added: node signing public-key artifact is absent — continuing with configured trusted identities
07:08:59.283 [error] local node self-trust was not added: node signing public-key artifact is absent — continuing with configured trusted identities
.07:08:59.295 [error] local node self-trust was not added: node signing public-key artifact is absent — continuing with configured trusted identities
07:08:59.296 [error] local node self-trust was not added: node signing public-key artifact is absent — continuing with configured trusted identities
07:08:59.299 [error] local node self-trust was not added: node signing public-key artifact is absent — continuing with configured trusted identities
07:08:59.301 [error] local node self-trust was not added: node signing public-key artifact is absent — continuing with configured trusted identities
07:08:59.303 [error] local node self-trust was not added: node signing public-key artifact is absent — continuing with configured trusted identities
07:08:59.311 [error] local node self-trust was not added: node signing public-key artifact is absent — continuing with configured trusted identities
.07:08:59.320 [error] local node self-trust was not added: node signing public-key artifact is absent — continuing with configured trusted identities
07:08:59.321 [error] local node self-trust was not added: node signing public-key artifact is absent — continuing with configured trusted identities
07:08:59.324 [error] local node self-trust was not added: node signing public-key artifact is absent — continuing with configured trusted identities
07:08:59.326 [error] local node self-trust was not added: node signing public-key artifact is absent — continuing with configured trusted identities
07:08:59.337 [error] local node self-trust was not added: node signing public-key artifact is absent — continuing with configured trusted identities
......07:08:59.350 [error] local node self-trust was not added: node signing public-key artifact is absent — continuing with configured trusted identities
07:08:59.353 [error] local node self-trust was not added: node signing public-key artifact is absent — continuing with configured trusted identities
.07:08:59.362 [error] local node self-trust was not added: node signing public-key artifact is absent — continuing with configured trusted identities
07:08:59.365 [error] local node self-trust was not added: node signing public-key artifact is absent — continuing with configured trusted identities
.07:08:59.373 [error] local node self-trust was not added: node signing public-key artifact is absent — continuing with configured trusted identities
07:08:59.376 [error] local node self-trust was not added: node signing public-key artifact is absent — continuing with configured trusted identities
.07:08:59.383 [error] local node self-trust was not added: node signing public-key artifact is absent — continuing with configured trusted identities
.07:08:59.393 [error] local node self-trust was not added: node signing public-key artifact is absent — continuing with configured trusted identities
07:08:59.395 [error] local node self-trust was not added: node signing public-key artifact is absent — continuing with configured trusted identities
07:08:59.398 [error] local node self-trust was not added: node signing public-key artifact is absent — continuing with configured trusted identities
07:08:59.400 [error] local node self-trust was not added: node signing public-key artifact is absent — continuing with configured trusted identities
.07:08:59.407 [error] local node self-trust was not added: node signing public-key artifact is absent — continuing with configured trusted identities
07:08:59.409 [error] local node self-trust was not added: node signing public-key artifact is absent — continuing with configured trusted identities
07:08:59.412 [error] local node self-trust was not added: node signing public-key artifact is absent — continuing with configured trusted identities
07:08:59.414 [error] local node self-trust was not added: node signing public-key artifact is absent — continuing with configured trusted identities
.07:08:59.422 [error] local node self-trust was not added: node signing public-key artifact is absent — continuing with configured trusted identities
07:08:59.425 [error] local node self-trust was not added: node signing public-key artifact is absent — continuing with configured trusted identities
07:08:59.427 [error] local node self-trust was not added: node signing public-key artifact is absent — continuing with configured trusted identities
07:08:59.430 [error] local node self-trust was not added: node signing public-key artifact is absent — continuing with configured trusted identities
07:08:59.432 [error] local node self-trust was not added: node signing public-key artifact is absent — continuing with configured trusted identities
.07:08:59.439 [error] local node self-trust was not added: node signing public-key artifact is absent — continuing with configured trusted identities
07:08:59.443 [error] local node self-trust was not added: node signing public-key artifact is absent — continuing with configured trusted identities
07:08:59.445 [error] local node self-trust was not added: node signing public-key artifact is absent — continuing with configured trusted identities
.07:08:59.453 [error] local node self-trust was not added: node signing public-key artifact is absent — continuing with configured trusted identities
07:08:59.456 [error] local node self-trust was not added: node signing public-key artifact is absent — continuing with configured trusted identities
07:08:59.458 [error] local node self-trust was not added: node signing public-key artifact is absent — continuing with configured trusted identities
07:08:59.461 [error] local node self-trust was not added: node signing public-key artifact is absent — continuing with configured trusted identities
07:08:59.463 [error] local node self-trust was not added: node signing public-key artifact is absent — continuing with configured trusted identities
07:08:59.465 [error] local node self-trust was not added: node signing public-key artifact is absent — continuing with configured trusted identities
07:08:59.467 [error] local node self-trust was not added: node signing public-key artifact is absent — continuing with configured trusted identities
07:08:59.469 [error] local node self-trust was not added: node signing public-key artifact is absent — continuing with configured trusted identities
07:08:59.472 [error] local node self-trust was not added: node signing public-key artifact is absent — continuing with configured trusted identities
07:08:59.475 [error] local node self-trust was not added: node signing public-key artifact is absent — continuing with configured trusted identities
07:08:59.477 [error] local node self-trust was not added: node signing public-key artifact is absent — continuing with configured trusted identities
07:08:59.485 [error] local node self-trust was not added: node signing public-key artifact is absent — continuing with configured trusted identities
07:08:59.490 [error] local node self-trust was not added: node signing public-key artifact is absent — continuing with configured trusted identities
07:08:59.492 [error] local node self-trust was not added: node signing public-key artifact is absent — continuing with configured trusted identities
07:08:59.495 [error] local node self-trust was not added: node signing public-key artifact is absent — continuing with configured trusted identities
07:08:59.498 [error] local node self-trust was not added: node signing public-key artifact is absent — continuing with configured trusted identities
07:08:59.503 [error] local node self-trust was not added: node signing public-key artifact is absent — continuing with configured trusted identities
07:08:59.505 [error] local node self-trust was not added: node signing public-key artifact is absent — continuing with configured trusted identities
07:08:59.508 [error] local node self-trust was not added: node signing public-key artifact is absent — continuing with configured trusted identities
07:08:59.511 [error] local node self-trust was not added: node signing public-key artifact is absent — continuing with configured trusted identities
07:08:59.519 [error] local node self-trust was not added: node signing public-key artifact is absent — continuing with configured trusted identities
07:08:59.526 [error] local node self-trust was not added: node signing public-key artifact is absent — continuing with configured trusted identities
.07:08:59.542 [error] local node self-trust was not added: node signing public-key artifact is absent — continuing with configured trusted identities
07:08:59.551 [error] local node self-trust was not added: node signing public-key artifact is absent — continuing with configured trusted identities
07:08:59.555 [error] local node self-trust was not added: node signing public-key artifact is absent — continuing with configured trusted identities
07:08:59.558 [error] local node self-trust was not added: node signing public-key artifact is absent — continuing with configured trusted identities
07:08:59.560 [error] local node self-trust was not added: node signing public-key artifact is absent — continuing with configured trusted identities
07:08:59.563 [error] local node self-trust was not added: node signing public-key artifact is absent — continuing with configured trusted identities
07:08:59.566 [error] local node self-trust was not added: node signing public-key artifact is absent — continuing with configured trusted identities
07:08:59.568 [error] local node self-trust was not added: node signing public-key artifact is absent — continuing with configured trusted identities
07:08:59.571 [error] local node self-trust was not added: node signing public-key artifact is absent — continuing with configured trusted identities
07:08:59.574 [error] local node self-trust was not added: node signing public-key artifact is absent — continuing with configured trusted identities
07:08:59.578 [error] local node self-trust was not added: node signing public-key artifact is absent — continuing with configured trusted identities
07:08:59.582 [error] local node self-trust was not added: node signing public-key artifact is absent — continuing with configured trusted identities
07:08:59.585 [error] local node self-trust was not added: node signing public-key artifact is absent — continuing with configured trusted identities
07:08:59.588 [error] local node self-trust was not added: node signing public-key artifact is absent — continuing with configured trusted identities
07:08:59.591 [error] local node self-trust was not added: node signing public-key artifact is absent — continuing with configured trusted identities
07:08:59.595 [error] local node self-trust was not added: node signing public-key artifact is absent — continuing with configured trusted identities
07:08:59.599 [error] local node self-trust was not added: node signing public-key artifact is absent — continuing with configured trusted identities
07:08:59.601 [error] local node self-trust was not added: node signing public-key artifact is absent — continuing with configured trusted identities
07:08:59.604 [error] local node self-trust was not added: node signing public-key artifact is absent — continuing with configured trusted identities
07:08:59.607 [error] local node self-trust was not added: node signing public-key artifact is absent — continuing with configured trusted identities
07:08:59.611 [error] local node self-trust was not added: node signing public-key artifact is absent — continuing with configured trusted identities
.07:08:59.622 [error] local node self-trust was not added: node signing public-key artifact is absent — continuing with configured trusted identities
.07:08:59.641 [error] local node self-trust was not added: node signing public-key artifact is absent — continuing with configured trusted identities
.07:08:59.649 [error] local node self-trust was not added: node signing public-key artifact is absent — continuing with configured trusted identities
.07:08:59.663 [error] local node self-trust was not added: node signing public-key artifact is absent — continuing with configured trusted identities
.07:08:59.670 [error] local node self-trust was not added: node signing public-key artifact is absent — continuing with configured trusted identities
07:08:59.673 [error] local node self-trust was not added: node signing public-key artifact is absent — continuing with configured trusted identities
07:08:59.675 [error] local node self-trust was not added: node signing public-key artifact is absent — continuing with configured trusted identities
07:08:59.677 [error] local node self-trust was not added: node signing public-key artifact is absent — continuing with configured trusted identities
07:08:59.679 [error] local node self-trust was not added: node signing public-key artifact is absent — continuing with configured trusted identities
07:08:59.681 [error] local node self-trust was not added: node signing public-key artifact is absent — continuing with configured trusted identities
07:08:59.683 [error] local node self-trust was not added: node signing public-key artifact is absent — continuing with configured trusted identities
07:08:59.685 [error] local node self-trust was not added: node signing public-key artifact is absent — continuing with configured trusted identities
07:08:59.687 [error] local node self-trust was not added: node signing public-key artifact is absent — continuing with configured trusted identities
07:08:59.690 [error] local node self-trust was not added: node signing public-key artifact is absent — continuing with configured trusted identities
07:08:59.693 [error] local node self-trust was not added: node signing public-key artifact is absent — continuing with configured trusted identities
07:08:59.696 [error] local node self-trust was not added: node signing public-key artifact is absent — continuing with configured trusted identities
07:08:59.698 [error] local node self-trust was not added: node signing public-key artifact is absent — continuing with configured trusted identities
07:08:59.700 [error] local node self-trust was not added: node signing public-key artifact is absent — continuing with configured trusted identities
07:08:59.702 [error] local node self-trust was not added: node signing public-key artifact is absent — continuing with configured trusted identities
07:08:59.705 [error] local node self-trust was not added: node signing public-key artifact is absent — continuing with configured trusted identities
07:08:59.726 [error] local node self-trust was not added: node signing public-key artifact is absent — continuing with configured trusted identities
.07:08:59.735 [error] local node self-trust was not added: node signing public-key artifact is absent — continuing with configured trusted identities
.07:08:59.743 [error] local node self-trust was not added: node signing public-key artifact is absent — continuing with configured trusted identities
07:08:59.748 [error] local node self-trust was not added: node signing public-key artifact is absent — continuing with configured trusted identities
07:08:59.751 [error] local node self-trust was not added: node signing public-key artifact is absent — continuing with configured trusted identities
07:08:59.753 [error] local node self-trust was not added: node signing public-key artifact is absent — continuing with configured trusted identities
07:08:59.755 [error] local node self-trust was not added: node signing public-key artifact is absent — continuing with configured trusted identities
07:08:59.757 [error] local node self-trust was not added: node signing public-key artifact is absent — continuing with configured trusted identities
07:08:59.761 [error] local node self-trust was not added: node signing public-key artifact is absent — continuing with configured trusted identities
07:08:59.763 [error] local node self-trust was not added: node signing public-key artifact is absent — continuing with configured trusted identities
07:08:59.765 [error] local node self-trust was not added: node signing public-key artifact is absent — continuing with configured trusted identities
07:08:59.767 [error] local node self-trust was not added: node signing public-key artifact is absent — continuing with configured trusted identities
07:08:59.770 [error] local node self-trust was not added: node signing public-key artifact is absent — continuing with configured trusted identities
.07:08:59.778 [error] local node self-trust was not added: node signing public-key artifact is absent — continuing with configured trusted identities
07:08:59.780 [error] local node self-trust was not added: node signing public-key artifact is absent — continuing with configured trusted identities
07:08:59.782 [error] local node self-trust was not added: node signing public-key artifact is absent — continuing with configured trusted identities
07:08:59.784 [error] local node self-trust was not added: node signing public-key artifact is absent — continuing with configured trusted identities
07:08:59.788 [error] local node self-trust was not added: node signing public-key artifact is absent — continuing with configured trusted identities
07:08:59.790 [error] local node self-trust was not added: node signing public-key artifact is absent — continuing with configured trusted identities
07:08:59.792 [error] local node self-trust was not added: node signing public-key artifact is absent — continuing with configured trusted identities
07:08:59.794 [error] local node self-trust was not added: node signing public-key artifact is absent — continuing with configured trusted identities
07:08:59.796 [error] local node self-trust was not added: node signing public-key artifact is absent — continuing with configured trusted identities
07:08:59.798 [error] local node self-trust was not added: node signing public-key artifact is absent — continuing with configured trusted identities
07:08:59.801 [error] local node self-trust was not added: node signing public-key artifact is absent — continuing with configured trusted identities
07:08:59.804 [error] local node self-trust was not added: node signing public-key artifact is absent — continuing with configured trusted identities
07:08:59.806 [error] local node self-trust was not added: node signing public-key artifact is absent — continuing with configured trusted identities
07:08:59.808 [error] local node self-trust was not added: node signing public-key artifact is absent — continuing with configured trusted identities
07:08:59.811 [error] local node self-trust was not added: node signing public-key artifact is absent — continuing with configured trusted identities
07:08:59.813 [error] local node self-trust was not added: node signing public-key artifact is absent — continuing with configured trusted identities
....07:08:59.834 [error] local node self-trust was not added: node signing public-key artifact is absent — continuing with configured trusted identities
07:08:59.836 [error] local node self-trust was not added: node signing public-key artifact is absent — continuing with configured trusted identities
07:08:59.838 [error] local node self-trust was not added: node signing public-key artifact is absent — continuing with configured trusted identities
.07:08:59.843 [error] local node self-trust was not added: node signing public-key artifact is absent — continuing with configured trusted identities
07:08:59.844 [error] local node self-trust was not added: node signing public-key artifact is absent — continuing with configured trusted identities
07:08:59.846 [error] local node self-trust was not added: node signing public-key artifact is absent — continuing with configured trusted identities
07:08:59.850 [error] local node self-trust was not added: node signing public-key artifact is absent — continuing with configured trusted identities
.07:08:59.853 [error] local node self-trust was not added: node signing public-key artifact is absent — continuing with configured trusted identities
07:08:59.856 [error] local node self-trust was not added: node signing public-key artifact is absent — continuing with configured trusted identities
07:08:59.858 [error] local node self-trust was not added: node signing public-key artifact is absent — continuing with configured trusted identities
07:08:59.861 [error] local node self-trust was not added: node signing public-key artifact is absent — continuing with configured trusted identities
.07:08:59.870 [error] local node self-trust was not added: node signing public-key artifact is absent — continuing with configured trusted identities
.07:08:59.879 [error] local node self-trust was not added: node signing public-key artifact is absent — continuing with configured trusted identities
.07:08:59.884 [error] local node self-trust was not added: node signing public-key artifact is absent — continuing with configured trusted identities
.07:08:59.889 [error] local node self-trust was not added: node signing public-key artifact is absent — continuing with configured trusted identities
..07:08:59.899 [error] local node self-trust was not added: node signing public-key artifact is absent — continuing with configured trusted identities
.07:08:59.911 [error] local node self-trust was not added: node signing public-key artifact is absent — continuing with configured trusted identities
07:08:59.912 [error] local node self-trust was not added: node signing public-key artifact is absent — continuing with configured trusted identities
07:08:59.914 [error] local node self-trust was not added: node signing public-key artifact is absent — continuing with configured trusted identities
07:08:59.917 [error] local node self-trust was not added: node signing public-key artifact is absent — continuing with configured trusted identities
07:08:59.919 [warning] flock failed on /tmp/cp_rt_out_603511/special.txt: :enoent, proceeding without lock
07:08:59.926 [error] local node self-trust was not added: node signing public-key artifact is absent — continuing with configured trusted identities
.07:08:59.935 [error] local node self-trust was not added: node signing public-key artifact is absent — continuing with configured trusted identities
07:08:59.936 [error] local node self-trust was not added: node signing public-key artifact is absent — continuing with configured trusted identities
07:08:59.938 [error] local node self-trust was not added: node signing public-key artifact is absent — continuing with configured trusted identities
07:08:59.940 [error] local node self-trust was not added: node signing public-key artifact is absent — continuing with configured trusted identities
07:08:59.942 [error] local node self-trust was not added: node signing public-key artifact is absent — continuing with configured trusted identities
07:08:59.944 [error] local node self-trust was not added: node signing public-key artifact is absent — continuing with configured trusted identities
07:08:59.946 [error] local node self-trust was not added: node signing public-key artifact is absent — continuing with configured trusted identities
07:08:59.948 [error] local node self-trust was not added: node signing public-key artifact is absent — continuing with configured trusted identities
07:08:59.950 [error] local node self-trust was not added: node signing public-key artifact is absent — continuing with configured trusted identities
07:08:59.953 [error] local node self-trust was not added: node signing public-key artifact is absent — continuing with configured trusted identities
07:08:59.956 [warning] flock failed on /tmp/cp_rt_out_557578/docs/examples/hello.txt: :enoent, proceeding without lock
07:08:59.958 [warning] flock failed on /tmp/cp_rt_out_557578/docs/guide.txt: :enoent, proceeding without lock
07:08:59.960 [warning] flock failed on /tmp/cp_rt_out_557578/empty.txt: :enoent, proceeding without lock
07:08:59.961 [warning] flock failed on /tmp/cp_rt_out_557578/readme.txt: :enoent, proceeding without lock
07:08:59.974 [error] local node self-trust was not added: node signing public-key artifact is absent — continuing with configured trusted identities
.07:08:59.979 [error] local node self-trust was not added: node signing public-key artifact is absent — continuing with configured trusted identities
..07:08:59.990 [error] local node self-trust was not added: node signing public-key artifact is absent — continuing with configured trusted identities
.07:08:59.997 [error] local node self-trust was not added: node signing public-key artifact is absent — continuing with configured trusted identities
......commonplace: :cx_a3fe_absent@commonplace (from /tmp/cx_x8jk_reach_failures_310173647/node_name) serves a DIFFERENT workspace — its data dir is "/other/data", not "/tmp/cx_x8jk_reach_failures_310173647". Ignoring it; that node_name file probably points at an orphan serve.
............
Finished in 4.7 seconds (2.0s async, 2.6s sync)
121 tests, 0 failures
