==> commonplace
make: Nothing to be done for 'all'.
==> commonplace_cli
Running ExUnit with seed: 410997, max_cases: 8
Excluding tags: [:test]
Including tags: [location: {"test/commonplace/cli/snapshot_test.exs", 114}]

CX_SNAPMECH cwd="/home/jes/sol-snapshot-fresh/wt/apps/commonplace_cli" configured="tmp/test_data" configured_read=%{compact: [], count: 2, ls: {:ok, ["node_id", "commits.lock"]}, exists?: true} commit_store_pid=#PID<0.279.0> commit_store_state_shape={true, [:data_dir, :db, :invariant_dispatcher, :local_write_gate, :lock_ref, :name, :pending_imports, :queue_poller, :trust_side_store]} cubdb_pid=#PID<0.282.0> cubdb_state_shape=CubDB.State cubdb_data_dir="tmp/test_data/commits" cubdb_read=%{compact: [], count: nil, ls: :absent, exists?: false}
06:17:25.690 [error] local node self-trust was not added: node signing public-key artifact is absent — continuing with configured trusted identities
06:17:25.711 [error] GenServer #PID<0.282.0> terminating
** (MatchError) no match of right hand side value: {:error, :enoent}
    (cubdb 2.0.2) lib/cubdb.ex:1499: CubDB.trigger_compaction/1
    (cubdb 2.0.2) lib/cubdb.ex:1523: CubDB.do_compact/1
    (cubdb 2.0.2) lib/cubdb.ex:1358: CubDB.handle_call/3
    (stdlib 6.2.2.3) gen_server.erl:2381: :gen_server.try_handle_call/4
    (stdlib 6.2.2.3) gen_server.erl:2410: :gen_server.handle_msg/6
    (stdlib 6.2.2.3) proc_lib.erl:329: :proc_lib.init_p_do_apply/3
Last message (from Commonplace.Store.CommitStore): {:commit_transaction, %CubDB.Tx{btree: %CubDB.Btree{root: {:b, [{{:commit, <<5, 13, 176, 34, 212, 1, 220, 180, 58, 105, 164, 29, 74, 171, 76, 100, 41, 50, 87, 72, 242, 242, 71, 119, 17, 250, 108, 19, 105, 124, 142, 160>>}, 219787}, {{:commit, <<165, 211, 142, 82, 139, 111, 183, 16, 226, 0, 128, 214, 15, 220, 80, 78, 44, 248, 235, 219, 118, 231, 130, 205, 148, 162, 152, 205, 165, 199, 107, 161>>}, 212492}, {{:latest, "75c2346b-a25b-43b1-8ccb-c68469ec4ead"}, 223571}, {{:doc_commit, "ac361fc1-cb1f-4ec8-a05a-168a3c46ad27", <<244, 139, 185, 238, 140, 100, 21, 148, 85, 25, 124, 87, 4, 179, 57, 230, 241, 132, 199, 48, 192, 38, 55, 108, 154, 20, 111, 55, 98, 146, 116, 180>>}, 221344}]}, root_loc: 226190, size: 95, dirt: 109, store: %CubDB.Store.File{pid: #PID<0.283.0>, file_path: "tmp/test_data/commits/0.cub"}, capacity: 32}, compacting: false, owner: {#PID<0.279.0>, #Reference<0.767375379.3919052802.259637>}, db: #PID<0.282.0>, recompact: false}}
06:17:25.730 [error] GenServer #PID<0.285.0> terminating
** (MatchError) no match of right hand side value: {:error, :enoent}
    (cubdb 2.0.2) lib/cubdb.ex:1499: CubDB.trigger_compaction/1
    (cubdb 2.0.2) lib/cubdb.ex:1523: CubDB.do_compact/1
    (cubdb 2.0.2) lib/cubdb.ex:1358: CubDB.handle_call/3
    (stdlib 6.2.2.3) gen_server.erl:2381: :gen_server.try_handle_call/4
    (stdlib 6.2.2.3) gen_server.erl:2410: :gen_server.handle_msg/6
    (stdlib 6.2.2.3) proc_lib.erl:329: :proc_lib.init_p_do_apply/3
Last message: {:EXIT, #PID<0.282.0>, {{:badmatch, {:error, :enoent}}, [{CubDB, :trigger_compaction, 1, [file: ~c"lib/cubdb.ex", line: 1499]}, {CubDB, :do_compact, 1, [file: ~c"lib/cubdb.ex", line: 1523]}, {CubDB, :handle_call, 3, [file: ~c"lib/cubdb.ex", line: 1358]}, {:gen_server, :try_handle_call, 4, [file: ~c"gen_server.erl", line: 2381]}, {:gen_server, :handle_msg, 6, [file: ~c"gen_server.erl", line: 2410]}, {:proc_lib, :init_p_do_apply, 3, [file: ~c"proc_lib.erl", line: 329]}]}}


  1) test snapshot command writes a snapshot commit for the resolved doc (Commonplace.CLI.SnapshotTest)
     apps/commonplace_cli/test/commonplace/cli/snapshot_test.exs:114
     ** (exit) exited in: GenServer.call(Commonplace.Store.CommitStore, {:create_commit, "c3064ba8-8511-48da-9f33-dfcb64e54a78", <<1, 3, 128, 198, 234, 211, 1, 0, 40, 1, 4, 114, 111, 111, 116, 5, 95, 116, 121, 112, 101, 1, 119, 4, 116, 101, 120, 116, 40, 1, 4, 114, 111, 111, 116, 5, 95, 110, 97, 109, 101, 1, 119, 9, 110, 111, 116, ...>>, nil, %{}, []}, 5000)
         ** (EXIT) an exception was raised:
             ** (MatchError) no match of right hand side value: {:error, :enoent}
                 (cubdb 2.0.2) lib/cubdb.ex:1499: CubDB.trigger_compaction/1
                 (cubdb 2.0.2) lib/cubdb.ex:1523: CubDB.do_compact/1
                 (cubdb 2.0.2) lib/cubdb.ex:1358: CubDB.handle_call/3
                 (stdlib 6.2.2.3) gen_server.erl:2381: :gen_server.try_handle_call/4
                 (stdlib 6.2.2.3) gen_server.erl:2410: :gen_server.handle_msg/6
                 (stdlib 6.2.2.3) proc_lib.erl:329: :proc_lib.init_p_do_apply/3
     stacktrace:
       (elixir 1.18.4) lib/gen_server.ex:1128: GenServer.call/3
       test/commonplace/cli/snapshot_test.exs:84: Commonplace.CLI.SnapshotTest.__ex_unit_setup_0/1
       test/commonplace/cli/snapshot_test.exs:1: Commonplace.CLI.SnapshotTest.__ex_unit__/2


Finished in 0.2 seconds (0.00s async, 0.2s sync)
3 tests, 1 failure, 2 excluded
INVOCATION_EXIT=2
