==> file_system
Compiling 7 files (.ex)
Generated file_system app
==> mime
Compiling 1 file (.ex)
Generated mime app
==> nimble_options
Compiling 3 files (.ex)
Generated nimble_options app
===> Analyzing applications...
===> Compiling telemetry
==> telemetry_metrics
Compiling 7 files (.ex)
Generated telemetry_metrics app
===> Analyzing applications...
===> Compiling telemetry_poller
==> thousand_island
Compiling 18 files (.ex)
Generated thousand_island app
==> jason
Compiling 10 files (.ex)
Generated jason app
==> libcluster
Compiling 13 files (.ex)
Generated libcluster app
==> esbuild
Compiling 4 files (.ex)
Generated esbuild app
==> phoenix_html
Compiling 6 files (.ex)
Generated phoenix_html app
==> phoenix_template
Compiling 4 files (.ex)
Generated phoenix_template app
==> phoenix_pubsub
Compiling 12 files (.ex)
Generated phoenix_pubsub app
==> plug_crypto
Compiling 5 files (.ex)
Generated plug_crypto app
==> hpax
Compiling 4 files (.ex)
Generated hpax app
==> mint
Compiling 1 file (.erl)
Compiling 20 files (.ex)
Generated mint app
==> peri
Compiling 7 files (.ex)
Generated peri app
==> dns_cluster
Compiling 1 file (.ex)
Generated dns_cluster app
==> cubdb
Compiling 14 files (.ex)
Generated cubdb app
==> yelixer
Compiling 19 files (.ex)
Generated yelixer app
==> plug
Compiling 1 file (.erl)
Compiling 42 files (.ex)
Generated plug app
==> nimble_pool
Compiling 2 files (.ex)
Generated nimble_pool app
==> finch
Compiling 14 files (.ex)
Generated finch app
==> req
Compiling 19 files (.ex)
Generated req app
==> anubis_mcp
Compiling 73 files (.ex)
Generated anubis_mcp app
==> tailwind
Compiling 3 files (.ex)
Generated tailwind app
==> elixir_make
Compiling 8 files (.ex)
Generated elixir_make app
==> websock
Compiling 1 file (.ex)
Generated websock app
==> bandit
Compiling 54 files (.ex)
Generated bandit app
==> websock_adapter
Compiling 4 files (.ex)
Generated websock_adapter app
==> phoenix
Compiling 74 files (.ex)
Generated phoenix app
==> phoenix_live_reload
Compiling 5 files (.ex)
Generated phoenix_live_reload app
==> phoenix_live_view
Compiling 49 files (.ex)
Generated phoenix_live_view app
==> uuid
Compiling 1 file (.ex)
    warning: use Bitwise is deprecated. import Bitwise instead
    │
  2 │   use Bitwise, only_operators: true
    │   ~~~~~~~~~~~~~~~~~~~~~~~~~~~~~~~~~
    │
    └─ lib/uuid.ex:2: UUID (module)

Generated uuid app
==> commonplace
cc -O2 -Wall -Wextra -fPIC -I/home/jes/.asdf/installs/erlang/27.3.4.8/erts-15.2.7.6/include -shared -o /home/jes/sol-snapshot-fresh/wt/_build/dev/lib/commonplace/priv/flock_nif.so c_src/flock_nif.c
Compiling 276 files (.ex)
Generated commonplace app
==> commonplace_cli
Compiling 40 files (.ex)
Generated commonplace_cli app
==> commonplace_bots
Compiling 46 files (.ex)
Generated commonplace_bots app
==> commonplace_mcp
Compiling 38 files (.ex)
Generated commonplace_mcp app
==> commonplace_web
Compiling 30 files (.ex)
Generated commonplace_web app
COMPILE_EXIT=0
