==> commonplace
make: Nothing to be done for 'all'.
==> commonplace_cli
Running ExUnit with seed: 811373, max_cases: 8

.............................05:53:04.799 [error] local node self-trust was not added: node signing public-key artifact is absent — continuing with configured trusted identities
05:53:04.959 [warning] CommitStore: root attach DENIED by workspace profile doc_uuid=e68f4c7a-9ee8-46bb-884b-e1926d1524d8 reason="workspace class 'minimal' does not accept root entry 'bd' — declared in profile"
05:53:04.995 [error] local node self-trust was not added: node signing public-key artifact is absent — continuing with configured trusted identities
.05:53:05.014 [error] local node self-trust was not added: node signing public-key artifact is absent — continuing with configured trusted identities
05:53:05.088 [error] local node self-trust was not added: node signing public-key artifact is absent — continuing with configured trusted identities
.05:53:05.152 [error] local node self-trust was not added: node signing public-key artifact is absent — continuing with configured trusted identities
05:53:05.266 [error] local node self-trust was not added: node signing public-key artifact is absent — continuing with configured trusted identities
.05:53:05.378 [error] local node self-trust was not added: node signing public-key artifact is absent — continuing with configured trusted identities
.05:53:05.492 [error] local node self-trust was not added: node signing public-key artifact is absent — continuing with configured trusted identities
.05:53:05.602 [error] local node self-trust was not added: node signing public-key artifact is absent — continuing with configured trusted identities
.05:53:05.667 [error] local node self-trust was not added: node signing public-key artifact is absent — continuing with configured trusted identities
05:53:05.668 [error] local node self-trust was not added: node signing public-key artifact is absent — continuing with configured trusted identities
05:53:05.684 [error] local node self-trust was not added: node signing public-key artifact is absent — continuing with configured trusted identities
05:53:05.687 [error] local node self-trust was not added: node signing public-key artifact is absent — continuing with configured trusted identities
05:53:05.719 [error] local node self-trust was not added: node signing public-key artifact is absent — continuing with configured trusted identities
.05:53:05.732 [error] local node self-trust was not added: node signing public-key artifact is absent — continuing with configured trusted identities
05:53:05.735 [error] local node self-trust was not added: node signing public-key artifact is absent — continuing with configured trusted identities
05:53:05.740 [error] local node self-trust was not added: node signing public-key artifact is absent — continuing with configured trusted identities
05:53:05.744 [error] local node self-trust was not added: node signing public-key artifact is absent — continuing with configured trusted identities
05:53:05.747 [error] local node self-trust was not added: node signing public-key artifact is absent — continuing with configured trusted identities
05:53:05.750 [error] local node self-trust was not added: node signing public-key artifact is absent — continuing with configured trusted identities
05:53:05.754 [error] local node self-trust was not added: node signing public-key artifact is absent — continuing with configured trusted identities
05:53:05.759 [error] local node self-trust was not added: node signing public-key artifact is absent — continuing with configured trusted identities
05:53:05.774 [error] local node self-trust was not added: node signing public-key artifact is absent — continuing with configured trusted identities
05:53:05.784 [error] local node self-trust was not added: node signing public-key artifact is absent — continuing with configured trusted identities
05:53:05.789 [error] local node self-trust was not added: node signing public-key artifact is absent — continuing with configured trusted identities
05:53:05.793 [error] local node self-trust was not added: node signing public-key artifact is absent — continuing with configured trusted identities
05:53:05.807 [warning] flock failed on /tmp/cp_sync_export_831655/new.txt: :enoent, proceeding without lock
05:53:05.810 [warning] flock failed on /tmp/cp_sync_export_831655/notes/todo.txt: :enoent, proceeding without lock
05:53:05.831 [error] local node self-trust was not added: node signing public-key artifact is absent — continuing with configured trusted identities
.05:53:05.840 [error] local node self-trust was not added: node signing public-key artifact is absent — continuing with configured trusted identities
05:53:05.840 [error] local node self-trust was not added: node signing public-key artifact is absent — continuing with configured trusted identities
05:53:05.850 [error] local node self-trust was not added: node signing public-key artifact is absent — continuing with configured trusted identities
05:53:05.852 [error] local node self-trust was not added: node signing public-key artifact is absent — continuing with configured trusted identities
05:53:05.896 [error] local node self-trust was not added: node signing public-key artifact is absent — continuing with configured trusted identities
.05:53:05.914 [error] local node self-trust was not added: node signing public-key artifact is absent — continuing with configured trusted identities
05:53:05.915 [error] local node self-trust was not added: node signing public-key artifact is absent — continuing with configured trusted identities
05:53:05.919 [error] local node self-trust was not added: node signing public-key artifact is absent — continuing with configured trusted identities
05:53:05.921 [error] local node self-trust was not added: node signing public-key artifact is absent — continuing with configured trusted identities
05:53:05.925 [error] local node self-trust was not added: node signing public-key artifact is absent — continuing with configured trusted identities
05:53:05.927 [error] local node self-trust was not added: node signing public-key artifact is absent — continuing with configured trusted identities
05:53:05.931 [error] local node self-trust was not added: node signing public-key artifact is absent — continuing with configured trusted identities
05:53:05.935 [error] local node self-trust was not added: node signing public-key artifact is absent — continuing with configured trusted identities
05:53:05.943 [error] local node self-trust was not added: node signing public-key artifact is absent — continuing with configured trusted identities
05:53:05.949 [error] local node self-trust was not added: node signing public-key artifact is absent — continuing with configured trusted identities
05:53:05.952 [error] local node self-trust was not added: node signing public-key artifact is absent — continuing with configured trusted identities
05:53:05.993 [error] local node self-trust was not added: node signing public-key artifact is absent — continuing with configured trusted identities
.05:53:05.998 [error] local node self-trust was not added: node signing public-key artifact is absent — continuing with configured trusted identities
.05:53:06.009 [error] local node self-trust was not added: node signing public-key artifact is absent — continuing with configured trusted identities
05:53:06.012 [error] local node self-trust was not added: node signing public-key artifact is absent — continuing with configured trusted identities
05:53:06.014 [error] local node self-trust was not added: node signing public-key artifact is absent — continuing with configured trusted identities
05:53:06.017 [error] local node self-trust was not added: node signing public-key artifact is absent — continuing with configured trusted identities
.05:53:06.026 [error] local node self-trust was not added: node signing public-key artifact is absent — continuing with configured trusted identities
05:53:06.029 [error] local node self-trust was not added: node signing public-key artifact is absent — continuing with configured trusted identities
05:53:06.031 [error] local node self-trust was not added: node signing public-key artifact is absent — continuing with configured trusted identities
05:53:06.033 [error] local node self-trust was not added: node signing public-key artifact is absent — continuing with configured trusted identities
.05:53:06.041 [error] local node self-trust was not added: node signing public-key artifact is absent — continuing with configured trusted identities
05:53:06.042 [error] local node self-trust was not added: node signing public-key artifact is absent — continuing with configured trusted identities
05:53:06.044 [error] local node self-trust was not added: node signing public-key artifact is absent — continuing with configured trusted identities
.05:53:06.051 [error] local node self-trust was not added: node signing public-key artifact is absent — continuing with configured trusted identities
05:53:06.054 [error] local node self-trust was not added: node signing public-key artifact is absent — continuing with configured trusted identities
05:53:06.056 [error] local node self-trust was not added: node signing public-key artifact is absent — continuing with configured trusted identities
05:53:06.061 [error] local node self-trust was not added: node signing public-key artifact is absent — continuing with configured trusted identities
05:53:06.064 [error] local node self-trust was not added: node signing public-key artifact is absent — continuing with configured trusted identities
.05:53:06.078 [error] local node self-trust was not added: node signing public-key artifact is absent — continuing with configured trusted identities
05:53:06.079 [error] local node self-trust was not added: node signing public-key artifact is absent — continuing with configured trusted identities
05:53:06.082 [error] local node self-trust was not added: node signing public-key artifact is absent — continuing with configured trusted identities
05:53:06.086 [error] local node self-trust was not added: node signing public-key artifact is absent — continuing with configured trusted identities
05:53:06.088 [error] local node self-trust was not added: node signing public-key artifact is absent — continuing with configured trusted identities
05:53:06.090 [error] local node self-trust was not added: node signing public-key artifact is absent — continuing with configured trusted identities
05:53:06.093 [error] local node self-trust was not added: node signing public-key artifact is absent — continuing with configured trusted identities
05:53:06.096 [error] local node self-trust was not added: node signing public-key artifact is absent — continuing with configured trusted identities
05:53:06.099 [error] local node self-trust was not added: node signing public-key artifact is absent — continuing with configured trusted identities
05:53:06.102 [error] local node self-trust was not added: node signing public-key artifact is absent — continuing with configured trusted identities
05:53:06.105 [warning] flock failed on /tmp/cp_rt_out_429533/docs/examples/hello.txt: :enoent, proceeding without lock
05:53:06.108 [warning] flock failed on /tmp/cp_rt_out_429533/docs/guide.txt: :enoent, proceeding without lock
05:53:06.112 [warning] flock failed on /tmp/cp_rt_out_429533/empty.txt: :enoent, proceeding without lock
05:53:06.113 [warning] flock failed on /tmp/cp_rt_out_429533/readme.txt: :enoent, proceeding without lock
05:53:06.142 [error] local node self-trust was not added: node signing public-key artifact is absent — continuing with configured trusted identities
.05:53:06.153 [error] local node self-trust was not added: node signing public-key artifact is absent — continuing with configured trusted identities
05:53:06.154 [error] local node self-trust was not added: node signing public-key artifact is absent — continuing with configured trusted identities
05:53:06.157 [error] local node self-trust was not added: node signing public-key artifact is absent — continuing with configured trusted identities
05:53:06.159 [error] local node self-trust was not added: node signing public-key artifact is absent — continuing with configured trusted identities
05:53:06.162 [warning] flock failed on /tmp/cp_rt_out_714336/special.txt: :enoent, proceeding without lock
05:53:06.202 [error] local node self-trust was not added: node signing public-key artifact is absent — continuing with configured trusted identities
.05:53:06.208 [error] local node self-trust was not added: node signing public-key artifact is absent — continuing with configured trusted identities
.05:53:06.222 [error] local node self-trust was not added: node signing public-key artifact is absent — continuing with configured trusted identities
..05:53:06.241 [error] local node self-trust was not added: node signing public-key artifact is absent — continuing with configured trusted identities
....05:53:06.269 [error] local node self-trust was not added: node signing public-key artifact is absent — continuing with configured trusted identities
05:53:06.270 [error] local node self-trust was not added: node signing public-key artifact is absent — continuing with configured trusted identities
05:53:06.274 [error] local node self-trust was not added: node signing public-key artifact is absent — continuing with configured trusted identities
05:53:06.276 [error] local node self-trust was not added: node signing public-key artifact is absent — continuing with configured trusted identities
05:53:06.279 [error] local node self-trust was not added: node signing public-key artifact is absent — continuing with configured trusted identities
05:53:06.282 [error] local node self-trust was not added: node signing public-key artifact is absent — continuing with configured trusted identities
05:53:06.286 [error] local node self-trust was not added: node signing public-key artifact is absent — continuing with configured trusted identities
05:53:06.288 [error] local node self-trust was not added: node signing public-key artifact is absent — continuing with configured trusted identities
05:53:06.292 [error] local node self-trust was not added: node signing public-key artifact is absent — continuing with configured trusted identities
05:53:06.323 [error] local node self-trust was not added: node signing public-key artifact is absent — continuing with configured trusted identities
.05:53:06.337 [error] local node self-trust was not added: node signing public-key artifact is absent — continuing with configured trusted identities
05:53:06.338 [error] local node self-trust was not added: node signing public-key artifact is absent — continuing with configured trusted identities
05:53:06.368 [error] local node self-trust was not added: node signing public-key artifact is absent — continuing with configured trusted identities
.05:53:06.382 [error] local node self-trust was not added: node signing public-key artifact is absent — continuing with configured trusted identities
05:53:06.435 [error] local node self-trust was not added: node signing public-key artifact is absent — continuing with configured trusted identities
.05:53:06.448 [error] local node self-trust was not added: node signing public-key artifact is absent — continuing with configured trusted identities
05:53:06.449 [error] local node self-trust was not added: node signing public-key artifact is absent — continuing with configured trusted identities
05:53:06.453 [error] local node self-trust was not added: node signing public-key artifact is absent — continuing with configured trusted identities
05:53:06.456 [error] local node self-trust was not added: node signing public-key artifact is absent — continuing with configured trusted identities
05:53:06.458 [error] local node self-trust was not added: node signing public-key artifact is absent — continuing with configured trusted identities
05:53:06.462 [error] local node self-trust was not added: node signing public-key artifact is absent — continuing with configured trusted identities
05:53:06.498 [error] local node self-trust was not added: node signing public-key artifact is absent — continuing with configured trusted identities
.05:53:06.512 [error] local node self-trust was not added: node signing public-key artifact is absent — continuing with configured trusted identities
05:53:06.513 [error] local node self-trust was not added: node signing public-key artifact is absent — continuing with configured trusted identities
05:53:06.516 [error] local node self-trust was not added: node signing public-key artifact is absent — continuing with configured trusted identities
05:53:06.520 [error] local node self-trust was not added: node signing public-key artifact is absent — continuing with configured trusted identities
05:53:06.550 [error] local node self-trust was not added: node signing public-key artifact is absent — continuing with configured trusted identities
.05:53:06.562 [error] local node self-trust was not added: node signing public-key artifact is absent — continuing with configured trusted identities
05:53:06.562 [error] local node self-trust was not added: node signing public-key artifact is absent — continuing with configured trusted identities
05:53:06.585 [error] local node self-trust was not added: node signing public-key artifact is absent — continuing with configured trusted identities
.05:53:06.596 [error] local node self-trust was not added: node signing public-key artifact is absent — continuing with configured trusted identities
05:53:06.596 [error] local node self-trust was not added: node signing public-key artifact is absent — continuing with configured trusted identities
05:53:06.598 [error] local node self-trust was not added: node signing public-key artifact is absent — continuing with configured trusted identities
05:53:06.600 [error] local node self-trust was not added: node signing public-key artifact is absent — continuing with configured trusted identities
05:53:06.602 [error] local node self-trust was not added: node signing public-key artifact is absent — continuing with configured trusted identities
05:53:06.623 [error] local node self-trust was not added: node signing public-key artifact is absent — continuing with configured trusted identities
.05:53:06.629 [error] local node self-trust was not added: node signing public-key artifact is absent — continuing with configured trusted identities
05:53:06.631 [error] local node self-trust was not added: node signing public-key artifact is absent — continuing with configured trusted identities
05:53:06.633 [error] local node self-trust was not added: node signing public-key artifact is absent — continuing with configured trusted identities
05:53:06.635 [error] local node self-trust was not added: node signing public-key artifact is absent — continuing with configured trusted identities
05:53:06.637 [error] local node self-trust was not added: node signing public-key artifact is absent — continuing with configured trusted identities
05:53:06.639 [error] local node self-trust was not added: node signing public-key artifact is absent — continuing with configured trusted identities
05:53:06.642 [error] local node self-trust was not added: node signing public-key artifact is absent — continuing with configured trusted identities
05:53:06.645 [error] local node self-trust was not added: node signing public-key artifact is absent — continuing with configured trusted identities
05:53:06.648 [error] local node self-trust was not added: node signing public-key artifact is absent — continuing with configured trusted identities
05:53:06.650 [error] local node self-trust was not added: node signing public-key artifact is absent — continuing with configured trusted identities
05:53:06.653 [error] local node self-trust was not added: node signing public-key artifact is absent — continuing with configured trusted identities
05:53:06.663 [error] local node self-trust was not added: node signing public-key artifact is absent — continuing with configured trusted identities
05:53:06.667 [error] local node self-trust was not added: node signing public-key artifact is absent — continuing with configured trusted identities
05:53:06.669 [error] local node self-trust was not added: node signing public-key artifact is absent — continuing with configured trusted identities
05:53:06.672 [error] local node self-trust was not added: node signing public-key artifact is absent — continuing with configured trusted identities
05:53:06.676 [error] local node self-trust was not added: node signing public-key artifact is absent — continuing with configured trusted identities
05:53:06.681 [error] local node self-trust was not added: node signing public-key artifact is absent — continuing with configured trusted identities
05:53:06.684 [error] local node self-trust was not added: node signing public-key artifact is absent — continuing with configured trusted identities
05:53:06.688 [error] local node self-trust was not added: node signing public-key artifact is absent — continuing with configured trusted identities
05:53:06.691 [error] local node self-trust was not added: node signing public-key artifact is absent — continuing with configured trusted identities
05:53:06.694 [error] local node self-trust was not added: node signing public-key artifact is absent — continuing with configured trusted identities
05:53:06.698 [error] local node self-trust was not added: node signing public-key artifact is absent — continuing with configured trusted identities
.05:53:06.712 [error] local node self-trust was not added: node signing public-key artifact is absent — continuing with configured trusted identities
05:53:06.716 [error] local node self-trust was not added: node signing public-key artifact is absent — continuing with configured trusted identities
05:53:06.718 [error] local node self-trust was not added: node signing public-key artifact is absent — continuing with configured trusted identities
05:53:06.720 [error] local node self-trust was not added: node signing public-key artifact is absent — continuing with configured trusted identities
05:53:06.723 [error] local node self-trust was not added: node signing public-key artifact is absent — continuing with configured trusted identities
05:53:06.726 [error] local node self-trust was not added: node signing public-key artifact is absent — continuing with configured trusted identities
05:53:06.729 [error] local node self-trust was not added: node signing public-key artifact is absent — continuing with configured trusted identities
05:53:06.731 [error] local node self-trust was not added: node signing public-key artifact is absent — continuing with configured trusted identities
05:53:06.735 [error] local node self-trust was not added: node signing public-key artifact is absent — continuing with configured trusted identities
05:53:06.739 [error] local node self-trust was not added: node signing public-key artifact is absent — continuing with configured trusted identities
05:53:06.743 [error] local node self-trust was not added: node signing public-key artifact is absent — continuing with configured trusted identities
05:53:06.748 [error] local node self-trust was not added: node signing public-key artifact is absent — continuing with configured trusted identities
05:53:06.751 [error] local node self-trust was not added: node signing public-key artifact is absent — continuing with configured trusted identities
05:53:06.755 [error] local node self-trust was not added: node signing public-key artifact is absent — continuing with configured trusted identities
05:53:06.758 [error] local node self-trust was not added: node signing public-key artifact is absent — continuing with configured trusted identities
05:53:06.762 [error] local node self-trust was not added: node signing public-key artifact is absent — continuing with configured trusted identities
05:53:06.788 [error] local node self-trust was not added: node signing public-key artifact is absent — continuing with configured trusted identities
.05:53:06.800 [error] local node self-trust was not added: node signing public-key artifact is absent — continuing with configured trusted identities
05:53:06.803 [error] local node self-trust was not added: node signing public-key artifact is absent — continuing with configured trusted identities
05:53:06.807 [error] local node self-trust was not added: node signing public-key artifact is absent — continuing with configured trusted identities
05:53:06.809 [error] local node self-trust was not added: node signing public-key artifact is absent — continuing with configured trusted identities
05:53:06.812 [error] local node self-trust was not added: node signing public-key artifact is absent — continuing with configured trusted identities
05:53:06.815 [error] local node self-trust was not added: node signing public-key artifact is absent — continuing with configured trusted identities
05:53:06.819 [error] local node self-trust was not added: node signing public-key artifact is absent — continuing with configured trusted identities
05:53:06.821 [error] local node self-trust was not added: node signing public-key artifact is absent — continuing with configured trusted identities
05:53:06.825 [error] local node self-trust was not added: node signing public-key artifact is absent — continuing with configured trusted identities
05:53:06.829 [error] local node self-trust was not added: node signing public-key artifact is absent — continuing with configured trusted identities
05:53:06.833 [error] local node self-trust was not added: node signing public-key artifact is absent — continuing with configured trusted identities
05:53:06.837 [error] local node self-trust was not added: node signing public-key artifact is absent — continuing with configured trusted identities
05:53:06.841 [error] local node self-trust was not added: node signing public-key artifact is absent — continuing with configured trusted identities
05:53:06.847 [error] local node self-trust was not added: node signing public-key artifact is absent — continuing with configured trusted identities
05:53:06.850 [error] local node self-trust was not added: node signing public-key artifact is absent — continuing with configured trusted identities
05:53:06.855 [error] local node self-trust was not added: node signing public-key artifact is absent — continuing with configured trusted identities
05:53:06.862 [error] local node self-trust was not added: node signing public-key artifact is absent — continuing with configured trusted identities
05:53:06.866 [error] local node self-trust was not added: node signing public-key artifact is absent — continuing with configured trusted identities
05:53:06.869 [error] local node self-trust was not added: node signing public-key artifact is absent — continuing with configured trusted identities
05:53:06.873 [error] local node self-trust was not added: node signing public-key artifact is absent — continuing with configured trusted identities
05:53:06.877 [error] local node self-trust was not added: node signing public-key artifact is absent — continuing with configured trusted identities
.05:53:06.893 [error] local node self-trust was not added: node signing public-key artifact is absent — continuing with configured trusted identities
.05:53:06.912 [error] local node self-trust was not added: node signing public-key artifact is absent — continuing with configured trusted identities
05:53:06.915 [error] local node self-trust was not added: node signing public-key artifact is absent — continuing with configured trusted identities
05:53:06.918 [error] local node self-trust was not added: node signing public-key artifact is absent — continuing with configured trusted identities
05:53:06.921 [error] local node self-trust was not added: node signing public-key artifact is absent — continuing with configured trusted identities
05:53:06.924 [error] local node self-trust was not added: node signing public-key artifact is absent — continuing with configured trusted identities
05:53:06.927 [error] local node self-trust was not added: node signing public-key artifact is absent — continuing with configured trusted identities
05:53:06.933 [error] local node self-trust was not added: node signing public-key artifact is absent — continuing with configured trusted identities
05:53:06.936 [error] local node self-trust was not added: node signing public-key artifact is absent — continuing with configured trusted identities
05:53:06.938 [error] local node self-trust was not added: node signing public-key artifact is absent — continuing with configured trusted identities
05:53:06.941 [error] local node self-trust was not added: node signing public-key artifact is absent — continuing with configured trusted identities
05:53:06.948 [error] local node self-trust was not added: node signing public-key artifact is absent — continuing with configured trusted identities
05:53:06.957 [error] local node self-trust was not added: node signing public-key artifact is absent — continuing with configured trusted identities
05:53:06.964 [error] local node self-trust was not added: node signing public-key artifact is absent — continuing with configured trusted identities
05:53:06.967 [error] local node self-trust was not added: node signing public-key artifact is absent — continuing with configured trusted identities
05:53:06.972 [error] local node self-trust was not added: node signing public-key artifact is absent — continuing with configured trusted identities
05:53:06.979 [error] local node self-trust was not added: node signing public-key artifact is absent — continuing with configured trusted identities
.05:53:06.999 [error] local node self-trust was not added: node signing public-key artifact is absent — continuing with configured trusted identities
.05:53:07.009 [error] local node self-trust was not added: node signing public-key artifact is absent — continuing with configured trusted identities
.05:53:07.020 [error] local node self-trust was not added: node signing public-key artifact is absent — continuing with configured trusted identities
05:53:07.024 [error] local node self-trust was not added: node signing public-key artifact is absent — continuing with configured trusted identities
05:53:07.027 [error] local node self-trust was not added: node signing public-key artifact is absent — continuing with configured trusted identities
05:53:07.030 [error] local node self-trust was not added: node signing public-key artifact is absent — continuing with configured trusted identities
05:53:07.037 [error] local node self-trust was not added: node signing public-key artifact is absent — continuing with configured trusted identities
05:53:07.040 [error] local node self-trust was not added: node signing public-key artifact is absent — continuing with configured trusted identities
05:53:07.044 [error] local node self-trust was not added: node signing public-key artifact is absent — continuing with configured trusted identities
05:53:07.047 [error] local node self-trust was not added: node signing public-key artifact is absent — continuing with configured trusted identities
05:53:07.051 [error] local node self-trust was not added: node signing public-key artifact is absent — continuing with configured trusted identities
05:53:07.054 [error] local node self-trust was not added: node signing public-key artifact is absent — continuing with configured trusted identities
05:53:07.059 [error] local node self-trust was not added: node signing public-key artifact is absent — continuing with configured trusted identities
.05:53:07.069 [error] local node self-trust was not added: node signing public-key artifact is absent — continuing with configured trusted identities
.05:53:07.087 [error] local node self-trust was not added: node signing public-key artifact is absent — continuing with configured trusted identities
...05:53:07.103 [error] local node self-trust was not added: node signing public-key artifact is absent — continuing with configured trusted identities
05:53:07.104 [error] local node self-trust was not added: node signing public-key artifact is absent — continuing with configured trusted identities
05:53:07.107 [error] local node self-trust was not added: node signing public-key artifact is absent — continuing with configured trusted identities
05:53:07.110 [error] local node self-trust was not added: node signing public-key artifact is absent — continuing with configured trusted identities
05:53:07.113 [error] local node self-trust was not added: node signing public-key artifact is absent — continuing with configured trusted identities
05:53:07.116 [error] local node self-trust was not added: node signing public-key artifact is absent — continuing with configured trusted identities
05:53:07.118 [error] local node self-trust was not added: node signing public-key artifact is absent — continuing with configured trusted identities
05:53:07.120 [error] local node self-trust was not added: node signing public-key artifact is absent — continuing with configured trusted identities
05:53:07.123 [warning] flock failed on /tmp/cp_checkout_sync_748130/repos/myrepo/feature/feature.txt: :enoent, proceeding without lock
05:53:07.125 [warning] flock failed on /tmp/cp_checkout_sync_748130/repos/myrepo/main/readme.txt: :enoent, proceeding without lock
05:53:07.129 [warning] flock failed on /tmp/cp_checkout_sync_748130/readme.txt: :enoent, proceeding without lock
05:53:07.155 [error] local node self-trust was not added: node signing public-key artifact is absent — continuing with configured trusted identities
.05:53:07.168 [error] local node self-trust was not added: node signing public-key artifact is absent — continuing with configured trusted identities
05:53:07.169 [error] local node self-trust was not added: node signing public-key artifact is absent — continuing with configured trusted identities
05:53:07.172 [error] local node self-trust was not added: node signing public-key artifact is absent — continuing with configured trusted identities
05:53:07.175 [error] local node self-trust was not added: node signing public-key artifact is absent — continuing with configured trusted identities
05:53:07.178 [error] local node self-trust was not added: node signing public-key artifact is absent — continuing with configured trusted identities
05:53:07.180 [error] local node self-trust was not added: node signing public-key artifact is absent — continuing with configured trusted identities
05:53:07.183 [error] local node self-trust was not added: node signing public-key artifact is absent — continuing with configured trusted identities
05:53:07.186 [error] local node self-trust was not added: node signing public-key artifact is absent — continuing with configured trusted identities
Re-rooted: uuid-root → uuid-main
Exporting from new root...
Done.
05:53:07.226 [error] local node self-trust was not added: node signing public-key artifact is absent — continuing with configured trusted identities
.05:53:07.240 [error] local node self-trust was not added: node signing public-key artifact is absent — continuing with configured trusted identities
05:53:07.241 [error] local node self-trust was not added: node signing public-key artifact is absent — continuing with configured trusted identities
05:53:07.244 [error] local node self-trust was not added: node signing public-key artifact is absent — continuing with configured trusted identities
05:53:07.246 [error] local node self-trust was not added: node signing public-key artifact is absent — continuing with configured trusted identities
05:53:07.249 [error] local node self-trust was not added: node signing public-key artifact is absent — continuing with configured trusted identities
05:53:07.252 [error] local node self-trust was not added: node signing public-key artifact is absent — continuing with configured trusted identities
05:53:07.254 [error] local node self-trust was not added: node signing public-key artifact is absent — continuing with configured trusted identities
05:53:07.257 [error] local node self-trust was not added: node signing public-key artifact is absent — continuing with configured trusted identities
05:53:07.291 [error] local node self-trust was not added: node signing public-key artifact is absent — continuing with configured trusted identities
.05:53:07.305 [error] local node self-trust was not added: node signing public-key artifact is absent — continuing with configured trusted identities
05:53:07.306 [error] local node self-trust was not added: node signing public-key artifact is absent — continuing with configured trusted identities
05:53:07.308 [error] local node self-trust was not added: node signing public-key artifact is absent — continuing with configured trusted identities
05:53:07.312 [error] local node self-trust was not added: node signing public-key artifact is absent — continuing with configured trusted identities
05:53:07.316 [error] local node self-trust was not added: node signing public-key artifact is absent — continuing with configured trusted identities
05:53:07.319 [error] local node self-trust was not added: node signing public-key artifact is absent — continuing with configured trusted identities
05:53:07.322 [error] local node self-trust was not added: node signing public-key artifact is absent — continuing with configured trusted identities
05:53:07.325 [error] local node self-trust was not added: node signing public-key artifact is absent — continuing with configured trusted identities
05:53:07.337 [warning] flock failed on /tmp/cp_checkout_sync_98772/feature.txt: :enoent, proceeding without lock
05:53:07.363 [error] local node self-trust was not added: node signing public-key artifact is absent — continuing with configured trusted identities
.05:53:07.379 [error] local node self-trust was not added: node signing public-key artifact is absent — continuing with configured trusted identities
05:53:07.380 [error] local node self-trust was not added: node signing public-key artifact is absent — continuing with configured trusted identities
05:53:07.382 [error] local node self-trust was not added: node signing public-key artifact is absent — continuing with configured trusted identities
05:53:07.384 [error] local node self-trust was not added: node signing public-key artifact is absent — continuing with configured trusted identities
05:53:07.386 [error] local node self-trust was not added: node signing public-key artifact is absent — continuing with configured trusted identities
05:53:07.388 [error] local node self-trust was not added: node signing public-key artifact is absent — continuing with configured trusted identities
05:53:07.390 [error] local node self-trust was not added: node signing public-key artifact is absent — continuing with configured trusted identities
05:53:07.392 [error] local node self-trust was not added: node signing public-key artifact is absent — continuing with configured trusted identities
Current root: uuid-root
05:53:07.418 [error] local node self-trust was not added: node signing public-key artifact is absent — continuing with configured trusted identities
.05:53:07.424 [error] local node self-trust was not added: node signing public-key artifact is absent — continuing with configured trusted identities
05:53:07.428 [error] local node self-trust was not added: node signing public-key artifact is absent — continuing with configured trusted identities
05:53:07.430 [error] local node self-trust was not added: node signing public-key artifact is absent — continuing with configured trusted identities
05:53:07.435 [error] local node self-trust was not added: node signing public-key artifact is absent — continuing with configured trusted identities
05:53:07.438 [error] local node self-trust was not added: node signing public-key artifact is absent — continuing with configured trusted identities
.05:53:07.451 [error] local node self-trust was not added: node signing public-key artifact is absent — continuing with configured trusted identities
05:53:07.459 [error] local node self-trust was not added: node signing public-key artifact is absent — continuing with configured trusted identities
05:53:07.463 [error] local node self-trust was not added: node signing public-key artifact is absent — continuing with configured trusted identities
05:53:07.466 [error] local node self-trust was not added: node signing public-key artifact is absent — continuing with configured trusted identities
05:53:07.468 [error] local node self-trust was not added: node signing public-key artifact is absent — continuing with configured trusted identities
05:53:07.470 [error] local node self-trust was not added: node signing public-key artifact is absent — continuing with configured trusted identities
05:53:07.472 [error] local node self-trust was not added: node signing public-key artifact is absent — continuing with configured trusted identities
.05:53:07.479 [error] local node self-trust was not added: node signing public-key artifact is absent — continuing with configured trusted identities
05:53:07.482 [error] local node self-trust was not added: node signing public-key artifact is absent — continuing with configured trusted identities
05:53:07.484 [error] local node self-trust was not added: node signing public-key artifact is absent — continuing with configured trusted identities
05:53:07.486 [error] local node self-trust was not added: node signing public-key artifact is absent — continuing with configured trusted identities
05:53:07.489 [error] local node self-trust was not added: node signing public-key artifact is absent — continuing with configured trusted identities
05:53:07.491 [error] local node self-trust was not added: node signing public-key artifact is absent — continuing with configured trusted identities
05:53:07.493 [error] local node self-trust was not added: node signing public-key artifact is absent — continuing with configured trusted identities
.05:53:07.501 [error] local node self-trust was not added: node signing public-key artifact is absent — continuing with configured trusted identities
.05:53:07.508 [error] local node self-trust was not added: node signing public-key artifact is absent — continuing with configured trusted identities
05:53:07.511 [error] local node self-trust was not added: node signing public-key artifact is absent — continuing with configured trusted identities
.05:53:07.518 [error] local node self-trust was not added: node signing public-key artifact is absent — continuing with configured trusted identities
05:53:07.520 [error] local node self-trust was not added: node signing public-key artifact is absent — continuing with configured trusted identities
.05:53:07.526 [error] local node self-trust was not added: node signing public-key artifact is absent — continuing with configured trusted identities
05:53:07.528 [error] local node self-trust was not added: node signing public-key artifact is absent — continuing with configured trusted identities
.05:53:07.534 [error] local node self-trust was not added: node signing public-key artifact is absent — continuing with configured trusted identities
.05:53:07.543 [error] local node self-trust was not added: node signing public-key artifact is absent — continuing with configured trusted identities
.05:53:07.550 [error] local node self-trust was not added: node signing public-key artifact is absent — continuing with configured trusted identities
.05:53:07.557 [error] local node self-trust was not added: node signing public-key artifact is absent — continuing with configured trusted identities
.05:53:07.564 [error] local node self-trust was not added: node signing public-key artifact is absent — continuing with configured trusted identities
...........commonplace: :cx_a3fe_absent@commonplace (from /tmp/cx_x8jk_reach_failures_404809570/node_name) serves a DIFFERENT workspace — its data dir is "/other/data", not "/tmp/cx_x8jk_reach_failures_404809570". Ignoring it; that node_name file probably points at an orphan serve.
...................05:53:08.259 [error] local node self-trust was not added: node signing public-key artifact is absent — continuing with configured trusted identities
05:53:08.264 [error] local node self-trust was not added: node signing public-key artifact is absent — continuing with configured trusted identities
05:53:08.269 [error] local node self-trust was not added: node signing public-key artifact is absent — continuing with configured trusted identities
.05:53:08.279 [error] local node self-trust was not added: node signing public-key artifact is absent — continuing with configured trusted identities
05:53:08.283 [error] local node self-trust was not added: node signing public-key artifact is absent — continuing with configured trusted identities
05:53:08.287 [error] local node self-trust was not added: node signing public-key artifact is absent — continuing with configured trusted identities
05:53:08.295 [error] local node self-trust was not added: node signing public-key artifact is absent — continuing with configured trusted identities
.05:53:08.298 [error] local node self-trust was not added: node signing public-key artifact is absent — continuing with configured trusted identities
05:53:08.300 [error] local node self-trust was not added: node signing public-key artifact is absent — continuing with configured trusted identities
05:53:08.302 [error] local node self-trust was not added: node signing public-key artifact is absent — continuing with configured trusted identities
05:53:08.306 [error] local node self-trust was not added: node signing public-key artifact is absent — continuing with configured trusted identities
.
Finished in 6.4 seconds (2.9s async, 3.5s sync)
121 tests, 0 failures
real 8.81
user 6.50
sys 1.40
