==> commonplace
make: Nothing to be done for 'all'.
==> commonplace_cli
Running ExUnit with seed: 236414, max_cases: 8

...............................05:51:33.357 [error] local node self-trust was not added: node signing public-key artifact is absent — continuing with configured trusted identities
.05:51:33.378 [error] local node self-trust was not added: node signing public-key artifact is absent — continuing with configured trusted identities
.05:51:33.385 [error] local node self-trust was not added: node signing public-key artifact is absent — continuing with configured trusted identities
..05:51:33.397 [error] local node self-trust was not added: node signing public-key artifact is absent — continuing with configured trusted identities
05:51:33.404 [error] local node self-trust was not added: node signing public-key artifact is absent — continuing with configured trusted identities
05:51:33.409 [error] local node self-trust was not added: node signing public-key artifact is absent — continuing with configured trusted identities
.05:51:33.419 [error] local node self-trust was not added: node signing public-key artifact is absent — continuing with configured trusted identities
05:51:33.424 [error] local node self-trust was not added: node signing public-key artifact is absent — continuing with configured trusted identities
05:51:33.427 [error] local node self-trust was not added: node signing public-key artifact is absent — continuing with configured trusted identities
05:51:33.435 [error] local node self-trust was not added: node signing public-key artifact is absent — continuing with configured trusted identities
.05:51:33.439 [error] local node self-trust was not added: node signing public-key artifact is absent — continuing with configured trusted identities
05:51:33.442 [error] local node self-trust was not added: node signing public-key artifact is absent — continuing with configured trusted identities
05:51:33.444 [error] local node self-trust was not added: node signing public-key artifact is absent — continuing with configured trusted identities
05:51:33.448 [error] local node self-trust was not added: node signing public-key artifact is absent — continuing with configured trusted identities
.05:51:33.457 [error] local node self-trust was not added: node signing public-key artifact is absent — continuing with configured trusted identities
..05:51:33.474 [error] local node self-trust was not added: node signing public-key artifact is absent — continuing with configured trusted identities
.05:51:33.480 [error] local node self-trust was not added: node signing public-key artifact is absent — continuing with configured trusted identities
.05:51:33.490 [error] local node self-trust was not added: node signing public-key artifact is absent — continuing with configured trusted identities
.05:51:33.501 [error] local node self-trust was not added: node signing public-key artifact is absent — continuing with configured trusted identities
.05:51:33.517 [error] local node self-trust was not added: node signing public-key artifact is absent — continuing with configured trusted identities
05:51:33.568 [warning] CommitStore: root attach DENIED by workspace profile doc_uuid=dacbb728-92b6-4995-bde6-0c5cef800e84 reason="workspace class 'minimal' does not accept root entry 'bd' — declared in profile"
05:51:33.583 [error] local node self-trust was not added: node signing public-key artifact is absent — continuing with configured trusted identities
.05:51:33.592 [error] local node self-trust was not added: node signing public-key artifact is absent — continuing with configured trusted identities
05:51:33.632 [error] local node self-trust was not added: node signing public-key artifact is absent — continuing with configured trusted identities
.05:51:33.641 [error] local node self-trust was not added: node signing public-key artifact is absent — continuing with configured trusted identities
05:51:33.641 [error] local node self-trust was not added: node signing public-key artifact is absent — continuing with configured trusted identities
05:51:33.644 [error] local node self-trust was not added: node signing public-key artifact is absent — continuing with configured trusted identities
05:51:33.646 [error] local node self-trust was not added: node signing public-key artifact is absent — continuing with configured trusted identities
05:51:33.647 [error] local node self-trust was not added: node signing public-key artifact is absent — continuing with configured trusted identities
05:51:33.649 [error] local node self-trust was not added: node signing public-key artifact is absent — continuing with configured trusted identities
05:51:33.650 [error] local node self-trust was not added: node signing public-key artifact is absent — continuing with configured trusted identities
05:51:33.652 [error] local node self-trust was not added: node signing public-key artifact is absent — continuing with configured trusted identities
05:51:33.654 [error] local node self-trust was not added: node signing public-key artifact is absent — continuing with configured trusted identities
05:51:33.656 [error] local node self-trust was not added: node signing public-key artifact is absent — continuing with configured trusted identities
05:51:33.663 [warning] flock failed on /tmp/cp_rt_out_967431/docs/examples/hello.txt: :enoent, proceeding without lock
05:51:33.665 [warning] flock failed on /tmp/cp_rt_out_967431/docs/guide.txt: :enoent, proceeding without lock
05:51:33.667 [warning] flock failed on /tmp/cp_rt_out_967431/empty.txt: :enoent, proceeding without lock
05:51:33.668 [warning] flock failed on /tmp/cp_rt_out_967431/readme.txt: :enoent, proceeding without lock
05:51:33.681 [error] local node self-trust was not added: node signing public-key artifact is absent — continuing with configured trusted identities
.05:51:33.690 [error] local node self-trust was not added: node signing public-key artifact is absent — continuing with configured trusted identities
05:51:33.691 [error] local node self-trust was not added: node signing public-key artifact is absent — continuing with configured trusted identities
05:51:33.693 [error] local node self-trust was not added: node signing public-key artifact is absent — continuing with configured trusted identities
05:51:33.695 [error] local node self-trust was not added: node signing public-key artifact is absent — continuing with configured trusted identities
05:51:33.696 [warning] flock failed on /tmp/cp_rt_out_84781/special.txt: :enoent, proceeding without lock
05:51:33.711 [error] local node self-trust was not added: node signing public-key artifact is absent — continuing with configured trusted identities
.05:51:33.719 [error] local node self-trust was not added: node signing public-key artifact is absent — continuing with configured trusted identities
05:51:33.719 [error] local node self-trust was not added: node signing public-key artifact is absent — continuing with configured trusted identities
05:51:33.734 [error] local node self-trust was not added: node signing public-key artifact is absent — continuing with configured trusted identities
05:51:33.736 [error] local node self-trust was not added: node signing public-key artifact is absent — continuing with configured trusted identities
05:51:33.739 [error] local node self-trust was not added: node signing public-key artifact is absent — continuing with configured trusted identities
05:51:33.741 [error] local node self-trust was not added: node signing public-key artifact is absent — continuing with configured trusted identities
05:51:33.744 [error] local node self-trust was not added: node signing public-key artifact is absent — continuing with configured trusted identities
05:51:33.746 [error] local node self-trust was not added: node signing public-key artifact is absent — continuing with configured trusted identities
05:51:33.752 [error] local node self-trust was not added: node signing public-key artifact is absent — continuing with configured trusted identities
05:51:33.755 [error] local node self-trust was not added: node signing public-key artifact is absent — continuing with configured trusted identities
05:51:33.758 [error] local node self-trust was not added: node signing public-key artifact is absent — continuing with configured trusted identities
05:51:33.773 [error] local node self-trust was not added: node signing public-key artifact is absent — continuing with configured trusted identities
.05:51:33.781 [error] local node self-trust was not added: node signing public-key artifact is absent — continuing with configured trusted identities
05:51:33.781 [error] local node self-trust was not added: node signing public-key artifact is absent — continuing with configured trusted identities
05:51:33.783 [error] local node self-trust was not added: node signing public-key artifact is absent — continuing with configured trusted identities
05:51:33.785 [error] local node self-trust was not added: node signing public-key artifact is absent — continuing with configured trusted identities
05:51:33.797 [error] local node self-trust was not added: node signing public-key artifact is absent — continuing with configured trusted identities
.05:51:33.805 [error] local node self-trust was not added: node signing public-key artifact is absent — continuing with configured trusted identities
05:51:33.805 [error] local node self-trust was not added: node signing public-key artifact is absent — continuing with configured trusted identities
05:51:33.808 [error] local node self-trust was not added: node signing public-key artifact is absent — continuing with configured trusted identities
05:51:33.810 [error] local node self-trust was not added: node signing public-key artifact is absent — continuing with configured trusted identities
05:51:33.811 [error] local node self-trust was not added: node signing public-key artifact is absent — continuing with configured trusted identities
05:51:33.813 [error] local node self-trust was not added: node signing public-key artifact is absent — continuing with configured trusted identities
05:51:33.815 [error] local node self-trust was not added: node signing public-key artifact is absent — continuing with configured trusted identities
05:51:33.817 [error] local node self-trust was not added: node signing public-key artifact is absent — continuing with configured trusted identities
05:51:33.820 [error] local node self-trust was not added: node signing public-key artifact is absent — continuing with configured trusted identities
05:51:33.822 [error] local node self-trust was not added: node signing public-key artifact is absent — continuing with configured trusted identities
05:51:33.824 [error] local node self-trust was not added: node signing public-key artifact is absent — continuing with configured trusted identities
05:51:33.828 [error] local node self-trust was not added: node signing public-key artifact is absent — continuing with configured trusted identities
05:51:33.831 [warning] flock failed on /tmp/cp_sync_export_736586/new.txt: :enoent, proceeding without lock
05:51:33.832 [warning] flock failed on /tmp/cp_sync_export_736586/notes/todo.txt: :enoent, proceeding without lock
05:51:33.848 [error] local node self-trust was not added: node signing public-key artifact is absent — continuing with configured trusted identities
.05:51:33.856 [error] local node self-trust was not added: node signing public-key artifact is absent — continuing with configured trusted identities
05:51:33.856 [error] local node self-trust was not added: node signing public-key artifact is absent — continuing with configured trusted identities
05:51:33.858 [error] local node self-trust was not added: node signing public-key artifact is absent — continuing with configured trusted identities
05:51:33.860 [error] local node self-trust was not added: node signing public-key artifact is absent — continuing with configured trusted identities
05:51:33.872 [error] local node self-trust was not added: node signing public-key artifact is absent — continuing with configured trusted identities
.05:51:33.928 [error] local node self-trust was not added: node signing public-key artifact is absent — continuing with configured trusted identities
.05:51:34.036 [error] local node self-trust was not added: node signing public-key artifact is absent — continuing with configured trusted identities
05:51:34.140 [error] local node self-trust was not added: node signing public-key artifact is absent — continuing with configured trusted identities
.05:51:34.249 [error] local node self-trust was not added: node signing public-key artifact is absent — continuing with configured trusted identities
.05:51:34.358 [error] local node self-trust was not added: node signing public-key artifact is absent — continuing with configured trusted identities
.05:51:34.416 [error] local node self-trust was not added: node signing public-key artifact is absent — continuing with configured trusted identities
.05:51:34.426 [error] local node self-trust was not added: node signing public-key artifact is absent — continuing with configured trusted identities
05:51:34.430 [error] local node self-trust was not added: node signing public-key artifact is absent — continuing with configured trusted identities
05:51:34.432 [error] local node self-trust was not added: node signing public-key artifact is absent — continuing with configured trusted identities
05:51:34.434 [error] local node self-trust was not added: node signing public-key artifact is absent — continuing with configured trusted identities
05:51:34.436 [error] local node self-trust was not added: node signing public-key artifact is absent — continuing with configured trusted identities
.05:51:34.441 [error] local node self-trust was not added: node signing public-key artifact is absent — continuing with configured trusted identities
05:51:34.445 [error] local node self-trust was not added: node signing public-key artifact is absent — continuing with configured trusted identities
05:51:34.448 [error] local node self-trust was not added: node signing public-key artifact is absent — continuing with configured trusted identities
05:51:34.450 [error] local node self-trust was not added: node signing public-key artifact is absent — continuing with configured trusted identities
05:51:34.453 [error] local node self-trust was not added: node signing public-key artifact is absent — continuing with configured trusted identities
05:51:34.455 [error] local node self-trust was not added: node signing public-key artifact is absent — continuing with configured trusted identities
05:51:34.458 [error] local node self-trust was not added: node signing public-key artifact is absent — continuing with configured trusted identities
.05:51:34.464 [error] local node self-trust was not added: node signing public-key artifact is absent — continuing with configured trusted identities
05:51:34.467 [error] local node self-trust was not added: node signing public-key artifact is absent — continuing with configured trusted identities
05:51:34.469 [error] local node self-trust was not added: node signing public-key artifact is absent — continuing with configured trusted identities
05:51:34.472 [error] local node self-trust was not added: node signing public-key artifact is absent — continuing with configured trusted identities
05:51:34.474 [error] local node self-trust was not added: node signing public-key artifact is absent — continuing with configured trusted identities
05:51:34.476 [error] local node self-trust was not added: node signing public-key artifact is absent — continuing with configured trusted identities
05:51:34.478 [error] local node self-trust was not added: node signing public-key artifact is absent — continuing with configured trusted identities
.05:51:34.490 [error] local node self-trust was not added: node signing public-key artifact is absent — continuing with configured trusted identities
05:51:34.491 [error] local node self-trust was not added: node signing public-key artifact is absent — continuing with configured trusted identities
05:51:34.493 [error] local node self-trust was not added: node signing public-key artifact is absent — continuing with configured trusted identities
05:51:34.495 [error] local node self-trust was not added: node signing public-key artifact is absent — continuing with configured trusted identities
05:51:34.497 [error] local node self-trust was not added: node signing public-key artifact is absent — continuing with configured trusted identities
05:51:34.499 [error] local node self-trust was not added: node signing public-key artifact is absent — continuing with configured trusted identities
05:51:34.501 [error] local node self-trust was not added: node signing public-key artifact is absent — continuing with configured trusted identities
05:51:34.503 [error] local node self-trust was not added: node signing public-key artifact is absent — continuing with configured trusted identities
05:51:34.505 [warning] flock failed on /tmp/cp_checkout_sync_884384/feature.txt: :enoent, proceeding without lock
05:51:34.523 [error] local node self-trust was not added: node signing public-key artifact is absent — continuing with configured trusted identities
.05:51:34.532 [error] local node self-trust was not added: node signing public-key artifact is absent — continuing with configured trusted identities
05:51:34.532 [error] local node self-trust was not added: node signing public-key artifact is absent — continuing with configured trusted identities
05:51:34.534 [error] local node self-trust was not added: node signing public-key artifact is absent — continuing with configured trusted identities
05:51:34.536 [error] local node self-trust was not added: node signing public-key artifact is absent — continuing with configured trusted identities
05:51:34.538 [error] local node self-trust was not added: node signing public-key artifact is absent — continuing with configured trusted identities
05:51:34.539 [error] local node self-trust was not added: node signing public-key artifact is absent — continuing with configured trusted identities
05:51:34.541 [error] local node self-trust was not added: node signing public-key artifact is absent — continuing with configured trusted identities
05:51:34.542 [error] local node self-trust was not added: node signing public-key artifact is absent — continuing with configured trusted identities
Current root: uuid-root
05:51:34.560 [error] local node self-trust was not added: node signing public-key artifact is absent — continuing with configured trusted identities
.05:51:34.567 [error] local node self-trust was not added: node signing public-key artifact is absent — continuing with configured trusted identities
05:51:34.567 [error] local node self-trust was not added: node signing public-key artifact is absent — continuing with configured trusted identities
05:51:34.569 [error] local node self-trust was not added: node signing public-key artifact is absent — continuing with configured trusted identities
05:51:34.570 [error] local node self-trust was not added: node signing public-key artifact is absent — continuing with configured trusted identities
05:51:34.572 [error] local node self-trust was not added: node signing public-key artifact is absent — continuing with configured trusted identities
05:51:34.576 [error] local node self-trust was not added: node signing public-key artifact is absent — continuing with configured trusted identities
05:51:34.577 [error] local node self-trust was not added: node signing public-key artifact is absent — continuing with configured trusted identities
05:51:34.578 [error] local node self-trust was not added: node signing public-key artifact is absent — continuing with configured trusted identities
05:51:34.581 [warning] flock failed on /tmp/cp_checkout_sync_529505/repos/myrepo/feature/feature.txt: :enoent, proceeding without lock
05:51:34.583 [warning] flock failed on /tmp/cp_checkout_sync_529505/repos/myrepo/main/readme.txt: :enoent, proceeding without lock
05:51:34.584 [warning] flock failed on /tmp/cp_checkout_sync_529505/readme.txt: :enoent, proceeding without lock
05:51:34.596 [error] local node self-trust was not added: node signing public-key artifact is absent — continuing with configured trusted identities
.05:51:34.604 [error] local node self-trust was not added: node signing public-key artifact is absent — continuing with configured trusted identities
05:51:34.604 [error] local node self-trust was not added: node signing public-key artifact is absent — continuing with configured trusted identities
05:51:34.606 [error] local node self-trust was not added: node signing public-key artifact is absent — continuing with configured trusted identities
05:51:34.607 [error] local node self-trust was not added: node signing public-key artifact is absent — continuing with configured trusted identities
05:51:34.608 [error] local node self-trust was not added: node signing public-key artifact is absent — continuing with configured trusted identities
05:51:34.610 [error] local node self-trust was not added: node signing public-key artifact is absent — continuing with configured trusted identities
05:51:34.611 [error] local node self-trust was not added: node signing public-key artifact is absent — continuing with configured trusted identities
05:51:34.612 [error] local node self-trust was not added: node signing public-key artifact is absent — continuing with configured trusted identities
Re-rooted: uuid-root → uuid-main
Exporting from new root...
Done.
05:51:34.629 [error] local node self-trust was not added: node signing public-key artifact is absent — continuing with configured trusted identities
.05:51:34.638 [error] local node self-trust was not added: node signing public-key artifact is absent — continuing with configured trusted identities
05:51:34.638 [error] local node self-trust was not added: node signing public-key artifact is absent — continuing with configured trusted identities
05:51:34.641 [error] local node self-trust was not added: node signing public-key artifact is absent — continuing with configured trusted identities
05:51:34.642 [error] local node self-trust was not added: node signing public-key artifact is absent — continuing with configured trusted identities
05:51:34.644 [error] local node self-trust was not added: node signing public-key artifact is absent — continuing with configured trusted identities
05:51:34.645 [error] local node self-trust was not added: node signing public-key artifact is absent — continuing with configured trusted identities
05:51:34.646 [error] local node self-trust was not added: node signing public-key artifact is absent — continuing with configured trusted identities
05:51:34.648 [error] local node self-trust was not added: node signing public-key artifact is absent — continuing with configured trusted identities
05:51:34.661 [error] local node self-trust was not added: node signing public-key artifact is absent — continuing with configured trusted identities
..05:51:34.666 [error] local node self-trust was not added: node signing public-key artifact is absent — continuing with configured trusted identities
05:51:34.667 [error] local node self-trust was not added: node signing public-key artifact is absent — continuing with configured trusted identities
05:51:34.669 [error] local node self-trust was not added: node signing public-key artifact is absent — continuing with configured trusted identities
.05:51:34.680 [error] local node self-trust was not added: node signing public-key artifact is absent — continuing with configured trusted identities
05:51:34.683 [error] local node self-trust was not added: node signing public-key artifact is absent — continuing with configured trusted identities
05:51:34.685 [error] local node self-trust was not added: node signing public-key artifact is absent — continuing with configured trusted identities
05:51:34.688 [error] local node self-trust was not added: node signing public-key artifact is absent — continuing with configured trusted identities
05:51:34.691 [error] local node self-trust was not added: node signing public-key artifact is absent — continuing with configured trusted identities
.05:51:34.697 [error] local node self-trust was not added: node signing public-key artifact is absent — continuing with configured trusted identities
.05:51:34.706 [error] local node self-trust was not added: node signing public-key artifact is absent — continuing with configured trusted identities
05:51:34.710 [error] local node self-trust was not added: node signing public-key artifact is absent — continuing with configured trusted identities
05:51:34.711 [error] local node self-trust was not added: node signing public-key artifact is absent — continuing with configured trusted identities
05:51:34.714 [error] local node self-trust was not added: node signing public-key artifact is absent — continuing with configured trusted identities
.05:51:34.726 [error] local node self-trust was not added: node signing public-key artifact is absent — continuing with configured trusted identities
05:51:34.728 [error] local node self-trust was not added: node signing public-key artifact is absent — continuing with configured trusted identities
05:51:34.730 [error] local node self-trust was not added: node signing public-key artifact is absent — continuing with configured trusted identities
05:51:34.732 [error] local node self-trust was not added: node signing public-key artifact is absent — continuing with configured trusted identities
.05:51:34.741 [error] local node self-trust was not added: node signing public-key artifact is absent — continuing with configured trusted identities
05:51:34.743 [error] local node self-trust was not added: node signing public-key artifact is absent — continuing with configured trusted identities
.05:51:34.748 [error] local node self-trust was not added: node signing public-key artifact is absent — continuing with configured trusted identities
05:51:34.750 [error] local node self-trust was not added: node signing public-key artifact is absent — continuing with configured trusted identities
.05:51:34.764 [error] local node self-trust was not added: node signing public-key artifact is absent — continuing with configured trusted identities
05:51:34.767 [error] local node self-trust was not added: node signing public-key artifact is absent — continuing with configured trusted identities
..................commonplace: :cx_a3fe_absent@commonplace (from /tmp/cx_x8jk_reach_failures_810581710/node_name) serves a DIFFERENT workspace — its data dir is "/other/data", not "/tmp/cx_x8jk_reach_failures_810581710". Ignoring it; that node_name file probably points at an orphan serve.
...05:51:35.303 [error] local node self-trust was not added: node signing public-key artifact is absent — continuing with configured trusted identities
.05:51:35.320 [error] local node self-trust was not added: node signing public-key artifact is absent — continuing with configured trusted identities
05:51:35.323 [error] local node self-trust was not added: node signing public-key artifact is absent — continuing with configured trusted identities
05:51:35.325 [error] local node self-trust was not added: node signing public-key artifact is absent — continuing with configured trusted identities
05:51:35.327 [error] local node self-trust was not added: node signing public-key artifact is absent — continuing with configured trusted identities
05:51:35.329 [error] local node self-trust was not added: node signing public-key artifact is absent — continuing with configured trusted identities
05:51:35.331 [error] local node self-trust was not added: node signing public-key artifact is absent — continuing with configured trusted identities
05:51:35.333 [error] local node self-trust was not added: node signing public-key artifact is absent — continuing with configured trusted identities
05:51:35.335 [error] local node self-trust was not added: node signing public-key artifact is absent — continuing with configured trusted identities
05:51:35.337 [error] local node self-trust was not added: node signing public-key artifact is absent — continuing with configured trusted identities
05:51:35.341 [error] local node self-trust was not added: node signing public-key artifact is absent — continuing with configured trusted identities
05:51:35.343 [error] local node self-trust was not added: node signing public-key artifact is absent — continuing with configured trusted identities
05:51:35.350 [error] local node self-trust was not added: node signing public-key artifact is absent — continuing with configured trusted identities
05:51:35.353 [error] local node self-trust was not added: node signing public-key artifact is absent — continuing with configured trusted identities
05:51:35.355 [error] local node self-trust was not added: node signing public-key artifact is absent — continuing with configured trusted identities
05:51:35.358 [error] local node self-trust was not added: node signing public-key artifact is absent — continuing with configured trusted identities
05:51:35.361 [error] local node self-trust was not added: node signing public-key artifact is absent — continuing with configured trusted identities
.05:51:35.374 [error] local node self-trust was not added: node signing public-key artifact is absent — continuing with configured trusted identities
05:51:35.376 [error] local node self-trust was not added: node signing public-key artifact is absent — continuing with configured trusted identities
05:51:35.379 [error] local node self-trust was not added: node signing public-key artifact is absent — continuing with configured trusted identities
05:51:35.381 [error] local node self-trust was not added: node signing public-key artifact is absent — continuing with configured trusted identities
05:51:35.384 [error] local node self-trust was not added: node signing public-key artifact is absent — continuing with configured trusted identities
05:51:35.387 [error] local node self-trust was not added: node signing public-key artifact is absent — continuing with configured trusted identities
05:51:35.389 [error] local node self-trust was not added: node signing public-key artifact is absent — continuing with configured trusted identities
05:51:35.392 [error] local node self-trust was not added: node signing public-key artifact is absent — continuing with configured trusted identities
05:51:35.395 [error] local node self-trust was not added: node signing public-key artifact is absent — continuing with configured trusted identities
05:51:35.399 [error] local node self-trust was not added: node signing public-key artifact is absent — continuing with configured trusted identities
05:51:35.403 [error] local node self-trust was not added: node signing public-key artifact is absent — continuing with configured trusted identities
.05:51:35.414 [error] local node self-trust was not added: node signing public-key artifact is absent — continuing with configured trusted identities
05:51:35.417 [error] local node self-trust was not added: node signing public-key artifact is absent — continuing with configured trusted identities
05:51:35.419 [error] local node self-trust was not added: node signing public-key artifact is absent — continuing with configured trusted identities
05:51:35.422 [error] local node self-trust was not added: node signing public-key artifact is absent — continuing with configured trusted identities
05:51:35.426 [error] local node self-trust was not added: node signing public-key artifact is absent — continuing with configured trusted identities
05:51:35.428 [error] local node self-trust was not added: node signing public-key artifact is absent — continuing with configured trusted identities
05:51:35.430 [error] local node self-trust was not added: node signing public-key artifact is absent — continuing with configured trusted identities
05:51:35.432 [error] local node self-trust was not added: node signing public-key artifact is absent — continuing with configured trusted identities
05:51:35.436 [error] local node self-trust was not added: node signing public-key artifact is absent — continuing with configured trusted identities
05:51:35.438 [error] local node self-trust was not added: node signing public-key artifact is absent — continuing with configured trusted identities
05:51:35.442 [error] local node self-trust was not added: node signing public-key artifact is absent — continuing with configured trusted identities
05:51:35.449 [error] local node self-trust was not added: node signing public-key artifact is absent — continuing with configured trusted identities
05:51:35.452 [error] local node self-trust was not added: node signing public-key artifact is absent — continuing with configured trusted identities
05:51:35.458 [error] local node self-trust was not added: node signing public-key artifact is absent — continuing with configured trusted identities
05:51:35.463 [error] local node self-trust was not added: node signing public-key artifact is absent — continuing with configured trusted identities
05:51:35.467 [error] local node self-trust was not added: node signing public-key artifact is absent — continuing with configured trusted identities
05:51:35.471 [error] local node self-trust was not added: node signing public-key artifact is absent — continuing with configured trusted identities
05:51:35.474 [error] local node self-trust was not added: node signing public-key artifact is absent — continuing with configured trusted identities
05:51:35.477 [error] local node self-trust was not added: node signing public-key artifact is absent — continuing with configured trusted identities
05:51:35.482 [error] local node self-trust was not added: node signing public-key artifact is absent — continuing with configured trusted identities
05:51:35.488 [error] local node self-trust was not added: node signing public-key artifact is absent — continuing with configured trusted identities
05:51:35.494 [error] local node self-trust was not added: node signing public-key artifact is absent — continuing with configured trusted identities
.05:51:35.506 [error] local node self-trust was not added: node signing public-key artifact is absent — continuing with configured trusted identities
.05:51:35.516 [error] local node self-trust was not added: node signing public-key artifact is absent — continuing with configured trusted identities
05:51:35.520 [error] local node self-trust was not added: node signing public-key artifact is absent — continuing with configured trusted identities
05:51:35.523 [error] local node self-trust was not added: node signing public-key artifact is absent — continuing with configured trusted identities
05:51:35.525 [error] local node self-trust was not added: node signing public-key artifact is absent — continuing with configured trusted identities
05:51:35.527 [error] local node self-trust was not added: node signing public-key artifact is absent — continuing with configured trusted identities
05:51:35.533 [error] local node self-trust was not added: node signing public-key artifact is absent — continuing with configured trusted identities
05:51:35.535 [error] local node self-trust was not added: node signing public-key artifact is absent — continuing with configured trusted identities
05:51:35.538 [error] local node self-trust was not added: node signing public-key artifact is absent — continuing with configured trusted identities
05:51:35.541 [error] local node self-trust was not added: node signing public-key artifact is absent — continuing with configured trusted identities
05:51:35.543 [error] local node self-trust was not added: node signing public-key artifact is absent — continuing with configured trusted identities
05:51:35.545 [error] local node self-trust was not added: node signing public-key artifact is absent — continuing with configured trusted identities
05:51:35.548 [error] local node self-trust was not added: node signing public-key artifact is absent — continuing with configured trusted identities
05:51:35.551 [error] local node self-trust was not added: node signing public-key artifact is absent — continuing with configured trusted identities
05:51:35.553 [error] local node self-trust was not added: node signing public-key artifact is absent — continuing with configured trusted identities
05:51:35.556 [error] local node self-trust was not added: node signing public-key artifact is absent — continuing with configured trusted identities
05:51:35.560 [error] local node self-trust was not added: node signing public-key artifact is absent — continuing with configured trusted identities
05:51:35.582 [error] local node self-trust was not added: node signing public-key artifact is absent — continuing with configured trusted identities
.05:51:35.592 [error] local node self-trust was not added: node signing public-key artifact is absent — continuing with configured trusted identities
.05:51:35.598 [error] local node self-trust was not added: node signing public-key artifact is absent — continuing with configured trusted identities
05:51:35.600 [error] local node self-trust was not added: node signing public-key artifact is absent — continuing with configured trusted identities
05:51:35.602 [error] local node self-trust was not added: node signing public-key artifact is absent — continuing with configured trusted identities
05:51:35.604 [error] local node self-trust was not added: node signing public-key artifact is absent — continuing with configured trusted identities
05:51:35.606 [error] local node self-trust was not added: node signing public-key artifact is absent — continuing with configured trusted identities
05:51:35.608 [error] local node self-trust was not added: node signing public-key artifact is absent — continuing with configured trusted identities
05:51:35.610 [error] local node self-trust was not added: node signing public-key artifact is absent — continuing with configured trusted identities
05:51:35.612 [error] local node self-trust was not added: node signing public-key artifact is absent — continuing with configured trusted identities
05:51:35.615 [error] local node self-trust was not added: node signing public-key artifact is absent — continuing with configured trusted identities
05:51:35.618 [error] local node self-trust was not added: node signing public-key artifact is absent — continuing with configured trusted identities
05:51:35.621 [error] local node self-trust was not added: node signing public-key artifact is absent — continuing with configured trusted identities
05:51:35.625 [error] local node self-trust was not added: node signing public-key artifact is absent — continuing with configured trusted identities
05:51:35.627 [error] local node self-trust was not added: node signing public-key artifact is absent — continuing with configured trusted identities
05:51:35.629 [error] local node self-trust was not added: node signing public-key artifact is absent — continuing with configured trusted identities
05:51:35.631 [error] local node self-trust was not added: node signing public-key artifact is absent — continuing with configured trusted identities
05:51:35.634 [error] local node self-trust was not added: node signing public-key artifact is absent — continuing with configured trusted identities
05:51:35.638 [error] local node self-trust was not added: node signing public-key artifact is absent — continuing with configured trusted identities
05:51:35.640 [error] local node self-trust was not added: node signing public-key artifact is absent — continuing with configured trusted identities
05:51:35.643 [error] local node self-trust was not added: node signing public-key artifact is absent — continuing with configured trusted identities
05:51:35.646 [error] local node self-trust was not added: node signing public-key artifact is absent — continuing with configured trusted identities
05:51:35.649 [error] local node self-trust was not added: node signing public-key artifact is absent — continuing with configured trusted identities
.05:51:35.659 [error] local node self-trust was not added: node signing public-key artifact is absent — continuing with configured trusted identities
.05:51:35.673 [error] local node self-trust was not added: node signing public-key artifact is absent — continuing with configured trusted identities
...........05:51:35.852 [error] local node self-trust was not added: node signing public-key artifact is absent — continuing with configured trusted identities
05:51:35.852 [error] local node self-trust was not added: node signing public-key artifact is absent — continuing with configured trusted identities
05:51:35.858 [error] local node self-trust was not added: node signing public-key artifact is absent — continuing with configured trusted identities
05:51:35.861 [error] local node self-trust was not added: node signing public-key artifact is absent — continuing with configured trusted identities
05:51:35.874 [error] local node self-trust was not added: node signing public-key artifact is absent — continuing with configured trusted identities
.05:51:35.883 [error] local node self-trust was not added: node signing public-key artifact is absent — continuing with configured trusted identities
05:51:35.883 [error] local node self-trust was not added: node signing public-key artifact is absent — continuing with configured trusted identities
05:51:35.885 [error] local node self-trust was not added: node signing public-key artifact is absent — continuing with configured trusted identities
05:51:35.888 [error] local node self-trust was not added: node signing public-key artifact is absent — continuing with configured trusted identities
05:51:35.889 [error] local node self-trust was not added: node signing public-key artifact is absent — continuing with configured trusted identities
05:51:35.906 [error] local node self-trust was not added: node signing public-key artifact is absent — continuing with configured trusted identities
.05:51:35.914 [error] local node self-trust was not added: node signing public-key artifact is absent — continuing with configured trusted identities
05:51:35.914 [error] local node self-trust was not added: node signing public-key artifact is absent — continuing with configured trusted identities
05:51:35.916 [error] local node self-trust was not added: node signing public-key artifact is absent — continuing with configured trusted identities
05:51:35.919 [error] local node self-trust was not added: node signing public-key artifact is absent — continuing with configured trusted identities
05:51:35.921 [error] local node self-trust was not added: node signing public-key artifact is absent — continuing with configured trusted identities
05:51:35.923 [error] local node self-trust was not added: node signing public-key artifact is absent — continuing with configured trusted identities
05:51:35.924 [error] local node self-trust was not added: node signing public-key artifact is absent — continuing with configured trusted identities
05:51:35.925 [error] local node self-trust was not added: node signing public-key artifact is absent — continuing with configured trusted identities
05:51:35.927 [error] local node self-trust was not added: node signing public-key artifact is absent — continuing with configured trusted identities
05:51:35.943 [error] local node self-trust was not added: node signing public-key artifact is absent — continuing with configured trusted identities
.05:51:35.951 [error] local node self-trust was not added: node signing public-key artifact is absent — continuing with configured trusted identities
05:51:35.952 [error] local node self-trust was not added: node signing public-key artifact is absent — continuing with configured trusted identities
05:51:35.964 [error] local node self-trust was not added: node signing public-key artifact is absent — continuing with configured trusted identities
.05:51:35.974 [error] local node self-trust was not added: node signing public-key artifact is absent — continuing with configured trusted identities
05:51:35.975 [error] local node self-trust was not added: node signing public-key artifact is absent — continuing with configured trusted identities
05:51:35.977 [error] local node self-trust was not added: node signing public-key artifact is absent — continuing with configured trusted identities
05:51:35.979 [error] local node self-trust was not added: node signing public-key artifact is absent — continuing with configured trusted identities
05:51:35.980 [error] local node self-trust was not added: node signing public-key artifact is absent — continuing with configured trusted identities
05:51:35.982 [error] local node self-trust was not added: node signing public-key artifact is absent — continuing with configured trusted identities
05:51:35.994 [error] local node self-trust was not added: node signing public-key artifact is absent — continuing with configured trusted identities
.05:51:36.005 [error] local node self-trust was not added: node signing public-key artifact is absent — continuing with configured trusted identities
05:51:36.022 [error] local node self-trust was not added: node signing public-key artifact is absent — continuing with configured trusted identities
.05:51:36.031 [error] local node self-trust was not added: node signing public-key artifact is absent — continuing with configured trusted identities
05:51:36.032 [error] local node self-trust was not added: node signing public-key artifact is absent — continuing with configured trusted identities
05:51:36.059 [error] local node self-trust was not added: node signing public-key artifact is absent — continuing with configured trusted identities
.
Finished in 4.7 seconds (2.0s async, 2.7s sync)
121 tests, 0 failures
real 6.66
user 5.82
sys 1.29
