==> commonplace
make: Nothing to be done for 'all'.
==> commonplace_cli
Running ExUnit with seed: 519071, max_cases: 8

..................................05:53:19.884 [error] local node self-trust was not added: node signing public-key artifact is absent — continuing with configured trusted identities
05:53:19.949 [error] local node self-trust was not added: node signing public-key artifact is absent — continuing with configured trusted identities
.05:53:19.960 [error] local node self-trust was not added: node signing public-key artifact is absent — continuing with configured trusted identities
05:53:19.984 [warning] CommitStore: root attach DENIED by workspace profile doc_uuid=259eba33-b109-47d1-b6bf-cda6e237d07c reason="workspace class 'minimal' does not accept root entry 'bd' — declared in profile"
05:53:20.008 [error] local node self-trust was not added: node signing public-key artifact is absent — continuing with configured trusted identities
.05:53:20.069 [error] local node self-trust was not added: node signing public-key artifact is absent — continuing with configured trusted identities
05:53:20.179 [error] local node self-trust was not added: node signing public-key artifact is absent — continuing with configured trusted identities
.05:53:20.288 [error] local node self-trust was not added: node signing public-key artifact is absent — continuing with configured trusted identities
.05:53:20.397 [error] local node self-trust was not added: node signing public-key artifact is absent — continuing with configured trusted identities
.05:53:20.510 [error] local node self-trust was not added: node signing public-key artifact is absent — continuing with configured trusted identities
.05:53:20.578 [error] local node self-trust was not added: node signing public-key artifact is absent — continuing with configured trusted identities
05:53:20.579 [error] local node self-trust was not added: node signing public-key artifact is absent — continuing with configured trusted identities
05:53:20.581 [error] local node self-trust was not added: node signing public-key artifact is absent — continuing with configured trusted identities
05:53:20.583 [error] local node self-trust was not added: node signing public-key artifact is absent — continuing with configured trusted identities
05:53:20.585 [error] local node self-trust was not added: node signing public-key artifact is absent — continuing with configured trusted identities
05:53:20.586 [error] local node self-trust was not added: node signing public-key artifact is absent — continuing with configured trusted identities
05:53:20.589 [error] local node self-trust was not added: node signing public-key artifact is absent — continuing with configured trusted identities
05:53:20.596 [error] local node self-trust was not added: node signing public-key artifact is absent — continuing with configured trusted identities
05:53:20.600 [error] local node self-trust was not added: node signing public-key artifact is absent — continuing with configured trusted identities
05:53:20.662 [error] local node self-trust was not added: node signing public-key artifact is absent — continuing with configured trusted identities
.05:53:20.673 [error] local node self-trust was not added: node signing public-key artifact is absent — continuing with configured trusted identities
05:53:20.731 [error] local node self-trust was not added: node signing public-key artifact is absent — continuing with configured trusted identities
.05:53:20.741 [error] local node self-trust was not added: node signing public-key artifact is absent — continuing with configured trusted identities
05:53:20.741 [error] local node self-trust was not added: node signing public-key artifact is absent — continuing with configured trusted identities
05:53:20.744 [error] local node self-trust was not added: node signing public-key artifact is absent — continuing with configured trusted identities
05:53:20.745 [error] local node self-trust was not added: node signing public-key artifact is absent — continuing with configured trusted identities
05:53:20.747 [error] local node self-trust was not added: node signing public-key artifact is absent — continuing with configured trusted identities
05:53:20.789 [error] local node self-trust was not added: node signing public-key artifact is absent — continuing with configured trusted identities
.05:53:20.799 [error] local node self-trust was not added: node signing public-key artifact is absent — continuing with configured trusted identities
05:53:20.799 [error] local node self-trust was not added: node signing public-key artifact is absent — continuing with configured trusted identities
05:53:20.803 [error] local node self-trust was not added: node signing public-key artifact is absent — continuing with configured trusted identities
05:53:20.808 [error] local node self-trust was not added: node signing public-key artifact is absent — continuing with configured trusted identities
05:53:20.811 [error] local node self-trust was not added: node signing public-key artifact is absent — continuing with configured trusted identities
05:53:20.813 [error] local node self-trust was not added: node signing public-key artifact is absent — continuing with configured trusted identities
05:53:20.857 [error] local node self-trust was not added: node signing public-key artifact is absent — continuing with configured trusted identities
.05:53:20.866 [error] local node self-trust was not added: node signing public-key artifact is absent — continuing with configured trusted identities
05:53:20.866 [error] local node self-trust was not added: node signing public-key artifact is absent — continuing with configured trusted identities
05:53:20.886 [error] local node self-trust was not added: node signing public-key artifact is absent — continuing with configured trusted identities
.05:53:20.895 [error] local node self-trust was not added: node signing public-key artifact is absent — continuing with configured trusted identities
05:53:20.895 [error] local node self-trust was not added: node signing public-key artifact is absent — continuing with configured trusted identities
05:53:20.897 [error] local node self-trust was not added: node signing public-key artifact is absent — continuing with configured trusted identities
05:53:20.900 [error] local node self-trust was not added: node signing public-key artifact is absent — continuing with configured trusted identities
05:53:20.924 [error] local node self-trust was not added: node signing public-key artifact is absent — continuing with configured trusted identities
.05:53:20.932 [error] local node self-trust was not added: node signing public-key artifact is absent — continuing with configured trusted identities
05:53:20.933 [error] local node self-trust was not added: node signing public-key artifact is absent — continuing with configured trusted identities
05:53:20.958 [error] local node self-trust was not added: node signing public-key artifact is absent — continuing with configured trusted identities
.05:53:20.967 [error] local node self-trust was not added: node signing public-key artifact is absent — continuing with configured trusted identities
05:53:20.968 [error] local node self-trust was not added: node signing public-key artifact is absent — continuing with configured trusted identities
05:53:20.970 [error] local node self-trust was not added: node signing public-key artifact is absent — continuing with configured trusted identities
05:53:20.971 [error] local node self-trust was not added: node signing public-key artifact is absent — continuing with configured trusted identities
05:53:20.973 [error] local node self-trust was not added: node signing public-key artifact is absent — continuing with configured trusted identities
05:53:20.974 [error] local node self-trust was not added: node signing public-key artifact is absent — continuing with configured trusted identities
05:53:20.976 [error] local node self-trust was not added: node signing public-key artifact is absent — continuing with configured trusted identities
05:53:20.977 [error] local node self-trust was not added: node signing public-key artifact is absent — continuing with configured trusted identities
05:53:20.985 [warning] flock failed on /tmp/cp_checkout_sync_926962/repos/myrepo/feature/feature.txt: :enoent, proceeding without lock
05:53:20.987 [warning] flock failed on /tmp/cp_checkout_sync_926962/repos/myrepo/main/readme.txt: :enoent, proceeding without lock
05:53:20.989 [warning] flock failed on /tmp/cp_checkout_sync_926962/readme.txt: :enoent, proceeding without lock
05:53:21.010 [error] local node self-trust was not added: node signing public-key artifact is absent — continuing with configured trusted identities
.05:53:21.021 [error] local node self-trust was not added: node signing public-key artifact is absent — continuing with configured trusted identities
05:53:21.022 [error] local node self-trust was not added: node signing public-key artifact is absent — continuing with configured trusted identities
05:53:21.024 [error] local node self-trust was not added: node signing public-key artifact is absent — continuing with configured trusted identities
05:53:21.027 [error] local node self-trust was not added: node signing public-key artifact is absent — continuing with configured trusted identities
05:53:21.028 [error] local node self-trust was not added: node signing public-key artifact is absent — continuing with configured trusted identities
05:53:21.031 [error] local node self-trust was not added: node signing public-key artifact is absent — continuing with configured trusted identities
05:53:21.032 [error] local node self-trust was not added: node signing public-key artifact is absent — continuing with configured trusted identities
05:53:21.034 [error] local node self-trust was not added: node signing public-key artifact is absent — continuing with configured trusted identities
05:53:21.054 [error] local node self-trust was not added: node signing public-key artifact is absent — continuing with configured trusted identities
.05:53:21.066 [error] local node self-trust was not added: node signing public-key artifact is absent — continuing with configured trusted identities
05:53:21.067 [error] local node self-trust was not added: node signing public-key artifact is absent — continuing with configured trusted identities
05:53:21.068 [error] local node self-trust was not added: node signing public-key artifact is absent — continuing with configured trusted identities
05:53:21.070 [error] local node self-trust was not added: node signing public-key artifact is absent — continuing with configured trusted identities
05:53:21.072 [error] local node self-trust was not added: node signing public-key artifact is absent — continuing with configured trusted identities
05:53:21.073 [error] local node self-trust was not added: node signing public-key artifact is absent — continuing with configured trusted identities
05:53:21.075 [error] local node self-trust was not added: node signing public-key artifact is absent — continuing with configured trusted identities
05:53:21.077 [error] local node self-trust was not added: node signing public-key artifact is absent — continuing with configured trusted identities
Current root: uuid-root
05:53:21.098 [error] local node self-trust was not added: node signing public-key artifact is absent — continuing with configured trusted identities
.05:53:21.107 [error] local node self-trust was not added: node signing public-key artifact is absent — continuing with configured trusted identities
05:53:21.108 [error] local node self-trust was not added: node signing public-key artifact is absent — continuing with configured trusted identities
05:53:21.110 [error] local node self-trust was not added: node signing public-key artifact is absent — continuing with configured trusted identities
05:53:21.111 [error] local node self-trust was not added: node signing public-key artifact is absent — continuing with configured trusted identities
05:53:21.113 [error] local node self-trust was not added: node signing public-key artifact is absent — continuing with configured trusted identities
05:53:21.116 [error] local node self-trust was not added: node signing public-key artifact is absent — continuing with configured trusted identities
05:53:21.118 [error] local node self-trust was not added: node signing public-key artifact is absent — continuing with configured trusted identities
05:53:21.119 [error] local node self-trust was not added: node signing public-key artifact is absent — continuing with configured trusted identities
05:53:21.122 [warning] flock failed on /tmp/cp_checkout_sync_335525/feature.txt: :enoent, proceeding without lock
05:53:21.144 [error] local node self-trust was not added: node signing public-key artifact is absent — continuing with configured trusted identities
.05:53:21.154 [error] local node self-trust was not added: node signing public-key artifact is absent — continuing with configured trusted identities
05:53:21.155 [error] local node self-trust was not added: node signing public-key artifact is absent — continuing with configured trusted identities
05:53:21.157 [error] local node self-trust was not added: node signing public-key artifact is absent — continuing with configured trusted identities
05:53:21.158 [error] local node self-trust was not added: node signing public-key artifact is absent — continuing with configured trusted identities
05:53:21.160 [error] local node self-trust was not added: node signing public-key artifact is absent — continuing with configured trusted identities
05:53:21.161 [error] local node self-trust was not added: node signing public-key artifact is absent — continuing with configured trusted identities
05:53:21.163 [error] local node self-trust was not added: node signing public-key artifact is absent — continuing with configured trusted identities
05:53:21.164 [error] local node self-trust was not added: node signing public-key artifact is absent — continuing with configured trusted identities
Re-rooted: uuid-root → uuid-main
Exporting from new root...
Done.
05:53:21.190 [error] local node self-trust was not added: node signing public-key artifact is absent — continuing with configured trusted identities
..05:53:21.194 [error] local node self-trust was not added: node signing public-key artifact is absent — continuing with configured trusted identities
05:53:21.196 [error] local node self-trust was not added: node signing public-key artifact is absent — continuing with configured trusted identities
.05:53:21.202 [error] local node self-trust was not added: node signing public-key artifact is absent — continuing with configured trusted identities
05:53:21.204 [error] local node self-trust was not added: node signing public-key artifact is absent — continuing with configured trusted identities
.05:53:21.209 [error] local node self-trust was not added: node signing public-key artifact is absent — continuing with configured trusted identities
05:53:21.213 [error] local node self-trust was not added: node signing public-key artifact is absent — continuing with configured trusted identities
.05:53:21.218 [error] local node self-trust was not added: node signing public-key artifact is absent — continuing with configured trusted identities
.05:53:21.232 [error] local node self-trust was not added: node signing public-key artifact is absent — continuing with configured trusted identities
..05:53:21.251 [error] local node self-trust was not added: node signing public-key artifact is absent — continuing with configured trusted identities
.05:53:21.257 [error] local node self-trust was not added: node signing public-key artifact is absent — continuing with configured trusted identities
.05:53:21.263 [error] local node self-trust was not added: node signing public-key artifact is absent — continuing with configured trusted identities
.05:53:21.276 [error] local node self-trust was not added: node signing public-key artifact is absent — continuing with configured trusted identities
05:53:21.277 [error] local node self-trust was not added: node signing public-key artifact is absent — continuing with configured trusted identities
05:53:21.279 [error] local node self-trust was not added: node signing public-key artifact is absent — continuing with configured trusted identities
05:53:21.281 [error] local node self-trust was not added: node signing public-key artifact is absent — continuing with configured trusted identities
05:53:21.283 [warning] flock failed on /tmp/cp_rt_out_850318/special.txt: :enoent, proceeding without lock
05:53:21.304 [error] local node self-trust was not added: node signing public-key artifact is absent — continuing with configured trusted identities
.05:53:21.313 [error] local node self-trust was not added: node signing public-key artifact is absent — continuing with configured trusted identities
05:53:21.314 [error] local node self-trust was not added: node signing public-key artifact is absent — continuing with configured trusted identities
05:53:21.316 [error] local node self-trust was not added: node signing public-key artifact is absent — continuing with configured trusted identities
05:53:21.317 [error] local node self-trust was not added: node signing public-key artifact is absent — continuing with configured trusted identities
05:53:21.320 [error] local node self-trust was not added: node signing public-key artifact is absent — continuing with configured trusted identities
05:53:21.322 [error] local node self-trust was not added: node signing public-key artifact is absent — continuing with configured trusted identities
05:53:21.324 [error] local node self-trust was not added: node signing public-key artifact is absent — continuing with configured trusted identities
05:53:21.326 [error] local node self-trust was not added: node signing public-key artifact is absent — continuing with configured trusted identities
05:53:21.328 [error] local node self-trust was not added: node signing public-key artifact is absent — continuing with configured trusted identities
05:53:21.334 [error] local node self-trust was not added: node signing public-key artifact is absent — continuing with configured trusted identities
05:53:21.338 [warning] flock failed on /tmp/cp_rt_out_791930/docs/examples/hello.txt: :enoent, proceeding without lock
05:53:21.340 [warning] flock failed on /tmp/cp_rt_out_791930/docs/guide.txt: :enoent, proceeding without lock
05:53:21.341 [warning] flock failed on /tmp/cp_rt_out_791930/empty.txt: :enoent, proceeding without lock
05:53:21.343 [warning] flock failed on /tmp/cp_rt_out_791930/readme.txt: :enoent, proceeding without lock
05:53:21.365 [error] local node self-trust was not added: node signing public-key artifact is absent — continuing with configured trusted identities
.05:53:21.369 [error] local node self-trust was not added: node signing public-key artifact is absent — continuing with configured trusted identities
05:53:21.374 [error] local node self-trust was not added: node signing public-key artifact is absent — continuing with configured trusted identities
05:53:21.376 [error] local node self-trust was not added: node signing public-key artifact is absent — continuing with configured trusted identities
05:53:21.383 [error] local node self-trust was not added: node signing public-key artifact is absent — continuing with configured trusted identities
05:53:21.386 [error] local node self-trust was not added: node signing public-key artifact is absent — continuing with configured trusted identities
.05:53:21.394 [error] local node self-trust was not added: node signing public-key artifact is absent — continuing with configured trusted identities
05:53:21.398 [error] local node self-trust was not added: node signing public-key artifact is absent — continuing with configured trusted identities
05:53:21.400 [error] local node self-trust was not added: node signing public-key artifact is absent — continuing with configured trusted identities
05:53:21.402 [error] local node self-trust was not added: node signing public-key artifact is absent — continuing with configured trusted identities
05:53:21.403 [error] local node self-trust was not added: node signing public-key artifact is absent — continuing with configured trusted identities
05:53:21.405 [error] local node self-trust was not added: node signing public-key artifact is absent — continuing with configured trusted identities
05:53:21.407 [error] local node self-trust was not added: node signing public-key artifact is absent — continuing with configured trusted identities
.05:53:21.417 [error] local node self-trust was not added: node signing public-key artifact is absent — continuing with configured trusted identities
.05:53:21.435 [error] local node self-trust was not added: node signing public-key artifact is absent — continuing with configured trusted identities
05:53:21.442 [error] local node self-trust was not added: node signing public-key artifact is absent — continuing with configured trusted identities
05:53:21.444 [error] local node self-trust was not added: node signing public-key artifact is absent — continuing with configured trusted identities
05:53:21.447 [error] local node self-trust was not added: node signing public-key artifact is absent — continuing with configured trusted identities
05:53:21.449 [error] local node self-trust was not added: node signing public-key artifact is absent — continuing with configured trusted identities
05:53:21.452 [error] local node self-trust was not added: node signing public-key artifact is absent — continuing with configured trusted identities
05:53:21.455 [error] local node self-trust was not added: node signing public-key artifact is absent — continuing with configured trusted identities
.05:53:21.461 [error] local node self-trust was not added: node signing public-key artifact is absent — continuing with configured trusted identities
05:53:21.462 [error] local node self-trust was not added: node signing public-key artifact is absent — continuing with configured trusted identities
05:53:21.464 [error] local node self-trust was not added: node signing public-key artifact is absent — continuing with configured trusted identities
05:53:21.465 [error] local node self-trust was not added: node signing public-key artifact is absent — continuing with configured trusted identities
05:53:21.467 [error] local node self-trust was not added: node signing public-key artifact is absent — continuing with configured trusted identities
05:53:21.468 [error] local node self-trust was not added: node signing public-key artifact is absent — continuing with configured trusted identities
05:53:21.470 [error] local node self-trust was not added: node signing public-key artifact is absent — continuing with configured trusted identities
05:53:21.472 [error] local node self-trust was not added: node signing public-key artifact is absent — continuing with configured trusted identities
05:53:21.474 [error] local node self-trust was not added: node signing public-key artifact is absent — continuing with configured trusted identities
05:53:21.476 [error] local node self-trust was not added: node signing public-key artifact is absent — continuing with configured trusted identities
05:53:21.479 [error] local node self-trust was not added: node signing public-key artifact is absent — continuing with configured trusted identities
05:53:21.488 [error] local node self-trust was not added: node signing public-key artifact is absent — continuing with configured trusted identities
05:53:21.491 [error] local node self-trust was not added: node signing public-key artifact is absent — continuing with configured trusted identities
05:53:21.494 [error] local node self-trust was not added: node signing public-key artifact is absent — continuing with configured trusted identities
05:53:21.496 [error] local node self-trust was not added: node signing public-key artifact is absent — continuing with configured trusted identities
05:53:21.500 [error] local node self-trust was not added: node signing public-key artifact is absent — continuing with configured trusted identities
05:53:21.505 [error] local node self-trust was not added: node signing public-key artifact is absent — continuing with configured trusted identities
05:53:21.507 [error] local node self-trust was not added: node signing public-key artifact is absent — continuing with configured trusted identities
05:53:21.509 [error] local node self-trust was not added: node signing public-key artifact is absent — continuing with configured trusted identities
05:53:21.511 [error] local node self-trust was not added: node signing public-key artifact is absent — continuing with configured trusted identities
05:53:21.514 [error] local node self-trust was not added: node signing public-key artifact is absent — continuing with configured trusted identities
05:53:21.519 [error] local node self-trust was not added: node signing public-key artifact is absent — continuing with configured trusted identities
.05:53:21.532 [error] local node self-trust was not added: node signing public-key artifact is absent — continuing with configured trusted identities
05:53:21.535 [error] local node self-trust was not added: node signing public-key artifact is absent — continuing with configured trusted identities
05:53:21.537 [error] local node self-trust was not added: node signing public-key artifact is absent — continuing with configured trusted identities
05:53:21.538 [error] local node self-trust was not added: node signing public-key artifact is absent — continuing with configured trusted identities
05:53:21.540 [error] local node self-trust was not added: node signing public-key artifact is absent — continuing with configured trusted identities
05:53:21.542 [error] local node self-trust was not added: node signing public-key artifact is absent — continuing with configured trusted identities
05:53:21.544 [error] local node self-trust was not added: node signing public-key artifact is absent — continuing with configured trusted identities
05:53:21.546 [error] local node self-trust was not added: node signing public-key artifact is absent — continuing with configured trusted identities
05:53:21.548 [error] local node self-trust was not added: node signing public-key artifact is absent — continuing with configured trusted identities
05:53:21.550 [error] local node self-trust was not added: node signing public-key artifact is absent — continuing with configured trusted identities
05:53:21.554 [error] local node self-trust was not added: node signing public-key artifact is absent — continuing with configured trusted identities
05:53:21.558 [error] local node self-trust was not added: node signing public-key artifact is absent — continuing with configured trusted identities
05:53:21.561 [error] local node self-trust was not added: node signing public-key artifact is absent — continuing with configured trusted identities
05:53:21.563 [error] local node self-trust was not added: node signing public-key artifact is absent — continuing with configured trusted identities
05:53:21.565 [error] local node self-trust was not added: node signing public-key artifact is absent — continuing with configured trusted identities
05:53:21.567 [error] local node self-trust was not added: node signing public-key artifact is absent — continuing with configured trusted identities
05:53:21.571 [error] local node self-trust was not added: node signing public-key artifact is absent — continuing with configured trusted identities
05:53:21.573 [error] local node self-trust was not added: node signing public-key artifact is absent — continuing with configured trusted identities
05:53:21.579 [error] local node self-trust was not added: node signing public-key artifact is absent — continuing with configured trusted identities
05:53:21.582 [error] local node self-trust was not added: node signing public-key artifact is absent — continuing with configured trusted identities
05:53:21.584 [error] local node self-trust was not added: node signing public-key artifact is absent — continuing with configured trusted identities
.05:53:21.597 [error] local node self-trust was not added: node signing public-key artifact is absent — continuing with configured trusted identities
05:53:21.599 [error] local node self-trust was not added: node signing public-key artifact is absent — continuing with configured trusted identities
05:53:21.601 [error] local node self-trust was not added: node signing public-key artifact is absent — continuing with configured trusted identities
05:53:21.602 [error] local node self-trust was not added: node signing public-key artifact is absent — continuing with configured trusted identities
05:53:21.604 [error] local node self-trust was not added: node signing public-key artifact is absent — continuing with configured trusted identities
05:53:21.606 [error] local node self-trust was not added: node signing public-key artifact is absent — continuing with configured trusted identities
05:53:21.609 [error] local node self-trust was not added: node signing public-key artifact is absent — continuing with configured trusted identities
05:53:21.611 [error] local node self-trust was not added: node signing public-key artifact is absent — continuing with configured trusted identities
05:53:21.613 [error] local node self-trust was not added: node signing public-key artifact is absent — continuing with configured trusted identities
05:53:21.615 [error] local node self-trust was not added: node signing public-key artifact is absent — continuing with configured trusted identities
05:53:21.618 [error] local node self-trust was not added: node signing public-key artifact is absent — continuing with configured trusted identities
.05:53:21.624 [error] local node self-trust was not added: node signing public-key artifact is absent — continuing with configured trusted identities
.05:53:21.640 [error] local node self-trust was not added: node signing public-key artifact is absent — continuing with configured trusted identities
.05:53:21.647 [error] local node self-trust was not added: node signing public-key artifact is absent — continuing with configured trusted identities
.05:53:21.653 [error] local node self-trust was not added: node signing public-key artifact is absent — continuing with configured trusted identities
.05:53:21.666 [error] local node self-trust was not added: node signing public-key artifact is absent — continuing with configured trusted identities
05:53:21.668 [error] local node self-trust was not added: node signing public-key artifact is absent — continuing with configured trusted identities
05:53:21.670 [error] local node self-trust was not added: node signing public-key artifact is absent — continuing with configured trusted identities
05:53:21.672 [error] local node self-trust was not added: node signing public-key artifact is absent — continuing with configured trusted identities
05:53:21.674 [error] local node self-trust was not added: node signing public-key artifact is absent — continuing with configured trusted identities
05:53:21.676 [error] local node self-trust was not added: node signing public-key artifact is absent — continuing with configured trusted identities
05:53:21.680 [error] local node self-trust was not added: node signing public-key artifact is absent — continuing with configured trusted identities
05:53:21.682 [error] local node self-trust was not added: node signing public-key artifact is absent — continuing with configured trusted identities
05:53:21.686 [error] local node self-trust was not added: node signing public-key artifact is absent — continuing with configured trusted identities
05:53:21.688 [error] local node self-trust was not added: node signing public-key artifact is absent — continuing with configured trusted identities
05:53:21.690 [error] local node self-trust was not added: node signing public-key artifact is absent — continuing with configured trusted identities
05:53:21.694 [error] local node self-trust was not added: node signing public-key artifact is absent — continuing with configured trusted identities
05:53:21.696 [error] local node self-trust was not added: node signing public-key artifact is absent — continuing with configured trusted identities
05:53:21.698 [error] local node self-trust was not added: node signing public-key artifact is absent — continuing with configured trusted identities
05:53:21.700 [error] local node self-trust was not added: node signing public-key artifact is absent — continuing with configured trusted identities
05:53:21.703 [error] local node self-trust was not added: node signing public-key artifact is absent — continuing with configured trusted identities
.05:53:21.719 [error] local node self-trust was not added: node signing public-key artifact is absent — continuing with configured trusted identities
05:53:21.721 [error] local node self-trust was not added: node signing public-key artifact is absent — continuing with configured trusted identities
05:53:21.722 [error] local node self-trust was not added: node signing public-key artifact is absent — continuing with configured trusted identities
05:53:21.724 [error] local node self-trust was not added: node signing public-key artifact is absent — continuing with configured trusted identities
05:53:21.726 [error] local node self-trust was not added: node signing public-key artifact is absent — continuing with configured trusted identities
05:53:21.727 [error] local node self-trust was not added: node signing public-key artifact is absent — continuing with configured trusted identities
05:53:21.729 [error] local node self-trust was not added: node signing public-key artifact is absent — continuing with configured trusted identities
05:53:21.731 [error] local node self-trust was not added: node signing public-key artifact is absent — continuing with configured trusted identities
05:53:21.733 [error] local node self-trust was not added: node signing public-key artifact is absent — continuing with configured trusted identities
05:53:21.734 [error] local node self-trust was not added: node signing public-key artifact is absent — continuing with configured trusted identities
05:53:21.737 [error] local node self-trust was not added: node signing public-key artifact is absent — continuing with configured trusted identities
05:53:21.740 [error] local node self-trust was not added: node signing public-key artifact is absent — continuing with configured trusted identities
05:53:21.742 [error] local node self-trust was not added: node signing public-key artifact is absent — continuing with configured trusted identities
05:53:21.744 [error] local node self-trust was not added: node signing public-key artifact is absent — continuing with configured trusted identities
05:53:21.746 [error] local node self-trust was not added: node signing public-key artifact is absent — continuing with configured trusted identities
05:53:21.749 [error] local node self-trust was not added: node signing public-key artifact is absent — continuing with configured trusted identities
05:53:21.770 [error] local node self-trust was not added: node signing public-key artifact is absent — continuing with configured trusted identities
.05:53:21.783 [error] local node self-trust was not added: node signing public-key artifact is absent — continuing with configured trusted identities
....05:53:21.803 [error] local node self-trust was not added: node signing public-key artifact is absent — continuing with configured trusted identities
.05:53:21.812 [error] local node self-trust was not added: node signing public-key artifact is absent — continuing with configured trusted identities
05:53:21.813 [error] local node self-trust was not added: node signing public-key artifact is absent — continuing with configured trusted identities
05:53:21.815 [error] local node self-trust was not added: node signing public-key artifact is absent — continuing with configured trusted identities
05:53:21.824 [error] local node self-trust was not added: node signing public-key artifact is absent — continuing with configured trusted identities
.05:53:21.831 [error] local node self-trust was not added: node signing public-key artifact is absent — continuing with configured trusted identities
05:53:21.833 [error] local node self-trust was not added: node signing public-key artifact is absent — continuing with configured trusted identities
05:53:21.835 [error] local node self-trust was not added: node signing public-key artifact is absent — continuing with configured trusted identities
05:53:21.837 [error] local node self-trust was not added: node signing public-key artifact is absent — continuing with configured trusted identities
05:53:21.839 [error] local node self-trust was not added: node signing public-key artifact is absent — continuing with configured trusted identities
.05:53:21.845 [error] local node self-trust was not added: node signing public-key artifact is absent — continuing with configured trusted identities
05:53:21.847 [error] local node self-trust was not added: node signing public-key artifact is absent — continuing with configured trusted identities
05:53:21.849 [error] local node self-trust was not added: node signing public-key artifact is absent — continuing with configured trusted identities
.05:53:21.857 [error] local node self-trust was not added: node signing public-key artifact is absent — continuing with configured trusted identities
05:53:21.860 [error] local node self-trust was not added: node signing public-key artifact is absent — continuing with configured trusted identities
05:53:21.863 [error] local node self-trust was not added: node signing public-key artifact is absent — continuing with configured trusted identities
05:53:21.865 [error] local node self-trust was not added: node signing public-key artifact is absent — continuing with configured trusted identities
.05:53:21.872 [error] local node self-trust was not added: node signing public-key artifact is absent — continuing with configured trusted identities
..05:53:21.884 [error] local node self-trust was not added: node signing public-key artifact is absent — continuing with configured trusted identities
.05:53:21.891 [error] local node self-trust was not added: node signing public-key artifact is absent — continuing with configured trusted identities
.05:53:21.895 [error] local node self-trust was not added: node signing public-key artifact is absent — continuing with configured trusted identities
05:53:21.898 [error] local node self-trust was not added: node signing public-key artifact is absent — continuing with configured trusted identities
05:53:21.901 [error] local node self-trust was not added: node signing public-key artifact is absent — continuing with configured trusted identities
.05:53:21.907 [error] local node self-trust was not added: node signing public-key artifact is absent — continuing with configured trusted identities
05:53:21.909 [error] local node self-trust was not added: node signing public-key artifact is absent — continuing with configured trusted identities
05:53:21.913 [error] local node self-trust was not added: node signing public-key artifact is absent — continuing with configured trusted identities
05:53:21.919 [error] local node self-trust was not added: node signing public-key artifact is absent — continuing with configured trusted identities
.05:53:21.922 [error] local node self-trust was not added: node signing public-key artifact is absent — continuing with configured trusted identities
05:53:21.925 [error] local node self-trust was not added: node signing public-key artifact is absent — continuing with configured trusted identities
05:53:21.927 [error] local node self-trust was not added: node signing public-key artifact is absent — continuing with configured trusted identities
05:53:21.931 [error] local node self-trust was not added: node signing public-key artifact is absent — continuing with configured trusted identities
........05:53:21.957 [error] local node self-trust was not added: node signing public-key artifact is absent — continuing with configured trusted identities
05:53:21.958 [error] local node self-trust was not added: node signing public-key artifact is absent — continuing with configured trusted identities
05:53:21.969 [error] local node self-trust was not added: node signing public-key artifact is absent — continuing with configured trusted identities
05:53:21.972 [error] local node self-trust was not added: node signing public-key artifact is absent — continuing with configured trusted identities
05:53:21.995 [error] local node self-trust was not added: node signing public-key artifact is absent — continuing with configured trusted identities
.05:53:22.004 [error] local node self-trust was not added: node signing public-key artifact is absent — continuing with configured trusted identities
05:53:22.004 [error] local node self-trust was not added: node signing public-key artifact is absent — continuing with configured trusted identities
05:53:22.007 [error] local node self-trust was not added: node signing public-key artifact is absent — continuing with configured trusted identities
05:53:22.010 [error] local node self-trust was not added: node signing public-key artifact is absent — continuing with configured trusted identities
05:53:22.032 [error] local node self-trust was not added: node signing public-key artifact is absent — continuing with configured trusted identities
.05:53:22.041 [error] local node self-trust was not added: node signing public-key artifact is absent — continuing with configured trusted identities
05:53:22.042 [error] local node self-trust was not added: node signing public-key artifact is absent — continuing with configured trusted identities
05:53:22.044 [error] local node self-trust was not added: node signing public-key artifact is absent — continuing with configured trusted identities
05:53:22.047 [error] local node self-trust was not added: node signing public-key artifact is absent — continuing with configured trusted identities
05:53:22.048 [error] local node self-trust was not added: node signing public-key artifact is absent — continuing with configured trusted identities
05:53:22.050 [error] local node self-trust was not added: node signing public-key artifact is absent — continuing with configured trusted identities
05:53:22.053 [error] local node self-trust was not added: node signing public-key artifact is absent — continuing with configured trusted identities
05:53:22.055 [error] local node self-trust was not added: node signing public-key artifact is absent — continuing with configured trusted identities
05:53:22.062 [error] local node self-trust was not added: node signing public-key artifact is absent — continuing with configured trusted identities
05:53:22.064 [error] local node self-trust was not added: node signing public-key artifact is absent — continuing with configured trusted identities
05:53:22.068 [error] local node self-trust was not added: node signing public-key artifact is absent — continuing with configured trusted identities
05:53:22.101 [error] local node self-trust was not added: node signing public-key artifact is absent — continuing with configured trusted identities
.05:53:22.109 [error] local node self-trust was not added: node signing public-key artifact is absent — continuing with configured trusted identities
05:53:22.110 [error] local node self-trust was not added: node signing public-key artifact is absent — continuing with configured trusted identities
05:53:22.115 [error] local node self-trust was not added: node signing public-key artifact is absent — continuing with configured trusted identities
05:53:22.120 [error] local node self-trust was not added: node signing public-key artifact is absent — continuing with configured trusted identities
05:53:22.122 [error] local node self-trust was not added: node signing public-key artifact is absent — continuing with configured trusted identities
05:53:22.125 [error] local node self-trust was not added: node signing public-key artifact is absent — continuing with configured trusted identities
05:53:22.128 [error] local node self-trust was not added: node signing public-key artifact is absent — continuing with configured trusted identities
05:53:22.130 [error] local node self-trust was not added: node signing public-key artifact is absent — continuing with configured trusted identities
05:53:22.134 [error] local node self-trust was not added: node signing public-key artifact is absent — continuing with configured trusted identities
05:53:22.136 [error] local node self-trust was not added: node signing public-key artifact is absent — continuing with configured trusted identities
05:53:22.140 [error] local node self-trust was not added: node signing public-key artifact is absent — continuing with configured trusted identities
05:53:22.144 [error] local node self-trust was not added: node signing public-key artifact is absent — continuing with configured trusted identities
05:53:22.147 [warning] flock failed on /tmp/cp_sync_export_528071/new.txt: :enoent, proceeding without lock
05:53:22.149 [warning] flock failed on /tmp/cp_sync_export_528071/notes/todo.txt: :enoent, proceeding without lock
05:53:22.171 [error] local node self-trust was not added: node signing public-key artifact is absent — continuing with configured trusted identities
.commonplace: :cx_a3fe_absent@commonplace (from /tmp/cx_x8jk_reach_failures_982899561/node_name) serves a DIFFERENT workspace — its data dir is "/other/data", not "/tmp/cx_x8jk_reach_failures_982899561". Ignoring it; that node_name file probably points at an orphan serve.
.................
Finished in 5.1 seconds (2.0s async, 3.1s sync)
121 tests, 0 failures
real 6.97
user 6.24
sys 1.34
