==> commonplace
make: Nothing to be done for 'all'.
==> commonplace_cli
Running ExUnit with seed: 481953, max_cases: 8

..................................05:49:42.337 [error] local node self-trust was not added: node signing public-key artifact is absent — continuing with configured trusted identities
..05:49:42.354 [error] local node self-trust was not added: node signing public-key artifact is absent — continuing with configured trusted identities
.05:49:42.361 [error] local node self-trust was not added: node signing public-key artifact is absent — continuing with configured trusted identities
.05:49:42.375 [error] local node self-trust was not added: node signing public-key artifact is absent — continuing with configured trusted identities
05:49:42.375 [error] local node self-trust was not added: node signing public-key artifact is absent — continuing with configured trusted identities
05:49:42.378 [error] local node self-trust was not added: node signing public-key artifact is absent — continuing with configured trusted identities
05:49:42.380 [error] local node self-trust was not added: node signing public-key artifact is absent — continuing with configured trusted identities
05:49:42.387 [warning] flock failed on /tmp/cp_rt_out_764378/special.txt: :enoent, proceeding without lock
05:49:42.453 [error] local node self-trust was not added: node signing public-key artifact is absent — continuing with configured trusted identities
.05:49:42.466 [error] local node self-trust was not added: node signing public-key artifact is absent — continuing with configured trusted identities
05:49:42.467 [error] local node self-trust was not added: node signing public-key artifact is absent — continuing with configured trusted identities
05:49:42.470 [error] local node self-trust was not added: node signing public-key artifact is absent — continuing with configured trusted identities
05:49:42.475 [error] local node self-trust was not added: node signing public-key artifact is absent — continuing with configured trusted identities
05:49:42.478 [error] local node self-trust was not added: node signing public-key artifact is absent — continuing with configured trusted identities
05:49:42.482 [error] local node self-trust was not added: node signing public-key artifact is absent — continuing with configured trusted identities
05:49:42.486 [error] local node self-trust was not added: node signing public-key artifact is absent — continuing with configured trusted identities
05:49:42.489 [error] local node self-trust was not added: node signing public-key artifact is absent — continuing with configured trusted identities
05:49:42.494 [error] local node self-trust was not added: node signing public-key artifact is absent — continuing with configured trusted identities
05:49:42.498 [error] local node self-trust was not added: node signing public-key artifact is absent — continuing with configured trusted identities
05:49:42.502 [warning] flock failed on /tmp/cp_rt_out_465053/docs/examples/hello.txt: :enoent, proceeding without lock
05:49:42.504 [warning] flock failed on /tmp/cp_rt_out_465053/docs/guide.txt: :enoent, proceeding without lock
05:49:42.507 [warning] flock failed on /tmp/cp_rt_out_465053/empty.txt: :enoent, proceeding without lock
05:49:42.508 [warning] flock failed on /tmp/cp_rt_out_465053/readme.txt: :enoent, proceeding without lock
05:49:42.579 [error] local node self-trust was not added: node signing public-key artifact is absent — continuing with configured trusted identities
..05:49:42.583 [error] local node self-trust was not added: node signing public-key artifact is absent — continuing with configured trusted identities
.05:49:42.595 [error] local node self-trust was not added: node signing public-key artifact is absent — continuing with configured trusted identities
05:49:42.602 [error] local node self-trust was not added: node signing public-key artifact is absent — continuing with configured trusted identities
05:49:42.605 [error] local node self-trust was not added: node signing public-key artifact is absent — continuing with configured trusted identities
05:49:42.610 [error] local node self-trust was not added: node signing public-key artifact is absent — continuing with configured trusted identities
05:49:42.613 [error] local node self-trust was not added: node signing public-key artifact is absent — continuing with configured trusted identities
05:49:42.616 [error] local node self-trust was not added: node signing public-key artifact is absent — continuing with configured trusted identities
05:49:42.618 [error] local node self-trust was not added: node signing public-key artifact is absent — continuing with configured trusted identities
.05:49:42.628 [error] local node self-trust was not added: node signing public-key artifact is absent — continuing with configured trusted identities
05:49:42.633 [error] local node self-trust was not added: node signing public-key artifact is absent — continuing with configured trusted identities
05:49:42.637 [error] local node self-trust was not added: node signing public-key artifact is absent — continuing with configured trusted identities
05:49:42.644 [error] local node self-trust was not added: node signing public-key artifact is absent — continuing with configured trusted identities
05:49:42.646 [error] local node self-trust was not added: node signing public-key artifact is absent — continuing with configured trusted identities
.05:49:42.656 [error] local node self-trust was not added: node signing public-key artifact is absent — continuing with configured trusted identities
05:49:42.661 [error] local node self-trust was not added: node signing public-key artifact is absent — continuing with configured trusted identities
05:49:42.664 [error] local node self-trust was not added: node signing public-key artifact is absent — continuing with configured trusted identities
05:49:42.666 [error] local node self-trust was not added: node signing public-key artifact is absent — continuing with configured trusted identities
05:49:42.668 [error] local node self-trust was not added: node signing public-key artifact is absent — continuing with configured trusted identities
05:49:42.670 [error] local node self-trust was not added: node signing public-key artifact is absent — continuing with configured trusted identities
05:49:42.672 [error] local node self-trust was not added: node signing public-key artifact is absent — continuing with configured trusted identities
....05:49:42.750 [error] local node self-trust was not added: node signing public-key artifact is absent — continuing with configured trusted identities
.05:49:42.865 [error] local node self-trust was not added: node signing public-key artifact is absent — continuing with configured trusted identities
.05:49:42.978 [error] local node self-trust was not added: node signing public-key artifact is absent — continuing with configured trusted identities
05:49:43.090 [error] local node self-trust was not added: node signing public-key artifact is absent — continuing with configured trusted identities
.05:49:43.204 [error] local node self-trust was not added: node signing public-key artifact is absent — continuing with configured trusted identities
.05:49:43.272 [error] local node self-trust was not added: node signing public-key artifact is absent — continuing with configured trusted identities
05:49:43.275 [error] local node self-trust was not added: node signing public-key artifact is absent — continuing with configured trusted identities
05:49:43.278 [error] local node self-trust was not added: node signing public-key artifact is absent — continuing with configured trusted identities
.05:49:43.314 [error] local node self-trust was not added: node signing public-key artifact is absent — continuing with configured trusted identities
05:49:43.318 [error] local node self-trust was not added: node signing public-key artifact is absent — continuing with configured trusted identities
05:49:43.321 [error] local node self-trust was not added: node signing public-key artifact is absent — continuing with configured trusted identities
05:49:43.325 [error] local node self-trust was not added: node signing public-key artifact is absent — continuing with configured trusted identities
.05:49:43.336 [error] local node self-trust was not added: node signing public-key artifact is absent — continuing with configured trusted identities
05:49:43.341 [error] local node self-trust was not added: node signing public-key artifact is absent — continuing with configured trusted identities
05:49:43.345 [error] local node self-trust was not added: node signing public-key artifact is absent — continuing with configured trusted identities
05:49:43.350 [error] local node self-trust was not added: node signing public-key artifact is absent — continuing with configured trusted identities
05:49:43.354 [error] local node self-trust was not added: node signing public-key artifact is absent — continuing with configured trusted identities
.05:49:43.369 [error] local node self-trust was not added: node signing public-key artifact is absent — continuing with configured trusted identities
.05:49:43.378 [error] local node self-trust was not added: node signing public-key artifact is absent — continuing with configured trusted identities
05:49:43.380 [error] local node self-trust was not added: node signing public-key artifact is absent — continuing with configured trusted identities
05:49:43.383 [error] local node self-trust was not added: node signing public-key artifact is absent — continuing with configured trusted identities
05:49:43.385 [error] local node self-trust was not added: node signing public-key artifact is absent — continuing with configured trusted identities
.05:49:43.400 [error] local node self-trust was not added: node signing public-key artifact is absent — continuing with configured trusted identities
05:49:43.418 [error] local node self-trust was not added: node signing public-key artifact is absent — continuing with configured trusted identities
05:49:43.422 [error] local node self-trust was not added: node signing public-key artifact is absent — continuing with configured trusted identities
05:49:43.425 [error] local node self-trust was not added: node signing public-key artifact is absent — continuing with configured trusted identities
05:49:43.430 [error] local node self-trust was not added: node signing public-key artifact is absent — continuing with configured trusted identities
05:49:43.433 [error] local node self-trust was not added: node signing public-key artifact is absent — continuing with configured trusted identities
05:49:43.437 [error] local node self-trust was not added: node signing public-key artifact is absent — continuing with configured trusted identities
05:49:43.443 [error] local node self-trust was not added: node signing public-key artifact is absent — continuing with configured trusted identities
05:49:43.445 [error] local node self-trust was not added: node signing public-key artifact is absent — continuing with configured trusted identities
05:49:43.449 [error] local node self-trust was not added: node signing public-key artifact is absent — continuing with configured trusted identities
05:49:43.453 [error] local node self-trust was not added: node signing public-key artifact is absent — continuing with configured trusted identities
05:49:43.464 [error] local node self-trust was not added: node signing public-key artifact is absent — continuing with configured trusted identities
05:49:43.468 [error] local node self-trust was not added: node signing public-key artifact is absent — continuing with configured trusted identities
05:49:43.470 [error] local node self-trust was not added: node signing public-key artifact is absent — continuing with configured trusted identities
05:49:43.474 [error] local node self-trust was not added: node signing public-key artifact is absent — continuing with configured trusted identities
05:49:43.478 [error] local node self-trust was not added: node signing public-key artifact is absent — continuing with configured trusted identities
.05:49:43.499 [error] local node self-trust was not added: node signing public-key artifact is absent — continuing with configured trusted identities
05:49:43.502 [error] local node self-trust was not added: node signing public-key artifact is absent — continuing with configured trusted identities
05:49:43.503 [error] local node self-trust was not added: node signing public-key artifact is absent — continuing with configured trusted identities
05:49:43.505 [error] local node self-trust was not added: node signing public-key artifact is absent — continuing with configured trusted identities
05:49:43.507 [error] local node self-trust was not added: node signing public-key artifact is absent — continuing with configured trusted identities
05:49:43.509 [error] local node self-trust was not added: node signing public-key artifact is absent — continuing with configured trusted identities
05:49:43.510 [error] local node self-trust was not added: node signing public-key artifact is absent — continuing with configured trusted identities
05:49:43.512 [error] local node self-trust was not added: node signing public-key artifact is absent — continuing with configured trusted identities
05:49:43.514 [error] local node self-trust was not added: node signing public-key artifact is absent — continuing with configured trusted identities
05:49:43.516 [error] local node self-trust was not added: node signing public-key artifact is absent — continuing with configured trusted identities
05:49:43.520 [error] local node self-trust was not added: node signing public-key artifact is absent — continuing with configured trusted identities
05:49:43.526 [error] local node self-trust was not added: node signing public-key artifact is absent — continuing with configured trusted identities
05:49:43.531 [error] local node self-trust was not added: node signing public-key artifact is absent — continuing with configured trusted identities
05:49:43.534 [error] local node self-trust was not added: node signing public-key artifact is absent — continuing with configured trusted identities
05:49:43.537 [error] local node self-trust was not added: node signing public-key artifact is absent — continuing with configured trusted identities
05:49:43.540 [error] local node self-trust was not added: node signing public-key artifact is absent — continuing with configured trusted identities
05:49:43.547 [error] local node self-trust was not added: node signing public-key artifact is absent — continuing with configured trusted identities
05:49:43.552 [error] local node self-trust was not added: node signing public-key artifact is absent — continuing with configured trusted identities
05:49:43.556 [error] local node self-trust was not added: node signing public-key artifact is absent — continuing with configured trusted identities
05:49:43.564 [error] local node self-trust was not added: node signing public-key artifact is absent — continuing with configured trusted identities
05:49:43.570 [error] local node self-trust was not added: node signing public-key artifact is absent — continuing with configured trusted identities
.05:49:43.585 [error] local node self-trust was not added: node signing public-key artifact is absent — continuing with configured trusted identities
.05:49:43.604 [error] local node self-trust was not added: node signing public-key artifact is absent — continuing with configured trusted identities
.05:49:43.613 [error] local node self-trust was not added: node signing public-key artifact is absent — continuing with configured trusted identities
.05:49:43.627 [error] local node self-trust was not added: node signing public-key artifact is absent — continuing with configured trusted identities
.05:49:43.639 [error] local node self-trust was not added: node signing public-key artifact is absent — continuing with configured trusted identities
05:49:43.643 [error] local node self-trust was not added: node signing public-key artifact is absent — continuing with configured trusted identities
05:49:43.646 [error] local node self-trust was not added: node signing public-key artifact is absent — continuing with configured trusted identities
05:49:43.648 [error] local node self-trust was not added: node signing public-key artifact is absent — continuing with configured trusted identities
05:49:43.651 [error] local node self-trust was not added: node signing public-key artifact is absent — continuing with configured trusted identities
05:49:43.652 [error] local node self-trust was not added: node signing public-key artifact is absent — continuing with configured trusted identities
05:49:43.654 [error] local node self-trust was not added: node signing public-key artifact is absent — continuing with configured trusted identities
05:49:43.656 [error] local node self-trust was not added: node signing public-key artifact is absent — continuing with configured trusted identities
05:49:43.658 [error] local node self-trust was not added: node signing public-key artifact is absent — continuing with configured trusted identities
05:49:43.660 [error] local node self-trust was not added: node signing public-key artifact is absent — continuing with configured trusted identities
05:49:43.662 [error] local node self-trust was not added: node signing public-key artifact is absent — continuing with configured trusted identities
.05:49:43.678 [error] local node self-trust was not added: node signing public-key artifact is absent — continuing with configured trusted identities
.05:49:43.692 [error] local node self-trust was not added: node signing public-key artifact is absent — continuing with configured trusted identities
05:49:43.693 [error] local node self-trust was not added: node signing public-key artifact is absent — continuing with configured trusted identities
05:49:43.697 [error] local node self-trust was not added: node signing public-key artifact is absent — continuing with configured trusted identities
05:49:43.699 [error] local node self-trust was not added: node signing public-key artifact is absent — continuing with configured trusted identities
05:49:43.701 [error] local node self-trust was not added: node signing public-key artifact is absent — continuing with configured trusted identities
05:49:43.706 [error] local node self-trust was not added: node signing public-key artifact is absent — continuing with configured trusted identities
05:49:43.709 [error] local node self-trust was not added: node signing public-key artifact is absent — continuing with configured trusted identities
05:49:43.716 [error] local node self-trust was not added: node signing public-key artifact is absent — continuing with configured trusted identities
05:49:43.720 [error] local node self-trust was not added: node signing public-key artifact is absent — continuing with configured trusted identities
05:49:43.724 [error] local node self-trust was not added: node signing public-key artifact is absent — continuing with configured trusted identities
05:49:43.728 [error] local node self-trust was not added: node signing public-key artifact is absent — continuing with configured trusted identities
05:49:43.731 [error] local node self-trust was not added: node signing public-key artifact is absent — continuing with configured trusted identities
05:49:43.733 [error] local node self-trust was not added: node signing public-key artifact is absent — continuing with configured trusted identities
05:49:43.737 [error] local node self-trust was not added: node signing public-key artifact is absent — continuing with configured trusted identities
05:49:43.741 [error] local node self-trust was not added: node signing public-key artifact is absent — continuing with configured trusted identities
05:49:43.746 [error] local node self-trust was not added: node signing public-key artifact is absent — continuing with configured trusted identities
05:49:43.754 [error] local node self-trust was not added: node signing public-key artifact is absent — continuing with configured trusted identities
05:49:43.758 [error] local node self-trust was not added: node signing public-key artifact is absent — continuing with configured trusted identities
05:49:43.762 [error] local node self-trust was not added: node signing public-key artifact is absent — continuing with configured trusted identities
05:49:43.766 [error] local node self-trust was not added: node signing public-key artifact is absent — continuing with configured trusted identities
05:49:43.771 [error] local node self-trust was not added: node signing public-key artifact is absent — continuing with configured trusted identities
05:49:43.776 [error] local node self-trust was not added: node signing public-key artifact is absent — continuing with configured trusted identities
.05:49:43.795 [error] local node self-trust was not added: node signing public-key artifact is absent — continuing with configured trusted identities
05:49:43.802 [error] local node self-trust was not added: node signing public-key artifact is absent — continuing with configured trusted identities
05:49:43.807 [error] local node self-trust was not added: node signing public-key artifact is absent — continuing with configured trusted identities
05:49:43.812 [error] local node self-trust was not added: node signing public-key artifact is absent — continuing with configured trusted identities
05:49:43.816 [error] local node self-trust was not added: node signing public-key artifact is absent — continuing with configured trusted identities
05:49:43.819 [error] local node self-trust was not added: node signing public-key artifact is absent — continuing with configured trusted identities
05:49:43.824 [error] local node self-trust was not added: node signing public-key artifact is absent — continuing with configured trusted identities
05:49:43.826 [error] local node self-trust was not added: node signing public-key artifact is absent — continuing with configured trusted identities
05:49:43.830 [error] local node self-trust was not added: node signing public-key artifact is absent — continuing with configured trusted identities
05:49:43.833 [error] local node self-trust was not added: node signing public-key artifact is absent — continuing with configured trusted identities
05:49:43.839 [error] local node self-trust was not added: node signing public-key artifact is absent — continuing with configured trusted identities
05:49:43.848 [error] local node self-trust was not added: node signing public-key artifact is absent — continuing with configured trusted identities
05:49:43.854 [error] local node self-trust was not added: node signing public-key artifact is absent — continuing with configured trusted identities
05:49:43.859 [error] local node self-trust was not added: node signing public-key artifact is absent — continuing with configured trusted identities
05:49:43.864 [error] local node self-trust was not added: node signing public-key artifact is absent — continuing with configured trusted identities
05:49:43.869 [error] local node self-trust was not added: node signing public-key artifact is absent — continuing with configured trusted identities
05:49:43.889 [error] local node self-trust was not added: node signing public-key artifact is absent — continuing with configured trusted identities
.05:49:43.900 [error] local node self-trust was not added: node signing public-key artifact is absent — continuing with configured trusted identities
05:49:43.905 [error] local node self-trust was not added: node signing public-key artifact is absent — continuing with configured trusted identities
05:49:43.910 [error] local node self-trust was not added: node signing public-key artifact is absent — continuing with configured trusted identities
05:49:43.921 [error] local node self-trust was not added: node signing public-key artifact is absent — continuing with configured trusted identities
.05:49:43.925 [error] local node self-trust was not added: node signing public-key artifact is absent — continuing with configured trusted identities
05:49:43.932 [error] local node self-trust was not added: node signing public-key artifact is absent — continuing with configured trusted identities
05:49:43.937 [error] local node self-trust was not added: node signing public-key artifact is absent — continuing with configured trusted identities
.05:49:43.945 [error] local node self-trust was not added: node signing public-key artifact is absent — continuing with configured trusted identities
05:49:43.950 [error] local node self-trust was not added: node signing public-key artifact is absent — continuing with configured trusted identities
05:49:43.953 [error] local node self-trust was not added: node signing public-key artifact is absent — continuing with configured trusted identities
05:49:43.958 [error] local node self-trust was not added: node signing public-key artifact is absent — continuing with configured trusted identities
.05:49:43.965 [error] local node self-trust was not added: node signing public-key artifact is absent — continuing with configured trusted identities
.05:49:43.974 [error] local node self-trust was not added: node signing public-key artifact is absent — continuing with configured trusted identities
.05:49:43.982 [error] local node self-trust was not added: node signing public-key artifact is absent — continuing with configured trusted identities
..05:49:43.993 [error] local node self-trust was not added: node signing public-key artifact is absent — continuing with configured trusted identities
.05:49:43.999 [error] local node self-trust was not added: node signing public-key artifact is absent — continuing with configured trusted identities
.05:49:44.011 [error] local node self-trust was not added: node signing public-key artifact is absent — continuing with configured trusted identities
05:49:44.012 [error] local node self-trust was not added: node signing public-key artifact is absent — continuing with configured trusted identities
05:49:44.020 [error] local node self-trust was not added: node signing public-key artifact is absent — continuing with configured trusted identities
05:49:44.023 [error] local node self-trust was not added: node signing public-key artifact is absent — continuing with configured trusted identities
05:49:44.029 [error] local node self-trust was not added: node signing public-key artifact is absent — continuing with configured trusted identities
05:49:44.033 [error] local node self-trust was not added: node signing public-key artifact is absent — continuing with configured trusted identities
05:49:44.039 [error] local node self-trust was not added: node signing public-key artifact is absent — continuing with configured trusted identities
05:49:44.043 [error] local node self-trust was not added: node signing public-key artifact is absent — continuing with configured trusted identities
05:49:44.053 [error] local node self-trust was not added: node signing public-key artifact is absent — continuing with configured trusted identities
05:49:44.056 [error] local node self-trust was not added: node signing public-key artifact is absent — continuing with configured trusted identities
05:49:44.059 [error] local node self-trust was not added: node signing public-key artifact is absent — continuing with configured trusted identities
05:49:44.135 [error] local node self-trust was not added: node signing public-key artifact is absent — continuing with configured trusted identities
.05:49:44.146 [error] local node self-trust was not added: node signing public-key artifact is absent — continuing with configured trusted identities
05:49:44.146 [error] local node self-trust was not added: node signing public-key artifact is absent — continuing with configured trusted identities
05:49:44.149 [error] local node self-trust was not added: node signing public-key artifact is absent — continuing with configured trusted identities
05:49:44.155 [error] local node self-trust was not added: node signing public-key artifact is absent — continuing with configured trusted identities
05:49:44.241 [error] local node self-trust was not added: node signing public-key artifact is absent — continuing with configured trusted identities
.05:49:44.253 [error] local node self-trust was not added: node signing public-key artifact is absent — continuing with configured trusted identities
05:49:44.255 [error] local node self-trust was not added: node signing public-key artifact is absent — continuing with configured trusted identities
05:49:44.260 [error] local node self-trust was not added: node signing public-key artifact is absent — continuing with configured trusted identities
05:49:44.267 [error] local node self-trust was not added: node signing public-key artifact is absent — continuing with configured trusted identities
05:49:44.328 [error] local node self-trust was not added: node signing public-key artifact is absent — continuing with configured trusted identities
.05:49:44.345 [error] local node self-trust was not added: node signing public-key artifact is absent — continuing with configured trusted identities
05:49:44.346 [error] local node self-trust was not added: node signing public-key artifact is absent — continuing with configured trusted identities
05:49:44.351 [error] local node self-trust was not added: node signing public-key artifact is absent — continuing with configured trusted identities
05:49:44.358 [error] local node self-trust was not added: node signing public-key artifact is absent — continuing with configured trusted identities
05:49:44.364 [error] local node self-trust was not added: node signing public-key artifact is absent — continuing with configured trusted identities
05:49:44.368 [error] local node self-trust was not added: node signing public-key artifact is absent — continuing with configured trusted identities
05:49:44.372 [error] local node self-trust was not added: node signing public-key artifact is absent — continuing with configured trusted identities
05:49:44.377 [error] local node self-trust was not added: node signing public-key artifact is absent — continuing with configured trusted identities
05:49:44.381 [error] local node self-trust was not added: node signing public-key artifact is absent — continuing with configured trusted identities
05:49:44.384 [error] local node self-trust was not added: node signing public-key artifact is absent — continuing with configured trusted identities
05:49:44.387 [error] local node self-trust was not added: node signing public-key artifact is absent — continuing with configured trusted identities
05:49:44.392 [error] local node self-trust was not added: node signing public-key artifact is absent — continuing with configured trusted identities
05:49:44.398 [warning] flock failed on /tmp/cp_sync_export_712453/new.txt: :enoent, proceeding without lock
05:49:44.400 [warning] flock failed on /tmp/cp_sync_export_712453/notes/todo.txt: :enoent, proceeding without lock
05:49:44.467 [error] local node self-trust was not added: node signing public-key artifact is absent — continuing with configured trusted identities
.05:49:44.474 [error] local node self-trust was not added: node signing public-key artifact is absent — continuing with configured trusted identities
05:49:44.476 [error] local node self-trust was not added: node signing public-key artifact is absent — continuing with configured trusted identities
.05:49:44.485 [error] local node self-trust was not added: node signing public-key artifact is absent — continuing with configured trusted identities
05:49:44.489 [error] local node self-trust was not added: node signing public-key artifact is absent — continuing with configured trusted identities
.05:49:44.500 [error] local node self-trust was not added: node signing public-key artifact is absent — continuing with configured trusted identities
05:49:44.503 [error] local node self-trust was not added: node signing public-key artifact is absent — continuing with configured trusted identities
.05:49:44.521 [error] local node self-trust was not added: node signing public-key artifact is absent — continuing with configured trusted identities
05:49:44.522 [error] local node self-trust was not added: node signing public-key artifact is absent — continuing with configured trusted identities
05:49:44.525 [error] local node self-trust was not added: node signing public-key artifact is absent — continuing with configured trusted identities
05:49:44.527 [error] local node self-trust was not added: node signing public-key artifact is absent — continuing with configured trusted identities
05:49:44.532 [error] local node self-trust was not added: node signing public-key artifact is absent — continuing with configured trusted identities
05:49:44.535 [error] local node self-trust was not added: node signing public-key artifact is absent — continuing with configured trusted identities
05:49:44.541 [error] local node self-trust was not added: node signing public-key artifact is absent — continuing with configured trusted identities
05:49:44.544 [error] local node self-trust was not added: node signing public-key artifact is absent — continuing with configured trusted identities
05:49:44.549 [warning] flock failed on /tmp/cp_checkout_sync_132817/feature.txt: :enoent, proceeding without lock
05:49:44.637 [error] local node self-trust was not added: node signing public-key artifact is absent — continuing with configured trusted identities
.05:49:44.652 [error] local node self-trust was not added: node signing public-key artifact is absent — continuing with configured trusted identities
05:49:44.654 [error] local node self-trust was not added: node signing public-key artifact is absent — continuing with configured trusted identities
05:49:44.656 [error] local node self-trust was not added: node signing public-key artifact is absent — continuing with configured trusted identities
05:49:44.657 [error] local node self-trust was not added: node signing public-key artifact is absent — continuing with configured trusted identities
05:49:44.660 [error] local node self-trust was not added: node signing public-key artifact is absent — continuing with configured trusted identities
05:49:44.661 [error] local node self-trust was not added: node signing public-key artifact is absent — continuing with configured trusted identities
05:49:44.665 [error] local node self-trust was not added: node signing public-key artifact is absent — continuing with configured trusted identities
05:49:44.667 [error] local node self-trust was not added: node signing public-key artifact is absent — continuing with configured trusted identities
05:49:44.744 [error] local node self-trust was not added: node signing public-key artifact is absent — continuing with configured trusted identities
.05:49:44.759 [error] local node self-trust was not added: node signing public-key artifact is absent — continuing with configured trusted identities
05:49:44.760 [error] local node self-trust was not added: node signing public-key artifact is absent — continuing with configured trusted identities
05:49:44.764 [error] local node self-trust was not added: node signing public-key artifact is absent — continuing with configured trusted identities
05:49:44.766 [error] local node self-trust was not added: node signing public-key artifact is absent — continuing with configured trusted identities
05:49:44.768 [error] local node self-trust was not added: node signing public-key artifact is absent — continuing with configured trusted identities
05:49:44.772 [error] local node self-trust was not added: node signing public-key artifact is absent — continuing with configured trusted identities
05:49:44.776 [error] local node self-trust was not added: node signing public-key artifact is absent — continuing with configured trusted identities
05:49:44.778 [error] local node self-trust was not added: node signing public-key artifact is absent — continuing with configured trusted identities
Current root: uuid-root
05:49:44.875 [error] local node self-trust was not added: node signing public-key artifact is absent — continuing with configured trusted identities
.05:49:44.894 [error] local node self-trust was not added: node signing public-key artifact is absent — continuing with configured trusted identities
05:49:44.895 [error] local node self-trust was not added: node signing public-key artifact is absent — continuing with configured trusted identities
05:49:44.898 [error] local node self-trust was not added: node signing public-key artifact is absent — continuing with configured trusted identities
05:49:44.901 [error] local node self-trust was not added: node signing public-key artifact is absent — continuing with configured trusted identities
05:49:44.906 [error] local node self-trust was not added: node signing public-key artifact is absent — continuing with configured trusted identities
05:49:44.909 [error] local node self-trust was not added: node signing public-key artifact is absent — continuing with configured trusted identities
05:49:44.915 [error] local node self-trust was not added: node signing public-key artifact is absent — continuing with configured trusted identities
05:49:44.918 [error] local node self-trust was not added: node signing public-key artifact is absent — continuing with configured trusted identities
05:49:44.923 [warning] flock failed on /tmp/cp_checkout_sync_413310/repos/myrepo/feature/feature.txt: :enoent, proceeding without lock
05:49:44.928 [warning] flock failed on /tmp/cp_checkout_sync_413310/repos/myrepo/main/readme.txt: :enoent, proceeding without lock
05:49:44.933 [warning] flock failed on /tmp/cp_checkout_sync_413310/readme.txt: :enoent, proceeding without lock
05:49:45.043 [error] local node self-trust was not added: node signing public-key artifact is absent — continuing with configured trusted identities
.05:49:45.053 [error] local node self-trust was not added: node signing public-key artifact is absent — continuing with configured trusted identities
05:49:45.053 [error] local node self-trust was not added: node signing public-key artifact is absent — continuing with configured trusted identities
05:49:45.055 [error] local node self-trust was not added: node signing public-key artifact is absent — continuing with configured trusted identities
05:49:45.057 [error] local node self-trust was not added: node signing public-key artifact is absent — continuing with configured trusted identities
05:49:45.059 [error] local node self-trust was not added: node signing public-key artifact is absent — continuing with configured trusted identities
05:49:45.061 [error] local node self-trust was not added: node signing public-key artifact is absent — continuing with configured trusted identities
05:49:45.064 [error] local node self-trust was not added: node signing public-key artifact is absent — continuing with configured trusted identities
05:49:45.067 [error] local node self-trust was not added: node signing public-key artifact is absent — continuing with configured trusted identities
Re-rooted: uuid-root → uuid-main
Exporting from new root...
Done.
05:49:45.145 [error] local node self-trust was not added: node signing public-key artifact is absent — continuing with configured trusted identities
.05:49:45.156 [error] local node self-trust was not added: node signing public-key artifact is absent — continuing with configured trusted identities
05:49:45.286 [error] local node self-trust was not added: node signing public-key artifact is absent — continuing with configured trusted identities
.05:49:45.303 [error] local node self-trust was not added: node signing public-key artifact is absent — continuing with configured trusted identities
05:49:45.340 [warning] CommitStore: root attach DENIED by workspace profile doc_uuid=9bc731c1-7206-4c13-abda-8a94d5a9357c reason="workspace class 'minimal' does not accept root entry 'bd' — declared in profile"
05:49:45.414 [error] local node self-trust was not added: node signing public-key artifact is absent — continuing with configured trusted identities
........05:49:45.432 [error] local node self-trust was not added: node signing public-key artifact is absent — continuing with configured trusted identities
05:49:45.433 [error] local node self-trust was not added: node signing public-key artifact is absent — continuing with configured trusted identities
05:49:45.437 [error] local node self-trust was not added: node signing public-key artifact is absent — continuing with configured trusted identities
05:49:45.439 [error] local node self-trust was not added: node signing public-key artifact is absent — continuing with configured trusted identities
05:49:45.508 [error] local node self-trust was not added: node signing public-key artifact is absent — continuing with configured trusted identities
.05:49:45.523 [error] local node self-trust was not added: node signing public-key artifact is absent — continuing with configured trusted identities
05:49:45.638 [error] local node self-trust was not added: node signing public-key artifact is absent — continuing with configured trusted identities
.05:49:45.657 [error] local node self-trust was not added: node signing public-key artifact is absent — continuing with configured trusted identities
05:49:45.659 [error] local node self-trust was not added: node signing public-key artifact is absent — continuing with configured trusted identities
05:49:45.663 [error] local node self-trust was not added: node signing public-key artifact is absent — continuing with configured trusted identities
05:49:45.669 [error] local node self-trust was not added: node signing public-key artifact is absent — continuing with configured trusted identities
05:49:45.672 [error] local node self-trust was not added: node signing public-key artifact is absent — continuing with configured trusted identities
05:49:45.675 [error] local node self-trust was not added: node signing public-key artifact is absent — continuing with configured trusted identities
05:49:45.775 [error] local node self-trust was not added: node signing public-key artifact is absent — continuing with configured trusted identities
.05:49:45.788 [error] local node self-trust was not added: node signing public-key artifact is absent — continuing with configured trusted identities
05:49:45.789 [error] local node self-trust was not added: node signing public-key artifact is absent — continuing with configured trusted identities
05:49:45.900 [error] local node self-trust was not added: node signing public-key artifact is absent — continuing with configured trusted identities
.05:49:45.913 [error] local node self-trust was not added: node signing public-key artifact is absent — continuing with configured trusted identities
05:49:45.914 [error] local node self-trust was not added: node signing public-key artifact is absent — continuing with configured trusted identities
05:49:45.918 [error] local node self-trust was not added: node signing public-key artifact is absent — continuing with configured trusted identities
05:49:45.922 [error] local node self-trust was not added: node signing public-key artifact is absent — continuing with configured trusted identities
05:49:45.924 [error] local node self-trust was not added: node signing public-key artifact is absent — continuing with configured trusted identities
05:49:46.027 [error] local node self-trust was not added: node signing public-key artifact is absent — continuing with configured trusted identities
.05:49:46.043 [error] local node self-trust was not added: node signing public-key artifact is absent — continuing with configured trusted identities
05:49:46.045 [error] local node self-trust was not added: node signing public-key artifact is absent — continuing with configured trusted identities
05:49:46.048 [error] local node self-trust was not added: node signing public-key artifact is absent — continuing with configured trusted identities
05:49:46.051 [error] local node self-trust was not added: node signing public-key artifact is absent — continuing with configured trusted identities
05:49:46.055 [error] local node self-trust was not added: node signing public-key artifact is absent — continuing with configured trusted identities
05:49:46.059 [error] local node self-trust was not added: node signing public-key artifact is absent — continuing with configured trusted identities
05:49:46.064 [error] local node self-trust was not added: node signing public-key artifact is absent — continuing with configured trusted identities
05:49:46.066 [error] local node self-trust was not added: node signing public-key artifact is absent — continuing with configured trusted identities
05:49:46.070 [error] local node self-trust was not added: node signing public-key artifact is absent — continuing with configured trusted identities
05:49:46.143 [error] local node self-trust was not added: node signing public-key artifact is absent — continuing with configured trusted identities
.05:49:46.156 [error] local node self-trust was not added: node signing public-key artifact is absent — continuing with configured trusted identities
05:49:46.157 [error] local node self-trust was not added: node signing public-key artifact is absent — continuing with configured trusted identities
05:49:46.238 [error] local node self-trust was not added: node signing public-key artifact is absent — continuing with configured trusted identities
..............commonplace: :cx_a3fe_absent@commonplace (from /tmp/cx_x8jk_reach_failures_448567243/node_name) serves a DIFFERENT workspace — its data dir is "/other/data", not "/tmp/cx_x8jk_reach_failures_448567243". Ignoring it; that node_name file probably points at an orphan serve.
....
Finished in 7.3 seconds (2.3s async, 4.9s sync)
121 tests, 0 failures
real 9.47
user 7.78
sys 1.66
