==> commonplace
make: Nothing to be done for 'all'.
==> commonplace_cli
Running ExUnit with seed: 865882, max_cases: 8

.............................05:51:40.084 [error] local node self-trust was not added: node signing public-key artifact is absent — continuing with configured trusted identities
05:51:40.102 [error] local node self-trust was not added: node signing public-key artifact is absent — continuing with configured trusted identities
.05:51:40.111 [error] local node self-trust was not added: node signing public-key artifact is absent — continuing with configured trusted identities
05:51:40.112 [error] local node self-trust was not added: node signing public-key artifact is absent — continuing with configured trusted identities
.05:51:40.120 [error] local node self-trust was not added: node signing public-key artifact is absent — continuing with configured trusted identities
05:51:40.123 [error] local node self-trust was not added: node signing public-key artifact is absent — continuing with configured trusted identities
......05:51:40.305 [error] local node self-trust was not added: node signing public-key artifact is absent — continuing with configured trusted identities
05:51:40.309 [error] local node self-trust was not added: node signing public-key artifact is absent — continuing with configured trusted identities
05:51:40.312 [error] local node self-trust was not added: node signing public-key artifact is absent — continuing with configured trusted identities
05:51:40.317 [error] local node self-trust was not added: node signing public-key artifact is absent — continuing with configured trusted identities
05:51:40.319 [error] local node self-trust was not added: node signing public-key artifact is absent — continuing with configured trusted identities
05:51:40.322 [error] local node self-trust was not added: node signing public-key artifact is absent — continuing with configured trusted identities
05:51:40.324 [error] local node self-trust was not added: node signing public-key artifact is absent — continuing with configured trusted identities
05:51:40.326 [error] local node self-trust was not added: node signing public-key artifact is absent — continuing with configured trusted identities
05:51:40.369 [error] local node self-trust was not added: node signing public-key artifact is absent — continuing with configured trusted identities
.05:51:40.385 [error] local node self-trust was not added: node signing public-key artifact is absent — continuing with configured trusted identities
05:51:40.386 [error] local node self-trust was not added: node signing public-key artifact is absent — continuing with configured trusted identities
05:51:40.388 [error] local node self-trust was not added: node signing public-key artifact is absent — continuing with configured trusted identities
05:51:40.392 [error] local node self-trust was not added: node signing public-key artifact is absent — continuing with configured trusted identities
05:51:40.395 [error] local node self-trust was not added: node signing public-key artifact is absent — continuing with configured trusted identities
05:51:40.397 [error] local node self-trust was not added: node signing public-key artifact is absent — continuing with configured trusted identities
05:51:40.400 [error] local node self-trust was not added: node signing public-key artifact is absent — continuing with configured trusted identities
05:51:40.404 [error] local node self-trust was not added: node signing public-key artifact is absent — continuing with configured trusted identities
Current root: uuid-root
05:51:40.421 [error] local node self-trust was not added: node signing public-key artifact is absent — continuing with configured trusted identities
.05:51:40.430 [error] local node self-trust was not added: node signing public-key artifact is absent — continuing with configured trusted identities
05:51:40.431 [error] local node self-trust was not added: node signing public-key artifact is absent — continuing with configured trusted identities
05:51:40.435 [error] local node self-trust was not added: node signing public-key artifact is absent — continuing with configured trusted identities
05:51:40.442 [error] local node self-trust was not added: node signing public-key artifact is absent — continuing with configured trusted identities
05:51:40.444 [error] local node self-trust was not added: node signing public-key artifact is absent — continuing with configured trusted identities
05:51:40.446 [error] local node self-trust was not added: node signing public-key artifact is absent — continuing with configured trusted identities
05:51:40.448 [error] local node self-trust was not added: node signing public-key artifact is absent — continuing with configured trusted identities
05:51:40.450 [error] local node self-trust was not added: node signing public-key artifact is absent — continuing with configured trusted identities
05:51:40.458 [warning] flock failed on /tmp/cp_checkout_sync_516910/repos/myrepo/feature/feature.txt: :enoent, proceeding without lock
05:51:40.461 [warning] flock failed on /tmp/cp_checkout_sync_516910/repos/myrepo/main/readme.txt: :enoent, proceeding without lock
05:51:40.463 [warning] flock failed on /tmp/cp_checkout_sync_516910/readme.txt: :enoent, proceeding without lock
05:51:40.475 [error] local node self-trust was not added: node signing public-key artifact is absent — continuing with configured trusted identities
.05:51:40.484 [error] local node self-trust was not added: node signing public-key artifact is absent — continuing with configured trusted identities
05:51:40.484 [error] local node self-trust was not added: node signing public-key artifact is absent — continuing with configured trusted identities
05:51:40.487 [error] local node self-trust was not added: node signing public-key artifact is absent — continuing with configured trusted identities
05:51:40.489 [error] local node self-trust was not added: node signing public-key artifact is absent — continuing with configured trusted identities
05:51:40.491 [error] local node self-trust was not added: node signing public-key artifact is absent — continuing with configured trusted identities
05:51:40.492 [error] local node self-trust was not added: node signing public-key artifact is absent — continuing with configured trusted identities
05:51:40.495 [error] local node self-trust was not added: node signing public-key artifact is absent — continuing with configured trusted identities
05:51:40.497 [error] local node self-trust was not added: node signing public-key artifact is absent — continuing with configured trusted identities
Re-rooted: uuid-root → uuid-main
Exporting from new root...
Done.
05:51:40.518 [error] local node self-trust was not added: node signing public-key artifact is absent — continuing with configured trusted identities
.05:51:40.529 [error] local node self-trust was not added: node signing public-key artifact is absent — continuing with configured trusted identities
05:51:40.529 [error] local node self-trust was not added: node signing public-key artifact is absent — continuing with configured trusted identities
05:51:40.531 [error] local node self-trust was not added: node signing public-key artifact is absent — continuing with configured trusted identities
05:51:40.533 [error] local node self-trust was not added: node signing public-key artifact is absent — continuing with configured trusted identities
05:51:40.535 [error] local node self-trust was not added: node signing public-key artifact is absent — continuing with configured trusted identities
05:51:40.537 [error] local node self-trust was not added: node signing public-key artifact is absent — continuing with configured trusted identities
05:51:40.538 [error] local node self-trust was not added: node signing public-key artifact is absent — continuing with configured trusted identities
05:51:40.540 [error] local node self-trust was not added: node signing public-key artifact is absent — continuing with configured trusted identities
05:51:40.543 [warning] flock failed on /tmp/cp_checkout_sync_880428/feature.txt: :enoent, proceeding without lock
05:51:40.561 [error] local node self-trust was not added: node signing public-key artifact is absent — continuing with configured trusted identities
.05:51:40.565 [error] local node self-trust was not added: node signing public-key artifact is absent — continuing with configured trusted identities
..05:51:40.579 [error] local node self-trust was not added: node signing public-key artifact is absent — continuing with configured trusted identities
.05:51:40.586 [error] local node self-trust was not added: node signing public-key artifact is absent — continuing with configured trusted identities
.05:51:40.594 [error] local node self-trust was not added: node signing public-key artifact is absent — continuing with configured trusted identities
.05:51:40.601 [error] local node self-trust was not added: node signing public-key artifact is absent — continuing with configured trusted identities
.05:51:40.612 [error] local node self-trust was not added: node signing public-key artifact is absent — continuing with configured trusted identities
05:51:40.612 [error] local node self-trust was not added: node signing public-key artifact is absent — continuing with configured trusted identities
05:51:40.630 [error] local node self-trust was not added: node signing public-key artifact is absent — continuing with configured trusted identities
05:51:40.633 [error] local node self-trust was not added: node signing public-key artifact is absent — continuing with configured trusted identities
05:51:40.646 [error] local node self-trust was not added: node signing public-key artifact is absent — continuing with configured trusted identities
.05:51:40.653 [error] local node self-trust was not added: node signing public-key artifact is absent — continuing with configured trusted identities
05:51:40.653 [error] local node self-trust was not added: node signing public-key artifact is absent — continuing with configured trusted identities
05:51:40.656 [error] local node self-trust was not added: node signing public-key artifact is absent — continuing with configured trusted identities
05:51:40.659 [error] local node self-trust was not added: node signing public-key artifact is absent — continuing with configured trusted identities
05:51:40.676 [error] local node self-trust was not added: node signing public-key artifact is absent — continuing with configured trusted identities
.05:51:40.684 [error] local node self-trust was not added: node signing public-key artifact is absent — continuing with configured trusted identities
05:51:40.685 [error] local node self-trust was not added: node signing public-key artifact is absent — continuing with configured trusted identities
05:51:40.687 [error] local node self-trust was not added: node signing public-key artifact is absent — continuing with configured trusted identities
05:51:40.689 [error] local node self-trust was not added: node signing public-key artifact is absent — continuing with configured trusted identities
05:51:40.690 [error] local node self-trust was not added: node signing public-key artifact is absent — continuing with configured trusted identities
05:51:40.693 [error] local node self-trust was not added: node signing public-key artifact is absent — continuing with configured trusted identities
05:51:40.695 [error] local node self-trust was not added: node signing public-key artifact is absent — continuing with configured trusted identities
05:51:40.698 [error] local node self-trust was not added: node signing public-key artifact is absent — continuing with configured trusted identities
05:51:40.706 [error] local node self-trust was not added: node signing public-key artifact is absent — continuing with configured trusted identities
05:51:40.711 [error] local node self-trust was not added: node signing public-key artifact is absent — continuing with configured trusted identities
05:51:40.715 [error] local node self-trust was not added: node signing public-key artifact is absent — continuing with configured trusted identities
05:51:40.719 [error] local node self-trust was not added: node signing public-key artifact is absent — continuing with configured trusted identities
05:51:40.722 [warning] flock failed on /tmp/cp_sync_export_966325/new.txt: :enoent, proceeding without lock
05:51:40.723 [warning] flock failed on /tmp/cp_sync_export_966325/notes/todo.txt: :enoent, proceeding without lock
05:51:40.738 [error] local node self-trust was not added: node signing public-key artifact is absent — continuing with configured trusted identities
.05:51:40.746 [error] local node self-trust was not added: node signing public-key artifact is absent — continuing with configured trusted identities
05:51:40.747 [error] local node self-trust was not added: node signing public-key artifact is absent — continuing with configured trusted identities
05:51:40.750 [error] local node self-trust was not added: node signing public-key artifact is absent — continuing with configured trusted identities
05:51:40.752 [error] local node self-trust was not added: node signing public-key artifact is absent — continuing with configured trusted identities
05:51:40.754 [error] local node self-trust was not added: node signing public-key artifact is absent — continuing with configured trusted identities
05:51:40.756 [error] local node self-trust was not added: node signing public-key artifact is absent — continuing with configured trusted identities
05:51:40.758 [error] local node self-trust was not added: node signing public-key artifact is absent — continuing with configured trusted identities
05:51:40.760 [error] local node self-trust was not added: node signing public-key artifact is absent — continuing with configured trusted identities
05:51:40.763 [error] local node self-trust was not added: node signing public-key artifact is absent — continuing with configured trusted identities
05:51:40.767 [error] local node self-trust was not added: node signing public-key artifact is absent — continuing with configured trusted identities
05:51:40.769 [error] local node self-trust was not added: node signing public-key artifact is absent — continuing with configured trusted identities
05:51:40.782 [error] local node self-trust was not added: node signing public-key artifact is absent — continuing with configured trusted identities
.05:51:40.789 [error] local node self-trust was not added: node signing public-key artifact is absent — continuing with configured trusted identities
05:51:40.797 [error] local node self-trust was not added: node signing public-key artifact is absent — continuing with configured trusted identities
05:51:40.799 [error] local node self-trust was not added: node signing public-key artifact is absent — continuing with configured trusted identities
05:51:40.801 [error] local node self-trust was not added: node signing public-key artifact is absent — continuing with configured trusted identities
05:51:40.804 [error] local node self-trust was not added: node signing public-key artifact is absent — continuing with configured trusted identities
05:51:40.806 [error] local node self-trust was not added: node signing public-key artifact is absent — continuing with configured trusted identities
05:51:40.808 [error] local node self-trust was not added: node signing public-key artifact is absent — continuing with configured trusted identities
.05:51:40.816 [error] local node self-trust was not added: node signing public-key artifact is absent — continuing with configured trusted identities
05:51:40.820 [error] local node self-trust was not added: node signing public-key artifact is absent — continuing with configured trusted identities
05:51:40.822 [error] local node self-trust was not added: node signing public-key artifact is absent — continuing with configured trusted identities
05:51:40.826 [error] local node self-trust was not added: node signing public-key artifact is absent — continuing with configured trusted identities
05:51:40.828 [error] local node self-trust was not added: node signing public-key artifact is absent — continuing with configured trusted identities
.05:51:40.836 [error] local node self-trust was not added: node signing public-key artifact is absent — continuing with configured trusted identities
05:51:40.838 [error] local node self-trust was not added: node signing public-key artifact is absent — continuing with configured trusted identities
05:51:40.840 [error] local node self-trust was not added: node signing public-key artifact is absent — continuing with configured trusted identities
05:51:40.842 [error] local node self-trust was not added: node signing public-key artifact is absent — continuing with configured trusted identities
05:51:40.844 [error] local node self-trust was not added: node signing public-key artifact is absent — continuing with configured trusted identities
05:51:40.846 [error] local node self-trust was not added: node signing public-key artifact is absent — continuing with configured trusted identities
05:51:40.849 [error] local node self-trust was not added: node signing public-key artifact is absent — continuing with configured trusted identities
.05:51:40.856 [error] local node self-trust was not added: node signing public-key artifact is absent — continuing with configured trusted identities
.05:51:40.870 [error] local node self-trust was not added: node signing public-key artifact is absent — continuing with configured trusted identities
05:51:40.929 [error] local node self-trust was not added: node signing public-key artifact is absent — continuing with configured trusted identities
.05:51:40.937 [error] local node self-trust was not added: node signing public-key artifact is absent — continuing with configured trusted identities
05:51:40.967 [warning] CommitStore: root attach DENIED by workspace profile doc_uuid=49be15dd-bc38-462b-8785-8f757a295728 reason="workspace class 'minimal' does not accept root entry 'bd' — declared in profile"
05:51:40.981 [error] local node self-trust was not added: node signing public-key artifact is absent — continuing with configured trusted identities
.05:51:40.985 [error] local node self-trust was not added: node signing public-key artifact is absent — continuing with configured trusted identities
.05:51:41.005 [error] local node self-trust was not added: node signing public-key artifact is absent — continuing with configured trusted identities
05:51:41.007 [error] local node self-trust was not added: node signing public-key artifact is absent — continuing with configured trusted identities
05:51:41.009 [error] local node self-trust was not added: node signing public-key artifact is absent — continuing with configured trusted identities
05:51:41.012 [error] local node self-trust was not added: node signing public-key artifact is absent — continuing with configured trusted identities
05:51:41.014 [error] local node self-trust was not added: node signing public-key artifact is absent — continuing with configured trusted identities
05:51:41.017 [error] local node self-trust was not added: node signing public-key artifact is absent — continuing with configured trusted identities
05:51:41.019 [error] local node self-trust was not added: node signing public-key artifact is absent — continuing with configured trusted identities
05:51:41.021 [error] local node self-trust was not added: node signing public-key artifact is absent — continuing with configured trusted identities
05:51:41.024 [error] local node self-trust was not added: node signing public-key artifact is absent — continuing with configured trusted identities
05:51:41.028 [error] local node self-trust was not added: node signing public-key artifact is absent — continuing with configured trusted identities
05:51:41.030 [error] local node self-trust was not added: node signing public-key artifact is absent — continuing with configured trusted identities
05:51:41.038 [error] local node self-trust was not added: node signing public-key artifact is absent — continuing with configured trusted identities
05:51:41.041 [error] local node self-trust was not added: node signing public-key artifact is absent — continuing with configured trusted identities
05:51:41.043 [error] local node self-trust was not added: node signing public-key artifact is absent — continuing with configured trusted identities
05:51:41.046 [error] local node self-trust was not added: node signing public-key artifact is absent — continuing with configured trusted identities
05:51:41.049 [error] local node self-trust was not added: node signing public-key artifact is absent — continuing with configured trusted identities
05:51:41.053 [error] local node self-trust was not added: node signing public-key artifact is absent — continuing with configured trusted identities
05:51:41.056 [error] local node self-trust was not added: node signing public-key artifact is absent — continuing with configured trusted identities
05:51:41.059 [error] local node self-trust was not added: node signing public-key artifact is absent — continuing with configured trusted identities
05:51:41.064 [error] local node self-trust was not added: node signing public-key artifact is absent — continuing with configured trusted identities
05:51:41.068 [error] local node self-trust was not added: node signing public-key artifact is absent — continuing with configured trusted identities
.05:51:41.085 [error] local node self-trust was not added: node signing public-key artifact is absent — continuing with configured trusted identities
05:51:41.088 [error] local node self-trust was not added: node signing public-key artifact is absent — continuing with configured trusted identities
05:51:41.090 [error] local node self-trust was not added: node signing public-key artifact is absent — continuing with configured trusted identities
05:51:41.093 [error] local node self-trust was not added: node signing public-key artifact is absent — continuing with configured trusted identities
05:51:41.098 [error] local node self-trust was not added: node signing public-key artifact is absent — continuing with configured trusted identities
05:51:41.100 [error] local node self-trust was not added: node signing public-key artifact is absent — continuing with configured trusted identities
05:51:41.103 [error] local node self-trust was not added: node signing public-key artifact is absent — continuing with configured trusted identities
05:51:41.105 [error] local node self-trust was not added: node signing public-key artifact is absent — continuing with configured trusted identities
05:51:41.108 [error] local node self-trust was not added: node signing public-key artifact is absent — continuing with configured trusted identities
05:51:41.110 [error] local node self-trust was not added: node signing public-key artifact is absent — continuing with configured trusted identities
05:51:41.113 [error] local node self-trust was not added: node signing public-key artifact is absent — continuing with configured trusted identities
.05:51:41.121 [error] local node self-trust was not added: node signing public-key artifact is absent — continuing with configured trusted identities
.05:51:41.130 [error] local node self-trust was not added: node signing public-key artifact is absent — continuing with configured trusted identities
05:51:41.132 [error] local node self-trust was not added: node signing public-key artifact is absent — continuing with configured trusted identities
05:51:41.134 [error] local node self-trust was not added: node signing public-key artifact is absent — continuing with configured trusted identities
05:51:41.136 [error] local node self-trust was not added: node signing public-key artifact is absent — continuing with configured trusted identities
05:51:41.138 [error] local node self-trust was not added: node signing public-key artifact is absent — continuing with configured trusted identities
05:51:41.140 [error] local node self-trust was not added: node signing public-key artifact is absent — continuing with configured trusted identities
05:51:41.143 [error] local node self-trust was not added: node signing public-key artifact is absent — continuing with configured trusted identities
05:51:41.145 [error] local node self-trust was not added: node signing public-key artifact is absent — continuing with configured trusted identities
05:51:41.147 [error] local node self-trust was not added: node signing public-key artifact is absent — continuing with configured trusted identities
05:51:41.150 [error] local node self-trust was not added: node signing public-key artifact is absent — continuing with configured trusted identities
05:51:41.153 [error] local node self-trust was not added: node signing public-key artifact is absent — continuing with configured trusted identities
05:51:41.157 [error] local node self-trust was not added: node signing public-key artifact is absent — continuing with configured trusted identities
05:51:41.160 [error] local node self-trust was not added: node signing public-key artifact is absent — continuing with configured trusted identities
05:51:41.162 [error] local node self-trust was not added: node signing public-key artifact is absent — continuing with configured trusted identities
05:51:41.165 [error] local node self-trust was not added: node signing public-key artifact is absent — continuing with configured trusted identities
05:51:41.168 [error] local node self-trust was not added: node signing public-key artifact is absent — continuing with configured trusted identities
05:51:41.172 [error] local node self-trust was not added: node signing public-key artifact is absent — continuing with configured trusted identities
05:51:41.175 [error] local node self-trust was not added: node signing public-key artifact is absent — continuing with configured trusted identities
05:51:41.177 [error] local node self-trust was not added: node signing public-key artifact is absent — continuing with configured trusted identities
05:51:41.179 [error] local node self-trust was not added: node signing public-key artifact is absent — continuing with configured trusted identities
05:51:41.183 [error] local node self-trust was not added: node signing public-key artifact is absent — continuing with configured trusted identities
05:51:41.188 [error] local node self-trust was not added: node signing public-key artifact is absent — continuing with configured trusted identities
.05:51:41.196 [error] local node self-trust was not added: node signing public-key artifact is absent — continuing with configured trusted identities
05:51:41.199 [error] local node self-trust was not added: node signing public-key artifact is absent — continuing with configured trusted identities
05:51:41.201 [error] local node self-trust was not added: node signing public-key artifact is absent — continuing with configured trusted identities
05:51:41.202 [error] local node self-trust was not added: node signing public-key artifact is absent — continuing with configured trusted identities
05:51:41.205 [error] local node self-trust was not added: node signing public-key artifact is absent — continuing with configured trusted identities
05:51:41.207 [error] local node self-trust was not added: node signing public-key artifact is absent — continuing with configured trusted identities
05:51:41.209 [error] local node self-trust was not added: node signing public-key artifact is absent — continuing with configured trusted identities
05:51:41.211 [error] local node self-trust was not added: node signing public-key artifact is absent — continuing with configured trusted identities
05:51:41.213 [error] local node self-trust was not added: node signing public-key artifact is absent — continuing with configured trusted identities
05:51:41.216 [error] local node self-trust was not added: node signing public-key artifact is absent — continuing with configured trusted identities
05:51:41.218 [error] local node self-trust was not added: node signing public-key artifact is absent — continuing with configured trusted identities
05:51:41.221 [error] local node self-trust was not added: node signing public-key artifact is absent — continuing with configured trusted identities
05:51:41.223 [error] local node self-trust was not added: node signing public-key artifact is absent — continuing with configured trusted identities
05:51:41.225 [error] local node self-trust was not added: node signing public-key artifact is absent — continuing with configured trusted identities
05:51:41.227 [error] local node self-trust was not added: node signing public-key artifact is absent — continuing with configured trusted identities
05:51:41.230 [error] local node self-trust was not added: node signing public-key artifact is absent — continuing with configured trusted identities
05:51:41.249 [error] local node self-trust was not added: node signing public-key artifact is absent — continuing with configured trusted identities
.05:51:41.256 [error] local node self-trust was not added: node signing public-key artifact is absent — continuing with configured trusted identities
.05:51:41.261 [error] local node self-trust was not added: node signing public-key artifact is absent — continuing with configured trusted identities
.05:51:41.266 [error] local node self-trust was not added: node signing public-key artifact is absent — continuing with configured trusted identities
.05:51:41.271 [error] local node self-trust was not added: node signing public-key artifact is absent — continuing with configured trusted identities
05:51:41.273 [error] local node self-trust was not added: node signing public-key artifact is absent — continuing with configured trusted identities
05:51:41.275 [error] local node self-trust was not added: node signing public-key artifact is absent — continuing with configured trusted identities
05:51:41.277 [error] local node self-trust was not added: node signing public-key artifact is absent — continuing with configured trusted identities
05:51:41.278 [error] local node self-trust was not added: node signing public-key artifact is absent — continuing with configured trusted identities
05:51:41.280 [error] local node self-trust was not added: node signing public-key artifact is absent — continuing with configured trusted identities
05:51:41.281 [error] local node self-trust was not added: node signing public-key artifact is absent — continuing with configured trusted identities
05:51:41.283 [error] local node self-trust was not added: node signing public-key artifact is absent — continuing with configured trusted identities
05:51:41.285 [error] local node self-trust was not added: node signing public-key artifact is absent — continuing with configured trusted identities
05:51:41.287 [error] local node self-trust was not added: node signing public-key artifact is absent — continuing with configured trusted identities
05:51:41.290 [error] local node self-trust was not added: node signing public-key artifact is absent — continuing with configured trusted identities
05:51:41.295 [error] local node self-trust was not added: node signing public-key artifact is absent — continuing with configured trusted identities
05:51:41.297 [error] local node self-trust was not added: node signing public-key artifact is absent — continuing with configured trusted identities
05:51:41.300 [error] local node self-trust was not added: node signing public-key artifact is absent — continuing with configured trusted identities
05:51:41.302 [error] local node self-trust was not added: node signing public-key artifact is absent — continuing with configured trusted identities
05:51:41.305 [error] local node self-trust was not added: node signing public-key artifact is absent — continuing with configured trusted identities
......05:51:41.380 [error] local node self-trust was not added: node signing public-key artifact is absent — continuing with configured trusted identities
.05:51:41.495 [error] local node self-trust was not added: node signing public-key artifact is absent — continuing with configured trusted identities
05:51:41.602 [error] local node self-trust was not added: node signing public-key artifact is absent — continuing with configured trusted identities
.05:51:41.710 [error] local node self-trust was not added: node signing public-key artifact is absent — continuing with configured trusted identities
.05:51:41.823 [error] local node self-trust was not added: node signing public-key artifact is absent — continuing with configured trusted identities
.05:51:41.881 [error] local node self-trust was not added: node signing public-key artifact is absent — continuing with configured trusted identities
05:51:41.882 [error] local node self-trust was not added: node signing public-key artifact is absent — continuing with configured trusted identities
05:51:41.885 [error] local node self-trust was not added: node signing public-key artifact is absent — continuing with configured trusted identities
05:51:41.888 [error] local node self-trust was not added: node signing public-key artifact is absent — continuing with configured trusted identities
.05:51:41.897 [error] local node self-trust was not added: node signing public-key artifact is absent — continuing with configured trusted identities
05:51:41.899 [error] local node self-trust was not added: node signing public-key artifact is absent — continuing with configured trusted identities
05:51:41.901 [error] local node self-trust was not added: node signing public-key artifact is absent — continuing with configured trusted identities
05:51:41.903 [error] local node self-trust was not added: node signing public-key artifact is absent — continuing with configured trusted identities
05:51:41.905 [error] local node self-trust was not added: node signing public-key artifact is absent — continuing with configured trusted identities
.05:51:41.914 [error] local node self-trust was not added: node signing public-key artifact is absent — continuing with configured trusted identities
.05:51:41.920 [error] local node self-trust was not added: node signing public-key artifact is absent — continuing with configured trusted identities
05:51:41.921 [error] local node self-trust was not added: node signing public-key artifact is absent — continuing with configured trusted identities
05:51:41.923 [error] local node self-trust was not added: node signing public-key artifact is absent — continuing with configured trusted identities
05:51:41.925 [error] local node self-trust was not added: node signing public-key artifact is absent — continuing with configured trusted identities
.05:51:41.931 [error] local node self-trust was not added: node signing public-key artifact is absent — continuing with configured trusted identities
05:51:41.933 [error] local node self-trust was not added: node signing public-key artifact is absent — continuing with configured trusted identities
05:51:41.934 [error] local node self-trust was not added: node signing public-key artifact is absent — continuing with configured trusted identities
.05:51:41.938 [error] local node self-trust was not added: node signing public-key artifact is absent — continuing with configured trusted identities
05:51:41.941 [error] local node self-trust was not added: node signing public-key artifact is absent — continuing with configured trusted identities
05:51:41.943 [error] local node self-trust was not added: node signing public-key artifact is absent — continuing with configured trusted identities
05:51:41.951 [error] local node self-trust was not added: node signing public-key artifact is absent — continuing with configured trusted identities
.05:51:41.954 [error] local node self-trust was not added: node signing public-key artifact is absent — continuing with configured trusted identities
05:51:41.956 [error] local node self-trust was not added: node signing public-key artifact is absent — continuing with configured trusted identities
05:51:41.958 [error] local node self-trust was not added: node signing public-key artifact is absent — continuing with configured trusted identities
.05:51:41.960 [error] local node self-trust was not added: node signing public-key artifact is absent — continuing with configured trusted identities
05:51:41.962 [error] local node self-trust was not added: node signing public-key artifact is absent — continuing with configured trusted identities
05:51:41.964 [error] local node self-trust was not added: node signing public-key artifact is absent — continuing with configured trusted identities
05:51:41.968 [error] local node self-trust was not added: node signing public-key artifact is absent — continuing with configured trusted identities
......................commonplace: :cx_a3fe_absent@commonplace (from /tmp/cx_x8jk_reach_failures_620178176/node_name) serves a DIFFERENT workspace — its data dir is "/other/data", not "/tmp/cx_x8jk_reach_failures_620178176". Ignoring it; that node_name file probably points at an orphan serve.
..05:51:42.509 [error] local node self-trust was not added: node signing public-key artifact is absent — continuing with configured trusted identities
.05:51:42.518 [error] local node self-trust was not added: node signing public-key artifact is absent — continuing with configured trusted identities
.05:51:42.525 [error] local node self-trust was not added: node signing public-key artifact is absent — continuing with configured trusted identities
..05:51:42.538 [error] local node self-trust was not added: node signing public-key artifact is absent — continuing with configured trusted identities
05:51:42.539 [error] local node self-trust was not added: node signing public-key artifact is absent — continuing with configured trusted identities
05:51:42.541 [error] local node self-trust was not added: node signing public-key artifact is absent — continuing with configured trusted identities
05:51:42.544 [error] local node self-trust was not added: node signing public-key artifact is absent — continuing with configured trusted identities
05:51:42.546 [warning] flock failed on /tmp/cp_rt_out_262298/special.txt: :enoent, proceeding without lock
05:51:42.558 [error] local node self-trust was not added: node signing public-key artifact is absent — continuing with configured trusted identities
.05:51:42.569 [error] local node self-trust was not added: node signing public-key artifact is absent — continuing with configured trusted identities
05:51:42.570 [error] local node self-trust was not added: node signing public-key artifact is absent — continuing with configured trusted identities
05:51:42.573 [error] local node self-trust was not added: node signing public-key artifact is absent — continuing with configured trusted identities
05:51:42.575 [error] local node self-trust was not added: node signing public-key artifact is absent — continuing with configured trusted identities
05:51:42.577 [error] local node self-trust was not added: node signing public-key artifact is absent — continuing with configured trusted identities
05:51:42.579 [error] local node self-trust was not added: node signing public-key artifact is absent — continuing with configured trusted identities
05:51:42.583 [error] local node self-trust was not added: node signing public-key artifact is absent — continuing with configured trusted identities
05:51:42.585 [error] local node self-trust was not added: node signing public-key artifact is absent — continuing with configured trusted identities
05:51:42.588 [error] local node self-trust was not added: node signing public-key artifact is absent — continuing with configured trusted identities
05:51:42.591 [error] local node self-trust was not added: node signing public-key artifact is absent — continuing with configured trusted identities
05:51:42.595 [warning] flock failed on /tmp/cp_rt_out_356061/docs/examples/hello.txt: :enoent, proceeding without lock
05:51:42.597 [warning] flock failed on /tmp/cp_rt_out_356061/docs/guide.txt: :enoent, proceeding without lock
05:51:42.598 [warning] flock failed on /tmp/cp_rt_out_356061/empty.txt: :enoent, proceeding without lock
05:51:42.600 [warning] flock failed on /tmp/cp_rt_out_356061/readme.txt: :enoent, proceeding without lock
05:51:42.616 [error] local node self-trust was not added: node signing public-key artifact is absent — continuing with configured trusted identities
.05:51:42.627 [error] local node self-trust was not added: node signing public-key artifact is absent — continuing with configured trusted identities
05:51:42.656 [error] local node self-trust was not added: node signing public-key artifact is absent — continuing with configured trusted identities
.05:51:42.665 [error] local node self-trust was not added: node signing public-key artifact is absent — continuing with configured trusted identities
05:51:42.666 [error] local node self-trust was not added: node signing public-key artifact is absent — continuing with configured trusted identities
05:51:42.676 [error] local node self-trust was not added: node signing public-key artifact is absent — continuing with configured trusted identities
05:51:42.678 [error] local node self-trust was not added: node signing public-key artifact is absent — continuing with configured trusted identities
05:51:42.681 [error] local node self-trust was not added: node signing public-key artifact is absent — continuing with configured trusted identities
05:51:42.696 [error] local node self-trust was not added: node signing public-key artifact is absent — continuing with configured trusted identities
.05:51:42.709 [error] local node self-trust was not added: node signing public-key artifact is absent — continuing with configured trusted identities
05:51:42.710 [error] local node self-trust was not added: node signing public-key artifact is absent — continuing with configured trusted identities
05:51:42.715 [error] local node self-trust was not added: node signing public-key artifact is absent — continuing with configured trusted identities
05:51:42.717 [error] local node self-trust was not added: node signing public-key artifact is absent — continuing with configured trusted identities
05:51:42.721 [error] local node self-trust was not added: node signing public-key artifact is absent — continuing with configured trusted identities
05:51:42.723 [error] local node self-trust was not added: node signing public-key artifact is absent — continuing with configured trusted identities
05:51:42.729 [error] local node self-trust was not added: node signing public-key artifact is absent — continuing with configured trusted identities
05:51:42.731 [error] local node self-trust was not added: node signing public-key artifact is absent — continuing with configured trusted identities
05:51:42.734 [error] local node self-trust was not added: node signing public-key artifact is absent — continuing with configured trusted identities
05:51:42.762 [error] local node self-trust was not added: node signing public-key artifact is absent — continuing with configured trusted identities
.05:51:42.773 [error] local node self-trust was not added: node signing public-key artifact is absent — continuing with configured trusted identities
05:51:42.774 [error] local node self-trust was not added: node signing public-key artifact is absent — continuing with configured trusted identities
05:51:42.791 [error] local node self-trust was not added: node signing public-key artifact is absent — continuing with configured trusted identities
.05:51:42.801 [error] local node self-trust was not added: node signing public-key artifact is absent — continuing with configured trusted identities
05:51:42.802 [error] local node self-trust was not added: node signing public-key artifact is absent — continuing with configured trusted identities
05:51:42.814 [error] local node self-trust was not added: node signing public-key artifact is absent — continuing with configured trusted identities
.05:51:42.823 [error] local node self-trust was not added: node signing public-key artifact is absent — continuing with configured trusted identities
05:51:42.824 [error] local node self-trust was not added: node signing public-key artifact is absent — continuing with configured trusted identities
05:51:42.826 [error] local node self-trust was not added: node signing public-key artifact is absent — continuing with configured trusted identities
05:51:42.829 [error] local node self-trust was not added: node signing public-key artifact is absent — continuing with configured trusted identities
05:51:42.832 [error] local node self-trust was not added: node signing public-key artifact is absent — continuing with configured trusted identities
05:51:42.835 [error] local node self-trust was not added: node signing public-key artifact is absent — continuing with configured trusted identities
05:51:42.850 [error] local node self-trust was not added: node signing public-key artifact is absent — continuing with configured trusted identities
.05:51:42.860 [error] local node self-trust was not added: node signing public-key artifact is absent — continuing with configured trusted identities
05:51:42.861 [error] local node self-trust was not added: node signing public-key artifact is absent — continuing with configured trusted identities
05:51:42.863 [error] local node self-trust was not added: node signing public-key artifact is absent — continuing with configured trusted identities
05:51:42.866 [error] local node self-trust was not added: node signing public-key artifact is absent — continuing with configured trusted identities
05:51:42.879 [error] local node self-trust was not added: node signing public-key artifact is absent — continuing with configured trusted identities
.
Finished in 4.9 seconds (2.1s async, 2.8s sync)
121 tests, 0 failures
real 6.82
user 6.04
sys 1.19
