==> commonplace
make: Nothing to be done for 'all'.
==> commonplace_cli
Running ExUnit with seed: 781808, max_cases: 8

...............................05:50:03.225 [error] local node self-trust was not added: node signing public-key artifact is absent — continuing with configured trusted identities
05:50:03.392 [warning] CommitStore: root attach DENIED by workspace profile doc_uuid=e35412e5-359c-46c6-94fa-775c75b2628f reason="workspace class 'minimal' does not accept root entry 'bd' — declared in profile"
05:50:03.478 [error] local node self-trust was not added: node signing public-key artifact is absent — continuing with configured trusted identities
.05:50:03.493 [error] local node self-trust was not added: node signing public-key artifact is absent — continuing with configured trusted identities
05:50:03.606 [error] local node self-trust was not added: node signing public-key artifact is absent — continuing with configured trusted identities
.05:50:03.624 [error] local node self-trust was not added: node signing public-key artifact is absent — continuing with configured trusted identities
05:50:03.625 [error] local node self-trust was not added: node signing public-key artifact is absent — continuing with configured trusted identities
05:50:03.713 [error] local node self-trust was not added: node signing public-key artifact is absent — continuing with configured trusted identities
.05:50:03.733 [error] local node self-trust was not added: node signing public-key artifact is absent — continuing with configured trusted identities
05:50:03.735 [error] local node self-trust was not added: node signing public-key artifact is absent — continuing with configured trusted identities
05:50:03.740 [error] local node self-trust was not added: node signing public-key artifact is absent — continuing with configured trusted identities
05:50:03.745 [error] local node self-trust was not added: node signing public-key artifact is absent — continuing with configured trusted identities
05:50:03.749 [error] local node self-trust was not added: node signing public-key artifact is absent — continuing with configured trusted identities
05:50:03.751 [error] local node self-trust was not added: node signing public-key artifact is absent — continuing with configured trusted identities
05:50:03.758 [error] local node self-trust was not added: node signing public-key artifact is absent — continuing with configured trusted identities
05:50:03.761 [error] local node self-trust was not added: node signing public-key artifact is absent — continuing with configured trusted identities
05:50:03.767 [error] local node self-trust was not added: node signing public-key artifact is absent — continuing with configured trusted identities
05:50:03.893 [error] local node self-trust was not added: node signing public-key artifact is absent — continuing with configured trusted identities
.05:50:03.908 [error] local node self-trust was not added: node signing public-key artifact is absent — continuing with configured trusted identities
05:50:03.909 [error] local node self-trust was not added: node signing public-key artifact is absent — continuing with configured trusted identities
05:50:03.913 [error] local node self-trust was not added: node signing public-key artifact is absent — continuing with configured trusted identities
05:50:03.917 [error] local node self-trust was not added: node signing public-key artifact is absent — continuing with configured trusted identities
05:50:04.005 [error] local node self-trust was not added: node signing public-key artifact is absent — continuing with configured trusted identities
.05:50:04.034 [error] local node self-trust was not added: node signing public-key artifact is absent — continuing with configured trusted identities
05:50:04.035 [error] local node self-trust was not added: node signing public-key artifact is absent — continuing with configured trusted identities
05:50:04.038 [error] local node self-trust was not added: node signing public-key artifact is absent — continuing with configured trusted identities
05:50:04.041 [error] local node self-trust was not added: node signing public-key artifact is absent — continuing with configured trusted identities
05:50:04.044 [error] local node self-trust was not added: node signing public-key artifact is absent — continuing with configured trusted identities
05:50:04.135 [error] local node self-trust was not added: node signing public-key artifact is absent — continuing with configured trusted identities
.05:50:04.151 [error] local node self-trust was not added: node signing public-key artifact is absent — continuing with configured trusted identities
05:50:04.152 [error] local node self-trust was not added: node signing public-key artifact is absent — continuing with configured trusted identities
05:50:04.156 [error] local node self-trust was not added: node signing public-key artifact is absent — continuing with configured trusted identities
05:50:04.158 [error] local node self-trust was not added: node signing public-key artifact is absent — continuing with configured trusted identities
05:50:04.162 [error] local node self-trust was not added: node signing public-key artifact is absent — continuing with configured trusted identities
05:50:04.164 [error] local node self-trust was not added: node signing public-key artifact is absent — continuing with configured trusted identities
05:50:04.243 [error] local node self-trust was not added: node signing public-key artifact is absent — continuing with configured trusted identities
.05:50:04.253 [error] local node self-trust was not added: node signing public-key artifact is absent — continuing with configured trusted identities
05:50:04.344 [error] local node self-trust was not added: node signing public-key artifact is absent — continuing with configured trusted identities
.05:50:04.354 [error] local node self-trust was not added: node signing public-key artifact is absent — continuing with configured trusted identities
05:50:04.355 [error] local node self-trust was not added: node signing public-key artifact is absent — continuing with configured trusted identities
05:50:04.407 [error] local node self-trust was not added: node signing public-key artifact is absent — continuing with configured trusted identities
.05:50:04.419 [error] local node self-trust was not added: node signing public-key artifact is absent — continuing with configured trusted identities
.05:50:04.428 [error] local node self-trust was not added: node signing public-key artifact is absent — continuing with configured trusted identities
.05:50:04.436 [error] local node self-trust was not added: node signing public-key artifact is absent — continuing with configured trusted identities
..05:50:04.452 [error] local node self-trust was not added: node signing public-key artifact is absent — continuing with configured trusted identities
05:50:04.463 [error] local node self-trust was not added: node signing public-key artifact is absent — continuing with configured trusted identities
05:50:04.466 [error] local node self-trust was not added: node signing public-key artifact is absent — continuing with configured trusted identities
05:50:04.472 [error] local node self-trust was not added: node signing public-key artifact is absent — continuing with configured trusted identities
05:50:04.476 [error] local node self-trust was not added: node signing public-key artifact is absent — continuing with configured trusted identities
05:50:04.479 [error] local node self-trust was not added: node signing public-key artifact is absent — continuing with configured trusted identities
05:50:04.482 [error] local node self-trust was not added: node signing public-key artifact is absent — continuing with configured trusted identities
.05:50:04.498 [error] local node self-trust was not added: node signing public-key artifact is absent — continuing with configured trusted identities
05:50:04.503 [error] local node self-trust was not added: node signing public-key artifact is absent — continuing with configured trusted identities
05:50:04.508 [error] local node self-trust was not added: node signing public-key artifact is absent — continuing with configured trusted identities
05:50:04.514 [error] local node self-trust was not added: node signing public-key artifact is absent — continuing with configured trusted identities
05:50:04.520 [error] local node self-trust was not added: node signing public-key artifact is absent — continuing with configured trusted identities
.05:50:04.533 [error] local node self-trust was not added: node signing public-key artifact is absent — continuing with configured trusted identities
.05:50:04.545 [error] local node self-trust was not added: node signing public-key artifact is absent — continuing with configured trusted identities
05:50:04.550 [error] local node self-trust was not added: node signing public-key artifact is absent — continuing with configured trusted identities
05:50:04.557 [error] local node self-trust was not added: node signing public-key artifact is absent — continuing with configured trusted identities
05:50:04.562 [error] local node self-trust was not added: node signing public-key artifact is absent — continuing with configured trusted identities
05:50:04.565 [error] local node self-trust was not added: node signing public-key artifact is absent — continuing with configured trusted identities
05:50:04.569 [error] local node self-trust was not added: node signing public-key artifact is absent — continuing with configured trusted identities
05:50:04.572 [error] local node self-trust was not added: node signing public-key artifact is absent — continuing with configured trusted identities
......05:50:05.231 [error] local node self-trust was not added: node signing public-key artifact is absent — continuing with configured trusted identities
05:50:05.232 [error] local node self-trust was not added: node signing public-key artifact is absent — continuing with configured trusted identities
05:50:05.235 [error] local node self-trust was not added: node signing public-key artifact is absent — continuing with configured trusted identities
05:50:05.237 [error] local node self-trust was not added: node signing public-key artifact is absent — continuing with configured trusted identities
05:50:05.241 [error] local node self-trust was not added: node signing public-key artifact is absent — continuing with configured trusted identities
05:50:05.245 [error] local node self-trust was not added: node signing public-key artifact is absent — continuing with configured trusted identities
05:50:05.251 [error] local node self-trust was not added: node signing public-key artifact is absent — continuing with configured trusted identities
05:50:05.256 [error] local node self-trust was not added: node signing public-key artifact is absent — continuing with configured trusted identities
Re-rooted: uuid-root → uuid-main
Exporting from new root...
Done.
05:50:05.353 [error] local node self-trust was not added: node signing public-key artifact is absent — continuing with configured trusted identities
.05:50:05.364 [error] local node self-trust was not added: node signing public-key artifact is absent — continuing with configured trusted identities
05:50:05.365 [error] local node self-trust was not added: node signing public-key artifact is absent — continuing with configured trusted identities
05:50:05.367 [error] local node self-trust was not added: node signing public-key artifact is absent — continuing with configured trusted identities
05:50:05.369 [error] local node self-trust was not added: node signing public-key artifact is absent — continuing with configured trusted identities
05:50:05.370 [error] local node self-trust was not added: node signing public-key artifact is absent — continuing with configured trusted identities
05:50:05.372 [error] local node self-trust was not added: node signing public-key artifact is absent — continuing with configured trusted identities
05:50:05.373 [error] local node self-trust was not added: node signing public-key artifact is absent — continuing with configured trusted identities
05:50:05.377 [error] local node self-trust was not added: node signing public-key artifact is absent — continuing with configured trusted identities
05:50:05.380 [warning] flock failed on /tmp/cp_checkout_sync_631723/repos/myrepo/feature/feature.txt: :enoent, proceeding without lock
05:50:05.384 [warning] flock failed on /tmp/cp_checkout_sync_631723/repos/myrepo/main/readme.txt: :enoent, proceeding without lock
05:50:05.387 [warning] flock failed on /tmp/cp_checkout_sync_631723/readme.txt: :enoent, proceeding without lock
05:50:05.467 [error] local node self-trust was not added: node signing public-key artifact is absent — continuing with configured trusted identities
.05:50:05.479 [error] local node self-trust was not added: node signing public-key artifact is absent — continuing with configured trusted identities
05:50:05.481 [error] local node self-trust was not added: node signing public-key artifact is absent — continuing with configured trusted identities
05:50:05.483 [error] local node self-trust was not added: node signing public-key artifact is absent — continuing with configured trusted identities
05:50:05.485 [error] local node self-trust was not added: node signing public-key artifact is absent — continuing with configured trusted identities
05:50:05.488 [error] local node self-trust was not added: node signing public-key artifact is absent — continuing with configured trusted identities
05:50:05.490 [error] local node self-trust was not added: node signing public-key artifact is absent — continuing with configured trusted identities
05:50:05.492 [error] local node self-trust was not added: node signing public-key artifact is absent — continuing with configured trusted identities
05:50:05.494 [error] local node self-trust was not added: node signing public-key artifact is absent — continuing with configured trusted identities
05:50:05.497 [warning] flock failed on /tmp/cp_checkout_sync_499015/feature.txt: :enoent, proceeding without lock
05:50:05.571 [error] local node self-trust was not added: node signing public-key artifact is absent — continuing with configured trusted identities
.05:50:05.584 [error] local node self-trust was not added: node signing public-key artifact is absent — continuing with configured trusted identities
05:50:05.585 [error] local node self-trust was not added: node signing public-key artifact is absent — continuing with configured trusted identities
05:50:05.589 [error] local node self-trust was not added: node signing public-key artifact is absent — continuing with configured trusted identities
05:50:05.594 [error] local node self-trust was not added: node signing public-key artifact is absent — continuing with configured trusted identities
05:50:05.596 [error] local node self-trust was not added: node signing public-key artifact is absent — continuing with configured trusted identities
05:50:05.601 [error] local node self-trust was not added: node signing public-key artifact is absent — continuing with configured trusted identities
05:50:05.603 [error] local node self-trust was not added: node signing public-key artifact is absent — continuing with configured trusted identities
05:50:05.607 [error] local node self-trust was not added: node signing public-key artifact is absent — continuing with configured trusted identities
Current root: uuid-root
05:50:05.682 [error] local node self-trust was not added: node signing public-key artifact is absent — continuing with configured trusted identities
.05:50:05.700 [error] local node self-trust was not added: node signing public-key artifact is absent — continuing with configured trusted identities
05:50:05.702 [error] local node self-trust was not added: node signing public-key artifact is absent — continuing with configured trusted identities
05:50:05.704 [error] local node self-trust was not added: node signing public-key artifact is absent — continuing with configured trusted identities
05:50:05.707 [error] local node self-trust was not added: node signing public-key artifact is absent — continuing with configured trusted identities
05:50:05.709 [error] local node self-trust was not added: node signing public-key artifact is absent — continuing with configured trusted identities
05:50:05.713 [error] local node self-trust was not added: node signing public-key artifact is absent — continuing with configured trusted identities
05:50:05.717 [error] local node self-trust was not added: node signing public-key artifact is absent — continuing with configured trusted identities
05:50:05.720 [error] local node self-trust was not added: node signing public-key artifact is absent — continuing with configured trusted identities
05:50:05.821 [error] local node self-trust was not added: node signing public-key artifact is absent — continuing with configured trusted identities
.05:50:05.898 [error] local node self-trust was not added: node signing public-key artifact is absent — continuing with configured trusted identities
.05:50:06.017 [error] local node self-trust was not added: node signing public-key artifact is absent — continuing with configured trusted identities
05:50:06.136 [error] local node self-trust was not added: node signing public-key artifact is absent — continuing with configured trusted identities
.05:50:06.250 [error] local node self-trust was not added: node signing public-key artifact is absent — continuing with configured trusted identities
.05:50:06.361 [error] local node self-trust was not added: node signing public-key artifact is absent — continuing with configured trusted identities
..05:50:06.422 [error] local node self-trust was not added: node signing public-key artifact is absent — continuing with configured trusted identities
.05:50:06.432 [error] local node self-trust was not added: node signing public-key artifact is absent — continuing with configured trusted identities
.05:50:06.441 [error] local node self-trust was not added: node signing public-key artifact is absent — continuing with configured trusted identities
..05:50:06.453 [error] local node self-trust was not added: node signing public-key artifact is absent — continuing with configured trusted identities
.05:50:06.462 [error] local node self-trust was not added: node signing public-key artifact is absent — continuing with configured trusted identities
.05:50:06.468 [error] local node self-trust was not added: node signing public-key artifact is absent — continuing with configured trusted identities
05:50:06.470 [error] local node self-trust was not added: node signing public-key artifact is absent — continuing with configured trusted identities
.05:50:06.481 [error] local node self-trust was not added: node signing public-key artifact is absent — continuing with configured trusted identities
05:50:06.483 [error] local node self-trust was not added: node signing public-key artifact is absent — continuing with configured trusted identities
.05:50:06.491 [error] local node self-trust was not added: node signing public-key artifact is absent — continuing with configured trusted identities
05:50:06.495 [error] local node self-trust was not added: node signing public-key artifact is absent — continuing with configured trusted identities
.05:50:06.510 [error] local node self-trust was not added: node signing public-key artifact is absent — continuing with configured trusted identities
05:50:06.511 [error] local node self-trust was not added: node signing public-key artifact is absent — continuing with configured trusted identities
05:50:06.515 [error] local node self-trust was not added: node signing public-key artifact is absent — continuing with configured trusted identities
05:50:06.517 [error] local node self-trust was not added: node signing public-key artifact is absent — continuing with configured trusted identities
05:50:06.520 [error] local node self-trust was not added: node signing public-key artifact is absent — continuing with configured trusted identities
05:50:06.523 [error] local node self-trust was not added: node signing public-key artifact is absent — continuing with configured trusted identities
05:50:06.527 [error] local node self-trust was not added: node signing public-key artifact is absent — continuing with configured trusted identities
05:50:06.530 [error] local node self-trust was not added: node signing public-key artifact is absent — continuing with configured trusted identities
05:50:06.533 [error] local node self-trust was not added: node signing public-key artifact is absent — continuing with configured trusted identities
05:50:06.538 [error] local node self-trust was not added: node signing public-key artifact is absent — continuing with configured trusted identities
05:50:06.541 [warning] flock failed on /tmp/cp_rt_out_841474/docs/examples/hello.txt: :enoent, proceeding without lock
05:50:06.543 [warning] flock failed on /tmp/cp_rt_out_841474/docs/guide.txt: :enoent, proceeding without lock
05:50:06.546 [warning] flock failed on /tmp/cp_rt_out_841474/empty.txt: :enoent, proceeding without lock
05:50:06.548 [warning] flock failed on /tmp/cp_rt_out_841474/readme.txt: :enoent, proceeding without lock
05:50:06.614 [error] local node self-trust was not added: node signing public-key artifact is absent — continuing with configured trusted identities
.05:50:06.627 [error] local node self-trust was not added: node signing public-key artifact is absent — continuing with configured trusted identities
05:50:06.628 [error] local node self-trust was not added: node signing public-key artifact is absent — continuing with configured trusted identities
05:50:06.630 [error] local node self-trust was not added: node signing public-key artifact is absent — continuing with configured trusted identities
05:50:06.633 [error] local node self-trust was not added: node signing public-key artifact is absent — continuing with configured trusted identities
05:50:06.636 [warning] flock failed on /tmp/cp_rt_out_235734/special.txt: :enoent, proceeding without lock
05:50:06.693 [error] local node self-trust was not added: node signing public-key artifact is absent — continuing with configured trusted identities
.05:50:06.697 [error] local node self-trust was not added: node signing public-key artifact is absent — continuing with configured trusted identities
05:50:06.699 [error] local node self-trust was not added: node signing public-key artifact is absent — continuing with configured trusted identities
05:50:06.701 [error] local node self-trust was not added: node signing public-key artifact is absent — continuing with configured trusted identities
05:50:06.717 [error] local node self-trust was not added: node signing public-key artifact is absent — continuing with configured trusted identities
.05:50:06.727 [error] local node self-trust was not added: node signing public-key artifact is absent — continuing with configured trusted identities
.05:50:06.735 [error] local node self-trust was not added: node signing public-key artifact is absent — continuing with configured trusted identities
05:50:06.738 [error] local node self-trust was not added: node signing public-key artifact is absent — continuing with configured trusted identities
05:50:06.742 [error] local node self-trust was not added: node signing public-key artifact is absent — continuing with configured trusted identities
.05:50:06.752 [error] local node self-trust was not added: node signing public-key artifact is absent — continuing with configured trusted identities
05:50:06.754 [error] local node self-trust was not added: node signing public-key artifact is absent — continuing with configured trusted identities
05:50:06.756 [error] local node self-trust was not added: node signing public-key artifact is absent — continuing with configured trusted identities
05:50:06.758 [error] local node self-trust was not added: node signing public-key artifact is absent — continuing with configured trusted identities
05:50:06.760 [error] local node self-trust was not added: node signing public-key artifact is absent — continuing with configured trusted identities
.05:50:06.771 [error] local node self-trust was not added: node signing public-key artifact is absent — continuing with configured trusted identities
05:50:06.775 [error] local node self-trust was not added: node signing public-key artifact is absent — continuing with configured trusted identities
05:50:06.777 [error] local node self-trust was not added: node signing public-key artifact is absent — continuing with configured trusted identities
05:50:06.780 [error] local node self-trust was not added: node signing public-key artifact is absent — continuing with configured trusted identities
.05:50:06.790 [error] local node self-trust was not added: node signing public-key artifact is absent — continuing with configured trusted identities
05:50:06.794 [error] local node self-trust was not added: node signing public-key artifact is absent — continuing with configured trusted identities
05:50:06.798 [error] local node self-trust was not added: node signing public-key artifact is absent — continuing with configured trusted identities
05:50:06.803 [error] local node self-trust was not added: node signing public-key artifact is absent — continuing with configured trusted identities
05:50:06.806 [error] local node self-trust was not added: node signing public-key artifact is absent — continuing with configured trusted identities
05:50:06.810 [error] local node self-trust was not added: node signing public-key artifact is absent — continuing with configured trusted identities
05:50:06.813 [error] local node self-trust was not added: node signing public-key artifact is absent — continuing with configured trusted identities
05:50:06.820 [error] local node self-trust was not added: node signing public-key artifact is absent — continuing with configured trusted identities
05:50:06.825 [error] local node self-trust was not added: node signing public-key artifact is absent — continuing with configured trusted identities
05:50:06.831 [error] local node self-trust was not added: node signing public-key artifact is absent — continuing with configured trusted identities
05:50:06.836 [error] local node self-trust was not added: node signing public-key artifact is absent — continuing with configured trusted identities
05:50:06.849 [error] local node self-trust was not added: node signing public-key artifact is absent — continuing with configured trusted identities
05:50:06.853 [error] local node self-trust was not added: node signing public-key artifact is absent — continuing with configured trusted identities
05:50:06.856 [error] local node self-trust was not added: node signing public-key artifact is absent — continuing with configured trusted identities
05:50:06.859 [error] local node self-trust was not added: node signing public-key artifact is absent — continuing with configured trusted identities
05:50:06.864 [error] local node self-trust was not added: node signing public-key artifact is absent — continuing with configured trusted identities
05:50:06.884 [error] local node self-trust was not added: node signing public-key artifact is absent — continuing with configured trusted identities
.05:50:06.899 [error] local node self-trust was not added: node signing public-key artifact is absent — continuing with configured trusted identities
05:50:06.902 [error] local node self-trust was not added: node signing public-key artifact is absent — continuing with configured trusted identities
05:50:06.904 [error] local node self-trust was not added: node signing public-key artifact is absent — continuing with configured trusted identities
05:50:06.909 [error] local node self-trust was not added: node signing public-key artifact is absent — continuing with configured trusted identities
05:50:06.913 [error] local node self-trust was not added: node signing public-key artifact is absent — continuing with configured trusted identities
05:50:06.915 [error] local node self-trust was not added: node signing public-key artifact is absent — continuing with configured trusted identities
05:50:06.918 [error] local node self-trust was not added: node signing public-key artifact is absent — continuing with configured trusted identities
05:50:06.923 [error] local node self-trust was not added: node signing public-key artifact is absent — continuing with configured trusted identities
05:50:06.925 [error] local node self-trust was not added: node signing public-key artifact is absent — continuing with configured trusted identities
05:50:06.928 [error] local node self-trust was not added: node signing public-key artifact is absent — continuing with configured trusted identities
05:50:06.931 [error] local node self-trust was not added: node signing public-key artifact is absent — continuing with configured trusted identities
05:50:06.936 [error] local node self-trust was not added: node signing public-key artifact is absent — continuing with configured trusted identities
05:50:06.938 [error] local node self-trust was not added: node signing public-key artifact is absent — continuing with configured trusted identities
05:50:06.942 [error] local node self-trust was not added: node signing public-key artifact is absent — continuing with configured trusted identities
05:50:06.945 [error] local node self-trust was not added: node signing public-key artifact is absent — continuing with configured trusted identities
05:50:06.950 [error] local node self-trust was not added: node signing public-key artifact is absent — continuing with configured trusted identities
05:50:06.955 [error] local node self-trust was not added: node signing public-key artifact is absent — continuing with configured trusted identities
05:50:06.959 [error] local node self-trust was not added: node signing public-key artifact is absent — continuing with configured trusted identities
05:50:06.961 [error] local node self-trust was not added: node signing public-key artifact is absent — continuing with configured trusted identities
05:50:06.965 [error] local node self-trust was not added: node signing public-key artifact is absent — continuing with configured trusted identities
05:50:06.968 [error] local node self-trust was not added: node signing public-key artifact is absent — continuing with configured trusted identities
05:50:06.973 [error] local node self-trust was not added: node signing public-key artifact is absent — continuing with configured trusted identities
.05:50:06.997 [error] local node self-trust was not added: node signing public-key artifact is absent — continuing with configured trusted identities
05:50:07.000 [error] local node self-trust was not added: node signing public-key artifact is absent — continuing with configured trusted identities
05:50:07.002 [error] local node self-trust was not added: node signing public-key artifact is absent — continuing with configured trusted identities
05:50:07.005 [error] local node self-trust was not added: node signing public-key artifact is absent — continuing with configured trusted identities
05:50:07.008 [error] local node self-trust was not added: node signing public-key artifact is absent — continuing with configured trusted identities
05:50:07.010 [error] local node self-trust was not added: node signing public-key artifact is absent — continuing with configured trusted identities
05:50:07.012 [error] local node self-trust was not added: node signing public-key artifact is absent — continuing with configured trusted identities
05:50:07.016 [error] local node self-trust was not added: node signing public-key artifact is absent — continuing with configured trusted identities
05:50:07.021 [error] local node self-trust was not added: node signing public-key artifact is absent — continuing with configured trusted identities
05:50:07.023 [error] local node self-trust was not added: node signing public-key artifact is absent — continuing with configured trusted identities
05:50:07.027 [error] local node self-trust was not added: node signing public-key artifact is absent — continuing with configured trusted identities
05:50:07.031 [error] local node self-trust was not added: node signing public-key artifact is absent — continuing with configured trusted identities
05:50:07.037 [error] local node self-trust was not added: node signing public-key artifact is absent — continuing with configured trusted identities
05:50:07.042 [error] local node self-trust was not added: node signing public-key artifact is absent — continuing with configured trusted identities
05:50:07.048 [error] local node self-trust was not added: node signing public-key artifact is absent — continuing with configured trusted identities
05:50:07.053 [error] local node self-trust was not added: node signing public-key artifact is absent — continuing with configured trusted identities
.05:50:07.066 [error] local node self-trust was not added: node signing public-key artifact is absent — continuing with configured trusted identities
.05:50:07.086 [error] local node self-trust was not added: node signing public-key artifact is absent — continuing with configured trusted identities
05:50:07.090 [error] local node self-trust was not added: node signing public-key artifact is absent — continuing with configured trusted identities
05:50:07.093 [error] local node self-trust was not added: node signing public-key artifact is absent — continuing with configured trusted identities
05:50:07.096 [error] local node self-trust was not added: node signing public-key artifact is absent — continuing with configured trusted identities
05:50:07.098 [error] local node self-trust was not added: node signing public-key artifact is absent — continuing with configured trusted identities
05:50:07.100 [error] local node self-trust was not added: node signing public-key artifact is absent — continuing with configured trusted identities
05:50:07.103 [error] local node self-trust was not added: node signing public-key artifact is absent — continuing with configured trusted identities
05:50:07.105 [error] local node self-trust was not added: node signing public-key artifact is absent — continuing with configured trusted identities
05:50:07.107 [error] local node self-trust was not added: node signing public-key artifact is absent — continuing with configured trusted identities
05:50:07.109 [error] local node self-trust was not added: node signing public-key artifact is absent — continuing with configured trusted identities
05:50:07.113 [error] local node self-trust was not added: node signing public-key artifact is absent — continuing with configured trusted identities
.05:50:07.120 [error] local node self-trust was not added: node signing public-key artifact is absent — continuing with configured trusted identities
.05:50:07.130 [error] local node self-trust was not added: node signing public-key artifact is absent — continuing with configured trusted identities
.05:50:07.139 [error] local node self-trust was not added: node signing public-key artifact is absent — continuing with configured trusted identities
05:50:07.141 [error] local node self-trust was not added: node signing public-key artifact is absent — continuing with configured trusted identities
05:50:07.143 [error] local node self-trust was not added: node signing public-key artifact is absent — continuing with configured trusted identities
05:50:07.144 [error] local node self-trust was not added: node signing public-key artifact is absent — continuing with configured trusted identities
05:50:07.146 [error] local node self-trust was not added: node signing public-key artifact is absent — continuing with configured trusted identities
05:50:07.148 [error] local node self-trust was not added: node signing public-key artifact is absent — continuing with configured trusted identities
05:50:07.150 [error] local node self-trust was not added: node signing public-key artifact is absent — continuing with configured trusted identities
05:50:07.154 [error] local node self-trust was not added: node signing public-key artifact is absent — continuing with configured trusted identities
05:50:07.157 [error] local node self-trust was not added: node signing public-key artifact is absent — continuing with configured trusted identities
05:50:07.160 [error] local node self-trust was not added: node signing public-key artifact is absent — continuing with configured trusted identities
05:50:07.162 [error] local node self-trust was not added: node signing public-key artifact is absent — continuing with configured trusted identities
05:50:07.168 [error] local node self-trust was not added: node signing public-key artifact is absent — continuing with configured trusted identities
05:50:07.171 [error] local node self-trust was not added: node signing public-key artifact is absent — continuing with configured trusted identities
05:50:07.174 [error] local node self-trust was not added: node signing public-key artifact is absent — continuing with configured trusted identities
05:50:07.176 [error] local node self-trust was not added: node signing public-key artifact is absent — continuing with configured trusted identities
05:50:07.179 [error] local node self-trust was not added: node signing public-key artifact is absent — continuing with configured trusted identities
05:50:07.183 [error] local node self-trust was not added: node signing public-key artifact is absent — continuing with configured trusted identities
05:50:07.185 [error] local node self-trust was not added: node signing public-key artifact is absent — continuing with configured trusted identities
05:50:07.187 [error] local node self-trust was not added: node signing public-key artifact is absent — continuing with configured trusted identities
05:50:07.189 [error] local node self-trust was not added: node signing public-key artifact is absent — continuing with configured trusted identities
05:50:07.192 [error] local node self-trust was not added: node signing public-key artifact is absent — continuing with configured trusted identities
.05:50:07.207 [error] local node self-trust was not added: node signing public-key artifact is absent — continuing with configured trusted identities
.05:50:07.214 [error] local node self-trust was not added: node signing public-key artifact is absent — continuing with configured trusted identities
.05:50:07.216 [error] local node self-trust was not added: node signing public-key artifact is absent — continuing with configured trusted identities
05:50:07.220 [error] local node self-trust was not added: node signing public-key artifact is absent — continuing with configured trusted identities
05:50:07.222 [error] local node self-trust was not added: node signing public-key artifact is absent — continuing with configured trusted identities
05:50:07.230 [error] local node self-trust was not added: node signing public-key artifact is absent — continuing with configured trusted identities
.05:50:07.234 [error] local node self-trust was not added: node signing public-key artifact is absent — continuing with configured trusted identities
05:50:07.237 [error] local node self-trust was not added: node signing public-key artifact is absent — continuing with configured trusted identities
05:50:07.239 [error] local node self-trust was not added: node signing public-key artifact is absent — continuing with configured trusted identities
.05:50:07.246 [error] local node self-trust was not added: node signing public-key artifact is absent — continuing with configured trusted identities
05:50:07.252 [error] local node self-trust was not added: node signing public-key artifact is absent — continuing with configured trusted identities
05:50:07.254 [error] local node self-trust was not added: node signing public-key artifact is absent — continuing with configured trusted identities
05:50:07.259 [error] local node self-trust was not added: node signing public-key artifact is absent — continuing with configured trusted identities
.commonplace: :cx_a3fe_absent@commonplace (from /tmp/cx_x8jk_reach_failures_514586230/node_name) serves a DIFFERENT workspace — its data dir is "/other/data", not "/tmp/cx_x8jk_reach_failures_514586230". Ignoring it; that node_name file probably points at an orphan serve.
.........................05:50:07.824 [error] local node self-trust was not added: node signing public-key artifact is absent — continuing with configured trusted identities
05:50:07.825 [error] local node self-trust was not added: node signing public-key artifact is absent — continuing with configured trusted identities
05:50:07.835 [error] local node self-trust was not added: node signing public-key artifact is absent — continuing with configured trusted identities
05:50:07.841 [error] local node self-trust was not added: node signing public-key artifact is absent — continuing with configured trusted identities
05:50:07.844 [error] local node self-trust was not added: node signing public-key artifact is absent — continuing with configured trusted identities
05:50:07.849 [error] local node self-trust was not added: node signing public-key artifact is absent — continuing with configured trusted identities
05:50:07.852 [error] local node self-trust was not added: node signing public-key artifact is absent — continuing with configured trusted identities
05:50:07.857 [error] local node self-trust was not added: node signing public-key artifact is absent — continuing with configured trusted identities
05:50:07.867 [error] local node self-trust was not added: node signing public-key artifact is absent — continuing with configured trusted identities
05:50:07.872 [error] local node self-trust was not added: node signing public-key artifact is absent — continuing with configured trusted identities
05:50:07.878 [error] local node self-trust was not added: node signing public-key artifact is absent — continuing with configured trusted identities
05:50:07.897 [error] local node self-trust was not added: node signing public-key artifact is absent — continuing with configured trusted identities
05:50:07.904 [warning] flock failed on /tmp/cp_sync_export_941355/new.txt: :enoent, proceeding without lock
05:50:07.907 [warning] flock failed on /tmp/cp_sync_export_941355/notes/todo.txt: :enoent, proceeding without lock
05:50:07.975 [error] local node self-trust was not added: node signing public-key artifact is absent — continuing with configured trusted identities
.05:50:07.989 [error] local node self-trust was not added: node signing public-key artifact is absent — continuing with configured trusted identities
05:50:07.990 [error] local node self-trust was not added: node signing public-key artifact is absent — continuing with configured trusted identities
05:50:07.995 [error] local node self-trust was not added: node signing public-key artifact is absent — continuing with configured trusted identities
05:50:08.000 [error] local node self-trust was not added: node signing public-key artifact is absent — continuing with configured trusted identities
05:50:08.055 [error] local node self-trust was not added: node signing public-key artifact is absent — continuing with configured trusted identities
.05:50:08.064 [error] local node self-trust was not added: node signing public-key artifact is absent — continuing with configured trusted identities
05:50:08.065 [error] local node self-trust was not added: node signing public-key artifact is absent — continuing with configured trusted identities
05:50:08.067 [error] local node self-trust was not added: node signing public-key artifact is absent — continuing with configured trusted identities
05:50:08.070 [error] local node self-trust was not added: node signing public-key artifact is absent — continuing with configured trusted identities
05:50:08.072 [error] local node self-trust was not added: node signing public-key artifact is absent — continuing with configured trusted identities
05:50:08.075 [error] local node self-trust was not added: node signing public-key artifact is absent — continuing with configured trusted identities
05:50:08.078 [error] local node self-trust was not added: node signing public-key artifact is absent — continuing with configured trusted identities
05:50:08.080 [error] local node self-trust was not added: node signing public-key artifact is absent — continuing with configured trusted identities
05:50:08.085 [error] local node self-trust was not added: node signing public-key artifact is absent — continuing with configured trusted identities
05:50:08.089 [error] local node self-trust was not added: node signing public-key artifact is absent — continuing with configured trusted identities
05:50:08.095 [error] local node self-trust was not added: node signing public-key artifact is absent — continuing with configured trusted identities
05:50:08.170 [error] local node self-trust was not added: node signing public-key artifact is absent — continuing with configured trusted identities
.05:50:08.181 [error] local node self-trust was not added: node signing public-key artifact is absent — continuing with configured trusted identities
05:50:08.182 [error] local node self-trust was not added: node signing public-key artifact is absent — continuing with configured trusted identities
05:50:08.185 [error] local node self-trust was not added: node signing public-key artifact is absent — continuing with configured trusted identities
05:50:08.188 [error] local node self-trust was not added: node signing public-key artifact is absent — continuing with configured trusted identities
05:50:08.246 [error] local node self-trust was not added: node signing public-key artifact is absent — continuing with configured trusted identities
.
Finished in 8.4 seconds (3.3s async, 5.0s sync)
121 tests, 0 failures
real 10.80
user 8.40
sys 1.93
