==> commonplace
make: Nothing to be done for 'all'.
==> commonplace_cli
Running ExUnit with seed: 588692, max_cases: 8

...................................05:52:48.741 [error] local node self-trust was not added: node signing public-key artifact is absent — continuing with configured trusted identities
..05:52:48.762 [error] local node self-trust was not added: node signing public-key artifact is absent — continuing with configured trusted identities
.05:52:48.769 [error] local node self-trust was not added: node signing public-key artifact is absent — continuing with configured trusted identities
.05:52:48.779 [error] local node self-trust was not added: node signing public-key artifact is absent — continuing with configured trusted identities
.05:52:48.788 [error] local node self-trust was not added: node signing public-key artifact is absent — continuing with configured trusted identities
.05:52:48.851 [error] local node self-trust was not added: node signing public-key artifact is absent — continuing with configured trusted identities
.05:52:48.965 [error] local node self-trust was not added: node signing public-key artifact is absent — continuing with configured trusted identities
.05:52:49.075 [error] local node self-trust was not added: node signing public-key artifact is absent — continuing with configured trusted identities
.05:52:49.184 [error] local node self-trust was not added: node signing public-key artifact is absent — continuing with configured trusted identities
05:52:49.293 [error] local node self-trust was not added: node signing public-key artifact is absent — continuing with configured trusted identities
......05:52:49.359 [error] local node self-trust was not added: node signing public-key artifact is absent — continuing with configured trusted identities
05:52:49.362 [error] local node self-trust was not added: node signing public-key artifact is absent — continuing with configured trusted identities
05:52:49.364 [error] local node self-trust was not added: node signing public-key artifact is absent — continuing with configured trusted identities
05:52:49.385 [error] local node self-trust was not added: node signing public-key artifact is absent — continuing with configured trusted identities
.05:52:49.399 [error] local node self-trust was not added: node signing public-key artifact is absent — continuing with configured trusted identities
05:52:49.405 [error] local node self-trust was not added: node signing public-key artifact is absent — continuing with configured trusted identities
05:52:49.409 [error] local node self-trust was not added: node signing public-key artifact is absent — continuing with configured trusted identities
05:52:49.412 [error] local node self-trust was not added: node signing public-key artifact is absent — continuing with configured trusted identities
05:52:49.414 [error] local node self-trust was not added: node signing public-key artifact is absent — continuing with configured trusted identities
.05:52:49.422 [error] local node self-trust was not added: node signing public-key artifact is absent — continuing with configured trusted identities
05:52:49.424 [error] local node self-trust was not added: node signing public-key artifact is absent — continuing with configured trusted identities
05:52:49.427 [error] local node self-trust was not added: node signing public-key artifact is absent — continuing with configured trusted identities
.05:52:49.435 [error] local node self-trust was not added: node signing public-key artifact is absent — continuing with configured trusted identities
05:52:49.437 [error] local node self-trust was not added: node signing public-key artifact is absent — continuing with configured trusted identities
05:52:49.439 [error] local node self-trust was not added: node signing public-key artifact is absent — continuing with configured trusted identities
05:52:49.442 [error] local node self-trust was not added: node signing public-key artifact is absent — continuing with configured trusted identities
.05:52:49.449 [error] local node self-trust was not added: node signing public-key artifact is absent — continuing with configured trusted identities
.05:52:49.455 [error] local node self-trust was not added: node signing public-key artifact is absent — continuing with configured trusted identities
05:52:49.457 [error] local node self-trust was not added: node signing public-key artifact is absent — continuing with configured trusted identities
.05:52:49.464 [error] local node self-trust was not added: node signing public-key artifact is absent — continuing with configured trusted identities
05:52:49.466 [error] local node self-trust was not added: node signing public-key artifact is absent — continuing with configured trusted identities
.05:52:49.472 [error] local node self-trust was not added: node signing public-key artifact is absent — continuing with configured trusted identities
05:52:49.474 [error] local node self-trust was not added: node signing public-key artifact is absent — continuing with configured trusted identities
.05:52:49.482 [error] local node self-trust was not added: node signing public-key artifact is absent — continuing with configured trusted identities
.05:52:49.512 [error] local node self-trust was not added: node signing public-key artifact is absent — continuing with configured trusted identities
05:52:49.527 [error] local node self-trust was not added: node signing public-key artifact is absent — continuing with configured trusted identities
05:52:49.531 [error] local node self-trust was not added: node signing public-key artifact is absent — continuing with configured trusted identities
05:52:49.533 [error] local node self-trust was not added: node signing public-key artifact is absent — continuing with configured trusted identities
05:52:49.535 [error] local node self-trust was not added: node signing public-key artifact is absent — continuing with configured trusted identities
05:52:49.537 [error] local node self-trust was not added: node signing public-key artifact is absent — continuing with configured trusted identities
05:52:49.540 [error] local node self-trust was not added: node signing public-key artifact is absent — continuing with configured trusted identities
05:52:49.542 [error] local node self-trust was not added: node signing public-key artifact is absent — continuing with configured trusted identities
05:52:49.545 [error] local node self-trust was not added: node signing public-key artifact is absent — continuing with configured trusted identities
05:52:49.547 [error] local node self-trust was not added: node signing public-key artifact is absent — continuing with configured trusted identities
05:52:49.551 [error] local node self-trust was not added: node signing public-key artifact is absent — continuing with configured trusted identities
05:52:49.563 [error] local node self-trust was not added: node signing public-key artifact is absent — continuing with configured trusted identities
05:52:49.566 [error] local node self-trust was not added: node signing public-key artifact is absent — continuing with configured trusted identities
05:52:49.570 [error] local node self-trust was not added: node signing public-key artifact is absent — continuing with configured trusted identities
05:52:49.574 [error] local node self-trust was not added: node signing public-key artifact is absent — continuing with configured trusted identities
05:52:49.577 [error] local node self-trust was not added: node signing public-key artifact is absent — continuing with configured trusted identities
05:52:49.582 [error] local node self-trust was not added: node signing public-key artifact is absent — continuing with configured trusted identities
05:52:49.585 [error] local node self-trust was not added: node signing public-key artifact is absent — continuing with configured trusted identities
05:52:49.588 [error] local node self-trust was not added: node signing public-key artifact is absent — continuing with configured trusted identities
05:52:49.591 [error] local node self-trust was not added: node signing public-key artifact is absent — continuing with configured trusted identities
05:52:49.595 [error] local node self-trust was not added: node signing public-key artifact is absent — continuing with configured trusted identities
.05:52:49.625 [error] local node self-trust was not added: node signing public-key artifact is absent — continuing with configured trusted identities
05:52:49.631 [error] local node self-trust was not added: node signing public-key artifact is absent — continuing with configured trusted identities
05:52:49.634 [error] local node self-trust was not added: node signing public-key artifact is absent — continuing with configured trusted identities
05:52:49.637 [error] local node self-trust was not added: node signing public-key artifact is absent — continuing with configured trusted identities
05:52:49.639 [error] local node self-trust was not added: node signing public-key artifact is absent — continuing with configured trusted identities
05:52:49.641 [error] local node self-trust was not added: node signing public-key artifact is absent — continuing with configured trusted identities
05:52:49.644 [error] local node self-trust was not added: node signing public-key artifact is absent — continuing with configured trusted identities
05:52:49.647 [error] local node self-trust was not added: node signing public-key artifact is absent — continuing with configured trusted identities
05:52:49.651 [error] local node self-trust was not added: node signing public-key artifact is absent — continuing with configured trusted identities
05:52:49.654 [error] local node self-trust was not added: node signing public-key artifact is absent — continuing with configured trusted identities
05:52:49.657 [error] local node self-trust was not added: node signing public-key artifact is absent — continuing with configured trusted identities
.05:52:49.666 [error] local node self-trust was not added: node signing public-key artifact is absent — continuing with configured trusted identities
.05:52:49.675 [error] local node self-trust was not added: node signing public-key artifact is absent — continuing with configured trusted identities
.05:52:49.687 [error] local node self-trust was not added: node signing public-key artifact is absent — continuing with configured trusted identities
05:52:49.691 [error] local node self-trust was not added: node signing public-key artifact is absent — continuing with configured trusted identities
05:52:49.694 [error] local node self-trust was not added: node signing public-key artifact is absent — continuing with configured trusted identities
05:52:49.697 [error] local node self-trust was not added: node signing public-key artifact is absent — continuing with configured trusted identities
05:52:49.700 [error] local node self-trust was not added: node signing public-key artifact is absent — continuing with configured trusted identities
05:52:49.703 [error] local node self-trust was not added: node signing public-key artifact is absent — continuing with configured trusted identities
05:52:49.706 [error] local node self-trust was not added: node signing public-key artifact is absent — continuing with configured trusted identities
05:52:49.709 [error] local node self-trust was not added: node signing public-key artifact is absent — continuing with configured trusted identities
05:52:49.711 [error] local node self-trust was not added: node signing public-key artifact is absent — continuing with configured trusted identities
05:52:49.713 [error] local node self-trust was not added: node signing public-key artifact is absent — continuing with configured trusted identities
05:52:49.717 [error] local node self-trust was not added: node signing public-key artifact is absent — continuing with configured trusted identities
05:52:49.720 [error] local node self-trust was not added: node signing public-key artifact is absent — continuing with configured trusted identities
05:52:49.723 [error] local node self-trust was not added: node signing public-key artifact is absent — continuing with configured trusted identities
05:52:49.726 [error] local node self-trust was not added: node signing public-key artifact is absent — continuing with configured trusted identities
05:52:49.729 [error] local node self-trust was not added: node signing public-key artifact is absent — continuing with configured trusted identities
05:52:49.733 [error] local node self-trust was not added: node signing public-key artifact is absent — continuing with configured trusted identities
.05:52:49.743 [error] local node self-trust was not added: node signing public-key artifact is absent — continuing with configured trusted identities
05:52:49.746 [error] local node self-trust was not added: node signing public-key artifact is absent — continuing with configured trusted identities
05:52:49.748 [error] local node self-trust was not added: node signing public-key artifact is absent — continuing with configured trusted identities
05:52:49.751 [error] local node self-trust was not added: node signing public-key artifact is absent — continuing with configured trusted identities
05:52:49.753 [error] local node self-trust was not added: node signing public-key artifact is absent — continuing with configured trusted identities
05:52:49.755 [error] local node self-trust was not added: node signing public-key artifact is absent — continuing with configured trusted identities
05:52:49.758 [error] local node self-trust was not added: node signing public-key artifact is absent — continuing with configured trusted identities
05:52:49.760 [error] local node self-trust was not added: node signing public-key artifact is absent — continuing with configured trusted identities
05:52:49.762 [error] local node self-trust was not added: node signing public-key artifact is absent — continuing with configured trusted identities
05:52:49.764 [error] local node self-trust was not added: node signing public-key artifact is absent — continuing with configured trusted identities
05:52:49.766 [error] local node self-trust was not added: node signing public-key artifact is absent — continuing with configured trusted identities
05:52:49.771 [error] local node self-trust was not added: node signing public-key artifact is absent — continuing with configured trusted identities
05:52:49.773 [error] local node self-trust was not added: node signing public-key artifact is absent — continuing with configured trusted identities
05:52:49.776 [error] local node self-trust was not added: node signing public-key artifact is absent — continuing with configured trusted identities
05:52:49.779 [error] local node self-trust was not added: node signing public-key artifact is absent — continuing with configured trusted identities
05:52:49.782 [error] local node self-trust was not added: node signing public-key artifact is absent — continuing with configured trusted identities
05:52:49.803 [error] local node self-trust was not added: node signing public-key artifact is absent — continuing with configured trusted identities
.05:52:49.810 [error] local node self-trust was not added: node signing public-key artifact is absent — continuing with configured trusted identities
05:52:49.812 [error] local node self-trust was not added: node signing public-key artifact is absent — continuing with configured trusted identities
05:52:49.813 [error] local node self-trust was not added: node signing public-key artifact is absent — continuing with configured trusted identities
05:52:49.815 [error] local node self-trust was not added: node signing public-key artifact is absent — continuing with configured trusted identities
05:52:49.817 [error] local node self-trust was not added: node signing public-key artifact is absent — continuing with configured trusted identities
05:52:49.822 [error] local node self-trust was not added: node signing public-key artifact is absent — continuing with configured trusted identities
05:52:49.826 [error] local node self-trust was not added: node signing public-key artifact is absent — continuing with configured trusted identities
05:52:49.828 [error] local node self-trust was not added: node signing public-key artifact is absent — continuing with configured trusted identities
05:52:49.830 [error] local node self-trust was not added: node signing public-key artifact is absent — continuing with configured trusted identities
05:52:49.833 [error] local node self-trust was not added: node signing public-key artifact is absent — continuing with configured trusted identities
05:52:49.835 [error] local node self-trust was not added: node signing public-key artifact is absent — continuing with configured trusted identities
05:52:49.838 [error] local node self-trust was not added: node signing public-key artifact is absent — continuing with configured trusted identities
05:52:49.841 [error] local node self-trust was not added: node signing public-key artifact is absent — continuing with configured trusted identities
05:52:49.843 [error] local node self-trust was not added: node signing public-key artifact is absent — continuing with configured trusted identities
05:52:49.845 [error] local node self-trust was not added: node signing public-key artifact is absent — continuing with configured trusted identities
05:52:49.849 [error] local node self-trust was not added: node signing public-key artifact is absent — continuing with configured trusted identities
05:52:49.854 [error] local node self-trust was not added: node signing public-key artifact is absent — continuing with configured trusted identities
05:52:49.856 [error] local node self-trust was not added: node signing public-key artifact is absent — continuing with configured trusted identities
05:52:49.860 [error] local node self-trust was not added: node signing public-key artifact is absent — continuing with configured trusted identities
05:52:49.862 [error] local node self-trust was not added: node signing public-key artifact is absent — continuing with configured trusted identities
05:52:49.865 [error] local node self-trust was not added: node signing public-key artifact is absent — continuing with configured trusted identities
05:52:49.869 [error] local node self-trust was not added: node signing public-key artifact is absent — continuing with configured trusted identities
.05:52:49.879 [error] local node self-trust was not added: node signing public-key artifact is absent — continuing with configured trusted identities
.05:52:49.886 [error] local node self-trust was not added: node signing public-key artifact is absent — continuing with configured trusted identities
..05:52:49.897 [error] local node self-trust was not added: node signing public-key artifact is absent — continuing with configured trusted identities
.05:52:49.914 [error] local node self-trust was not added: node signing public-key artifact is absent — continuing with configured trusted identities
.05:52:49.927 [error] local node self-trust was not added: node signing public-key artifact is absent — continuing with configured trusted identities
.05:52:49.943 [error] local node self-trust was not added: node signing public-key artifact is absent — continuing with configured trusted identities
05:52:49.944 [error] local node self-trust was not added: node signing public-key artifact is absent — continuing with configured trusted identities
05:52:49.952 [error] local node self-trust was not added: node signing public-key artifact is absent — continuing with configured trusted identities
05:52:49.954 [error] local node self-trust was not added: node signing public-key artifact is absent — continuing with configured trusted identities
05:52:49.971 [error] local node self-trust was not added: node signing public-key artifact is absent — continuing with configured trusted identities
.05:52:49.979 [error] local node self-trust was not added: node signing public-key artifact is absent — continuing with configured trusted identities
05:52:49.980 [error] local node self-trust was not added: node signing public-key artifact is absent — continuing with configured trusted identities
05:52:49.983 [error] local node self-trust was not added: node signing public-key artifact is absent — continuing with configured trusted identities
05:52:49.985 [error] local node self-trust was not added: node signing public-key artifact is absent — continuing with configured trusted identities
05:52:49.987 [error] local node self-trust was not added: node signing public-key artifact is absent — continuing with configured trusted identities
05:52:49.989 [error] local node self-trust was not added: node signing public-key artifact is absent — continuing with configured trusted identities
05:52:49.992 [error] local node self-trust was not added: node signing public-key artifact is absent — continuing with configured trusted identities
05:52:49.994 [error] local node self-trust was not added: node signing public-key artifact is absent — continuing with configured trusted identities
05:52:50.003 [error] local node self-trust was not added: node signing public-key artifact is absent — continuing with configured trusted identities
05:52:50.006 [error] local node self-trust was not added: node signing public-key artifact is absent — continuing with configured trusted identities
05:52:50.008 [error] local node self-trust was not added: node signing public-key artifact is absent — continuing with configured trusted identities
05:52:50.024 [error] local node self-trust was not added: node signing public-key artifact is absent — continuing with configured trusted identities
.05:52:50.037 [error] local node self-trust was not added: node signing public-key artifact is absent — continuing with configured trusted identities
05:52:50.038 [error] local node self-trust was not added: node signing public-key artifact is absent — continuing with configured trusted identities
05:52:50.040 [error] local node self-trust was not added: node signing public-key artifact is absent — continuing with configured trusted identities
05:52:50.042 [error] local node self-trust was not added: node signing public-key artifact is absent — continuing with configured trusted identities
05:52:50.044 [error] local node self-trust was not added: node signing public-key artifact is absent — continuing with configured trusted identities
05:52:50.045 [error] local node self-trust was not added: node signing public-key artifact is absent — continuing with configured trusted identities
05:52:50.048 [error] local node self-trust was not added: node signing public-key artifact is absent — continuing with configured trusted identities
05:52:50.050 [error] local node self-trust was not added: node signing public-key artifact is absent — continuing with configured trusted identities
05:52:50.053 [error] local node self-trust was not added: node signing public-key artifact is absent — continuing with configured trusted identities
05:52:50.055 [error] local node self-trust was not added: node signing public-key artifact is absent — continuing with configured trusted identities
05:52:50.058 [error] local node self-trust was not added: node signing public-key artifact is absent — continuing with configured trusted identities
05:52:50.062 [error] local node self-trust was not added: node signing public-key artifact is absent — continuing with configured trusted identities
05:52:50.071 [warning] flock failed on /tmp/cp_sync_export_854240/new.txt: :enoent, proceeding without lock
05:52:50.073 [warning] flock failed on /tmp/cp_sync_export_854240/notes/todo.txt: :enoent, proceeding without lock
05:52:50.092 [error] local node self-trust was not added: node signing public-key artifact is absent — continuing with configured trusted identities
.05:52:50.103 [error] local node self-trust was not added: node signing public-key artifact is absent — continuing with configured trusted identities
05:52:50.104 [error] local node self-trust was not added: node signing public-key artifact is absent — continuing with configured trusted identities
05:52:50.106 [error] local node self-trust was not added: node signing public-key artifact is absent — continuing with configured trusted identities
05:52:50.108 [error] local node self-trust was not added: node signing public-key artifact is absent — continuing with configured trusted identities
05:52:50.124 [error] local node self-trust was not added: node signing public-key artifact is absent — continuing with configured trusted identities
......05:52:50.283 [error] local node self-trust was not added: node signing public-key artifact is absent — continuing with configured trusted identities
05:52:50.329 [error] local node self-trust was not added: node signing public-key artifact is absent — continuing with configured trusted identities
.05:52:50.338 [error] local node self-trust was not added: node signing public-key artifact is absent — continuing with configured trusted identities
05:52:50.360 [warning] CommitStore: root attach DENIED by workspace profile doc_uuid=5927319d-2eb2-430b-9a85-b880477374d1 reason="workspace class 'minimal' does not accept root entry 'bd' — declared in profile"
05:52:50.378 [error] local node self-trust was not added: node signing public-key artifact is absent — continuing with configured trusted identities
.05:52:50.387 [error] local node self-trust was not added: node signing public-key artifact is absent — continuing with configured trusted identities
05:52:50.387 [error] local node self-trust was not added: node signing public-key artifact is absent — continuing with configured trusted identities
05:52:50.393 [error] local node self-trust was not added: node signing public-key artifact is absent — continuing with configured trusted identities
05:52:50.396 [error] local node self-trust was not added: node signing public-key artifact is absent — continuing with configured trusted identities
05:52:50.400 [warning] flock failed on /tmp/cp_rt_out_296474/special.txt: :enoent, proceeding without lock
05:52:50.421 [error] local node self-trust was not added: node signing public-key artifact is absent — continuing with configured trusted identities
.05:52:50.430 [error] local node self-trust was not added: node signing public-key artifact is absent — continuing with configured trusted identities
05:52:50.430 [error] local node self-trust was not added: node signing public-key artifact is absent — continuing with configured trusted identities
05:52:50.433 [error] local node self-trust was not added: node signing public-key artifact is absent — continuing with configured trusted identities
05:52:50.434 [error] local node self-trust was not added: node signing public-key artifact is absent — continuing with configured trusted identities
05:52:50.436 [error] local node self-trust was not added: node signing public-key artifact is absent — continuing with configured trusted identities
05:52:50.437 [error] local node self-trust was not added: node signing public-key artifact is absent — continuing with configured trusted identities
05:52:50.439 [error] local node self-trust was not added: node signing public-key artifact is absent — continuing with configured trusted identities
05:52:50.441 [error] local node self-trust was not added: node signing public-key artifact is absent — continuing with configured trusted identities
05:52:50.443 [error] local node self-trust was not added: node signing public-key artifact is absent — continuing with configured trusted identities
05:52:50.444 [error] local node self-trust was not added: node signing public-key artifact is absent — continuing with configured trusted identities
05:52:50.447 [warning] flock failed on /tmp/cp_rt_out_342308/docs/examples/hello.txt: :enoent, proceeding without lock
05:52:50.449 [warning] flock failed on /tmp/cp_rt_out_342308/docs/guide.txt: :enoent, proceeding without lock
05:52:50.452 [warning] flock failed on /tmp/cp_rt_out_342308/empty.txt: :enoent, proceeding without lock
05:52:50.454 [warning] flock failed on /tmp/cp_rt_out_342308/readme.txt: :enoent, proceeding without lock
05:52:50.471 [error] local node self-trust was not added: node signing public-key artifact is absent — continuing with configured trusted identities
.05:52:50.472 [error] local node self-trust was not added: node signing public-key artifact is absent — continuing with configured trusted identities
05:52:50.475 [error] local node self-trust was not added: node signing public-key artifact is absent — continuing with configured trusted identities
05:52:50.479 [error] local node self-trust was not added: node signing public-key artifact is absent — continuing with configured trusted identities
05:52:50.488 [error] local node self-trust was not added: node signing public-key artifact is absent — continuing with configured trusted identities
.05:52:50.491 [error] local node self-trust was not added: node signing public-key artifact is absent — continuing with configured trusted identities
05:52:50.495 [error] local node self-trust was not added: node signing public-key artifact is absent — continuing with configured trusted identities
05:52:50.498 [error] local node self-trust was not added: node signing public-key artifact is absent — continuing with configured trusted identities
05:52:50.501 [error] local node self-trust was not added: node signing public-key artifact is absent — continuing with configured trusted identities
.05:52:50.505 [error] local node self-trust was not added: node signing public-key artifact is absent — continuing with configured trusted identities
05:52:50.508 [error] local node self-trust was not added: node signing public-key artifact is absent — continuing with configured trusted identities
05:52:50.510 [error] local node self-trust was not added: node signing public-key artifact is absent — continuing with configured trusted identities
.05:52:50.517 [error] local node self-trust was not added: node signing public-key artifact is absent — continuing with configured trusted identities
05:52:50.523 [error] local node self-trust was not added: node signing public-key artifact is absent — continuing with configured trusted identities
05:52:50.526 [error] local node self-trust was not added: node signing public-key artifact is absent — continuing with configured trusted identities
05:52:50.529 [error] local node self-trust was not added: node signing public-key artifact is absent — continuing with configured trusted identities
05:52:50.531 [error] local node self-trust was not added: node signing public-key artifact is absent — continuing with configured trusted identities
05:52:50.534 [error] local node self-trust was not added: node signing public-key artifact is absent — continuing with configured trusted identities
05:52:50.536 [error] local node self-trust was not added: node signing public-key artifact is absent — continuing with configured trusted identities
.05:52:50.546 [error] local node self-trust was not added: node signing public-key artifact is absent — continuing with configured trusted identities
.05:52:50.552 [error] local node self-trust was not added: node signing public-key artifact is absent — continuing with configured trusted identities
05:52:50.556 [error] local node self-trust was not added: node signing public-key artifact is absent — continuing with configured trusted identities
05:52:50.559 [error] local node self-trust was not added: node signing public-key artifact is absent — continuing with configured trusted identities
05:52:50.561 [error] local node self-trust was not added: node signing public-key artifact is absent — continuing with configured trusted identities
05:52:50.564 [error] local node self-trust was not added: node signing public-key artifact is absent — continuing with configured trusted identities
05:52:50.566 [error] local node self-trust was not added: node signing public-key artifact is absent — continuing with configured trusted identities
05:52:50.568 [error] local node self-trust was not added: node signing public-key artifact is absent — continuing with configured trusted identities
.05:52:50.577 [error] local node self-trust was not added: node signing public-key artifact is absent — continuing with configured trusted identities
05:52:50.582 [error] local node self-trust was not added: node signing public-key artifact is absent — continuing with configured trusted identities
05:52:50.584 [error] local node self-trust was not added: node signing public-key artifact is absent — continuing with configured trusted identities
05:52:50.586 [error] local node self-trust was not added: node signing public-key artifact is absent — continuing with configured trusted identities
05:52:50.588 [error] local node self-trust was not added: node signing public-key artifact is absent — continuing with configured trusted identities
.05:52:50.600 [error] local node self-trust was not added: node signing public-key artifact is absent — continuing with configured trusted identities
05:52:50.601 [error] local node self-trust was not added: node signing public-key artifact is absent — continuing with configured trusted identities
05:52:50.603 [error] local node self-trust was not added: node signing public-key artifact is absent — continuing with configured trusted identities
05:52:50.604 [error] local node self-trust was not added: node signing public-key artifact is absent — continuing with configured trusted identities
05:52:50.606 [error] local node self-trust was not added: node signing public-key artifact is absent — continuing with configured trusted identities
05:52:50.608 [error] local node self-trust was not added: node signing public-key artifact is absent — continuing with configured trusted identities
05:52:50.610 [error] local node self-trust was not added: node signing public-key artifact is absent — continuing with configured trusted identities
05:52:50.612 [error] local node self-trust was not added: node signing public-key artifact is absent — continuing with configured trusted identities
05:52:50.631 [error] local node self-trust was not added: node signing public-key artifact is absent — continuing with configured trusted identities
.05:52:50.645 [error] local node self-trust was not added: node signing public-key artifact is absent — continuing with configured trusted identities
05:52:50.646 [error] local node self-trust was not added: node signing public-key artifact is absent — continuing with configured trusted identities
05:52:50.650 [error] local node self-trust was not added: node signing public-key artifact is absent — continuing with configured trusted identities
05:52:50.653 [error] local node self-trust was not added: node signing public-key artifact is absent — continuing with configured trusted identities
05:52:50.658 [error] local node self-trust was not added: node signing public-key artifact is absent — continuing with configured trusted identities
05:52:50.660 [error] local node self-trust was not added: node signing public-key artifact is absent — continuing with configured trusted identities
05:52:50.666 [error] local node self-trust was not added: node signing public-key artifact is absent — continuing with configured trusted identities
05:52:50.669 [error] local node self-trust was not added: node signing public-key artifact is absent — continuing with configured trusted identities
Current root: uuid-root
05:52:50.695 [error] local node self-trust was not added: node signing public-key artifact is absent — continuing with configured trusted identities
.05:52:50.704 [error] local node self-trust was not added: node signing public-key artifact is absent — continuing with configured trusted identities
05:52:50.705 [error] local node self-trust was not added: node signing public-key artifact is absent — continuing with configured trusted identities
05:52:50.707 [error] local node self-trust was not added: node signing public-key artifact is absent — continuing with configured trusted identities
05:52:50.709 [error] local node self-trust was not added: node signing public-key artifact is absent — continuing with configured trusted identities
05:52:50.711 [error] local node self-trust was not added: node signing public-key artifact is absent — continuing with configured trusted identities
05:52:50.713 [error] local node self-trust was not added: node signing public-key artifact is absent — continuing with configured trusted identities
05:52:50.715 [error] local node self-trust was not added: node signing public-key artifact is absent — continuing with configured trusted identities
05:52:50.717 [error] local node self-trust was not added: node signing public-key artifact is absent — continuing with configured trusted identities
05:52:50.720 [warning] flock failed on /tmp/cp_checkout_sync_510072/feature.txt: :enoent, proceeding without lock
05:52:50.738 [error] local node self-trust was not added: node signing public-key artifact is absent — continuing with configured trusted identities
.05:52:50.748 [error] local node self-trust was not added: node signing public-key artifact is absent — continuing with configured trusted identities
05:52:50.748 [error] local node self-trust was not added: node signing public-key artifact is absent — continuing with configured trusted identities
05:52:50.750 [error] local node self-trust was not added: node signing public-key artifact is absent — continuing with configured trusted identities
05:52:50.752 [error] local node self-trust was not added: node signing public-key artifact is absent — continuing with configured trusted identities
05:52:50.754 [error] local node self-trust was not added: node signing public-key artifact is absent — continuing with configured trusted identities
05:52:50.756 [error] local node self-trust was not added: node signing public-key artifact is absent — continuing with configured trusted identities
05:52:50.760 [error] local node self-trust was not added: node signing public-key artifact is absent — continuing with configured trusted identities
05:52:50.762 [error] local node self-trust was not added: node signing public-key artifact is absent — continuing with configured trusted identities
Re-rooted: uuid-root → uuid-main
Exporting from new root...
Done.
05:52:50.799 [error] local node self-trust was not added: node signing public-key artifact is absent — continuing with configured trusted identities
.05:52:50.812 [error] local node self-trust was not added: node signing public-key artifact is absent — continuing with configured trusted identities
05:52:50.813 [error] local node self-trust was not added: node signing public-key artifact is absent — continuing with configured trusted identities
05:52:50.816 [error] local node self-trust was not added: node signing public-key artifact is absent — continuing with configured trusted identities
05:52:50.818 [error] local node self-trust was not added: node signing public-key artifact is absent — continuing with configured trusted identities
05:52:50.821 [error] local node self-trust was not added: node signing public-key artifact is absent — continuing with configured trusted identities
05:52:50.824 [error] local node self-trust was not added: node signing public-key artifact is absent — continuing with configured trusted identities
05:52:50.827 [error] local node self-trust was not added: node signing public-key artifact is absent — continuing with configured trusted identities
05:52:50.830 [error] local node self-trust was not added: node signing public-key artifact is absent — continuing with configured trusted identities
05:52:50.835 [warning] flock failed on /tmp/cp_checkout_sync_248048/repos/myrepo/feature/feature.txt: :enoent, proceeding without lock
05:52:50.838 [warning] flock failed on /tmp/cp_checkout_sync_248048/repos/myrepo/main/readme.txt: :enoent, proceeding without lock
05:52:50.841 [warning] flock failed on /tmp/cp_checkout_sync_248048/readme.txt: :enoent, proceeding without lock
05:52:50.869 [error] local node self-trust was not added: node signing public-key artifact is absent — continuing with configured trusted identities
.05:52:50.881 [error] local node self-trust was not added: node signing public-key artifact is absent — continuing with configured trusted identities
05:52:50.881 [error] local node self-trust was not added: node signing public-key artifact is absent — continuing with configured trusted identities
05:52:50.908 [error] local node self-trust was not added: node signing public-key artifact is absent — continuing with configured trusted identities
.05:52:50.918 [error] local node self-trust was not added: node signing public-key artifact is absent — continuing with configured trusted identities
05:52:50.946 [error] local node self-trust was not added: node signing public-key artifact is absent — continuing with configured trusted identities
.05:52:50.957 [error] local node self-trust was not added: node signing public-key artifact is absent — continuing with configured trusted identities
05:52:50.958 [error] local node self-trust was not added: node signing public-key artifact is absent — continuing with configured trusted identities
05:52:50.962 [error] local node self-trust was not added: node signing public-key artifact is absent — continuing with configured trusted identities
05:52:50.965 [error] local node self-trust was not added: node signing public-key artifact is absent — continuing with configured trusted identities
05:52:50.968 [error] local node self-trust was not added: node signing public-key artifact is absent — continuing with configured trusted identities
05:52:50.994 [error] local node self-trust was not added: node signing public-key artifact is absent — continuing with configured trusted identities
.05:52:51.007 [error] local node self-trust was not added: node signing public-key artifact is absent — continuing with configured trusted identities
05:52:51.008 [error] local node self-trust was not added: node signing public-key artifact is absent — continuing with configured trusted identities
05:52:51.011 [error] local node self-trust was not added: node signing public-key artifact is absent — continuing with configured trusted identities
05:52:51.014 [error] local node self-trust was not added: node signing public-key artifact is absent — continuing with configured trusted identities
05:52:51.017 [error] local node self-trust was not added: node signing public-key artifact is absent — continuing with configured trusted identities
05:52:51.019 [error] local node self-trust was not added: node signing public-key artifact is absent — continuing with configured trusted identities
05:52:51.047 [error] local node self-trust was not added: node signing public-key artifact is absent — continuing with configured trusted identities
.05:52:51.060 [error] local node self-trust was not added: node signing public-key artifact is absent — continuing with configured trusted identities
05:52:51.061 [error] local node self-trust was not added: node signing public-key artifact is absent — continuing with configured trusted identities
05:52:51.065 [error] local node self-trust was not added: node signing public-key artifact is absent — continuing with configured trusted identities
05:52:51.071 [error] local node self-trust was not added: node signing public-key artifact is absent — continuing with configured trusted identities
05:52:51.097 [error] local node self-trust was not added: node signing public-key artifact is absent — continuing with configured trusted identities
.05:52:51.108 [error] local node self-trust was not added: node signing public-key artifact is absent — continuing with configured trusted identities
05:52:51.108 [error] local node self-trust was not added: node signing public-key artifact is absent — continuing with configured trusted identities
05:52:51.137 [error] local node self-trust was not added: node signing public-key artifact is absent — continuing with configured trusted identities
.05:52:51.150 [error] local node self-trust was not added: node signing public-key artifact is absent — continuing with configured trusted identities
05:52:51.151 [error] local node self-trust was not added: node signing public-key artifact is absent — continuing with configured trusted identities
05:52:51.154 [error] local node self-trust was not added: node signing public-key artifact is absent — continuing with configured trusted identities
05:52:51.158 [error] local node self-trust was not added: node signing public-key artifact is absent — continuing with configured trusted identities
05:52:51.161 [error] local node self-trust was not added: node signing public-key artifact is absent — continuing with configured trusted identities
05:52:51.164 [error] local node self-trust was not added: node signing public-key artifact is absent — continuing with configured trusted identities
05:52:51.166 [error] local node self-trust was not added: node signing public-key artifact is absent — continuing with configured trusted identities
05:52:51.169 [error] local node self-trust was not added: node signing public-key artifact is absent — continuing with configured trusted identities
05:52:51.172 [error] local node self-trust was not added: node signing public-key artifact is absent — continuing with configured trusted identities
05:52:51.195 [error] local node self-trust was not added: node signing public-key artifact is absent — continuing with configured trusted identities
................commonplace: :cx_a3fe_absent@commonplace (from /tmp/cx_x8jk_reach_failures_572408113/node_name) serves a DIFFERENT workspace — its data dir is "/other/data", not "/tmp/cx_x8jk_reach_failures_572408113". Ignoring it; that node_name file probably points at an orphan serve.
..
Finished in 5.1 seconds (2.0s async, 3.0s sync)
121 tests, 0 failures
real 6.99
user 6.32
sys 1.23
