==> commonplace
make: Nothing to be done for 'all'.
==> commonplace_cli
Running ExUnit with seed: 268024, max_cases: 8

........................................05:53:12.836 [error] local node self-trust was not added: node signing public-key artifact is absent — continuing with configured trusted identities
05:53:12.908 [error] local node self-trust was not added: node signing public-key artifact is absent — continuing with configured trusted identities
.05:53:12.918 [error] local node self-trust was not added: node signing public-key artifact is absent — continuing with configured trusted identities
05:53:12.963 [warning] CommitStore: root attach DENIED by workspace profile doc_uuid=37f58b75-7108-4340-b3b9-dfe971ee7779 reason="workspace class 'minimal' does not accept root entry 'bd' — declared in profile"
05:53:12.990 [error] local node self-trust was not added: node signing public-key artifact is absent — continuing with configured trusted identities
.05:53:12.998 [error] local node self-trust was not added: node signing public-key artifact is absent — continuing with configured trusted identities
05:53:12.999 [error] local node self-trust was not added: node signing public-key artifact is absent — continuing with configured trusted identities
05:53:13.022 [error] local node self-trust was not added: node signing public-key artifact is absent — continuing with configured trusted identities
.05:53:13.033 [error] local node self-trust was not added: node signing public-key artifact is absent — continuing with configured trusted identities
05:53:13.033 [error] local node self-trust was not added: node signing public-key artifact is absent — continuing with configured trusted identities
05:53:13.036 [error] local node self-trust was not added: node signing public-key artifact is absent — continuing with configured trusted identities
05:53:13.040 [error] local node self-trust was not added: node signing public-key artifact is absent — continuing with configured trusted identities
05:53:13.042 [error] local node self-trust was not added: node signing public-key artifact is absent — continuing with configured trusted identities
05:53:13.044 [error] local node self-trust was not added: node signing public-key artifact is absent — continuing with configured trusted identities
05:53:13.046 [error] local node self-trust was not added: node signing public-key artifact is absent — continuing with configured trusted identities
05:53:13.048 [error] local node self-trust was not added: node signing public-key artifact is absent — continuing with configured trusted identities
05:53:13.050 [error] local node self-trust was not added: node signing public-key artifact is absent — continuing with configured trusted identities
05:53:13.074 [error] local node self-trust was not added: node signing public-key artifact is absent — continuing with configured trusted identities
.05:53:13.086 [error] local node self-trust was not added: node signing public-key artifact is absent — continuing with configured trusted identities
05:53:13.129 [error] local node self-trust was not added: node signing public-key artifact is absent — continuing with configured trusted identities
.05:53:13.147 [error] local node self-trust was not added: node signing public-key artifact is absent — continuing with configured trusted identities
05:53:13.148 [error] local node self-trust was not added: node signing public-key artifact is absent — continuing with configured trusted identities
05:53:13.154 [error] local node self-trust was not added: node signing public-key artifact is absent — continuing with configured trusted identities
05:53:13.157 [error] local node self-trust was not added: node signing public-key artifact is absent — continuing with configured trusted identities
05:53:13.159 [error] local node self-trust was not added: node signing public-key artifact is absent — continuing with configured trusted identities
05:53:13.162 [error] local node self-trust was not added: node signing public-key artifact is absent — continuing with configured trusted identities
05:53:13.184 [error] local node self-trust was not added: node signing public-key artifact is absent — continuing with configured trusted identities
.05:53:13.192 [error] local node self-trust was not added: node signing public-key artifact is absent — continuing with configured trusted identities
05:53:13.192 [error] local node self-trust was not added: node signing public-key artifact is absent — continuing with configured trusted identities
05:53:13.195 [error] local node self-trust was not added: node signing public-key artifact is absent — continuing with configured trusted identities
05:53:13.197 [error] local node self-trust was not added: node signing public-key artifact is absent — continuing with configured trusted identities
05:53:13.227 [error] local node self-trust was not added: node signing public-key artifact is absent — continuing with configured trusted identities
.05:53:13.239 [error] local node self-trust was not added: node signing public-key artifact is absent — continuing with configured trusted identities
05:53:13.239 [error] local node self-trust was not added: node signing public-key artifact is absent — continuing with configured trusted identities
05:53:13.263 [error] local node self-trust was not added: node signing public-key artifact is absent — continuing with configured trusted identities
.05:53:13.272 [error] local node self-trust was not added: node signing public-key artifact is absent — continuing with configured trusted identities
05:53:13.273 [error] local node self-trust was not added: node signing public-key artifact is absent — continuing with configured trusted identities
05:53:13.275 [error] local node self-trust was not added: node signing public-key artifact is absent — continuing with configured trusted identities
05:53:13.277 [error] local node self-trust was not added: node signing public-key artifact is absent — continuing with configured trusted identities
05:53:13.279 [error] local node self-trust was not added: node signing public-key artifact is absent — continuing with configured trusted identities
05:53:13.303 [error] local node self-trust was not added: node signing public-key artifact is absent — continuing with configured trusted identities
.....commonplace: :cx_a3fe_absent@commonplace (from /tmp/cx_x8jk_reach_failures_246114424/node_name) serves a DIFFERENT workspace — its data dir is "/other/data", not "/tmp/cx_x8jk_reach_failures_246114424". Ignoring it; that node_name file probably points at an orphan serve.
.............05:53:13.839 [error] local node self-trust was not added: node signing public-key artifact is absent — continuing with configured trusted identities
05:53:13.840 [error] local node self-trust was not added: node signing public-key artifact is absent — continuing with configured trusted identities
05:53:13.842 [error] local node self-trust was not added: node signing public-key artifact is absent — continuing with configured trusted identities
05:53:13.843 [error] local node self-trust was not added: node signing public-key artifact is absent — continuing with configured trusted identities
05:53:13.845 [error] local node self-trust was not added: node signing public-key artifact is absent — continuing with configured trusted identities
05:53:13.846 [error] local node self-trust was not added: node signing public-key artifact is absent — continuing with configured trusted identities
05:53:13.848 [error] local node self-trust was not added: node signing public-key artifact is absent — continuing with configured trusted identities
05:53:13.850 [error] local node self-trust was not added: node signing public-key artifact is absent — continuing with configured trusted identities
05:53:13.856 [warning] flock failed on /tmp/cp_checkout_sync_456580/repos/myrepo/feature/feature.txt: :enoent, proceeding without lock
05:53:13.859 [warning] flock failed on /tmp/cp_checkout_sync_456580/repos/myrepo/main/readme.txt: :enoent, proceeding without lock
05:53:13.861 [warning] flock failed on /tmp/cp_checkout_sync_456580/readme.txt: :enoent, proceeding without lock
05:53:13.883 [error] local node self-trust was not added: node signing public-key artifact is absent — continuing with configured trusted identities
.05:53:13.894 [error] local node self-trust was not added: node signing public-key artifact is absent — continuing with configured trusted identities
05:53:13.895 [error] local node self-trust was not added: node signing public-key artifact is absent — continuing with configured trusted identities
05:53:13.897 [error] local node self-trust was not added: node signing public-key artifact is absent — continuing with configured trusted identities
05:53:13.899 [error] local node self-trust was not added: node signing public-key artifact is absent — continuing with configured trusted identities
05:53:13.900 [error] local node self-trust was not added: node signing public-key artifact is absent — continuing with configured trusted identities
05:53:13.902 [error] local node self-trust was not added: node signing public-key artifact is absent — continuing with configured trusted identities
05:53:13.904 [error] local node self-trust was not added: node signing public-key artifact is absent — continuing with configured trusted identities
05:53:13.906 [error] local node self-trust was not added: node signing public-key artifact is absent — continuing with configured trusted identities
05:53:13.925 [error] local node self-trust was not added: node signing public-key artifact is absent — continuing with configured trusted identities
.05:53:13.934 [error] local node self-trust was not added: node signing public-key artifact is absent — continuing with configured trusted identities
05:53:13.936 [error] local node self-trust was not added: node signing public-key artifact is absent — continuing with configured trusted identities
05:53:13.939 [error] local node self-trust was not added: node signing public-key artifact is absent — continuing with configured trusted identities
05:53:13.942 [error] local node self-trust was not added: node signing public-key artifact is absent — continuing with configured trusted identities
05:53:13.944 [error] local node self-trust was not added: node signing public-key artifact is absent — continuing with configured trusted identities
05:53:13.946 [error] local node self-trust was not added: node signing public-key artifact is absent — continuing with configured trusted identities
05:53:13.949 [error] local node self-trust was not added: node signing public-key artifact is absent — continuing with configured trusted identities
05:53:13.951 [error] local node self-trust was not added: node signing public-key artifact is absent — continuing with configured trusted identities
05:53:13.957 [warning] flock failed on /tmp/cp_checkout_sync_17331/feature.txt: :enoent, proceeding without lock
05:53:13.979 [error] local node self-trust was not added: node signing public-key artifact is absent — continuing with configured trusted identities
.05:53:13.991 [error] local node self-trust was not added: node signing public-key artifact is absent — continuing with configured trusted identities
05:53:13.993 [error] local node self-trust was not added: node signing public-key artifact is absent — continuing with configured trusted identities
05:53:13.995 [error] local node self-trust was not added: node signing public-key artifact is absent — continuing with configured trusted identities
05:53:13.997 [error] local node self-trust was not added: node signing public-key artifact is absent — continuing with configured trusted identities
05:53:13.999 [error] local node self-trust was not added: node signing public-key artifact is absent — continuing with configured trusted identities
05:53:14.001 [error] local node self-trust was not added: node signing public-key artifact is absent — continuing with configured trusted identities
05:53:14.003 [error] local node self-trust was not added: node signing public-key artifact is absent — continuing with configured trusted identities
05:53:14.005 [error] local node self-trust was not added: node signing public-key artifact is absent — continuing with configured trusted identities
Re-rooted: uuid-root → uuid-main
Exporting from new root...
Done.
05:53:14.031 [error] local node self-trust was not added: node signing public-key artifact is absent — continuing with configured trusted identities
.05:53:14.042 [error] local node self-trust was not added: node signing public-key artifact is absent — continuing with configured trusted identities
05:53:14.043 [error] local node self-trust was not added: node signing public-key artifact is absent — continuing with configured trusted identities
05:53:14.045 [error] local node self-trust was not added: node signing public-key artifact is absent — continuing with configured trusted identities
05:53:14.046 [error] local node self-trust was not added: node signing public-key artifact is absent — continuing with configured trusted identities
05:53:14.048 [error] local node self-trust was not added: node signing public-key artifact is absent — continuing with configured trusted identities
05:53:14.050 [error] local node self-trust was not added: node signing public-key artifact is absent — continuing with configured trusted identities
05:53:14.052 [error] local node self-trust was not added: node signing public-key artifact is absent — continuing with configured trusted identities
05:53:14.054 [error] local node self-trust was not added: node signing public-key artifact is absent — continuing with configured trusted identities
Current root: uuid-root
05:53:14.075 [error] local node self-trust was not added: node signing public-key artifact is absent — continuing with configured trusted identities
.05:53:14.080 [error] local node self-trust was not added: node signing public-key artifact is absent — continuing with configured trusted identities
.05:53:14.090 [error] local node self-trust was not added: node signing public-key artifact is absent — continuing with configured trusted identities
05:53:14.092 [error] local node self-trust was not added: node signing public-key artifact is absent — continuing with configured trusted identities
05:53:14.094 [error] local node self-trust was not added: node signing public-key artifact is absent — continuing with configured trusted identities
05:53:14.104 [error] local node self-trust was not added: node signing public-key artifact is absent — continuing with configured trusted identities
.05:53:14.110 [error] local node self-trust was not added: node signing public-key artifact is absent — continuing with configured trusted identities
05:53:14.113 [error] local node self-trust was not added: node signing public-key artifact is absent — continuing with configured trusted identities
05:53:14.115 [error] local node self-trust was not added: node signing public-key artifact is absent — continuing with configured trusted identities
.05:53:14.122 [error] local node self-trust was not added: node signing public-key artifact is absent — continuing with configured trusted identities
05:53:14.124 [error] local node self-trust was not added: node signing public-key artifact is absent — continuing with configured trusted identities
05:53:14.125 [error] local node self-trust was not added: node signing public-key artifact is absent — continuing with configured trusted identities
05:53:14.127 [error] local node self-trust was not added: node signing public-key artifact is absent — continuing with configured trusted identities
.05:53:14.135 [error] local node self-trust was not added: node signing public-key artifact is absent — continuing with configured trusted identities
05:53:14.137 [error] local node self-trust was not added: node signing public-key artifact is absent — continuing with configured trusted identities
05:53:14.140 [error] local node self-trust was not added: node signing public-key artifact is absent — continuing with configured trusted identities
05:53:14.142 [error] local node self-trust was not added: node signing public-key artifact is absent — continuing with configured trusted identities
05:53:14.144 [error] local node self-trust was not added: node signing public-key artifact is absent — continuing with configured trusted identities
......05:53:14.160 [error] local node self-trust was not added: node signing public-key artifact is absent — continuing with configured trusted identities
..05:53:14.176 [error] local node self-trust was not added: node signing public-key artifact is absent — continuing with configured trusted identities
.05:53:14.185 [error] local node self-trust was not added: node signing public-key artifact is absent — continuing with configured trusted identities
.05:53:14.200 [error] local node self-trust was not added: node signing public-key artifact is absent — continuing with configured trusted identities
05:53:14.202 [error] local node self-trust was not added: node signing public-key artifact is absent — continuing with configured trusted identities
05:53:14.211 [error] local node self-trust was not added: node signing public-key artifact is absent — continuing with configured trusted identities
05:53:14.216 [error] local node self-trust was not added: node signing public-key artifact is absent — continuing with configured trusted identities
05:53:14.260 [error] local node self-trust was not added: node signing public-key artifact is absent — continuing with configured trusted identities
.05:53:14.279 [error] local node self-trust was not added: node signing public-key artifact is absent — continuing with configured trusted identities
05:53:14.279 [error] local node self-trust was not added: node signing public-key artifact is absent — continuing with configured trusted identities
05:53:14.281 [error] local node self-trust was not added: node signing public-key artifact is absent — continuing with configured trusted identities
05:53:14.283 [error] local node self-trust was not added: node signing public-key artifact is absent — continuing with configured trusted identities
05:53:14.309 [error] local node self-trust was not added: node signing public-key artifact is absent — continuing with configured trusted identities
.05:53:14.317 [error] local node self-trust was not added: node signing public-key artifact is absent — continuing with configured trusted identities
05:53:14.318 [error] local node self-trust was not added: node signing public-key artifact is absent — continuing with configured trusted identities
05:53:14.320 [error] local node self-trust was not added: node signing public-key artifact is absent — continuing with configured trusted identities
05:53:14.322 [error] local node self-trust was not added: node signing public-key artifact is absent — continuing with configured trusted identities
05:53:14.324 [error] local node self-trust was not added: node signing public-key artifact is absent — continuing with configured trusted identities
05:53:14.326 [error] local node self-trust was not added: node signing public-key artifact is absent — continuing with configured trusted identities
05:53:14.327 [error] local node self-trust was not added: node signing public-key artifact is absent — continuing with configured trusted identities
05:53:14.329 [error] local node self-trust was not added: node signing public-key artifact is absent — continuing with configured trusted identities
05:53:14.334 [error] local node self-trust was not added: node signing public-key artifact is absent — continuing with configured trusted identities
05:53:14.336 [error] local node self-trust was not added: node signing public-key artifact is absent — continuing with configured trusted identities
05:53:14.339 [error] local node self-trust was not added: node signing public-key artifact is absent — continuing with configured trusted identities
05:53:14.358 [error] local node self-trust was not added: node signing public-key artifact is absent — continuing with configured trusted identities
.05:53:14.366 [error] local node self-trust was not added: node signing public-key artifact is absent — continuing with configured trusted identities
05:53:14.367 [error] local node self-trust was not added: node signing public-key artifact is absent — continuing with configured trusted identities
05:53:14.369 [error] local node self-trust was not added: node signing public-key artifact is absent — continuing with configured trusted identities
05:53:14.371 [error] local node self-trust was not added: node signing public-key artifact is absent — continuing with configured trusted identities
05:53:14.373 [error] local node self-trust was not added: node signing public-key artifact is absent — continuing with configured trusted identities
05:53:14.375 [error] local node self-trust was not added: node signing public-key artifact is absent — continuing with configured trusted identities
05:53:14.377 [error] local node self-trust was not added: node signing public-key artifact is absent — continuing with configured trusted identities
05:53:14.379 [error] local node self-trust was not added: node signing public-key artifact is absent — continuing with configured trusted identities
05:53:14.382 [error] local node self-trust was not added: node signing public-key artifact is absent — continuing with configured trusted identities
05:53:14.384 [error] local node self-trust was not added: node signing public-key artifact is absent — continuing with configured trusted identities
05:53:14.387 [error] local node self-trust was not added: node signing public-key artifact is absent — continuing with configured trusted identities
05:53:14.391 [error] local node self-trust was not added: node signing public-key artifact is absent — continuing with configured trusted identities
05:53:14.393 [warning] flock failed on /tmp/cp_sync_export_54250/new.txt: :enoent, proceeding without lock
05:53:14.395 [warning] flock failed on /tmp/cp_sync_export_54250/notes/todo.txt: :enoent, proceeding without lock
05:53:14.417 [error] local node self-trust was not added: node signing public-key artifact is absent — continuing with configured trusted identities
.05:53:14.422 [error] local node self-trust was not added: node signing public-key artifact is absent — continuing with configured trusted identities
05:53:14.426 [error] local node self-trust was not added: node signing public-key artifact is absent — continuing with configured trusted identities
05:53:14.428 [error] local node self-trust was not added: node signing public-key artifact is absent — continuing with configured trusted identities
05:53:14.434 [error] local node self-trust was not added: node signing public-key artifact is absent — continuing with configured trusted identities
05:53:14.436 [error] local node self-trust was not added: node signing public-key artifact is absent — continuing with configured trusted identities
.05:53:14.445 [error] local node self-trust was not added: node signing public-key artifact is absent — continuing with configured trusted identities
05:53:14.449 [error] local node self-trust was not added: node signing public-key artifact is absent — continuing with configured trusted identities
05:53:14.451 [error] local node self-trust was not added: node signing public-key artifact is absent — continuing with configured trusted identities
05:53:14.453 [error] local node self-trust was not added: node signing public-key artifact is absent — continuing with configured trusted identities
05:53:14.455 [error] local node self-trust was not added: node signing public-key artifact is absent — continuing with configured trusted identities
05:53:14.458 [error] local node self-trust was not added: node signing public-key artifact is absent — continuing with configured trusted identities
05:53:14.460 [error] local node self-trust was not added: node signing public-key artifact is absent — continuing with configured trusted identities
.05:53:14.467 [error] local node self-trust was not added: node signing public-key artifact is absent — continuing with configured trusted identities
.05:53:14.475 [error] local node self-trust was not added: node signing public-key artifact is absent — continuing with configured trusted identities
05:53:14.477 [error] local node self-trust was not added: node signing public-key artifact is absent — continuing with configured trusted identities
05:53:14.479 [error] local node self-trust was not added: node signing public-key artifact is absent — continuing with configured trusted identities
05:53:14.482 [error] local node self-trust was not added: node signing public-key artifact is absent — continuing with configured trusted identities
05:53:14.484 [error] local node self-trust was not added: node signing public-key artifact is absent — continuing with configured trusted identities
05:53:14.486 [error] local node self-trust was not added: node signing public-key artifact is absent — continuing with configured trusted identities
05:53:14.489 [error] local node self-trust was not added: node signing public-key artifact is absent — continuing with configured trusted identities
.05:53:14.496 [error] local node self-trust was not added: node signing public-key artifact is absent — continuing with configured trusted identities
.05:53:14.511 [error] local node self-trust was not added: node signing public-key artifact is absent — continuing with configured trusted identities
05:53:14.513 [error] local node self-trust was not added: node signing public-key artifact is absent — continuing with configured trusted identities
05:53:14.516 [error] local node self-trust was not added: node signing public-key artifact is absent — continuing with configured trusted identities
05:53:14.518 [error] local node self-trust was not added: node signing public-key artifact is absent — continuing with configured trusted identities
05:53:14.520 [error] local node self-trust was not added: node signing public-key artifact is absent — continuing with configured trusted identities
05:53:14.521 [error] local node self-trust was not added: node signing public-key artifact is absent — continuing with configured trusted identities
05:53:14.523 [error] local node self-trust was not added: node signing public-key artifact is absent — continuing with configured trusted identities
05:53:14.525 [error] local node self-trust was not added: node signing public-key artifact is absent — continuing with configured trusted identities
05:53:14.527 [error] local node self-trust was not added: node signing public-key artifact is absent — continuing with configured trusted identities
05:53:14.530 [error] local node self-trust was not added: node signing public-key artifact is absent — continuing with configured trusted identities
05:53:14.533 [error] local node self-trust was not added: node signing public-key artifact is absent — continuing with configured trusted identities
05:53:14.542 [error] local node self-trust was not added: node signing public-key artifact is absent — continuing with configured trusted identities
05:53:14.544 [error] local node self-trust was not added: node signing public-key artifact is absent — continuing with configured trusted identities
05:53:14.546 [error] local node self-trust was not added: node signing public-key artifact is absent — continuing with configured trusted identities
05:53:14.549 [error] local node self-trust was not added: node signing public-key artifact is absent — continuing with configured trusted identities
05:53:14.551 [error] local node self-trust was not added: node signing public-key artifact is absent — continuing with configured trusted identities
05:53:14.557 [error] local node self-trust was not added: node signing public-key artifact is absent — continuing with configured trusted identities
05:53:14.560 [error] local node self-trust was not added: node signing public-key artifact is absent — continuing with configured trusted identities
05:53:14.562 [error] local node self-trust was not added: node signing public-key artifact is absent — continuing with configured trusted identities
05:53:14.564 [error] local node self-trust was not added: node signing public-key artifact is absent — continuing with configured trusted identities
05:53:14.566 [error] local node self-trust was not added: node signing public-key artifact is absent — continuing with configured trusted identities
05:53:14.569 [error] local node self-trust was not added: node signing public-key artifact is absent — continuing with configured trusted identities
.05:53:14.585 [error] local node self-trust was not added: node signing public-key artifact is absent — continuing with configured trusted identities
05:53:14.587 [error] local node self-trust was not added: node signing public-key artifact is absent — continuing with configured trusted identities
05:53:14.589 [error] local node self-trust was not added: node signing public-key artifact is absent — continuing with configured trusted identities
05:53:14.590 [error] local node self-trust was not added: node signing public-key artifact is absent — continuing with configured trusted identities
05:53:14.592 [error] local node self-trust was not added: node signing public-key artifact is absent — continuing with configured trusted identities
05:53:14.594 [error] local node self-trust was not added: node signing public-key artifact is absent — continuing with configured trusted identities
05:53:14.596 [error] local node self-trust was not added: node signing public-key artifact is absent — continuing with configured trusted identities
05:53:14.598 [error] local node self-trust was not added: node signing public-key artifact is absent — continuing with configured trusted identities
05:53:14.602 [error] local node self-trust was not added: node signing public-key artifact is absent — continuing with configured trusted identities
05:53:14.604 [error] local node self-trust was not added: node signing public-key artifact is absent — continuing with configured trusted identities
05:53:14.608 [error] local node self-trust was not added: node signing public-key artifact is absent — continuing with configured trusted identities
05:53:14.617 [error] local node self-trust was not added: node signing public-key artifact is absent — continuing with configured trusted identities
05:53:14.620 [error] local node self-trust was not added: node signing public-key artifact is absent — continuing with configured trusted identities
05:53:14.621 [error] local node self-trust was not added: node signing public-key artifact is absent — continuing with configured trusted identities
05:53:14.624 [error] local node self-trust was not added: node signing public-key artifact is absent — continuing with configured trusted identities
05:53:14.627 [error] local node self-trust was not added: node signing public-key artifact is absent — continuing with configured trusted identities
05:53:14.631 [error] local node self-trust was not added: node signing public-key artifact is absent — continuing with configured trusted identities
05:53:14.635 [error] local node self-trust was not added: node signing public-key artifact is absent — continuing with configured trusted identities
05:53:14.638 [error] local node self-trust was not added: node signing public-key artifact is absent — continuing with configured trusted identities
05:53:14.642 [error] local node self-trust was not added: node signing public-key artifact is absent — continuing with configured trusted identities
05:53:14.646 [error] local node self-trust was not added: node signing public-key artifact is absent — continuing with configured trusted identities
.05:53:14.661 [error] local node self-trust was not added: node signing public-key artifact is absent — continuing with configured trusted identities
.05:53:14.683 [error] local node self-trust was not added: node signing public-key artifact is absent — continuing with configured trusted identities
05:53:14.689 [error] local node self-trust was not added: node signing public-key artifact is absent — continuing with configured trusted identities
05:53:14.705 [error] local node self-trust was not added: node signing public-key artifact is absent — continuing with configured trusted identities
05:53:14.710 [error] local node self-trust was not added: node signing public-key artifact is absent — continuing with configured trusted identities
05:53:14.713 [error] local node self-trust was not added: node signing public-key artifact is absent — continuing with configured trusted identities
05:53:14.716 [error] local node self-trust was not added: node signing public-key artifact is absent — continuing with configured trusted identities
05:53:14.725 [error] local node self-trust was not added: node signing public-key artifact is absent — continuing with configured trusted identities
05:53:14.729 [error] local node self-trust was not added: node signing public-key artifact is absent — continuing with configured trusted identities
05:53:14.733 [error] local node self-trust was not added: node signing public-key artifact is absent — continuing with configured trusted identities
05:53:14.736 [error] local node self-trust was not added: node signing public-key artifact is absent — continuing with configured trusted identities
05:53:14.740 [error] local node self-trust was not added: node signing public-key artifact is absent — continuing with configured trusted identities
05:53:14.746 [error] local node self-trust was not added: node signing public-key artifact is absent — continuing with configured trusted identities
05:53:14.751 [error] local node self-trust was not added: node signing public-key artifact is absent — continuing with configured trusted identities
05:53:14.757 [error] local node self-trust was not added: node signing public-key artifact is absent — continuing with configured trusted identities
05:53:14.760 [error] local node self-trust was not added: node signing public-key artifact is absent — continuing with configured trusted identities
05:53:14.764 [error] local node self-trust was not added: node signing public-key artifact is absent — continuing with configured trusted identities
.05:53:14.779 [error] local node self-trust was not added: node signing public-key artifact is absent — continuing with configured trusted identities
.05:53:14.795 [error] local node self-trust was not added: node signing public-key artifact is absent — continuing with configured trusted identities
.05:53:14.806 [error] local node self-trust was not added: node signing public-key artifact is absent — continuing with configured trusted identities
.05:53:14.814 [error] local node self-trust was not added: node signing public-key artifact is absent — continuing with configured trusted identities
05:53:14.816 [error] local node self-trust was not added: node signing public-key artifact is absent — continuing with configured trusted identities
05:53:14.819 [error] local node self-trust was not added: node signing public-key artifact is absent — continuing with configured trusted identities
05:53:14.821 [error] local node self-trust was not added: node signing public-key artifact is absent — continuing with configured trusted identities
05:53:14.825 [error] local node self-trust was not added: node signing public-key artifact is absent — continuing with configured trusted identities
05:53:14.828 [error] local node self-trust was not added: node signing public-key artifact is absent — continuing with configured trusted identities
05:53:14.830 [error] local node self-trust was not added: node signing public-key artifact is absent — continuing with configured trusted identities
05:53:14.832 [error] local node self-trust was not added: node signing public-key artifact is absent — continuing with configured trusted identities
05:53:14.835 [error] local node self-trust was not added: node signing public-key artifact is absent — continuing with configured trusted identities
05:53:14.839 [error] local node self-trust was not added: node signing public-key artifact is absent — continuing with configured trusted identities
05:53:14.844 [error] local node self-trust was not added: node signing public-key artifact is absent — continuing with configured trusted identities
05:53:14.850 [error] local node self-trust was not added: node signing public-key artifact is absent — continuing with configured trusted identities
05:53:14.854 [error] local node self-trust was not added: node signing public-key artifact is absent — continuing with configured trusted identities
05:53:14.857 [error] local node self-trust was not added: node signing public-key artifact is absent — continuing with configured trusted identities
05:53:14.859 [error] local node self-trust was not added: node signing public-key artifact is absent — continuing with configured trusted identities
05:53:14.862 [error] local node self-trust was not added: node signing public-key artifact is absent — continuing with configured trusted identities
05:53:14.883 [error] local node self-trust was not added: node signing public-key artifact is absent — continuing with configured trusted identities
.05:53:14.892 [error] local node self-trust was not added: node signing public-key artifact is absent — continuing with configured trusted identities
05:53:14.894 [error] local node self-trust was not added: node signing public-key artifact is absent — continuing with configured trusted identities
05:53:14.896 [error] local node self-trust was not added: node signing public-key artifact is absent — continuing with configured trusted identities
05:53:14.899 [error] local node self-trust was not added: node signing public-key artifact is absent — continuing with configured trusted identities
05:53:14.901 [error] local node self-trust was not added: node signing public-key artifact is absent — continuing with configured trusted identities
05:53:14.904 [error] local node self-trust was not added: node signing public-key artifact is absent — continuing with configured trusted identities
05:53:14.906 [error] local node self-trust was not added: node signing public-key artifact is absent — continuing with configured trusted identities
05:53:14.909 [error] local node self-trust was not added: node signing public-key artifact is absent — continuing with configured trusted identities
05:53:14.911 [error] local node self-trust was not added: node signing public-key artifact is absent — continuing with configured trusted identities
05:53:14.914 [error] local node self-trust was not added: node signing public-key artifact is absent — continuing with configured trusted identities
05:53:14.918 [error] local node self-trust was not added: node signing public-key artifact is absent — continuing with configured trusted identities
.05:53:14.926 [error] local node self-trust was not added: node signing public-key artifact is absent — continuing with configured trusted identities
05:53:14.928 [error] local node self-trust was not added: node signing public-key artifact is absent — continuing with configured trusted identities
.05:53:14.936 [error] local node self-trust was not added: node signing public-key artifact is absent — continuing with configured trusted identities
05:53:14.940 [error] local node self-trust was not added: node signing public-key artifact is absent — continuing with configured trusted identities
.05:53:14.948 [error] local node self-trust was not added: node signing public-key artifact is absent — continuing with configured trusted identities
05:53:14.953 [error] local node self-trust was not added: node signing public-key artifact is absent — continuing with configured trusted identities
.05:53:14.972 [error] local node self-trust was not added: node signing public-key artifact is absent — continuing with configured trusted identities
05:53:14.972 [error] local node self-trust was not added: node signing public-key artifact is absent — continuing with configured trusted identities
05:53:14.975 [error] local node self-trust was not added: node signing public-key artifact is absent — continuing with configured trusted identities
05:53:14.977 [error] local node self-trust was not added: node signing public-key artifact is absent — continuing with configured trusted identities
05:53:14.979 [warning] flock failed on /tmp/cp_rt_out_889502/special.txt: :enoent, proceeding without lock
05:53:15.008 [error] local node self-trust was not added: node signing public-key artifact is absent — continuing with configured trusted identities
.05:53:15.021 [error] local node self-trust was not added: node signing public-key artifact is absent — continuing with configured trusted identities
05:53:15.021 [error] local node self-trust was not added: node signing public-key artifact is absent — continuing with configured trusted identities
05:53:15.024 [error] local node self-trust was not added: node signing public-key artifact is absent — continuing with configured trusted identities
05:53:15.026 [error] local node self-trust was not added: node signing public-key artifact is absent — continuing with configured trusted identities
05:53:15.028 [error] local node self-trust was not added: node signing public-key artifact is absent — continuing with configured trusted identities
05:53:15.030 [error] local node self-trust was not added: node signing public-key artifact is absent — continuing with configured trusted identities
05:53:15.033 [error] local node self-trust was not added: node signing public-key artifact is absent — continuing with configured trusted identities
05:53:15.036 [error] local node self-trust was not added: node signing public-key artifact is absent — continuing with configured trusted identities
05:53:15.038 [error] local node self-trust was not added: node signing public-key artifact is absent — continuing with configured trusted identities
05:53:15.040 [error] local node self-trust was not added: node signing public-key artifact is absent — continuing with configured trusted identities
05:53:15.045 [warning] flock failed on /tmp/cp_rt_out_787766/docs/examples/hello.txt: :enoent, proceeding without lock
05:53:15.047 [warning] flock failed on /tmp/cp_rt_out_787766/docs/guide.txt: :enoent, proceeding without lock
05:53:15.049 [warning] flock failed on /tmp/cp_rt_out_787766/empty.txt: :enoent, proceeding without lock
05:53:15.050 [warning] flock failed on /tmp/cp_rt_out_787766/readme.txt: :enoent, proceeding without lock
05:53:15.080 [error] local node self-trust was not added: node signing public-key artifact is absent — continuing with configured trusted identities
.05:53:15.135 [error] local node self-trust was not added: node signing public-key artifact is absent — continuing with configured trusted identities
05:53:15.245 [error] local node self-trust was not added: node signing public-key artifact is absent — continuing with configured trusted identities
.05:53:15.358 [error] local node self-trust was not added: node signing public-key artifact is absent — continuing with configured trusted identities
.05:53:15.470 [error] local node self-trust was not added: node signing public-key artifact is absent — continuing with configured trusted identities
.05:53:15.580 [error] local node self-trust was not added: node signing public-key artifact is absent — continuing with configured trusted identities
.05:53:15.637 [error] local node self-trust was not added: node signing public-key artifact is absent — continuing with configured trusted identities
05:53:15.642 [error] local node self-trust was not added: node signing public-key artifact is absent — continuing with configured trusted identities
05:53:15.646 [error] local node self-trust was not added: node signing public-key artifact is absent — continuing with configured trusted identities
.05:53:15.654 [error] local node self-trust was not added: node signing public-key artifact is absent — continuing with configured trusted identities
05:53:15.662 [error] local node self-trust was not added: node signing public-key artifact is absent — continuing with configured trusted identities
05:53:15.667 [error] local node self-trust was not added: node signing public-key artifact is absent — continuing with configured trusted identities
05:53:15.675 [error] local node self-trust was not added: node signing public-key artifact is absent — continuing with configured trusted identities
.05:53:15.678 [error] local node self-trust was not added: node signing public-key artifact is absent — continuing with configured trusted identities
05:53:15.680 [error] local node self-trust was not added: node signing public-key artifact is absent — continuing with configured trusted identities
05:53:15.683 [error] local node self-trust was not added: node signing public-key artifact is absent — continuing with configured trusted identities
05:53:15.688 [error] local node self-trust was not added: node signing public-key artifact is absent — continuing with configured trusted identities
.05:53:15.693 [error] local node self-trust was not added: node signing public-key artifact is absent — continuing with configured trusted identities
.05:53:15.701 [error] local node self-trust was not added: node signing public-key artifact is absent — continuing with configured trusted identities
.05:53:15.706 [error] local node self-trust was not added: node signing public-key artifact is absent — continuing with configured trusted identities
.05:53:15.713 [error] local node self-trust was not added: node signing public-key artifact is absent — continuing with configured trusted identities
.05:53:15.719 [error] local node self-trust was not added: node signing public-key artifact is absent — continuing with configured trusted identities
..
Finished in 5.4 seconds (2.1s async, 3.2s sync)
121 tests, 0 failures
real 7.39
user 6.45
sys 1.39
