==> commonplace
make: Nothing to be done for 'all'.
==> commonplace_cli
Running ExUnit with seed: 189449, max_cases: 8

.................................05:51:17.055 [error] local node self-trust was not added: node signing public-key artifact is absent — continuing with configured trusted identities
.05:51:17.200 [error] local node self-trust was not added: node signing public-key artifact is absent — continuing with configured trusted identities
.05:51:17.324 [error] local node self-trust was not added: node signing public-key artifact is absent — continuing with configured trusted identities
05:51:17.437 [error] local node self-trust was not added: node signing public-key artifact is absent — continuing with configured trusted identities
.05:51:17.553 [error] local node self-trust was not added: node signing public-key artifact is absent — continuing with configured trusted identities
.05:51:17.622 [error] local node self-trust was not added: node signing public-key artifact is absent — continuing with configured trusted identities
05:51:17.626 [error] local node self-trust was not added: node signing public-key artifact is absent — continuing with configured trusted identities
05:51:17.652 [error] local node self-trust was not added: node signing public-key artifact is absent — continuing with configured trusted identities
05:51:17.659 [error] local node self-trust was not added: node signing public-key artifact is absent — continuing with configured trusted identities
05:51:17.684 [error] local node self-trust was not added: node signing public-key artifact is absent — continuing with configured trusted identities
.05:51:17.696 [error] local node self-trust was not added: node signing public-key artifact is absent — continuing with configured trusted identities
05:51:17.697 [error] local node self-trust was not added: node signing public-key artifact is absent — continuing with configured trusted identities
05:51:17.702 [error] local node self-trust was not added: node signing public-key artifact is absent — continuing with configured trusted identities
05:51:17.705 [error] local node self-trust was not added: node signing public-key artifact is absent — continuing with configured trusted identities
05:51:17.707 [error] local node self-trust was not added: node signing public-key artifact is absent — continuing with configured trusted identities
05:51:17.712 [error] local node self-trust was not added: node signing public-key artifact is absent — continuing with configured trusted identities
05:51:17.714 [error] local node self-trust was not added: node signing public-key artifact is absent — continuing with configured trusted identities
05:51:17.717 [error] local node self-trust was not added: node signing public-key artifact is absent — continuing with configured trusted identities
05:51:17.727 [error] local node self-trust was not added: node signing public-key artifact is absent — continuing with configured trusted identities
05:51:17.731 [error] local node self-trust was not added: node signing public-key artifact is absent — continuing with configured trusted identities
05:51:17.736 [error] local node self-trust was not added: node signing public-key artifact is absent — continuing with configured trusted identities
05:51:17.765 [error] local node self-trust was not added: node signing public-key artifact is absent — continuing with configured trusted identities
.05:51:17.786 [error] local node self-trust was not added: node signing public-key artifact is absent — continuing with configured trusted identities
05:51:17.787 [error] local node self-trust was not added: node signing public-key artifact is absent — continuing with configured trusted identities
05:51:17.791 [error] local node self-trust was not added: node signing public-key artifact is absent — continuing with configured trusted identities
05:51:17.794 [error] local node self-trust was not added: node signing public-key artifact is absent — continuing with configured trusted identities
05:51:17.814 [error] local node self-trust was not added: node signing public-key artifact is absent — continuing with configured trusted identities
.05:51:17.828 [error] local node self-trust was not added: node signing public-key artifact is absent — continuing with configured trusted identities
05:51:17.829 [error] local node self-trust was not added: node signing public-key artifact is absent — continuing with configured trusted identities
05:51:17.833 [error] local node self-trust was not added: node signing public-key artifact is absent — continuing with configured trusted identities
05:51:17.836 [error] local node self-trust was not added: node signing public-key artifact is absent — continuing with configured trusted identities
05:51:17.839 [error] local node self-trust was not added: node signing public-key artifact is absent — continuing with configured trusted identities
05:51:17.842 [error] local node self-trust was not added: node signing public-key artifact is absent — continuing with configured trusted identities
05:51:17.845 [error] local node self-trust was not added: node signing public-key artifact is absent — continuing with configured trusted identities
05:51:17.848 [error] local node self-trust was not added: node signing public-key artifact is absent — continuing with configured trusted identities
05:51:17.855 [error] local node self-trust was not added: node signing public-key artifact is absent — continuing with configured trusted identities
05:51:17.860 [error] local node self-trust was not added: node signing public-key artifact is absent — continuing with configured trusted identities
05:51:17.864 [error] local node self-trust was not added: node signing public-key artifact is absent — continuing with configured trusted identities
05:51:17.870 [error] local node self-trust was not added: node signing public-key artifact is absent — continuing with configured trusted identities
05:51:17.885 [warning] flock failed on /tmp/cp_sync_export_855223/new.txt: :enoent, proceeding without lock
05:51:17.889 [warning] flock failed on /tmp/cp_sync_export_855223/notes/todo.txt: :enoent, proceeding without lock
05:51:17.911 [error] local node self-trust was not added: node signing public-key artifact is absent — continuing with configured trusted identities
..05:51:17.938 [error] local node self-trust was not added: node signing public-key artifact is absent — continuing with configured trusted identities
.05:51:17.948 [error] local node self-trust was not added: node signing public-key artifact is absent — continuing with configured trusted identities
.05:51:17.956 [error] local node self-trust was not added: node signing public-key artifact is absent — continuing with configured trusted identities
.05:51:17.964 [error] local node self-trust was not added: node signing public-key artifact is absent — continuing with configured trusted identities
.05:51:17.973 [error] local node self-trust was not added: node signing public-key artifact is absent — continuing with configured trusted identities
.05:51:17.982 [error] local node self-trust was not added: node signing public-key artifact is absent — continuing with configured trusted identities
05:51:17.991 [error] local node self-trust was not added: node signing public-key artifact is absent — continuing with configured trusted identities
05:51:17.993 [error] local node self-trust was not added: node signing public-key artifact is absent — continuing with configured trusted identities
05:51:17.995 [error] local node self-trust was not added: node signing public-key artifact is absent — continuing with configured trusted identities
05:51:17.997 [error] local node self-trust was not added: node signing public-key artifact is absent — continuing with configured trusted identities
05:51:18.002 [error] local node self-trust was not added: node signing public-key artifact is absent — continuing with configured trusted identities
05:51:18.004 [error] local node self-trust was not added: node signing public-key artifact is absent — continuing with configured trusted identities
.05:51:18.018 [error] local node self-trust was not added: node signing public-key artifact is absent — continuing with configured trusted identities
.05:51:18.026 [error] local node self-trust was not added: node signing public-key artifact is absent — continuing with configured trusted identities
05:51:18.032 [error] local node self-trust was not added: node signing public-key artifact is absent — continuing with configured trusted identities
05:51:18.034 [error] local node self-trust was not added: node signing public-key artifact is absent — continuing with configured trusted identities
05:51:18.039 [error] local node self-trust was not added: node signing public-key artifact is absent — continuing with configured trusted identities
05:51:18.042 [error] local node self-trust was not added: node signing public-key artifact is absent — continuing with configured trusted identities
.05:51:18.052 [error] local node self-trust was not added: node signing public-key artifact is absent — continuing with configured trusted identities
05:51:18.054 [error] local node self-trust was not added: node signing public-key artifact is absent — continuing with configured trusted identities
05:51:18.058 [error] local node self-trust was not added: node signing public-key artifact is absent — continuing with configured trusted identities
05:51:18.062 [error] local node self-trust was not added: node signing public-key artifact is absent — continuing with configured trusted identities
05:51:18.065 [error] local node self-trust was not added: node signing public-key artifact is absent — continuing with configured trusted identities
05:51:18.069 [error] local node self-trust was not added: node signing public-key artifact is absent — continuing with configured trusted identities
05:51:18.072 [error] local node self-trust was not added: node signing public-key artifact is absent — continuing with configured trusted identities
.05:51:18.080 [error] local node self-trust was not added: node signing public-key artifact is absent — continuing with configured trusted identities
05:51:18.082 [error] local node self-trust was not added: node signing public-key artifact is absent — continuing with configured trusted identities
05:51:18.088 [error] local node self-trust was not added: node signing public-key artifact is absent — continuing with configured trusted identities
05:51:18.095 [error] local node self-trust was not added: node signing public-key artifact is absent — continuing with configured trusted identities
05:51:18.097 [error] local node self-trust was not added: node signing public-key artifact is absent — continuing with configured trusted identities
.05:51:18.111 [error] local node self-trust was not added: node signing public-key artifact is absent — continuing with configured trusted identities
05:51:18.113 [error] local node self-trust was not added: node signing public-key artifact is absent — continuing with configured trusted identities
05:51:18.117 [error] local node self-trust was not added: node signing public-key artifact is absent — continuing with configured trusted identities
05:51:18.121 [error] local node self-trust was not added: node signing public-key artifact is absent — continuing with configured trusted identities
.05:51:18.133 [error] local node self-trust was not added: node signing public-key artifact is absent — continuing with configured trusted identities
05:51:18.135 [error] local node self-trust was not added: node signing public-key artifact is absent — continuing with configured trusted identities
05:51:18.136 [error] local node self-trust was not added: node signing public-key artifact is absent — continuing with configured trusted identities
.05:51:18.146 [error] local node self-trust was not added: node signing public-key artifact is absent — continuing with configured trusted identities
.05:51:18.157 [error] local node self-trust was not added: node signing public-key artifact is absent — continuing with configured trusted identities
05:51:18.159 [error] local node self-trust was not added: node signing public-key artifact is absent — continuing with configured trusted identities
05:51:18.161 [error] local node self-trust was not added: node signing public-key artifact is absent — continuing with configured trusted identities
05:51:18.163 [error] local node self-trust was not added: node signing public-key artifact is absent — continuing with configured trusted identities
..05:51:18.178 [error] local node self-trust was not added: node signing public-key artifact is absent — continuing with configured trusted identities
.05:51:18.185 [error] local node self-trust was not added: node signing public-key artifact is absent — continuing with configured trusted identities
.05:51:18.193 [error] local node self-trust was not added: node signing public-key artifact is absent — continuing with configured trusted identities
.....................commonplace: :cx_a3fe_absent@commonplace (from /tmp/cx_x8jk_reach_failures_956006817/node_name) serves a DIFFERENT workspace — its data dir is "/other/data", not "/tmp/cx_x8jk_reach_failures_956006817". Ignoring it; that node_name file probably points at an orphan serve.
.......05:51:19.105 [error] local node self-trust was not added: node signing public-key artifact is absent — continuing with configured trusted identities
.05:51:19.134 [error] local node self-trust was not added: node signing public-key artifact is absent — continuing with configured trusted identities
05:51:19.153 [error] local node self-trust was not added: node signing public-key artifact is absent — continuing with configured trusted identities
05:51:19.157 [error] local node self-trust was not added: node signing public-key artifact is absent — continuing with configured trusted identities
05:51:19.165 [error] local node self-trust was not added: node signing public-key artifact is absent — continuing with configured trusted identities
05:51:19.170 [error] local node self-trust was not added: node signing public-key artifact is absent — continuing with configured trusted identities
05:51:19.174 [error] local node self-trust was not added: node signing public-key artifact is absent — continuing with configured trusted identities
05:51:19.179 [error] local node self-trust was not added: node signing public-key artifact is absent — continuing with configured trusted identities
05:51:19.184 [error] local node self-trust was not added: node signing public-key artifact is absent — continuing with configured trusted identities
05:51:19.190 [error] local node self-trust was not added: node signing public-key artifact is absent — continuing with configured trusted identities
05:51:19.195 [error] local node self-trust was not added: node signing public-key artifact is absent — continuing with configured trusted identities
05:51:19.202 [error] local node self-trust was not added: node signing public-key artifact is absent — continuing with configured trusted identities
.05:51:19.213 [error] local node self-trust was not added: node signing public-key artifact is absent — continuing with configured trusted identities
.05:51:19.221 [error] local node self-trust was not added: node signing public-key artifact is absent — continuing with configured trusted identities
05:51:19.223 [error] local node self-trust was not added: node signing public-key artifact is absent — continuing with configured trusted identities
05:51:19.226 [error] local node self-trust was not added: node signing public-key artifact is absent — continuing with configured trusted identities
05:51:19.229 [error] local node self-trust was not added: node signing public-key artifact is absent — continuing with configured trusted identities
05:51:19.231 [error] local node self-trust was not added: node signing public-key artifact is absent — continuing with configured trusted identities
05:51:19.233 [error] local node self-trust was not added: node signing public-key artifact is absent — continuing with configured trusted identities
05:51:19.235 [error] local node self-trust was not added: node signing public-key artifact is absent — continuing with configured trusted identities
05:51:19.237 [error] local node self-trust was not added: node signing public-key artifact is absent — continuing with configured trusted identities
05:51:19.241 [error] local node self-trust was not added: node signing public-key artifact is absent — continuing with configured trusted identities
05:51:19.247 [error] local node self-trust was not added: node signing public-key artifact is absent — continuing with configured trusted identities
05:51:19.251 [error] local node self-trust was not added: node signing public-key artifact is absent — continuing with configured trusted identities
05:51:19.267 [error] local node self-trust was not added: node signing public-key artifact is absent — continuing with configured trusted identities
05:51:19.270 [error] local node self-trust was not added: node signing public-key artifact is absent — continuing with configured trusted identities
05:51:19.273 [error] local node self-trust was not added: node signing public-key artifact is absent — continuing with configured trusted identities
05:51:19.277 [error] local node self-trust was not added: node signing public-key artifact is absent — continuing with configured trusted identities
05:51:19.282 [error] local node self-trust was not added: node signing public-key artifact is absent — continuing with configured trusted identities
05:51:19.289 [error] local node self-trust was not added: node signing public-key artifact is absent — continuing with configured trusted identities
05:51:19.293 [error] local node self-trust was not added: node signing public-key artifact is absent — continuing with configured trusted identities
05:51:19.297 [error] local node self-trust was not added: node signing public-key artifact is absent — continuing with configured trusted identities
05:51:19.300 [error] local node self-trust was not added: node signing public-key artifact is absent — continuing with configured trusted identities
05:51:19.305 [error] local node self-trust was not added: node signing public-key artifact is absent — continuing with configured trusted identities
.05:51:19.326 [error] local node self-trust was not added: node signing public-key artifact is absent — continuing with configured trusted identities
.05:51:19.335 [error] local node self-trust was not added: node signing public-key artifact is absent — continuing with configured trusted identities
05:51:19.337 [error] local node self-trust was not added: node signing public-key artifact is absent — continuing with configured trusted identities
05:51:19.340 [error] local node self-trust was not added: node signing public-key artifact is absent — continuing with configured trusted identities
05:51:19.343 [error] local node self-trust was not added: node signing public-key artifact is absent — continuing with configured trusted identities
05:51:19.346 [error] local node self-trust was not added: node signing public-key artifact is absent — continuing with configured trusted identities
05:51:19.349 [error] local node self-trust was not added: node signing public-key artifact is absent — continuing with configured trusted identities
05:51:19.352 [error] local node self-trust was not added: node signing public-key artifact is absent — continuing with configured trusted identities
05:51:19.354 [error] local node self-trust was not added: node signing public-key artifact is absent — continuing with configured trusted identities
05:51:19.356 [error] local node self-trust was not added: node signing public-key artifact is absent — continuing with configured trusted identities
05:51:19.359 [error] local node self-trust was not added: node signing public-key artifact is absent — continuing with configured trusted identities
05:51:19.363 [error] local node self-trust was not added: node signing public-key artifact is absent — continuing with configured trusted identities
05:51:19.371 [error] local node self-trust was not added: node signing public-key artifact is absent — continuing with configured trusted identities
05:51:19.374 [error] local node self-trust was not added: node signing public-key artifact is absent — continuing with configured trusted identities
05:51:19.378 [error] local node self-trust was not added: node signing public-key artifact is absent — continuing with configured trusted identities
05:51:19.382 [error] local node self-trust was not added: node signing public-key artifact is absent — continuing with configured trusted identities
05:51:19.387 [error] local node self-trust was not added: node signing public-key artifact is absent — continuing with configured trusted identities
.05:51:19.404 [error] local node self-trust was not added: node signing public-key artifact is absent — continuing with configured trusted identities
05:51:19.408 [error] local node self-trust was not added: node signing public-key artifact is absent — continuing with configured trusted identities
05:51:19.410 [error] local node self-trust was not added: node signing public-key artifact is absent — continuing with configured trusted identities
05:51:19.413 [error] local node self-trust was not added: node signing public-key artifact is absent — continuing with configured trusted identities
05:51:19.420 [error] local node self-trust was not added: node signing public-key artifact is absent — continuing with configured trusted identities
05:51:19.426 [error] local node self-trust was not added: node signing public-key artifact is absent — continuing with configured trusted identities
05:51:19.429 [error] local node self-trust was not added: node signing public-key artifact is absent — continuing with configured trusted identities
05:51:19.431 [error] local node self-trust was not added: node signing public-key artifact is absent — continuing with configured trusted identities
05:51:19.434 [error] local node self-trust was not added: node signing public-key artifact is absent — continuing with configured trusted identities
05:51:19.438 [error] local node self-trust was not added: node signing public-key artifact is absent — continuing with configured trusted identities
05:51:19.443 [error] local node self-trust was not added: node signing public-key artifact is absent — continuing with configured trusted identities
05:51:19.448 [error] local node self-trust was not added: node signing public-key artifact is absent — continuing with configured trusted identities
05:51:19.452 [error] local node self-trust was not added: node signing public-key artifact is absent — continuing with configured trusted identities
05:51:19.455 [error] local node self-trust was not added: node signing public-key artifact is absent — continuing with configured trusted identities
05:51:19.457 [error] local node self-trust was not added: node signing public-key artifact is absent — continuing with configured trusted identities
05:51:19.462 [error] local node self-trust was not added: node signing public-key artifact is absent — continuing with configured trusted identities
05:51:19.469 [error] local node self-trust was not added: node signing public-key artifact is absent — continuing with configured trusted identities
05:51:19.473 [error] local node self-trust was not added: node signing public-key artifact is absent — continuing with configured trusted identities
05:51:19.480 [error] local node self-trust was not added: node signing public-key artifact is absent — continuing with configured trusted identities
05:51:19.485 [error] local node self-trust was not added: node signing public-key artifact is absent — continuing with configured trusted identities
05:51:19.495 [error] local node self-trust was not added: node signing public-key artifact is absent — continuing with configured trusted identities
05:51:19.504 [error] local node self-trust was not added: node signing public-key artifact is absent — continuing with configured trusted identities
.05:51:19.522 [error] local node self-trust was not added: node signing public-key artifact is absent — continuing with configured trusted identities
05:51:19.526 [error] local node self-trust was not added: node signing public-key artifact is absent — continuing with configured trusted identities
05:51:19.529 [error] local node self-trust was not added: node signing public-key artifact is absent — continuing with configured trusted identities
05:51:19.532 [error] local node self-trust was not added: node signing public-key artifact is absent — continuing with configured trusted identities
05:51:19.535 [error] local node self-trust was not added: node signing public-key artifact is absent — continuing with configured trusted identities
05:51:19.538 [error] local node self-trust was not added: node signing public-key artifact is absent — continuing with configured trusted identities
05:51:19.541 [error] local node self-trust was not added: node signing public-key artifact is absent — continuing with configured trusted identities
05:51:19.543 [error] local node self-trust was not added: node signing public-key artifact is absent — continuing with configured trusted identities
05:51:19.546 [error] local node self-trust was not added: node signing public-key artifact is absent — continuing with configured trusted identities
05:51:19.551 [error] local node self-trust was not added: node signing public-key artifact is absent — continuing with configured trusted identities
05:51:19.555 [error] local node self-trust was not added: node signing public-key artifact is absent — continuing with configured trusted identities
05:51:19.562 [error] local node self-trust was not added: node signing public-key artifact is absent — continuing with configured trusted identities
05:51:19.566 [error] local node self-trust was not added: node signing public-key artifact is absent — continuing with configured trusted identities
05:51:19.572 [error] local node self-trust was not added: node signing public-key artifact is absent — continuing with configured trusted identities
05:51:19.578 [error] local node self-trust was not added: node signing public-key artifact is absent — continuing with configured trusted identities
05:51:19.583 [error] local node self-trust was not added: node signing public-key artifact is absent — continuing with configured trusted identities
05:51:19.621 [error] local node self-trust was not added: node signing public-key artifact is absent — continuing with configured trusted identities
.05:51:19.634 [error] local node self-trust was not added: node signing public-key artifact is absent — continuing with configured trusted identities
.05:51:19.648 [error] local node self-trust was not added: node signing public-key artifact is absent — continuing with configured trusted identities
.05:51:19.670 [error] local node self-trust was not added: node signing public-key artifact is absent — continuing with configured trusted identities
05:51:19.735 [error] local node self-trust was not added: node signing public-key artifact is absent — continuing with configured trusted identities
.05:51:19.745 [error] local node self-trust was not added: node signing public-key artifact is absent — continuing with configured trusted identities
05:51:19.803 [warning] CommitStore: root attach DENIED by workspace profile doc_uuid=799fa378-db25-4af3-8536-dcc3f8f6dbf1 reason="workspace class 'minimal' does not accept root entry 'bd' — declared in profile"
05:51:19.832 [error] local node self-trust was not added: node signing public-key artifact is absent — continuing with configured trusted identities
.05:51:19.846 [error] local node self-trust was not added: node signing public-key artifact is absent — continuing with configured trusted identities
05:51:19.847 [error] local node self-trust was not added: node signing public-key artifact is absent — continuing with configured trusted identities
05:51:19.850 [error] local node self-trust was not added: node signing public-key artifact is absent — continuing with configured trusted identities
05:51:19.854 [error] local node self-trust was not added: node signing public-key artifact is absent — continuing with configured trusted identities
05:51:19.859 [error] local node self-trust was not added: node signing public-key artifact is absent — continuing with configured trusted identities
05:51:19.864 [error] local node self-trust was not added: node signing public-key artifact is absent — continuing with configured trusted identities
05:51:19.869 [error] local node self-trust was not added: node signing public-key artifact is absent — continuing with configured trusted identities
05:51:19.873 [error] local node self-trust was not added: node signing public-key artifact is absent — continuing with configured trusted identities
Current root: uuid-root
05:51:19.899 [error] local node self-trust was not added: node signing public-key artifact is absent — continuing with configured trusted identities
.05:51:19.918 [error] local node self-trust was not added: node signing public-key artifact is absent — continuing with configured trusted identities
05:51:19.919 [error] local node self-trust was not added: node signing public-key artifact is absent — continuing with configured trusted identities
05:51:19.921 [error] local node self-trust was not added: node signing public-key artifact is absent — continuing with configured trusted identities
05:51:19.926 [error] local node self-trust was not added: node signing public-key artifact is absent — continuing with configured trusted identities
05:51:19.929 [error] local node self-trust was not added: node signing public-key artifact is absent — continuing with configured trusted identities
05:51:19.934 [error] local node self-trust was not added: node signing public-key artifact is absent — continuing with configured trusted identities
05:51:19.939 [error] local node self-trust was not added: node signing public-key artifact is absent — continuing with configured trusted identities
05:51:19.943 [error] local node self-trust was not added: node signing public-key artifact is absent — continuing with configured trusted identities
05:51:19.966 [error] local node self-trust was not added: node signing public-key artifact is absent — continuing with configured trusted identities
.05:51:19.980 [error] local node self-trust was not added: node signing public-key artifact is absent — continuing with configured trusted identities
05:51:19.981 [error] local node self-trust was not added: node signing public-key artifact is absent — continuing with configured trusted identities
05:51:19.983 [error] local node self-trust was not added: node signing public-key artifact is absent — continuing with configured trusted identities
05:51:19.986 [error] local node self-trust was not added: node signing public-key artifact is absent — continuing with configured trusted identities
05:51:19.989 [error] local node self-trust was not added: node signing public-key artifact is absent — continuing with configured trusted identities
05:51:19.992 [error] local node self-trust was not added: node signing public-key artifact is absent — continuing with configured trusted identities
05:51:19.996 [error] local node self-trust was not added: node signing public-key artifact is absent — continuing with configured trusted identities
05:51:19.999 [error] local node self-trust was not added: node signing public-key artifact is absent — continuing with configured trusted identities
05:51:20.007 [warning] flock failed on /tmp/cp_checkout_sync_507201/feature.txt: :enoent, proceeding without lock
05:51:20.030 [error] local node self-trust was not added: node signing public-key artifact is absent — continuing with configured trusted identities
.05:51:20.040 [error] local node self-trust was not added: node signing public-key artifact is absent — continuing with configured trusted identities
05:51:20.041 [error] local node self-trust was not added: node signing public-key artifact is absent — continuing with configured trusted identities
05:51:20.043 [error] local node self-trust was not added: node signing public-key artifact is absent — continuing with configured trusted identities
05:51:20.045 [error] local node self-trust was not added: node signing public-key artifact is absent — continuing with configured trusted identities
05:51:20.047 [error] local node self-trust was not added: node signing public-key artifact is absent — continuing with configured trusted identities
05:51:20.052 [error] local node self-trust was not added: node signing public-key artifact is absent — continuing with configured trusted identities
05:51:20.054 [error] local node self-trust was not added: node signing public-key artifact is absent — continuing with configured trusted identities
05:51:20.057 [error] local node self-trust was not added: node signing public-key artifact is absent — continuing with configured trusted identities
05:51:20.064 [warning] flock failed on /tmp/cp_checkout_sync_350365/repos/myrepo/feature/feature.txt: :enoent, proceeding without lock
05:51:20.067 [warning] flock failed on /tmp/cp_checkout_sync_350365/repos/myrepo/main/readme.txt: :enoent, proceeding without lock
05:51:20.072 [warning] flock failed on /tmp/cp_checkout_sync_350365/readme.txt: :enoent, proceeding without lock
05:51:20.088 [error] local node self-trust was not added: node signing public-key artifact is absent — continuing with configured trusted identities
.05:51:20.103 [error] local node self-trust was not added: node signing public-key artifact is absent — continuing with configured trusted identities
05:51:20.105 [error] local node self-trust was not added: node signing public-key artifact is absent — continuing with configured trusted identities
05:51:20.107 [error] local node self-trust was not added: node signing public-key artifact is absent — continuing with configured trusted identities
05:51:20.111 [error] local node self-trust was not added: node signing public-key artifact is absent — continuing with configured trusted identities
05:51:20.116 [error] local node self-trust was not added: node signing public-key artifact is absent — continuing with configured trusted identities
05:51:20.119 [error] local node self-trust was not added: node signing public-key artifact is absent — continuing with configured trusted identities
05:51:20.124 [error] local node self-trust was not added: node signing public-key artifact is absent — continuing with configured trusted identities
05:51:20.128 [error] local node self-trust was not added: node signing public-key artifact is absent — continuing with configured trusted identities
Re-rooted: uuid-root → uuid-main
Exporting from new root...
Done.
05:51:20.158 [error] local node self-trust was not added: node signing public-key artifact is absent — continuing with configured trusted identities
.05:51:20.165 [error] local node self-trust was not added: node signing public-key artifact is absent — continuing with configured trusted identities
05:51:20.170 [error] local node self-trust was not added: node signing public-key artifact is absent — continuing with configured trusted identities
.05:51:20.185 [error] local node self-trust was not added: node signing public-key artifact is absent — continuing with configured trusted identities
05:51:20.189 [error] local node self-trust was not added: node signing public-key artifact is absent — continuing with configured trusted identities
.05:51:20.202 [error] local node self-trust was not added: node signing public-key artifact is absent — continuing with configured trusted identities
05:51:20.204 [error] local node self-trust was not added: node signing public-key artifact is absent — continuing with configured trusted identities
.05:51:20.211 [error] local node self-trust was not added: node signing public-key artifact is absent — continuing with configured trusted identities
05:51:20.219 [error] local node self-trust was not added: node signing public-key artifact is absent — continuing with configured trusted identities
05:51:20.224 [error] local node self-trust was not added: node signing public-key artifact is absent — continuing with configured trusted identities
05:51:20.238 [error] local node self-trust was not added: node signing public-key artifact is absent — continuing with configured trusted identities
.05:51:20.245 [error] local node self-trust was not added: node signing public-key artifact is absent — continuing with configured trusted identities
05:51:20.253 [error] local node self-trust was not added: node signing public-key artifact is absent — continuing with configured trusted identities
05:51:20.260 [error] local node self-trust was not added: node signing public-key artifact is absent — continuing with configured trusted identities
.05:51:20.266 [error] local node self-trust was not added: node signing public-key artifact is absent — continuing with configured trusted identities
05:51:20.272 [error] local node self-trust was not added: node signing public-key artifact is absent — continuing with configured trusted identities
05:51:20.278 [error] local node self-trust was not added: node signing public-key artifact is absent — continuing with configured trusted identities
05:51:20.286 [error] local node self-trust was not added: node signing public-key artifact is absent — continuing with configured trusted identities
.05:51:20.307 [error] local node self-trust was not added: node signing public-key artifact is absent — continuing with configured trusted identities
05:51:20.308 [error] local node self-trust was not added: node signing public-key artifact is absent — continuing with configured trusted identities
05:51:20.313 [error] local node self-trust was not added: node signing public-key artifact is absent — continuing with configured trusted identities
05:51:20.316 [error] local node self-trust was not added: node signing public-key artifact is absent — continuing with configured trusted identities
05:51:20.321 [warning] flock failed on /tmp/cp_rt_out_587062/special.txt: :enoent, proceeding without lock
05:51:20.349 [error] local node self-trust was not added: node signing public-key artifact is absent — continuing with configured trusted identities
.05:51:20.369 [error] local node self-trust was not added: node signing public-key artifact is absent — continuing with configured trusted identities
05:51:20.371 [error] local node self-trust was not added: node signing public-key artifact is absent — continuing with configured trusted identities
05:51:20.376 [error] local node self-trust was not added: node signing public-key artifact is absent — continuing with configured trusted identities
05:51:20.379 [error] local node self-trust was not added: node signing public-key artifact is absent — continuing with configured trusted identities
05:51:20.383 [error] local node self-trust was not added: node signing public-key artifact is absent — continuing with configured trusted identities
05:51:20.388 [error] local node self-trust was not added: node signing public-key artifact is absent — continuing with configured trusted identities
05:51:20.393 [error] local node self-trust was not added: node signing public-key artifact is absent — continuing with configured trusted identities
05:51:20.397 [error] local node self-trust was not added: node signing public-key artifact is absent — continuing with configured trusted identities
05:51:20.401 [error] local node self-trust was not added: node signing public-key artifact is absent — continuing with configured trusted identities
05:51:20.408 [error] local node self-trust was not added: node signing public-key artifact is absent — continuing with configured trusted identities
05:51:20.414 [warning] flock failed on /tmp/cp_rt_out_130657/docs/examples/hello.txt: :enoent, proceeding without lock
05:51:20.418 [warning] flock failed on /tmp/cp_rt_out_130657/docs/guide.txt: :enoent, proceeding without lock
05:51:20.424 [warning] flock failed on /tmp/cp_rt_out_130657/empty.txt: :enoent, proceeding without lock
05:51:20.429 [warning] flock failed on /tmp/cp_rt_out_130657/readme.txt: :enoent, proceeding without lock
05:51:20.457 [error] local node self-trust was not added: node signing public-key artifact is absent — continuing with configured trusted identities
...05:51:20.474 [error] local node self-trust was not added: node signing public-key artifact is absent — continuing with configured trusted identities
05:51:20.474 [error] local node self-trust was not added: node signing public-key artifact is absent — continuing with configured trusted identities
05:51:20.498 [error] local node self-trust was not added: node signing public-key artifact is absent — continuing with configured trusted identities
.05:51:20.526 [error] local node self-trust was not added: node signing public-key artifact is absent — continuing with configured trusted identities
05:51:20.527 [error] local node self-trust was not added: node signing public-key artifact is absent — continuing with configured trusted identities
05:51:20.535 [error] local node self-trust was not added: node signing public-key artifact is absent — continuing with configured trusted identities
05:51:20.543 [error] local node self-trust was not added: node signing public-key artifact is absent — continuing with configured trusted identities
05:51:20.548 [error] local node self-trust was not added: node signing public-key artifact is absent — continuing with configured trusted identities
05:51:20.586 [error] local node self-trust was not added: node signing public-key artifact is absent — continuing with configured trusted identities
.05:51:20.610 [error] local node self-trust was not added: node signing public-key artifact is absent — continuing with configured trusted identities
05:51:20.667 [error] local node self-trust was not added: node signing public-key artifact is absent — continuing with configured trusted identities
.05:51:20.687 [error] local node self-trust was not added: node signing public-key artifact is absent — continuing with configured trusted identities
05:51:20.688 [error] local node self-trust was not added: node signing public-key artifact is absent — continuing with configured trusted identities
05:51:20.696 [error] local node self-trust was not added: node signing public-key artifact is absent — continuing with configured trusted identities
05:51:20.699 [error] local node self-trust was not added: node signing public-key artifact is absent — continuing with configured trusted identities
05:51:20.702 [error] local node self-trust was not added: node signing public-key artifact is absent — continuing with configured trusted identities
05:51:20.706 [error] local node self-trust was not added: node signing public-key artifact is absent — continuing with configured trusted identities
05:51:20.735 [error] local node self-trust was not added: node signing public-key artifact is absent — continuing with configured trusted identities
.05:51:20.753 [error] local node self-trust was not added: node signing public-key artifact is absent — continuing with configured trusted identities
05:51:20.754 [error] local node self-trust was not added: node signing public-key artifact is absent — continuing with configured trusted identities
05:51:20.758 [error] local node self-trust was not added: node signing public-key artifact is absent — continuing with configured trusted identities
05:51:20.761 [error] local node self-trust was not added: node signing public-key artifact is absent — continuing with configured trusted identities
05:51:20.791 [error] local node self-trust was not added: node signing public-key artifact is absent — continuing with configured trusted identities
.05:51:20.806 [error] local node self-trust was not added: node signing public-key artifact is absent — continuing with configured trusted identities
05:51:20.807 [error] local node self-trust was not added: node signing public-key artifact is absent — continuing with configured trusted identities
05:51:20.814 [error] local node self-trust was not added: node signing public-key artifact is absent — continuing with configured trusted identities
05:51:20.818 [error] local node self-trust was not added: node signing public-key artifact is absent — continuing with configured trusted identities
05:51:20.821 [error] local node self-trust was not added: node signing public-key artifact is absent — continuing with configured trusted identities
05:51:20.824 [error] local node self-trust was not added: node signing public-key artifact is absent — continuing with configured trusted identities
05:51:20.827 [error] local node self-trust was not added: node signing public-key artifact is absent — continuing with configured trusted identities
05:51:20.829 [error] local node self-trust was not added: node signing public-key artifact is absent — continuing with configured trusted identities
05:51:20.837 [error] local node self-trust was not added: node signing public-key artifact is absent — continuing with configured trusted identities
05:51:20.869 [error] local node self-trust was not added: node signing public-key artifact is absent — continuing with configured trusted identities
.05:51:20.882 [error] local node self-trust was not added: node signing public-key artifact is absent — continuing with configured trusted identities
05:51:20.883 [error] local node self-trust was not added: node signing public-key artifact is absent — continuing with configured trusted identities
05:51:20.904 [error] local node self-trust was not added: node signing public-key artifact is absent — continuing with configured trusted identities
.
Finished in 6.6 seconds (2.6s async, 4.0s sync)
121 tests, 0 failures
real 9.04
user 6.46
sys 1.52
