==> commonplace
make: Nothing to be done for 'all'.
==> commonplace_cli
Running ExUnit with seed: 210497, max_cases: 8

.............................05:51:55.657 [error] local node self-trust was not added: node signing public-key artifact is absent — continuing with configured trusted identities
05:51:55.804 [warning] CommitStore: root attach DENIED by workspace profile doc_uuid=29c51d5a-328e-423e-a374-840aa9414421 reason="workspace class 'minimal' does not accept root entry 'bd' — declared in profile"
05:51:55.825 [error] local node self-trust was not added: node signing public-key artifact is absent — continuing with configured trusted identities
.05:51:55.838 [error] local node self-trust was not added: node signing public-key artifact is absent — continuing with configured trusted identities
05:51:55.911 [error] local node self-trust was not added: node signing public-key artifact is absent — continuing with configured trusted identities
.......05:51:56.133 [error] local node self-trust was not added: node signing public-key artifact is absent — continuing with configured trusted identities
.05:51:56.142 [error] local node self-trust was not added: node signing public-key artifact is absent — continuing with configured trusted identities
.05:51:56.151 [error] local node self-trust was not added: node signing public-key artifact is absent — continuing with configured trusted identities
.05:51:56.164 [error] local node self-trust was not added: node signing public-key artifact is absent — continuing with configured trusted identities
.05:51:56.171 [error] local node self-trust was not added: node signing public-key artifact is absent — continuing with configured trusted identities
.05:51:56.178 [error] local node self-trust was not added: node signing public-key artifact is absent — continuing with configured trusted identities
05:51:56.180 [error] local node self-trust was not added: node signing public-key artifact is absent — continuing with configured trusted identities
05:51:56.182 [error] local node self-trust was not added: node signing public-key artifact is absent — continuing with configured trusted identities
05:51:56.196 [error] local node self-trust was not added: node signing public-key artifact is absent — continuing with configured trusted identities
05:51:56.199 [error] local node self-trust was not added: node signing public-key artifact is absent — continuing with configured trusted identities
.05:51:56.207 [error] local node self-trust was not added: node signing public-key artifact is absent — continuing with configured trusted identities
.05:51:56.213 [error] local node self-trust was not added: node signing public-key artifact is absent — continuing with configured trusted identities
05:51:56.214 [error] local node self-trust was not added: node signing public-key artifact is absent — continuing with configured trusted identities
05:51:56.216 [error] local node self-trust was not added: node signing public-key artifact is absent — continuing with configured trusted identities
05:51:56.219 [error] local node self-trust was not added: node signing public-key artifact is absent — continuing with configured trusted identities
.05:51:56.227 [error] local node self-trust was not added: node signing public-key artifact is absent — continuing with configured trusted identities
05:51:56.229 [error] local node self-trust was not added: node signing public-key artifact is absent — continuing with configured trusted identities
05:51:56.232 [error] local node self-trust was not added: node signing public-key artifact is absent — continuing with configured trusted identities
.05:51:56.239 [error] local node self-trust was not added: node signing public-key artifact is absent — continuing with configured trusted identities
05:51:56.241 [error] local node self-trust was not added: node signing public-key artifact is absent — continuing with configured trusted identities
05:51:56.244 [error] local node self-trust was not added: node signing public-key artifact is absent — continuing with configured trusted identities
05:51:56.247 [error] local node self-trust was not added: node signing public-key artifact is absent — continuing with configured trusted identities
........05:51:56.261 [error] local node self-trust was not added: node signing public-key artifact is absent — continuing with configured trusted identities
05:51:56.263 [error] local node self-trust was not added: node signing public-key artifact is absent — continuing with configured trusted identities
.05:51:56.268 [error] local node self-trust was not added: node signing public-key artifact is absent — continuing with configured trusted identities
05:51:56.269 [error] local node self-trust was not added: node signing public-key artifact is absent — continuing with configured trusted identities
.05:51:56.275 [error] local node self-trust was not added: node signing public-key artifact is absent — continuing with configured trusted identities
05:51:56.278 [error] local node self-trust was not added: node signing public-key artifact is absent — continuing with configured trusted identities
..............commonplace: :cx_a3fe_absent@commonplace (from /tmp/cx_x8jk_reach_failures_665366805/node_name) serves a DIFFERENT workspace — its data dir is "/other/data", not "/tmp/cx_x8jk_reach_failures_665366805". Ignoring it; that node_name file probably points at an orphan serve.
....05:51:56.821 [error] local node self-trust was not added: node signing public-key artifact is absent — continuing with configured trusted identities
05:51:56.828 [error] local node self-trust was not added: node signing public-key artifact is absent — continuing with configured trusted identities
05:51:56.830 [error] local node self-trust was not added: node signing public-key artifact is absent — continuing with configured trusted identities
05:51:56.841 [error] local node self-trust was not added: node signing public-key artifact is absent — continuing with configured trusted identities
05:51:56.848 [error] local node self-trust was not added: node signing public-key artifact is absent — continuing with configured trusted identities
.05:51:56.859 [error] local node self-trust was not added: node signing public-key artifact is absent — continuing with configured trusted identities
05:51:56.865 [error] local node self-trust was not added: node signing public-key artifact is absent — continuing with configured trusted identities
05:51:56.867 [error] local node self-trust was not added: node signing public-key artifact is absent — continuing with configured trusted identities
05:51:56.870 [error] local node self-trust was not added: node signing public-key artifact is absent — continuing with configured trusted identities
05:51:56.872 [error] local node self-trust was not added: node signing public-key artifact is absent — continuing with configured trusted identities
05:51:56.875 [error] local node self-trust was not added: node signing public-key artifact is absent — continuing with configured trusted identities
05:51:56.878 [error] local node self-trust was not added: node signing public-key artifact is absent — continuing with configured trusted identities
.05:51:56.884 [error] local node self-trust was not added: node signing public-key artifact is absent — continuing with configured trusted identities
.05:51:56.890 [error] local node self-trust was not added: node signing public-key artifact is absent — continuing with configured trusted identities
05:51:56.893 [error] local node self-trust was not added: node signing public-key artifact is absent — continuing with configured trusted identities
05:51:56.895 [error] local node self-trust was not added: node signing public-key artifact is absent — continuing with configured trusted identities
05:51:56.897 [error] local node self-trust was not added: node signing public-key artifact is absent — continuing with configured trusted identities
05:51:56.900 [error] local node self-trust was not added: node signing public-key artifact is absent — continuing with configured trusted identities
05:51:56.903 [error] local node self-trust was not added: node signing public-key artifact is absent — continuing with configured trusted identities
05:51:56.905 [error] local node self-trust was not added: node signing public-key artifact is absent — continuing with configured trusted identities
.05:51:56.918 [error] local node self-trust was not added: node signing public-key artifact is absent — continuing with configured trusted identities
.05:51:56.925 [error] local node self-trust was not added: node signing public-key artifact is absent — continuing with configured trusted identities
.05:51:56.932 [error] local node self-trust was not added: node signing public-key artifact is absent — continuing with configured trusted identities
......05:51:56.972 [error] local node self-trust was not added: node signing public-key artifact is absent — continuing with configured trusted identities
05:51:56.972 [error] local node self-trust was not added: node signing public-key artifact is absent — continuing with configured trusted identities
05:51:56.980 [error] local node self-trust was not added: node signing public-key artifact is absent — continuing with configured trusted identities
05:51:56.984 [error] local node self-trust was not added: node signing public-key artifact is absent — continuing with configured trusted identities
05:51:57.009 [error] local node self-trust was not added: node signing public-key artifact is absent — continuing with configured trusted identities
.05:51:57.021 [error] local node self-trust was not added: node signing public-key artifact is absent — continuing with configured trusted identities
05:51:57.022 [error] local node self-trust was not added: node signing public-key artifact is absent — continuing with configured trusted identities
05:51:57.025 [error] local node self-trust was not added: node signing public-key artifact is absent — continuing with configured trusted identities
05:51:57.027 [error] local node self-trust was not added: node signing public-key artifact is absent — continuing with configured trusted identities
05:51:57.029 [error] local node self-trust was not added: node signing public-key artifact is absent — continuing with configured trusted identities
05:51:57.032 [error] local node self-trust was not added: node signing public-key artifact is absent — continuing with configured trusted identities
05:51:57.037 [error] local node self-trust was not added: node signing public-key artifact is absent — continuing with configured trusted identities
05:51:57.041 [error] local node self-trust was not added: node signing public-key artifact is absent — continuing with configured trusted identities
05:51:57.050 [error] local node self-trust was not added: node signing public-key artifact is absent — continuing with configured trusted identities
05:51:57.054 [error] local node self-trust was not added: node signing public-key artifact is absent — continuing with configured trusted identities
05:51:57.057 [error] local node self-trust was not added: node signing public-key artifact is absent — continuing with configured trusted identities
05:51:57.063 [error] local node self-trust was not added: node signing public-key artifact is absent — continuing with configured trusted identities
05:51:57.069 [warning] flock failed on /tmp/cp_sync_export_582323/new.txt: :enoent, proceeding without lock
05:51:57.071 [warning] flock failed on /tmp/cp_sync_export_582323/notes/todo.txt: :enoent, proceeding without lock
05:51:57.088 [error] local node self-trust was not added: node signing public-key artifact is absent — continuing with configured trusted identities
.05:51:57.096 [error] local node self-trust was not added: node signing public-key artifact is absent — continuing with configured trusted identities
05:51:57.097 [error] local node self-trust was not added: node signing public-key artifact is absent — continuing with configured trusted identities
05:51:57.099 [error] local node self-trust was not added: node signing public-key artifact is absent — continuing with configured trusted identities
05:51:57.101 [error] local node self-trust was not added: node signing public-key artifact is absent — continuing with configured trusted identities
05:51:57.103 [error] local node self-trust was not added: node signing public-key artifact is absent — continuing with configured trusted identities
05:51:57.105 [error] local node self-trust was not added: node signing public-key artifact is absent — continuing with configured trusted identities
05:51:57.107 [error] local node self-trust was not added: node signing public-key artifact is absent — continuing with configured trusted identities
05:51:57.109 [error] local node self-trust was not added: node signing public-key artifact is absent — continuing with configured trusted identities
05:51:57.113 [error] local node self-trust was not added: node signing public-key artifact is absent — continuing with configured trusted identities
05:51:57.118 [error] local node self-trust was not added: node signing public-key artifact is absent — continuing with configured trusted identities
05:51:57.121 [error] local node self-trust was not added: node signing public-key artifact is absent — continuing with configured trusted identities
05:51:57.136 [error] local node self-trust was not added: node signing public-key artifact is absent — continuing with configured trusted identities
.05:51:57.144 [error] local node self-trust was not added: node signing public-key artifact is absent — continuing with configured trusted identities
05:51:57.145 [error] local node self-trust was not added: node signing public-key artifact is absent — continuing with configured trusted identities
05:51:57.147 [error] local node self-trust was not added: node signing public-key artifact is absent — continuing with configured trusted identities
05:51:57.149 [error] local node self-trust was not added: node signing public-key artifact is absent — continuing with configured trusted identities
05:51:57.163 [error] local node self-trust was not added: node signing public-key artifact is absent — continuing with configured trusted identities
.05:51:57.164 [error] local node self-trust was not added: node signing public-key artifact is absent — continuing with configured trusted identities
05:51:57.170 [error] local node self-trust was not added: node signing public-key artifact is absent — continuing with configured trusted identities
05:51:57.174 [error] local node self-trust was not added: node signing public-key artifact is absent — continuing with configured trusted identities
.05:51:57.179 [error] local node self-trust was not added: node signing public-key artifact is absent — continuing with configured trusted identities
05:51:57.182 [error] local node self-trust was not added: node signing public-key artifact is absent — continuing with configured trusted identities
05:51:57.185 [error] local node self-trust was not added: node signing public-key artifact is absent — continuing with configured trusted identities
05:51:57.191 [error] local node self-trust was not added: node signing public-key artifact is absent — continuing with configured trusted identities
.05:51:57.195 [error] local node self-trust was not added: node signing public-key artifact is absent — continuing with configured trusted identities
05:51:57.199 [error] local node self-trust was not added: node signing public-key artifact is absent — continuing with configured trusted identities
05:51:57.203 [error] local node self-trust was not added: node signing public-key artifact is absent — continuing with configured trusted identities
05:51:57.208 [error] local node self-trust was not added: node signing public-key artifact is absent — continuing with configured trusted identities
.05:51:57.224 [error] local node self-trust was not added: node signing public-key artifact is absent — continuing with configured trusted identities
05:51:57.225 [error] local node self-trust was not added: node signing public-key artifact is absent — continuing with configured trusted identities
05:51:57.227 [error] local node self-trust was not added: node signing public-key artifact is absent — continuing with configured trusted identities
05:51:57.229 [error] local node self-trust was not added: node signing public-key artifact is absent — continuing with configured trusted identities
05:51:57.230 [error] local node self-trust was not added: node signing public-key artifact is absent — continuing with configured trusted identities
05:51:57.244 [error] local node self-trust was not added: node signing public-key artifact is absent — continuing with configured trusted identities
.05:51:57.252 [error] local node self-trust was not added: node signing public-key artifact is absent — continuing with configured trusted identities
05:51:57.253 [error] local node self-trust was not added: node signing public-key artifact is absent — continuing with configured trusted identities
05:51:57.255 [error] local node self-trust was not added: node signing public-key artifact is absent — continuing with configured trusted identities
05:51:57.257 [error] local node self-trust was not added: node signing public-key artifact is absent — continuing with configured trusted identities
05:51:57.258 [error] local node self-trust was not added: node signing public-key artifact is absent — continuing with configured trusted identities
05:51:57.260 [error] local node self-trust was not added: node signing public-key artifact is absent — continuing with configured trusted identities
05:51:57.273 [error] local node self-trust was not added: node signing public-key artifact is absent — continuing with configured trusted identities
.05:51:57.282 [error] local node self-trust was not added: node signing public-key artifact is absent — continuing with configured trusted identities
05:51:57.282 [error] local node self-trust was not added: node signing public-key artifact is absent — continuing with configured trusted identities
05:51:57.284 [error] local node self-trust was not added: node signing public-key artifact is absent — continuing with configured trusted identities
05:51:57.286 [error] local node self-trust was not added: node signing public-key artifact is absent — continuing with configured trusted identities
05:51:57.288 [error] local node self-trust was not added: node signing public-key artifact is absent — continuing with configured trusted identities
05:51:57.289 [error] local node self-trust was not added: node signing public-key artifact is absent — continuing with configured trusted identities
05:51:57.291 [error] local node self-trust was not added: node signing public-key artifact is absent — continuing with configured trusted identities
05:51:57.293 [error] local node self-trust was not added: node signing public-key artifact is absent — continuing with configured trusted identities
05:51:57.295 [error] local node self-trust was not added: node signing public-key artifact is absent — continuing with configured trusted identities
05:51:57.322 [error] local node self-trust was not added: node signing public-key artifact is absent — continuing with configured trusted identities
.05:51:57.330 [error] local node self-trust was not added: node signing public-key artifact is absent — continuing with configured trusted identities
05:51:57.331 [error] local node self-trust was not added: node signing public-key artifact is absent — continuing with configured trusted identities
05:51:57.345 [error] local node self-trust was not added: node signing public-key artifact is absent — continuing with configured trusted identities
.05:51:57.352 [error] local node self-trust was not added: node signing public-key artifact is absent — continuing with configured trusted identities
05:51:57.353 [error] local node self-trust was not added: node signing public-key artifact is absent — continuing with configured trusted identities
05:51:57.355 [error] local node self-trust was not added: node signing public-key artifact is absent — continuing with configured trusted identities
05:51:57.358 [error] local node self-trust was not added: node signing public-key artifact is absent — continuing with configured trusted identities
05:51:57.376 [error] local node self-trust was not added: node signing public-key artifact is absent — continuing with configured trusted identities
.05:51:57.388 [error] local node self-trust was not added: node signing public-key artifact is absent — continuing with configured trusted identities
05:51:57.389 [error] local node self-trust was not added: node signing public-key artifact is absent — continuing with configured trusted identities
05:51:57.409 [error] local node self-trust was not added: node signing public-key artifact is absent — continuing with configured trusted identities
.05:51:57.419 [error] local node self-trust was not added: node signing public-key artifact is absent — continuing with configured trusted identities
05:51:57.440 [error] local node self-trust was not added: node signing public-key artifact is absent — continuing with configured trusted identities
.05:51:57.448 [error] local node self-trust was not added: node signing public-key artifact is absent — continuing with configured trusted identities
05:51:57.449 [error] local node self-trust was not added: node signing public-key artifact is absent — continuing with configured trusted identities
05:51:57.451 [error] local node self-trust was not added: node signing public-key artifact is absent — continuing with configured trusted identities
05:51:57.452 [error] local node self-trust was not added: node signing public-key artifact is absent — continuing with configured trusted identities
05:51:57.454 [error] local node self-trust was not added: node signing public-key artifact is absent — continuing with configured trusted identities
05:51:57.455 [error] local node self-trust was not added: node signing public-key artifact is absent — continuing with configured trusted identities
05:51:57.456 [error] local node self-trust was not added: node signing public-key artifact is absent — continuing with configured trusted identities
05:51:57.458 [error] local node self-trust was not added: node signing public-key artifact is absent — continuing with configured trusted identities
05:51:57.460 [error] local node self-trust was not added: node signing public-key artifact is absent — continuing with configured trusted identities
05:51:57.462 [error] local node self-trust was not added: node signing public-key artifact is absent — continuing with configured trusted identities
05:51:57.464 [warning] flock failed on /tmp/cp_rt_out_436106/docs/examples/hello.txt: :enoent, proceeding without lock
05:51:57.465 [warning] flock failed on /tmp/cp_rt_out_436106/docs/guide.txt: :enoent, proceeding without lock
05:51:57.466 [warning] flock failed on /tmp/cp_rt_out_436106/empty.txt: :enoent, proceeding without lock
05:51:57.467 [warning] flock failed on /tmp/cp_rt_out_436106/readme.txt: :enoent, proceeding without lock
05:51:57.482 [error] local node self-trust was not added: node signing public-key artifact is absent — continuing with configured trusted identities
.05:51:57.490 [error] local node self-trust was not added: node signing public-key artifact is absent — continuing with configured trusted identities
05:51:57.491 [error] local node self-trust was not added: node signing public-key artifact is absent — continuing with configured trusted identities
05:51:57.493 [error] local node self-trust was not added: node signing public-key artifact is absent — continuing with configured trusted identities
05:51:57.495 [error] local node self-trust was not added: node signing public-key artifact is absent — continuing with configured trusted identities
05:51:57.497 [warning] flock failed on /tmp/cp_rt_out_481737/special.txt: :enoent, proceeding without lock
05:51:57.510 [error] local node self-trust was not added: node signing public-key artifact is absent — continuing with configured trusted identities
.05:51:57.517 [error] local node self-trust was not added: node signing public-key artifact is absent — continuing with configured trusted identities
05:51:57.518 [error] local node self-trust was not added: node signing public-key artifact is absent — continuing with configured trusted identities
05:51:57.520 [error] local node self-trust was not added: node signing public-key artifact is absent — continuing with configured trusted identities
05:51:57.521 [error] local node self-trust was not added: node signing public-key artifact is absent — continuing with configured trusted identities
05:51:57.522 [error] local node self-trust was not added: node signing public-key artifact is absent — continuing with configured trusted identities
05:51:57.524 [error] local node self-trust was not added: node signing public-key artifact is absent — continuing with configured trusted identities
05:51:57.525 [error] local node self-trust was not added: node signing public-key artifact is absent — continuing with configured trusted identities
05:51:57.526 [error] local node self-trust was not added: node signing public-key artifact is absent — continuing with configured trusted identities
Current root: uuid-root
05:51:57.543 [error] local node self-trust was not added: node signing public-key artifact is absent — continuing with configured trusted identities
.05:51:57.550 [error] local node self-trust was not added: node signing public-key artifact is absent — continuing with configured trusted identities
05:51:57.551 [error] local node self-trust was not added: node signing public-key artifact is absent — continuing with configured trusted identities
05:51:57.553 [error] local node self-trust was not added: node signing public-key artifact is absent — continuing with configured trusted identities
05:51:57.554 [error] local node self-trust was not added: node signing public-key artifact is absent — continuing with configured trusted identities
05:51:57.556 [error] local node self-trust was not added: node signing public-key artifact is absent — continuing with configured trusted identities
05:51:57.558 [error] local node self-trust was not added: node signing public-key artifact is absent — continuing with configured trusted identities
05:51:57.560 [error] local node self-trust was not added: node signing public-key artifact is absent — continuing with configured trusted identities
05:51:57.561 [error] local node self-trust was not added: node signing public-key artifact is absent — continuing with configured trusted identities
05:51:57.565 [warning] flock failed on /tmp/cp_checkout_sync_616813/repos/myrepo/feature/feature.txt: :enoent, proceeding without lock
05:51:57.566 [warning] flock failed on /tmp/cp_checkout_sync_616813/repos/myrepo/main/readme.txt: :enoent, proceeding without lock
05:51:57.568 [warning] flock failed on /tmp/cp_checkout_sync_616813/readme.txt: :enoent, proceeding without lock
05:51:57.583 [error] local node self-trust was not added: node signing public-key artifact is absent — continuing with configured trusted identities
.05:51:57.592 [error] local node self-trust was not added: node signing public-key artifact is absent — continuing with configured trusted identities
05:51:57.592 [error] local node self-trust was not added: node signing public-key artifact is absent — continuing with configured trusted identities
05:51:57.594 [error] local node self-trust was not added: node signing public-key artifact is absent — continuing with configured trusted identities
05:51:57.595 [error] local node self-trust was not added: node signing public-key artifact is absent — continuing with configured trusted identities
05:51:57.597 [error] local node self-trust was not added: node signing public-key artifact is absent — continuing with configured trusted identities
05:51:57.599 [error] local node self-trust was not added: node signing public-key artifact is absent — continuing with configured trusted identities
05:51:57.605 [error] local node self-trust was not added: node signing public-key artifact is absent — continuing with configured trusted identities
05:51:57.607 [error] local node self-trust was not added: node signing public-key artifact is absent — continuing with configured trusted identities
Re-rooted: uuid-root → uuid-main
Exporting from new root...
Done.
05:51:57.626 [error] local node self-trust was not added: node signing public-key artifact is absent — continuing with configured trusted identities
.05:51:57.635 [error] local node self-trust was not added: node signing public-key artifact is absent — continuing with configured trusted identities
05:51:57.636 [error] local node self-trust was not added: node signing public-key artifact is absent — continuing with configured trusted identities
05:51:57.637 [error] local node self-trust was not added: node signing public-key artifact is absent — continuing with configured trusted identities
05:51:57.639 [error] local node self-trust was not added: node signing public-key artifact is absent — continuing with configured trusted identities
05:51:57.640 [error] local node self-trust was not added: node signing public-key artifact is absent — continuing with configured trusted identities
05:51:57.642 [error] local node self-trust was not added: node signing public-key artifact is absent — continuing with configured trusted identities
05:51:57.644 [error] local node self-trust was not added: node signing public-key artifact is absent — continuing with configured trusted identities
05:51:57.645 [error] local node self-trust was not added: node signing public-key artifact is absent — continuing with configured trusted identities
05:51:57.647 [warning] flock failed on /tmp/cp_checkout_sync_132192/feature.txt: :enoent, proceeding without lock
05:51:57.661 [error] local node self-trust was not added: node signing public-key artifact is absent — continuing with configured trusted identities
.05:51:57.669 [error] local node self-trust was not added: node signing public-key artifact is absent — continuing with configured trusted identities
05:51:57.670 [error] local node self-trust was not added: node signing public-key artifact is absent — continuing with configured trusted identities
05:51:57.671 [error] local node self-trust was not added: node signing public-key artifact is absent — continuing with configured trusted identities
05:51:57.673 [error] local node self-trust was not added: node signing public-key artifact is absent — continuing with configured trusted identities
05:51:57.674 [error] local node self-trust was not added: node signing public-key artifact is absent — continuing with configured trusted identities
05:51:57.675 [error] local node self-trust was not added: node signing public-key artifact is absent — continuing with configured trusted identities
05:51:57.677 [error] local node self-trust was not added: node signing public-key artifact is absent — continuing with configured trusted identities
05:51:57.678 [error] local node self-trust was not added: node signing public-key artifact is absent — continuing with configured trusted identities
05:51:57.693 [error] local node self-trust was not added: node signing public-key artifact is absent — continuing with configured trusted identities
.05:51:57.750 [error] local node self-trust was not added: node signing public-key artifact is absent — continuing with configured trusted identities
05:51:57.858 [error] local node self-trust was not added: node signing public-key artifact is absent — continuing with configured trusted identities
.05:51:57.969 [error] local node self-trust was not added: node signing public-key artifact is absent — continuing with configured trusted identities
.05:51:58.078 [error] local node self-trust was not added: node signing public-key artifact is absent — continuing with configured trusted identities
.05:51:58.187 [error] local node self-trust was not added: node signing public-key artifact is absent — continuing with configured trusted identities
.05:51:58.252 [error] local node self-trust was not added: node signing public-key artifact is absent — continuing with configured trusted identities
05:51:58.260 [error] local node self-trust was not added: node signing public-key artifact is absent — continuing with configured trusted identities
05:51:58.264 [error] local node self-trust was not added: node signing public-key artifact is absent — continuing with configured trusted identities
05:51:58.266 [error] local node self-trust was not added: node signing public-key artifact is absent — continuing with configured trusted identities
05:51:58.267 [error] local node self-trust was not added: node signing public-key artifact is absent — continuing with configured trusted identities
05:51:58.269 [error] local node self-trust was not added: node signing public-key artifact is absent — continuing with configured trusted identities
05:51:58.270 [error] local node self-trust was not added: node signing public-key artifact is absent — continuing with configured trusted identities
05:51:58.272 [error] local node self-trust was not added: node signing public-key artifact is absent — continuing with configured trusted identities
05:51:58.274 [error] local node self-trust was not added: node signing public-key artifact is absent — continuing with configured trusted identities
05:51:58.276 [error] local node self-trust was not added: node signing public-key artifact is absent — continuing with configured trusted identities
05:51:58.278 [error] local node self-trust was not added: node signing public-key artifact is absent — continuing with configured trusted identities
.05:51:58.284 [error] local node self-trust was not added: node signing public-key artifact is absent — continuing with configured trusted identities
.05:51:58.298 [error] local node self-trust was not added: node signing public-key artifact is absent — continuing with configured trusted identities
05:51:58.300 [error] local node self-trust was not added: node signing public-key artifact is absent — continuing with configured trusted identities
05:51:58.301 [error] local node self-trust was not added: node signing public-key artifact is absent — continuing with configured trusted identities
05:51:58.302 [error] local node self-trust was not added: node signing public-key artifact is absent — continuing with configured trusted identities
05:51:58.304 [error] local node self-trust was not added: node signing public-key artifact is absent — continuing with configured trusted identities
05:51:58.305 [error] local node self-trust was not added: node signing public-key artifact is absent — continuing with configured trusted identities
05:51:58.307 [error] local node self-trust was not added: node signing public-key artifact is absent — continuing with configured trusted identities
05:51:58.308 [error] local node self-trust was not added: node signing public-key artifact is absent — continuing with configured trusted identities
05:51:58.310 [error] local node self-trust was not added: node signing public-key artifact is absent — continuing with configured trusted identities
05:51:58.312 [error] local node self-trust was not added: node signing public-key artifact is absent — continuing with configured trusted identities
05:51:58.314 [error] local node self-trust was not added: node signing public-key artifact is absent — continuing with configured trusted identities
05:51:58.322 [error] local node self-trust was not added: node signing public-key artifact is absent — continuing with configured trusted identities
05:51:58.324 [error] local node self-trust was not added: node signing public-key artifact is absent — continuing with configured trusted identities
05:51:58.326 [error] local node self-trust was not added: node signing public-key artifact is absent — continuing with configured trusted identities
05:51:58.330 [error] local node self-trust was not added: node signing public-key artifact is absent — continuing with configured trusted identities
05:51:58.334 [error] local node self-trust was not added: node signing public-key artifact is absent — continuing with configured trusted identities
05:51:58.338 [error] local node self-trust was not added: node signing public-key artifact is absent — continuing with configured trusted identities
05:51:58.341 [error] local node self-trust was not added: node signing public-key artifact is absent — continuing with configured trusted identities
05:51:58.343 [error] local node self-trust was not added: node signing public-key artifact is absent — continuing with configured trusted identities
05:51:58.345 [error] local node self-trust was not added: node signing public-key artifact is absent — continuing with configured trusted identities
05:51:58.348 [error] local node self-trust was not added: node signing public-key artifact is absent — continuing with configured trusted identities
05:51:58.352 [error] local node self-trust was not added: node signing public-key artifact is absent — continuing with configured trusted identities
.05:51:58.361 [error] local node self-trust was not added: node signing public-key artifact is absent — continuing with configured trusted identities
.05:51:58.371 [error] local node self-trust was not added: node signing public-key artifact is absent — continuing with configured trusted identities
05:51:58.372 [error] local node self-trust was not added: node signing public-key artifact is absent — continuing with configured trusted identities
05:51:58.375 [error] local node self-trust was not added: node signing public-key artifact is absent — continuing with configured trusted identities
05:51:58.376 [error] local node self-trust was not added: node signing public-key artifact is absent — continuing with configured trusted identities
05:51:58.378 [error] local node self-trust was not added: node signing public-key artifact is absent — continuing with configured trusted identities
05:51:58.380 [error] local node self-trust was not added: node signing public-key artifact is absent — continuing with configured trusted identities
05:51:58.384 [error] local node self-trust was not added: node signing public-key artifact is absent — continuing with configured trusted identities
05:51:58.386 [error] local node self-trust was not added: node signing public-key artifact is absent — continuing with configured trusted identities
05:51:58.390 [error] local node self-trust was not added: node signing public-key artifact is absent — continuing with configured trusted identities
05:51:58.395 [error] local node self-trust was not added: node signing public-key artifact is absent — continuing with configured trusted identities
05:51:58.398 [error] local node self-trust was not added: node signing public-key artifact is absent — continuing with configured trusted identities
05:51:58.402 [error] local node self-trust was not added: node signing public-key artifact is absent — continuing with configured trusted identities
05:51:58.404 [error] local node self-trust was not added: node signing public-key artifact is absent — continuing with configured trusted identities
05:51:58.406 [error] local node self-trust was not added: node signing public-key artifact is absent — continuing with configured trusted identities
05:51:58.407 [error] local node self-trust was not added: node signing public-key artifact is absent — continuing with configured trusted identities
05:51:58.410 [error] local node self-trust was not added: node signing public-key artifact is absent — continuing with configured trusted identities
05:51:58.432 [error] local node self-trust was not added: node signing public-key artifact is absent — continuing with configured trusted identities
.05:51:58.440 [error] local node self-trust was not added: node signing public-key artifact is absent — continuing with configured trusted identities
.05:51:58.444 [error] local node self-trust was not added: node signing public-key artifact is absent — continuing with configured trusted identities
05:51:58.446 [error] local node self-trust was not added: node signing public-key artifact is absent — continuing with configured trusted identities
05:51:58.447 [error] local node self-trust was not added: node signing public-key artifact is absent — continuing with configured trusted identities
05:51:58.448 [error] local node self-trust was not added: node signing public-key artifact is absent — continuing with configured trusted identities
05:51:58.450 [error] local node self-trust was not added: node signing public-key artifact is absent — continuing with configured trusted identities
05:51:58.451 [error] local node self-trust was not added: node signing public-key artifact is absent — continuing with configured trusted identities
05:51:58.453 [error] local node self-trust was not added: node signing public-key artifact is absent — continuing with configured trusted identities
05:51:58.455 [error] local node self-trust was not added: node signing public-key artifact is absent — continuing with configured trusted identities
05:51:58.457 [error] local node self-trust was not added: node signing public-key artifact is absent — continuing with configured trusted identities
05:51:58.459 [error] local node self-trust was not added: node signing public-key artifact is absent — continuing with configured trusted identities
05:51:58.461 [error] local node self-trust was not added: node signing public-key artifact is absent — continuing with configured trusted identities
05:51:58.464 [error] local node self-trust was not added: node signing public-key artifact is absent — continuing with configured trusted identities
05:51:58.465 [error] local node self-trust was not added: node signing public-key artifact is absent — continuing with configured trusted identities
05:51:58.467 [error] local node self-trust was not added: node signing public-key artifact is absent — continuing with configured trusted identities
05:51:58.468 [error] local node self-trust was not added: node signing public-key artifact is absent — continuing with configured trusted identities
05:51:58.471 [error] local node self-trust was not added: node signing public-key artifact is absent — continuing with configured trusted identities
.05:51:58.478 [error] local node self-trust was not added: node signing public-key artifact is absent — continuing with configured trusted identities
.05:51:58.482 [error] local node self-trust was not added: node signing public-key artifact is absent — continuing with configured trusted identities
05:51:58.483 [error] local node self-trust was not added: node signing public-key artifact is absent — continuing with configured trusted identities
05:51:58.487 [error] local node self-trust was not added: node signing public-key artifact is absent — continuing with configured trusted identities
05:51:58.489 [error] local node self-trust was not added: node signing public-key artifact is absent — continuing with configured trusted identities
05:51:58.491 [error] local node self-trust was not added: node signing public-key artifact is absent — continuing with configured trusted identities
05:51:58.493 [error] local node self-trust was not added: node signing public-key artifact is absent — continuing with configured trusted identities
05:51:58.496 [error] local node self-trust was not added: node signing public-key artifact is absent — continuing with configured trusted identities
05:51:58.498 [error] local node self-trust was not added: node signing public-key artifact is absent — continuing with configured trusted identities
05:51:58.500 [error] local node self-trust was not added: node signing public-key artifact is absent — continuing with configured trusted identities
05:51:58.503 [error] local node self-trust was not added: node signing public-key artifact is absent — continuing with configured trusted identities
05:51:58.506 [error] local node self-trust was not added: node signing public-key artifact is absent — continuing with configured trusted identities
05:51:58.510 [error] local node self-trust was not added: node signing public-key artifact is absent — continuing with configured trusted identities
05:51:58.513 [error] local node self-trust was not added: node signing public-key artifact is absent — continuing with configured trusted identities
05:51:58.516 [error] local node self-trust was not added: node signing public-key artifact is absent — continuing with configured trusted identities
05:51:58.518 [error] local node self-trust was not added: node signing public-key artifact is absent — continuing with configured trusted identities
05:51:58.522 [error] local node self-trust was not added: node signing public-key artifact is absent — continuing with configured trusted identities
05:51:58.527 [error] local node self-trust was not added: node signing public-key artifact is absent — continuing with configured trusted identities
05:51:58.529 [error] local node self-trust was not added: node signing public-key artifact is absent — continuing with configured trusted identities
05:51:58.533 [error] local node self-trust was not added: node signing public-key artifact is absent — continuing with configured trusted identities
05:51:58.536 [error] local node self-trust was not added: node signing public-key artifact is absent — continuing with configured trusted identities
05:51:58.540 [error] local node self-trust was not added: node signing public-key artifact is absent — continuing with configured trusted identities
.05:51:58.550 [error] local node self-trust was not added: node signing public-key artifact is absent — continuing with configured trusted identities
.
Finished in 5.3 seconds (2.3s async, 2.9s sync)
121 tests, 0 failures
real 7.66
user 6.25
sys 1.32
