==> commonplace
make: Nothing to be done for 'all'.
==> commonplace_cli
Running ExUnit with seed: 564663, max_cases: 8

................................05:50:46.099 [error] local node self-trust was not added: node signing public-key artifact is absent — continuing with configured trusted identities
05:50:46.118 [error] local node self-trust was not added: node signing public-key artifact is absent — continuing with configured trusted identities
05:50:46.123 [error] local node self-trust was not added: node signing public-key artifact is absent — continuing with configured trusted identities
.05:50:46.135 [error] local node self-trust was not added: node signing public-key artifact is absent — continuing with configured trusted identities
05:50:46.138 [error] local node self-trust was not added: node signing public-key artifact is absent — continuing with configured trusted identities
05:50:46.141 [error] local node self-trust was not added: node signing public-key artifact is absent — continuing with configured trusted identities
05:50:46.153 [error] local node self-trust was not added: node signing public-key artifact is absent — continuing with configured trusted identities
.05:50:46.158 [error] local node self-trust was not added: node signing public-key artifact is absent — continuing with configured trusted identities
05:50:46.160 [error] local node self-trust was not added: node signing public-key artifact is absent — continuing with configured trusted identities
05:50:46.163 [error] local node self-trust was not added: node signing public-key artifact is absent — continuing with configured trusted identities
05:50:46.170 [error] local node self-trust was not added: node signing public-key artifact is absent — continuing with configured trusted identities
..........05:50:46.369 [error] local node self-trust was not added: node signing public-key artifact is absent — continuing with configured trusted identities
.05:50:46.380 [error] local node self-trust was not added: node signing public-key artifact is absent — continuing with configured trusted identities
.05:50:46.388 [error] local node self-trust was not added: node signing public-key artifact is absent — continuing with configured trusted identities
.05:50:46.395 [error] local node self-trust was not added: node signing public-key artifact is absent — continuing with configured trusted identities
.05:50:46.403 [error] local node self-trust was not added: node signing public-key artifact is absent — continuing with configured trusted identities
.05:50:46.420 [error] local node self-trust was not added: node signing public-key artifact is absent — continuing with configured trusted identities
05:50:46.476 [warning] CommitStore: root attach DENIED by workspace profile doc_uuid=729d6a42-3ad8-45f9-a2e7-ba095385c7b4 reason="workspace class 'minimal' does not accept root entry 'bd' — declared in profile"
05:50:46.494 [error] local node self-trust was not added: node signing public-key artifact is absent — continuing with configured trusted identities
.05:50:46.505 [error] local node self-trust was not added: node signing public-key artifact is absent — continuing with configured trusted identities
05:50:46.547 [error] local node self-trust was not added: node signing public-key artifact is absent — continuing with configured trusted identities
.05:50:46.552 [error] local node self-trust was not added: node signing public-key artifact is absent — continuing with configured trusted identities
05:50:46.554 [error] local node self-trust was not added: node signing public-key artifact is absent — continuing with configured trusted identities
05:50:46.557 [error] local node self-trust was not added: node signing public-key artifact is absent — continuing with configured trusted identities
05:50:46.575 [error] local node self-trust was not added: node signing public-key artifact is absent — continuing with configured trusted identities
05:50:46.577 [error] local node self-trust was not added: node signing public-key artifact is absent — continuing with configured trusted identities
.05:50:46.585 [error] local node self-trust was not added: node signing public-key artifact is absent — continuing with configured trusted identities
.05:50:46.592 [error] local node self-trust was not added: node signing public-key artifact is absent — continuing with configured trusted identities
05:50:46.593 [error] local node self-trust was not added: node signing public-key artifact is absent — continuing with configured trusted identities
05:50:46.597 [error] local node self-trust was not added: node signing public-key artifact is absent — continuing with configured trusted identities
05:50:46.599 [error] local node self-trust was not added: node signing public-key artifact is absent — continuing with configured trusted identities
.05:50:46.607 [error] local node self-trust was not added: node signing public-key artifact is absent — continuing with configured trusted identities
05:50:46.609 [error] local node self-trust was not added: node signing public-key artifact is absent — continuing with configured trusted identities
05:50:46.613 [error] local node self-trust was not added: node signing public-key artifact is absent — continuing with configured trusted identities
05:50:46.616 [error] local node self-trust was not added: node signing public-key artifact is absent — continuing with configured trusted identities
.05:50:46.634 [error] local node self-trust was not added: node signing public-key artifact is absent — continuing with configured trusted identities
05:50:46.637 [error] local node self-trust was not added: node signing public-key artifact is absent — continuing with configured trusted identities
05:50:46.642 [error] local node self-trust was not added: node signing public-key artifact is absent — continuing with configured trusted identities
.................commonplace: :cx_a3fe_absent@commonplace (from /tmp/cx_x8jk_reach_failures_296935288/node_name) serves a DIFFERENT workspace — its data dir is "/other/data", not "/tmp/cx_x8jk_reach_failures_296935288". Ignoring it; that node_name file probably points at an orphan serve.
.05:50:47.177 [error] local node self-trust was not added: node signing public-key artifact is absent — continuing with configured trusted identities
05:50:47.178 [error] local node self-trust was not added: node signing public-key artifact is absent — continuing with configured trusted identities
05:50:47.184 [error] local node self-trust was not added: node signing public-key artifact is absent — continuing with configured trusted identities
05:50:47.187 [error] local node self-trust was not added: node signing public-key artifact is absent — continuing with configured trusted identities
05:50:47.202 [error] local node self-trust was not added: node signing public-key artifact is absent — continuing with configured trusted identities
.05:50:47.212 [error] local node self-trust was not added: node signing public-key artifact is absent — continuing with configured trusted identities
05:50:47.212 [error] local node self-trust was not added: node signing public-key artifact is absent — continuing with configured trusted identities
05:50:47.215 [error] local node self-trust was not added: node signing public-key artifact is absent — continuing with configured trusted identities
05:50:47.218 [error] local node self-trust was not added: node signing public-key artifact is absent — continuing with configured trusted identities
05:50:47.221 [error] local node self-trust was not added: node signing public-key artifact is absent — continuing with configured trusted identities
05:50:47.223 [error] local node self-trust was not added: node signing public-key artifact is absent — continuing with configured trusted identities
05:50:47.226 [error] local node self-trust was not added: node signing public-key artifact is absent — continuing with configured trusted identities
05:50:47.228 [error] local node self-trust was not added: node signing public-key artifact is absent — continuing with configured trusted identities
05:50:47.233 [error] local node self-trust was not added: node signing public-key artifact is absent — continuing with configured trusted identities
05:50:47.243 [error] local node self-trust was not added: node signing public-key artifact is absent — continuing with configured trusted identities
05:50:47.247 [error] local node self-trust was not added: node signing public-key artifact is absent — continuing with configured trusted identities
05:50:47.251 [error] local node self-trust was not added: node signing public-key artifact is absent — continuing with configured trusted identities
05:50:47.257 [warning] flock failed on /tmp/cp_sync_export_456235/new.txt: :enoent, proceeding without lock
05:50:47.259 [warning] flock failed on /tmp/cp_sync_export_456235/notes/todo.txt: :enoent, proceeding without lock
05:50:47.270 [error] local node self-trust was not added: node signing public-key artifact is absent — continuing with configured trusted identities
.05:50:47.282 [error] local node self-trust was not added: node signing public-key artifact is absent — continuing with configured trusted identities
05:50:47.283 [error] local node self-trust was not added: node signing public-key artifact is absent — continuing with configured trusted identities
05:50:47.288 [error] local node self-trust was not added: node signing public-key artifact is absent — continuing with configured trusted identities
05:50:47.293 [error] local node self-trust was not added: node signing public-key artifact is absent — continuing with configured trusted identities
05:50:47.313 [error] local node self-trust was not added: node signing public-key artifact is absent — continuing with configured trusted identities
.05:50:47.326 [error] local node self-trust was not added: node signing public-key artifact is absent — continuing with configured trusted identities
05:50:47.327 [error] local node self-trust was not added: node signing public-key artifact is absent — continuing with configured trusted identities
05:50:47.333 [error] local node self-trust was not added: node signing public-key artifact is absent — continuing with configured trusted identities
05:50:47.338 [error] local node self-trust was not added: node signing public-key artifact is absent — continuing with configured trusted identities
05:50:47.341 [error] local node self-trust was not added: node signing public-key artifact is absent — continuing with configured trusted identities
05:50:47.344 [error] local node self-trust was not added: node signing public-key artifact is absent — continuing with configured trusted identities
05:50:47.348 [error] local node self-trust was not added: node signing public-key artifact is absent — continuing with configured trusted identities
05:50:47.352 [error] local node self-trust was not added: node signing public-key artifact is absent — continuing with configured trusted identities
05:50:47.359 [error] local node self-trust was not added: node signing public-key artifact is absent — continuing with configured trusted identities
05:50:47.363 [error] local node self-trust was not added: node signing public-key artifact is absent — continuing with configured trusted identities
05:50:47.367 [error] local node self-trust was not added: node signing public-key artifact is absent — continuing with configured trusted identities
05:50:47.390 [error] local node self-trust was not added: node signing public-key artifact is absent — continuing with configured trusted identities
.05:50:47.398 [error] local node self-trust was not added: node signing public-key artifact is absent — continuing with configured trusted identities
05:50:47.400 [error] local node self-trust was not added: node signing public-key artifact is absent — continuing with configured trusted identities
.05:50:47.411 [error] local node self-trust was not added: node signing public-key artifact is absent — continuing with configured trusted identities
05:50:47.413 [error] local node self-trust was not added: node signing public-key artifact is absent — continuing with configured trusted identities
.05:50:47.423 [error] local node self-trust was not added: node signing public-key artifact is absent — continuing with configured trusted identities
05:50:47.426 [error] local node self-trust was not added: node signing public-key artifact is absent — continuing with configured trusted identities
.05:50:47.433 [error] local node self-trust was not added: node signing public-key artifact is absent — continuing with configured trusted identities
05:50:47.439 [error] local node self-trust was not added: node signing public-key artifact is absent — continuing with configured trusted identities
05:50:47.442 [error] local node self-trust was not added: node signing public-key artifact is absent — continuing with configured trusted identities
05:50:47.451 [error] local node self-trust was not added: node signing public-key artifact is absent — continuing with configured trusted identities
05:50:47.455 [error] local node self-trust was not added: node signing public-key artifact is absent — continuing with configured trusted identities
.05:50:47.466 [error] local node self-trust was not added: node signing public-key artifact is absent — continuing with configured trusted identities
05:50:47.472 [error] local node self-trust was not added: node signing public-key artifact is absent — continuing with configured trusted identities
05:50:47.474 [error] local node self-trust was not added: node signing public-key artifact is absent — continuing with configured trusted identities
05:50:47.477 [error] local node self-trust was not added: node signing public-key artifact is absent — continuing with configured trusted identities
05:50:47.480 [error] local node self-trust was not added: node signing public-key artifact is absent — continuing with configured trusted identities
05:50:47.482 [error] local node self-trust was not added: node signing public-key artifact is absent — continuing with configured trusted identities
05:50:47.484 [error] local node self-trust was not added: node signing public-key artifact is absent — continuing with configured trusted identities
.05:50:47.491 [error] local node self-trust was not added: node signing public-key artifact is absent — continuing with configured trusted identities
05:50:47.494 [error] local node self-trust was not added: node signing public-key artifact is absent — continuing with configured trusted identities
05:50:47.496 [error] local node self-trust was not added: node signing public-key artifact is absent — continuing with configured trusted identities
05:50:47.501 [error] local node self-trust was not added: node signing public-key artifact is absent — continuing with configured trusted identities
05:50:47.504 [error] local node self-trust was not added: node signing public-key artifact is absent — continuing with configured trusted identities
05:50:47.506 [error] local node self-trust was not added: node signing public-key artifact is absent — continuing with configured trusted identities
05:50:47.509 [error] local node self-trust was not added: node signing public-key artifact is absent — continuing with configured trusted identities
.05:50:47.518 [error] local node self-trust was not added: node signing public-key artifact is absent — continuing with configured trusted identities
......05:50:47.533 [error] local node self-trust was not added: node signing public-key artifact is absent — continuing with configured trusted identities
05:50:47.533 [error] local node self-trust was not added: node signing public-key artifact is absent — continuing with configured trusted identities
05:50:47.535 [error] local node self-trust was not added: node signing public-key artifact is absent — continuing with configured trusted identities
05:50:47.536 [error] local node self-trust was not added: node signing public-key artifact is absent — continuing with configured trusted identities
05:50:47.537 [error] local node self-trust was not added: node signing public-key artifact is absent — continuing with configured trusted identities
05:50:47.539 [error] local node self-trust was not added: node signing public-key artifact is absent — continuing with configured trusted identities
05:50:47.540 [error] local node self-trust was not added: node signing public-key artifact is absent — continuing with configured trusted identities
05:50:47.542 [error] local node self-trust was not added: node signing public-key artifact is absent — continuing with configured trusted identities
Current root: uuid-root
05:50:47.555 [error] local node self-trust was not added: node signing public-key artifact is absent — continuing with configured trusted identities
.05:50:47.564 [error] local node self-trust was not added: node signing public-key artifact is absent — continuing with configured trusted identities
05:50:47.565 [error] local node self-trust was not added: node signing public-key artifact is absent — continuing with configured trusted identities
05:50:47.567 [error] local node self-trust was not added: node signing public-key artifact is absent — continuing with configured trusted identities
05:50:47.569 [error] local node self-trust was not added: node signing public-key artifact is absent — continuing with configured trusted identities
05:50:47.570 [error] local node self-trust was not added: node signing public-key artifact is absent — continuing with configured trusted identities
05:50:47.572 [error] local node self-trust was not added: node signing public-key artifact is absent — continuing with configured trusted identities
05:50:47.574 [error] local node self-trust was not added: node signing public-key artifact is absent — continuing with configured trusted identities
05:50:47.576 [error] local node self-trust was not added: node signing public-key artifact is absent — continuing with configured trusted identities
05:50:47.580 [warning] flock failed on /tmp/cp_checkout_sync_290521/repos/myrepo/feature/feature.txt: :enoent, proceeding without lock
05:50:47.582 [warning] flock failed on /tmp/cp_checkout_sync_290521/repos/myrepo/main/readme.txt: :enoent, proceeding without lock
05:50:47.584 [warning] flock failed on /tmp/cp_checkout_sync_290521/readme.txt: :enoent, proceeding without lock
05:50:47.596 [error] local node self-trust was not added: node signing public-key artifact is absent — continuing with configured trusted identities
.05:50:47.604 [error] local node self-trust was not added: node signing public-key artifact is absent — continuing with configured trusted identities
05:50:47.604 [error] local node self-trust was not added: node signing public-key artifact is absent — continuing with configured trusted identities
05:50:47.606 [error] local node self-trust was not added: node signing public-key artifact is absent — continuing with configured trusted identities
05:50:47.608 [error] local node self-trust was not added: node signing public-key artifact is absent — continuing with configured trusted identities
05:50:47.609 [error] local node self-trust was not added: node signing public-key artifact is absent — continuing with configured trusted identities
05:50:47.612 [error] local node self-trust was not added: node signing public-key artifact is absent — continuing with configured trusted identities
05:50:47.614 [error] local node self-trust was not added: node signing public-key artifact is absent — continuing with configured trusted identities
05:50:47.616 [error] local node self-trust was not added: node signing public-key artifact is absent — continuing with configured trusted identities
Re-rooted: uuid-root → uuid-main
Exporting from new root...
Done.
05:50:47.636 [error] local node self-trust was not added: node signing public-key artifact is absent — continuing with configured trusted identities
.05:50:47.644 [error] local node self-trust was not added: node signing public-key artifact is absent — continuing with configured trusted identities
05:50:47.645 [error] local node self-trust was not added: node signing public-key artifact is absent — continuing with configured trusted identities
05:50:47.647 [error] local node self-trust was not added: node signing public-key artifact is absent — continuing with configured trusted identities
05:50:47.648 [error] local node self-trust was not added: node signing public-key artifact is absent — continuing with configured trusted identities
05:50:47.650 [error] local node self-trust was not added: node signing public-key artifact is absent — continuing with configured trusted identities
05:50:47.651 [error] local node self-trust was not added: node signing public-key artifact is absent — continuing with configured trusted identities
05:50:47.653 [error] local node self-trust was not added: node signing public-key artifact is absent — continuing with configured trusted identities
05:50:47.655 [error] local node self-trust was not added: node signing public-key artifact is absent — continuing with configured trusted identities
05:50:47.669 [error] local node self-trust was not added: node signing public-key artifact is absent — continuing with configured trusted identities
.05:50:47.677 [error] local node self-trust was not added: node signing public-key artifact is absent — continuing with configured trusted identities
05:50:47.678 [error] local node self-trust was not added: node signing public-key artifact is absent — continuing with configured trusted identities
05:50:47.680 [error] local node self-trust was not added: node signing public-key artifact is absent — continuing with configured trusted identities
05:50:47.681 [error] local node self-trust was not added: node signing public-key artifact is absent — continuing with configured trusted identities
05:50:47.683 [error] local node self-trust was not added: node signing public-key artifact is absent — continuing with configured trusted identities
05:50:47.684 [error] local node self-trust was not added: node signing public-key artifact is absent — continuing with configured trusted identities
05:50:47.686 [error] local node self-trust was not added: node signing public-key artifact is absent — continuing with configured trusted identities
05:50:47.687 [error] local node self-trust was not added: node signing public-key artifact is absent — continuing with configured trusted identities
05:50:47.690 [warning] flock failed on /tmp/cp_checkout_sync_672532/feature.txt: :enoent, proceeding without lock
05:50:47.702 [error] local node self-trust was not added: node signing public-key artifact is absent — continuing with configured trusted identities
.05:50:47.714 [error] local node self-trust was not added: node signing public-key artifact is absent — continuing with configured trusted identities
05:50:47.715 [error] local node self-trust was not added: node signing public-key artifact is absent — continuing with configured trusted identities
05:50:47.717 [error] local node self-trust was not added: node signing public-key artifact is absent — continuing with configured trusted identities
05:50:47.719 [error] local node self-trust was not added: node signing public-key artifact is absent — continuing with configured trusted identities
05:50:47.721 [error] local node self-trust was not added: node signing public-key artifact is absent — continuing with configured trusted identities
05:50:47.722 [error] local node self-trust was not added: node signing public-key artifact is absent — continuing with configured trusted identities
05:50:47.724 [error] local node self-trust was not added: node signing public-key artifact is absent — continuing with configured trusted identities
05:50:47.725 [error] local node self-trust was not added: node signing public-key artifact is absent — continuing with configured trusted identities
05:50:47.727 [error] local node self-trust was not added: node signing public-key artifact is absent — continuing with configured trusted identities
05:50:47.729 [error] local node self-trust was not added: node signing public-key artifact is absent — continuing with configured trusted identities
05:50:47.731 [warning] flock failed on /tmp/cp_rt_out_109305/docs/examples/hello.txt: :enoent, proceeding without lock
05:50:47.733 [warning] flock failed on /tmp/cp_rt_out_109305/docs/guide.txt: :enoent, proceeding without lock
05:50:47.734 [warning] flock failed on /tmp/cp_rt_out_109305/empty.txt: :enoent, proceeding without lock
05:50:47.736 [warning] flock failed on /tmp/cp_rt_out_109305/readme.txt: :enoent, proceeding without lock
05:50:47.755 [error] local node self-trust was not added: node signing public-key artifact is absent — continuing with configured trusted identities
.05:50:47.769 [error] local node self-trust was not added: node signing public-key artifact is absent — continuing with configured trusted identities
05:50:47.770 [error] local node self-trust was not added: node signing public-key artifact is absent — continuing with configured trusted identities
05:50:47.773 [error] local node self-trust was not added: node signing public-key artifact is absent — continuing with configured trusted identities
05:50:47.775 [error] local node self-trust was not added: node signing public-key artifact is absent — continuing with configured trusted identities
05:50:47.777 [warning] flock failed on /tmp/cp_rt_out_710680/special.txt: :enoent, proceeding without lock
05:50:47.791 [error] local node self-trust was not added: node signing public-key artifact is absent — continuing with configured trusted identities
.05:50:47.803 [error] local node self-trust was not added: node signing public-key artifact is absent — continuing with configured trusted identities
.05:50:47.812 [error] local node self-trust was not added: node signing public-key artifact is absent — continuing with configured trusted identities
..05:50:47.824 [error] local node self-trust was not added: node signing public-key artifact is absent — continuing with configured trusted identities
.05:50:47.833 [error] local node self-trust was not added: node signing public-key artifact is absent — continuing with configured trusted identities
.05:50:47.856 [error] local node self-trust was not added: node signing public-key artifact is absent — continuing with configured trusted identities
.05:50:47.864 [error] local node self-trust was not added: node signing public-key artifact is absent — continuing with configured trusted identities
05:50:47.874 [error] local node self-trust was not added: node signing public-key artifact is absent — continuing with configured trusted identities
05:50:47.878 [error] local node self-trust was not added: node signing public-key artifact is absent — continuing with configured trusted identities
05:50:47.880 [error] local node self-trust was not added: node signing public-key artifact is absent — continuing with configured trusted identities
05:50:47.882 [error] local node self-trust was not added: node signing public-key artifact is absent — continuing with configured trusted identities
05:50:47.885 [error] local node self-trust was not added: node signing public-key artifact is absent — continuing with configured trusted identities
05:50:47.887 [error] local node self-trust was not added: node signing public-key artifact is absent — continuing with configured trusted identities
05:50:47.889 [error] local node self-trust was not added: node signing public-key artifact is absent — continuing with configured trusted identities
05:50:47.891 [error] local node self-trust was not added: node signing public-key artifact is absent — continuing with configured trusted identities
05:50:47.893 [error] local node self-trust was not added: node signing public-key artifact is absent — continuing with configured trusted identities
05:50:47.896 [error] local node self-trust was not added: node signing public-key artifact is absent — continuing with configured trusted identities
.05:50:47.902 [error] local node self-trust was not added: node signing public-key artifact is absent — continuing with configured trusted identities
05:50:47.904 [error] local node self-trust was not added: node signing public-key artifact is absent — continuing with configured trusted identities
05:50:47.906 [error] local node self-trust was not added: node signing public-key artifact is absent — continuing with configured trusted identities
05:50:47.908 [error] local node self-trust was not added: node signing public-key artifact is absent — continuing with configured trusted identities
05:50:47.910 [error] local node self-trust was not added: node signing public-key artifact is absent — continuing with configured trusted identities
05:50:47.912 [error] local node self-trust was not added: node signing public-key artifact is absent — continuing with configured trusted identities
05:50:47.914 [error] local node self-trust was not added: node signing public-key artifact is absent — continuing with configured trusted identities
05:50:47.917 [error] local node self-trust was not added: node signing public-key artifact is absent — continuing with configured trusted identities
05:50:47.919 [error] local node self-trust was not added: node signing public-key artifact is absent — continuing with configured trusted identities
05:50:47.921 [error] local node self-trust was not added: node signing public-key artifact is absent — continuing with configured trusted identities
05:50:47.927 [error] local node self-trust was not added: node signing public-key artifact is absent — continuing with configured trusted identities
05:50:47.939 [error] local node self-trust was not added: node signing public-key artifact is absent — continuing with configured trusted identities
05:50:47.942 [error] local node self-trust was not added: node signing public-key artifact is absent — continuing with configured trusted identities
05:50:47.944 [error] local node self-trust was not added: node signing public-key artifact is absent — continuing with configured trusted identities
05:50:47.947 [error] local node self-trust was not added: node signing public-key artifact is absent — continuing with configured trusted identities
05:50:47.951 [error] local node self-trust was not added: node signing public-key artifact is absent — continuing with configured trusted identities
05:50:47.955 [error] local node self-trust was not added: node signing public-key artifact is absent — continuing with configured trusted identities
05:50:47.958 [error] local node self-trust was not added: node signing public-key artifact is absent — continuing with configured trusted identities
05:50:47.961 [error] local node self-trust was not added: node signing public-key artifact is absent — continuing with configured trusted identities
05:50:47.964 [error] local node self-trust was not added: node signing public-key artifact is absent — continuing with configured trusted identities
05:50:47.968 [error] local node self-trust was not added: node signing public-key artifact is absent — continuing with configured trusted identities
05:50:47.972 [error] local node self-trust was not added: node signing public-key artifact is absent — continuing with configured trusted identities
.05:50:47.980 [error] local node self-trust was not added: node signing public-key artifact is absent — continuing with configured trusted identities
.05:50:47.987 [error] local node self-trust was not added: node signing public-key artifact is absent — continuing with configured trusted identities
.05:50:47.997 [error] local node self-trust was not added: node signing public-key artifact is absent — continuing with configured trusted identities
.05:50:48.003 [error] local node self-trust was not added: node signing public-key artifact is absent — continuing with configured trusted identities
05:50:48.005 [error] local node self-trust was not added: node signing public-key artifact is absent — continuing with configured trusted identities
05:50:48.007 [error] local node self-trust was not added: node signing public-key artifact is absent — continuing with configured trusted identities
05:50:48.009 [error] local node self-trust was not added: node signing public-key artifact is absent — continuing with configured trusted identities
05:50:48.011 [error] local node self-trust was not added: node signing public-key artifact is absent — continuing with configured trusted identities
05:50:48.013 [error] local node self-trust was not added: node signing public-key artifact is absent — continuing with configured trusted identities
05:50:48.014 [error] local node self-trust was not added: node signing public-key artifact is absent — continuing with configured trusted identities
05:50:48.016 [error] local node self-trust was not added: node signing public-key artifact is absent — continuing with configured trusted identities
05:50:48.018 [error] local node self-trust was not added: node signing public-key artifact is absent — continuing with configured trusted identities
05:50:48.020 [error] local node self-trust was not added: node signing public-key artifact is absent — continuing with configured trusted identities
05:50:48.022 [error] local node self-trust was not added: node signing public-key artifact is absent — continuing with configured trusted identities
05:50:48.026 [error] local node self-trust was not added: node signing public-key artifact is absent — continuing with configured trusted identities
05:50:48.028 [error] local node self-trust was not added: node signing public-key artifact is absent — continuing with configured trusted identities
05:50:48.030 [error] local node self-trust was not added: node signing public-key artifact is absent — continuing with configured trusted identities
05:50:48.032 [error] local node self-trust was not added: node signing public-key artifact is absent — continuing with configured trusted identities
05:50:48.035 [error] local node self-trust was not added: node signing public-key artifact is absent — continuing with configured trusted identities
05:50:48.056 [error] local node self-trust was not added: node signing public-key artifact is absent — continuing with configured trusted identities
.05:50:48.065 [error] local node self-trust was not added: node signing public-key artifact is absent — continuing with configured trusted identities
05:50:48.067 [error] local node self-trust was not added: node signing public-key artifact is absent — continuing with configured trusted identities
05:50:48.069 [error] local node self-trust was not added: node signing public-key artifact is absent — continuing with configured trusted identities
05:50:48.071 [error] local node self-trust was not added: node signing public-key artifact is absent — continuing with configured trusted identities
05:50:48.074 [error] local node self-trust was not added: node signing public-key artifact is absent — continuing with configured trusted identities
05:50:48.076 [error] local node self-trust was not added: node signing public-key artifact is absent — continuing with configured trusted identities
05:50:48.078 [error] local node self-trust was not added: node signing public-key artifact is absent — continuing with configured trusted identities
05:50:48.080 [error] local node self-trust was not added: node signing public-key artifact is absent — continuing with configured trusted identities
05:50:48.084 [error] local node self-trust was not added: node signing public-key artifact is absent — continuing with configured trusted identities
05:50:48.090 [error] local node self-trust was not added: node signing public-key artifact is absent — continuing with configured trusted identities
05:50:48.092 [error] local node self-trust was not added: node signing public-key artifact is absent — continuing with configured trusted identities
05:50:48.096 [error] local node self-trust was not added: node signing public-key artifact is absent — continuing with configured trusted identities
05:50:48.098 [error] local node self-trust was not added: node signing public-key artifact is absent — continuing with configured trusted identities
05:50:48.100 [error] local node self-trust was not added: node signing public-key artifact is absent — continuing with configured trusted identities
05:50:48.102 [error] local node self-trust was not added: node signing public-key artifact is absent — continuing with configured trusted identities
05:50:48.105 [error] local node self-trust was not added: node signing public-key artifact is absent — continuing with configured trusted identities
05:50:48.109 [error] local node self-trust was not added: node signing public-key artifact is absent — continuing with configured trusted identities
05:50:48.111 [error] local node self-trust was not added: node signing public-key artifact is absent — continuing with configured trusted identities
05:50:48.113 [error] local node self-trust was not added: node signing public-key artifact is absent — continuing with configured trusted identities
05:50:48.115 [error] local node self-trust was not added: node signing public-key artifact is absent — continuing with configured trusted identities
05:50:48.119 [error] local node self-trust was not added: node signing public-key artifact is absent — continuing with configured trusted identities
.05:50:48.128 [error] local node self-trust was not added: node signing public-key artifact is absent — continuing with configured trusted identities
05:50:48.130 [error] local node self-trust was not added: node signing public-key artifact is absent — continuing with configured trusted identities
05:50:48.132 [error] local node self-trust was not added: node signing public-key artifact is absent — continuing with configured trusted identities
05:50:48.134 [error] local node self-trust was not added: node signing public-key artifact is absent — continuing with configured trusted identities
05:50:48.136 [error] local node self-trust was not added: node signing public-key artifact is absent — continuing with configured trusted identities
05:50:48.138 [error] local node self-trust was not added: node signing public-key artifact is absent — continuing with configured trusted identities
05:50:48.140 [error] local node self-trust was not added: node signing public-key artifact is absent — continuing with configured trusted identities
05:50:48.141 [error] local node self-trust was not added: node signing public-key artifact is absent — continuing with configured trusted identities
05:50:48.144 [error] local node self-trust was not added: node signing public-key artifact is absent — continuing with configured trusted identities
05:50:48.146 [error] local node self-trust was not added: node signing public-key artifact is absent — continuing with configured trusted identities
05:50:48.149 [error] local node self-trust was not added: node signing public-key artifact is absent — continuing with configured trusted identities
05:50:48.153 [error] local node self-trust was not added: node signing public-key artifact is absent — continuing with configured trusted identities
05:50:48.155 [error] local node self-trust was not added: node signing public-key artifact is absent — continuing with configured trusted identities
05:50:48.158 [error] local node self-trust was not added: node signing public-key artifact is absent — continuing with configured trusted identities
05:50:48.160 [error] local node self-trust was not added: node signing public-key artifact is absent — continuing with configured trusted identities
05:50:48.163 [error] local node self-trust was not added: node signing public-key artifact is absent — continuing with configured trusted identities
.05:50:48.225 [error] local node self-trust was not added: node signing public-key artifact is absent — continuing with configured trusted identities
05:50:48.333 [error] local node self-trust was not added: node signing public-key artifact is absent — continuing with configured trusted identities
.05:50:48.446 [error] local node self-trust was not added: node signing public-key artifact is absent — continuing with configured trusted identities
.05:50:48.564 [error] local node self-trust was not added: node signing public-key artifact is absent — continuing with configured trusted identities
.05:50:48.678 [error] local node self-trust was not added: node signing public-key artifact is absent — continuing with configured trusted identities
.05:50:48.746 [error] local node self-trust was not added: node signing public-key artifact is absent — continuing with configured trusted identities
05:50:48.749 [error] local node self-trust was not added: node signing public-key artifact is absent — continuing with configured trusted identities
05:50:48.771 [error] local node self-trust was not added: node signing public-key artifact is absent — continuing with configured trusted identities
.05:50:48.781 [error] local node self-trust was not added: node signing public-key artifact is absent — continuing with configured trusted identities
05:50:48.781 [error] local node self-trust was not added: node signing public-key artifact is absent — continuing with configured trusted identities
05:50:48.784 [error] local node self-trust was not added: node signing public-key artifact is absent — continuing with configured trusted identities
05:50:48.786 [error] local node self-trust was not added: node signing public-key artifact is absent — continuing with configured trusted identities
05:50:48.788 [error] local node self-trust was not added: node signing public-key artifact is absent — continuing with configured trusted identities
05:50:48.801 [error] local node self-trust was not added: node signing public-key artifact is absent — continuing with configured trusted identities
.05:50:48.815 [error] local node self-trust was not added: node signing public-key artifact is absent — continuing with configured trusted identities
05:50:48.815 [error] local node self-trust was not added: node signing public-key artifact is absent — continuing with configured trusted identities
05:50:48.818 [error] local node self-trust was not added: node signing public-key artifact is absent — continuing with configured trusted identities
05:50:48.822 [error] local node self-trust was not added: node signing public-key artifact is absent — continuing with configured trusted identities
05:50:48.824 [error] local node self-trust was not added: node signing public-key artifact is absent — continuing with configured trusted identities
05:50:48.826 [error] local node self-trust was not added: node signing public-key artifact is absent — continuing with configured trusted identities
05:50:48.828 [error] local node self-trust was not added: node signing public-key artifact is absent — continuing with configured trusted identities
05:50:48.830 [error] local node self-trust was not added: node signing public-key artifact is absent — continuing with configured trusted identities
05:50:48.832 [error] local node self-trust was not added: node signing public-key artifact is absent — continuing with configured trusted identities
05:50:48.847 [error] local node self-trust was not added: node signing public-key artifact is absent — continuing with configured trusted identities
.05:50:48.857 [error] local node self-trust was not added: node signing public-key artifact is absent — continuing with configured trusted identities
05:50:48.857 [error] local node self-trust was not added: node signing public-key artifact is absent — continuing with configured trusted identities
05:50:48.859 [error] local node self-trust was not added: node signing public-key artifact is absent — continuing with configured trusted identities
05:50:48.863 [error] local node self-trust was not added: node signing public-key artifact is absent — continuing with configured trusted identities
05:50:48.865 [error] local node self-trust was not added: node signing public-key artifact is absent — continuing with configured trusted identities
05:50:48.867 [error] local node self-trust was not added: node signing public-key artifact is absent — continuing with configured trusted identities
05:50:48.877 [error] local node self-trust was not added: node signing public-key artifact is absent — continuing with configured trusted identities
.05:50:48.886 [error] local node self-trust was not added: node signing public-key artifact is absent — continuing with configured trusted identities
05:50:48.887 [error] local node self-trust was not added: node signing public-key artifact is absent — continuing with configured trusted identities
05:50:48.897 [error] local node self-trust was not added: node signing public-key artifact is absent — continuing with configured trusted identities
.05:50:48.906 [error] local node self-trust was not added: node signing public-key artifact is absent — continuing with configured trusted identities
05:50:48.923 [error] local node self-trust was not added: node signing public-key artifact is absent — continuing with configured trusted identities
.05:50:48.936 [error] local node self-trust was not added: node signing public-key artifact is absent — continuing with configured trusted identities
05:50:48.937 [error] local node self-trust was not added: node signing public-key artifact is absent — continuing with configured trusted identities
05:50:48.939 [error] local node self-trust was not added: node signing public-key artifact is absent — continuing with configured trusted identities
05:50:48.941 [error] local node self-trust was not added: node signing public-key artifact is absent — continuing with configured trusted identities
05:50:48.952 [error] local node self-trust was not added: node signing public-key artifact is absent — continuing with configured trusted identities
.
Finished in 5.3 seconds (2.4s async, 2.9s sync)
121 tests, 0 failures
real 7.57
user 6.01
sys 1.26
