==> commonplace
make: Nothing to be done for 'all'.
==> commonplace_cli
Running ExUnit with seed: 910784, max_cases: 8

..................................05:50:53.147 [error] local node self-trust was not added: node signing public-key artifact is absent — continuing with configured trusted identities
05:50:53.161 [error] local node self-trust was not added: node signing public-key artifact is absent — continuing with configured trusted identities
05:50:53.163 [error] local node self-trust was not added: node signing public-key artifact is absent — continuing with configured trusted identities
05:50:53.167 [error] local node self-trust was not added: node signing public-key artifact is absent — continuing with configured trusted identities
05:50:53.169 [error] local node self-trust was not added: node signing public-key artifact is absent — continuing with configured trusted identities
05:50:53.173 [error] local node self-trust was not added: node signing public-key artifact is absent — continuing with configured trusted identities
05:50:53.176 [error] local node self-trust was not added: node signing public-key artifact is absent — continuing with configured trusted identities
.05:50:53.186 [error] local node self-trust was not added: node signing public-key artifact is absent — continuing with configured trusted identities
05:50:53.188 [error] local node self-trust was not added: node signing public-key artifact is absent — continuing with configured trusted identities
05:50:53.190 [error] local node self-trust was not added: node signing public-key artifact is absent — continuing with configured trusted identities
05:50:53.192 [error] local node self-trust was not added: node signing public-key artifact is absent — continuing with configured trusted identities
05:50:53.195 [error] local node self-trust was not added: node signing public-key artifact is absent — continuing with configured trusted identities
05:50:53.197 [error] local node self-trust was not added: node signing public-key artifact is absent — continuing with configured trusted identities
05:50:53.199 [error] local node self-trust was not added: node signing public-key artifact is absent — continuing with configured trusted identities
.05:50:53.211 [error] local node self-trust was not added: node signing public-key artifact is absent — continuing with configured trusted identities
05:50:53.217 [error] local node self-trust was not added: node signing public-key artifact is absent — continuing with configured trusted identities
05:50:53.220 [error] local node self-trust was not added: node signing public-key artifact is absent — continuing with configured trusted identities
05:50:53.225 [error] local node self-trust was not added: node signing public-key artifact is absent — continuing with configured trusted identities
05:50:53.228 [error] local node self-trust was not added: node signing public-key artifact is absent — continuing with configured trusted identities
.05:50:53.238 [error] local node self-trust was not added: node signing public-key artifact is absent — continuing with configured trusted identities
......05:50:53.447 [error] local node self-trust was not added: node signing public-key artifact is absent — continuing with configured trusted identities
.05:50:53.561 [error] local node self-trust was not added: node signing public-key artifact is absent — continuing with configured trusted identities
.05:50:53.672 [error] local node self-trust was not added: node signing public-key artifact is absent — continuing with configured trusted identities
05:50:53.780 [error] local node self-trust was not added: node signing public-key artifact is absent — continuing with configured trusted identities
.05:50:53.892 [error] local node self-trust was not added: node signing public-key artifact is absent — continuing with configured trusted identities
.05:50:53.963 [error] local node self-trust was not added: node signing public-key artifact is absent — continuing with configured trusted identities
05:50:54.021 [warning] CommitStore: root attach DENIED by workspace profile doc_uuid=8e5e44c6-6deb-4d40-b294-ecd81dc93e00 reason="workspace class 'minimal' does not accept root entry 'bd' — declared in profile"
05:50:54.039 [error] local node self-trust was not added: node signing public-key artifact is absent — continuing with configured trusted identities
.05:50:54.049 [error] local node self-trust was not added: node signing public-key artifact is absent — continuing with configured trusted identities
05:50:54.096 [error] local node self-trust was not added: node signing public-key artifact is absent — continuing with configured trusted identities
.05:50:54.105 [error] local node self-trust was not added: node signing public-key artifact is absent — continuing with configured trusted identities
05:50:54.105 [error] local node self-trust was not added: node signing public-key artifact is absent — continuing with configured trusted identities
05:50:54.107 [error] local node self-trust was not added: node signing public-key artifact is absent — continuing with configured trusted identities
05:50:54.109 [error] local node self-trust was not added: node signing public-key artifact is absent — continuing with configured trusted identities
05:50:54.113 [error] local node self-trust was not added: node signing public-key artifact is absent — continuing with configured trusted identities
05:50:54.116 [error] local node self-trust was not added: node signing public-key artifact is absent — continuing with configured trusted identities
05:50:54.118 [error] local node self-trust was not added: node signing public-key artifact is absent — continuing with configured trusted identities
05:50:54.120 [error] local node self-trust was not added: node signing public-key artifact is absent — continuing with configured trusted identities
Re-rooted: uuid-root → uuid-main
Exporting from new root...
Done.
05:50:54.141 [error] local node self-trust was not added: node signing public-key artifact is absent — continuing with configured trusted identities
.05:50:54.149 [error] local node self-trust was not added: node signing public-key artifact is absent — continuing with configured trusted identities
05:50:54.150 [error] local node self-trust was not added: node signing public-key artifact is absent — continuing with configured trusted identities
05:50:54.152 [error] local node self-trust was not added: node signing public-key artifact is absent — continuing with configured trusted identities
05:50:54.155 [error] local node self-trust was not added: node signing public-key artifact is absent — continuing with configured trusted identities
05:50:54.157 [error] local node self-trust was not added: node signing public-key artifact is absent — continuing with configured trusted identities
05:50:54.160 [error] local node self-trust was not added: node signing public-key artifact is absent — continuing with configured trusted identities
05:50:54.162 [error] local node self-trust was not added: node signing public-key artifact is absent — continuing with configured trusted identities
05:50:54.164 [error] local node self-trust was not added: node signing public-key artifact is absent — continuing with configured trusted identities
05:50:54.176 [error] local node self-trust was not added: node signing public-key artifact is absent — continuing with configured trusted identities
.05:50:54.186 [error] local node self-trust was not added: node signing public-key artifact is absent — continuing with configured trusted identities
05:50:54.186 [error] local node self-trust was not added: node signing public-key artifact is absent — continuing with configured trusted identities
05:50:54.190 [error] local node self-trust was not added: node signing public-key artifact is absent — continuing with configured trusted identities
05:50:54.193 [error] local node self-trust was not added: node signing public-key artifact is absent — continuing with configured trusted identities
05:50:54.194 [error] local node self-trust was not added: node signing public-key artifact is absent — continuing with configured trusted identities
05:50:54.196 [error] local node self-trust was not added: node signing public-key artifact is absent — continuing with configured trusted identities
05:50:54.199 [error] local node self-trust was not added: node signing public-key artifact is absent — continuing with configured trusted identities
05:50:54.201 [error] local node self-trust was not added: node signing public-key artifact is absent — continuing with configured trusted identities
05:50:54.204 [warning] flock failed on /tmp/cp_checkout_sync_772356/repos/myrepo/feature/feature.txt: :enoent, proceeding without lock
05:50:54.207 [warning] flock failed on /tmp/cp_checkout_sync_772356/repos/myrepo/main/readme.txt: :enoent, proceeding without lock
05:50:54.210 [warning] flock failed on /tmp/cp_checkout_sync_772356/readme.txt: :enoent, proceeding without lock
05:50:54.231 [error] local node self-trust was not added: node signing public-key artifact is absent — continuing with configured trusted identities
.05:50:54.240 [error] local node self-trust was not added: node signing public-key artifact is absent — continuing with configured trusted identities
05:50:54.241 [error] local node self-trust was not added: node signing public-key artifact is absent — continuing with configured trusted identities
05:50:54.243 [error] local node self-trust was not added: node signing public-key artifact is absent — continuing with configured trusted identities
05:50:54.245 [error] local node self-trust was not added: node signing public-key artifact is absent — continuing with configured trusted identities
05:50:54.247 [error] local node self-trust was not added: node signing public-key artifact is absent — continuing with configured trusted identities
05:50:54.249 [error] local node self-trust was not added: node signing public-key artifact is absent — continuing with configured trusted identities
05:50:54.251 [error] local node self-trust was not added: node signing public-key artifact is absent — continuing with configured trusted identities
05:50:54.254 [error] local node self-trust was not added: node signing public-key artifact is absent — continuing with configured trusted identities
Current root: uuid-root
05:50:54.268 [error] local node self-trust was not added: node signing public-key artifact is absent — continuing with configured trusted identities
.05:50:54.279 [error] local node self-trust was not added: node signing public-key artifact is absent — continuing with configured trusted identities
05:50:54.280 [error] local node self-trust was not added: node signing public-key artifact is absent — continuing with configured trusted identities
05:50:54.283 [error] local node self-trust was not added: node signing public-key artifact is absent — continuing with configured trusted identities
05:50:54.285 [error] local node self-trust was not added: node signing public-key artifact is absent — continuing with configured trusted identities
05:50:54.287 [error] local node self-trust was not added: node signing public-key artifact is absent — continuing with configured trusted identities
05:50:54.289 [error] local node self-trust was not added: node signing public-key artifact is absent — continuing with configured trusted identities
05:50:54.292 [error] local node self-trust was not added: node signing public-key artifact is absent — continuing with configured trusted identities
05:50:54.294 [error] local node self-trust was not added: node signing public-key artifact is absent — continuing with configured trusted identities
05:50:54.297 [warning] flock failed on /tmp/cp_checkout_sync_196527/feature.txt: :enoent, proceeding without lock
05:50:54.309 [error] local node self-trust was not added: node signing public-key artifact is absent — continuing with configured trusted identities
...............commonplace: :cx_a3fe_absent@commonplace (from /tmp/cx_x8jk_reach_failures_498013939/node_name) serves a DIFFERENT workspace — its data dir is "/other/data", not "/tmp/cx_x8jk_reach_failures_498013939". Ignoring it; that node_name file probably points at an orphan serve.
...05:50:54.855 [error] local node self-trust was not added: node signing public-key artifact is absent — continuing with configured trusted identities
05:50:54.855 [error] local node self-trust was not added: node signing public-key artifact is absent — continuing with configured trusted identities
05:50:54.858 [error] local node self-trust was not added: node signing public-key artifact is absent — continuing with configured trusted identities
05:50:54.860 [error] local node self-trust was not added: node signing public-key artifact is absent — continuing with configured trusted identities
05:50:54.862 [error] local node self-trust was not added: node signing public-key artifact is absent — continuing with configured trusted identities
05:50:54.864 [error] local node self-trust was not added: node signing public-key artifact is absent — continuing with configured trusted identities
05:50:54.866 [error] local node self-trust was not added: node signing public-key artifact is absent — continuing with configured trusted identities
05:50:54.868 [error] local node self-trust was not added: node signing public-key artifact is absent — continuing with configured trusted identities
05:50:54.870 [error] local node self-trust was not added: node signing public-key artifact is absent — continuing with configured trusted identities
05:50:54.872 [error] local node self-trust was not added: node signing public-key artifact is absent — continuing with configured trusted identities
05:50:54.875 [warning] flock failed on /tmp/cp_rt_out_400948/docs/examples/hello.txt: :enoent, proceeding without lock
05:50:54.877 [warning] flock failed on /tmp/cp_rt_out_400948/docs/guide.txt: :enoent, proceeding without lock
05:50:54.879 [warning] flock failed on /tmp/cp_rt_out_400948/empty.txt: :enoent, proceeding without lock
05:50:54.881 [warning] flock failed on /tmp/cp_rt_out_400948/readme.txt: :enoent, proceeding without lock
05:50:54.892 [error] local node self-trust was not added: node signing public-key artifact is absent — continuing with configured trusted identities
.05:50:54.905 [error] local node self-trust was not added: node signing public-key artifact is absent — continuing with configured trusted identities
05:50:54.906 [error] local node self-trust was not added: node signing public-key artifact is absent — continuing with configured trusted identities
05:50:54.908 [error] local node self-trust was not added: node signing public-key artifact is absent — continuing with configured trusted identities
05:50:54.910 [error] local node self-trust was not added: node signing public-key artifact is absent — continuing with configured trusted identities
05:50:54.913 [warning] flock failed on /tmp/cp_rt_out_670652/special.txt: :enoent, proceeding without lock
05:50:54.936 [error] local node self-trust was not added: node signing public-key artifact is absent — continuing with configured trusted identities
.05:50:54.940 [error] local node self-trust was not added: node signing public-key artifact is absent — continuing with configured trusted identities
.05:50:54.961 [error] local node self-trust was not added: node signing public-key artifact is absent — continuing with configured trusted identities
.05:50:54.973 [error] local node self-trust was not added: node signing public-key artifact is absent — continuing with configured trusted identities
05:50:54.976 [error] local node self-trust was not added: node signing public-key artifact is absent — continuing with configured trusted identities
05:50:54.979 [error] local node self-trust was not added: node signing public-key artifact is absent — continuing with configured trusted identities
05:50:54.982 [error] local node self-trust was not added: node signing public-key artifact is absent — continuing with configured trusted identities
05:50:54.985 [error] local node self-trust was not added: node signing public-key artifact is absent — continuing with configured trusted identities
05:50:54.988 [error] local node self-trust was not added: node signing public-key artifact is absent — continuing with configured trusted identities
05:50:54.993 [error] local node self-trust was not added: node signing public-key artifact is absent — continuing with configured trusted identities
05:50:54.996 [error] local node self-trust was not added: node signing public-key artifact is absent — continuing with configured trusted identities
05:50:55.001 [error] local node self-trust was not added: node signing public-key artifact is absent — continuing with configured trusted identities
05:50:55.004 [error] local node self-trust was not added: node signing public-key artifact is absent — continuing with configured trusted identities
05:50:55.009 [error] local node self-trust was not added: node signing public-key artifact is absent — continuing with configured trusted identities
05:50:55.020 [error] local node self-trust was not added: node signing public-key artifact is absent — continuing with configured trusted identities
05:50:55.022 [error] local node self-trust was not added: node signing public-key artifact is absent — continuing with configured trusted identities
05:50:55.026 [error] local node self-trust was not added: node signing public-key artifact is absent — continuing with configured trusted identities
05:50:55.029 [error] local node self-trust was not added: node signing public-key artifact is absent — continuing with configured trusted identities
05:50:55.035 [error] local node self-trust was not added: node signing public-key artifact is absent — continuing with configured trusted identities
05:50:55.057 [error] local node self-trust was not added: node signing public-key artifact is absent — continuing with configured trusted identities
.05:50:55.070 [error] local node self-trust was not added: node signing public-key artifact is absent — continuing with configured trusted identities
05:50:55.072 [error] local node self-trust was not added: node signing public-key artifact is absent — continuing with configured trusted identities
05:50:55.073 [error] local node self-trust was not added: node signing public-key artifact is absent — continuing with configured trusted identities
05:50:55.075 [error] local node self-trust was not added: node signing public-key artifact is absent — continuing with configured trusted identities
05:50:55.077 [error] local node self-trust was not added: node signing public-key artifact is absent — continuing with configured trusted identities
05:50:55.079 [error] local node self-trust was not added: node signing public-key artifact is absent — continuing with configured trusted identities
05:50:55.081 [error] local node self-trust was not added: node signing public-key artifact is absent — continuing with configured trusted identities
05:50:55.082 [error] local node self-trust was not added: node signing public-key artifact is absent — continuing with configured trusted identities
05:50:55.084 [error] local node self-trust was not added: node signing public-key artifact is absent — continuing with configured trusted identities
05:50:55.087 [error] local node self-trust was not added: node signing public-key artifact is absent — continuing with configured trusted identities
05:50:55.090 [error] local node self-trust was not added: node signing public-key artifact is absent — continuing with configured trusted identities
05:50:55.096 [error] local node self-trust was not added: node signing public-key artifact is absent — continuing with configured trusted identities
05:50:55.098 [error] local node self-trust was not added: node signing public-key artifact is absent — continuing with configured trusted identities
05:50:55.100 [error] local node self-trust was not added: node signing public-key artifact is absent — continuing with configured trusted identities
05:50:55.103 [error] local node self-trust was not added: node signing public-key artifact is absent — continuing with configured trusted identities
05:50:55.105 [error] local node self-trust was not added: node signing public-key artifact is absent — continuing with configured trusted identities
05:50:55.108 [error] local node self-trust was not added: node signing public-key artifact is absent — continuing with configured trusted identities
05:50:55.110 [error] local node self-trust was not added: node signing public-key artifact is absent — continuing with configured trusted identities
05:50:55.112 [error] local node self-trust was not added: node signing public-key artifact is absent — continuing with configured trusted identities
05:50:55.114 [error] local node self-trust was not added: node signing public-key artifact is absent — continuing with configured trusted identities
05:50:55.117 [error] local node self-trust was not added: node signing public-key artifact is absent — continuing with configured trusted identities
.05:50:55.127 [error] local node self-trust was not added: node signing public-key artifact is absent — continuing with configured trusted identities
05:50:55.129 [error] local node self-trust was not added: node signing public-key artifact is absent — continuing with configured trusted identities
05:50:55.131 [error] local node self-trust was not added: node signing public-key artifact is absent — continuing with configured trusted identities
05:50:55.132 [error] local node self-trust was not added: node signing public-key artifact is absent — continuing with configured trusted identities
05:50:55.134 [error] local node self-trust was not added: node signing public-key artifact is absent — continuing with configured trusted identities
05:50:55.136 [error] local node self-trust was not added: node signing public-key artifact is absent — continuing with configured trusted identities
05:50:55.137 [error] local node self-trust was not added: node signing public-key artifact is absent — continuing with configured trusted identities
05:50:55.139 [error] local node self-trust was not added: node signing public-key artifact is absent — continuing with configured trusted identities
05:50:55.141 [error] local node self-trust was not added: node signing public-key artifact is absent — continuing with configured trusted identities
05:50:55.143 [error] local node self-trust was not added: node signing public-key artifact is absent — continuing with configured trusted identities
05:50:55.145 [error] local node self-trust was not added: node signing public-key artifact is absent — continuing with configured trusted identities
05:50:55.147 [error] local node self-trust was not added: node signing public-key artifact is absent — continuing with configured trusted identities
05:50:55.149 [error] local node self-trust was not added: node signing public-key artifact is absent — continuing with configured trusted identities
05:50:55.153 [error] local node self-trust was not added: node signing public-key artifact is absent — continuing with configured trusted identities
05:50:55.156 [error] local node self-trust was not added: node signing public-key artifact is absent — continuing with configured trusted identities
05:50:55.158 [error] local node self-trust was not added: node signing public-key artifact is absent — continuing with configured trusted identities
05:50:55.163 [error] local node self-trust was not added: node signing public-key artifact is absent — continuing with configured trusted identities
05:50:55.169 [error] local node self-trust was not added: node signing public-key artifact is absent — continuing with configured trusted identities
05:50:55.174 [error] local node self-trust was not added: node signing public-key artifact is absent — continuing with configured trusted identities
05:50:55.177 [error] local node self-trust was not added: node signing public-key artifact is absent — continuing with configured trusted identities
05:50:55.180 [error] local node self-trust was not added: node signing public-key artifact is absent — continuing with configured trusted identities
05:50:55.184 [error] local node self-trust was not added: node signing public-key artifact is absent — continuing with configured trusted identities
.05:50:55.192 [error] local node self-trust was not added: node signing public-key artifact is absent — continuing with configured trusted identities
.05:50:55.199 [error] local node self-trust was not added: node signing public-key artifact is absent — continuing with configured trusted identities
.05:50:55.226 [error] local node self-trust was not added: node signing public-key artifact is absent — continuing with configured trusted identities
.05:50:55.236 [error] local node self-trust was not added: node signing public-key artifact is absent — continuing with configured trusted identities
05:50:55.238 [error] local node self-trust was not added: node signing public-key artifact is absent — continuing with configured trusted identities
05:50:55.241 [error] local node self-trust was not added: node signing public-key artifact is absent — continuing with configured trusted identities
05:50:55.243 [error] local node self-trust was not added: node signing public-key artifact is absent — continuing with configured trusted identities
05:50:55.245 [error] local node self-trust was not added: node signing public-key artifact is absent — continuing with configured trusted identities
05:50:55.247 [error] local node self-trust was not added: node signing public-key artifact is absent — continuing with configured trusted identities
05:50:55.248 [error] local node self-trust was not added: node signing public-key artifact is absent — continuing with configured trusted identities
05:50:55.250 [error] local node self-trust was not added: node signing public-key artifact is absent — continuing with configured trusted identities
05:50:55.252 [error] local node self-trust was not added: node signing public-key artifact is absent — continuing with configured trusted identities
05:50:55.254 [error] local node self-trust was not added: node signing public-key artifact is absent — continuing with configured trusted identities
05:50:55.256 [error] local node self-trust was not added: node signing public-key artifact is absent — continuing with configured trusted identities
.05:50:55.263 [error] local node self-trust was not added: node signing public-key artifact is absent — continuing with configured trusted identities
05:50:55.264 [error] local node self-trust was not added: node signing public-key artifact is absent — continuing with configured trusted identities
05:50:55.268 [error] local node self-trust was not added: node signing public-key artifact is absent — continuing with configured trusted identities
05:50:55.272 [error] local node self-trust was not added: node signing public-key artifact is absent — continuing with configured trusted identities
05:50:55.277 [error] local node self-trust was not added: node signing public-key artifact is absent — continuing with configured trusted identities
05:50:55.279 [error] local node self-trust was not added: node signing public-key artifact is absent — continuing with configured trusted identities
05:50:55.282 [error] local node self-trust was not added: node signing public-key artifact is absent — continuing with configured trusted identities
05:50:55.284 [error] local node self-trust was not added: node signing public-key artifact is absent — continuing with configured trusted identities
05:50:55.286 [error] local node self-trust was not added: node signing public-key artifact is absent — continuing with configured trusted identities
05:50:55.289 [error] local node self-trust was not added: node signing public-key artifact is absent — continuing with configured trusted identities
05:50:55.291 [error] local node self-trust was not added: node signing public-key artifact is absent — continuing with configured trusted identities
05:50:55.294 [error] local node self-trust was not added: node signing public-key artifact is absent — continuing with configured trusted identities
05:50:55.296 [error] local node self-trust was not added: node signing public-key artifact is absent — continuing with configured trusted identities
05:50:55.297 [error] local node self-trust was not added: node signing public-key artifact is absent — continuing with configured trusted identities
05:50:55.299 [error] local node self-trust was not added: node signing public-key artifact is absent — continuing with configured trusted identities
05:50:55.303 [error] local node self-trust was not added: node signing public-key artifact is absent — continuing with configured trusted identities
.05:50:55.320 [error] local node self-trust was not added: node signing public-key artifact is absent — continuing with configured trusted identities
05:50:55.321 [error] local node self-trust was not added: node signing public-key artifact is absent — continuing with configured trusted identities
05:50:55.323 [error] local node self-trust was not added: node signing public-key artifact is absent — continuing with configured trusted identities
05:50:55.336 [error] local node self-trust was not added: node signing public-key artifact is absent — continuing with configured trusted identities
.05:50:55.344 [error] local node self-trust was not added: node signing public-key artifact is absent — continuing with configured trusted identities
05:50:55.346 [error] local node self-trust was not added: node signing public-key artifact is absent — continuing with configured trusted identities
05:50:55.348 [error] local node self-trust was not added: node signing public-key artifact is absent — continuing with configured trusted identities
05:50:55.351 [error] local node self-trust was not added: node signing public-key artifact is absent — continuing with configured trusted identities
.05:50:55.357 [error] local node self-trust was not added: node signing public-key artifact is absent — continuing with configured trusted identities
.05:50:55.364 [error] local node self-trust was not added: node signing public-key artifact is absent — continuing with configured trusted identities
05:50:55.366 [error] local node self-trust was not added: node signing public-key artifact is absent — continuing with configured trusted identities
05:50:55.368 [error] local node self-trust was not added: node signing public-key artifact is absent — continuing with configured trusted identities
05:50:55.371 [error] local node self-trust was not added: node signing public-key artifact is absent — continuing with configured trusted identities
05:50:55.375 [error] local node self-trust was not added: node signing public-key artifact is absent — continuing with configured trusted identities
.05:50:55.387 [error] local node self-trust was not added: node signing public-key artifact is absent — continuing with configured trusted identities
05:50:55.389 [error] local node self-trust was not added: node signing public-key artifact is absent — continuing with configured trusted identities
05:50:55.391 [error] local node self-trust was not added: node signing public-key artifact is absent — continuing with configured trusted identities
.05:50:55.398 [error] local node self-trust was not added: node signing public-key artifact is absent — continuing with configured trusted identities
05:50:55.402 [error] local node self-trust was not added: node signing public-key artifact is absent — continuing with configured trusted identities
.05:50:55.416 [error] local node self-trust was not added: node signing public-key artifact is absent — continuing with configured trusted identities
05:50:55.418 [error] local node self-trust was not added: node signing public-key artifact is absent — continuing with configured trusted identities
.05:50:55.425 [error] local node self-trust was not added: node signing public-key artifact is absent — continuing with configured trusted identities
05:50:55.427 [error] local node self-trust was not added: node signing public-key artifact is absent — continuing with configured trusted identities
.05:50:55.432 [error] local node self-trust was not added: node signing public-key artifact is absent — continuing with configured trusted identities
05:50:55.436 [error] local node self-trust was not added: node signing public-key artifact is absent — continuing with configured trusted identities
05:50:55.440 [error] local node self-trust was not added: node signing public-key artifact is absent — continuing with configured trusted identities
05:50:55.452 [error] local node self-trust was not added: node signing public-key artifact is absent — continuing with configured trusted identities
.05:50:55.456 [error] local node self-trust was not added: node signing public-key artifact is absent — continuing with configured trusted identities
05:50:55.458 [error] local node self-trust was not added: node signing public-key artifact is absent — continuing with configured trusted identities
05:50:55.461 [error] local node self-trust was not added: node signing public-key artifact is absent — continuing with configured trusted identities
05:50:55.466 [error] local node self-trust was not added: node signing public-key artifact is absent — continuing with configured trusted identities
.05:50:55.472 [error] local node self-trust was not added: node signing public-key artifact is absent — continuing with configured trusted identities
05:50:55.479 [error] local node self-trust was not added: node signing public-key artifact is absent — continuing with configured trusted identities
05:50:55.484 [error] local node self-trust was not added: node signing public-key artifact is absent — continuing with configured trusted identities
.05:50:55.499 [error] local node self-trust was not added: node signing public-key artifact is absent — continuing with configured trusted identities
.05:50:55.510 [error] local node self-trust was not added: node signing public-key artifact is absent — continuing with configured trusted identities
.05:50:55.520 [error] local node self-trust was not added: node signing public-key artifact is absent — continuing with configured trusted identities
.05:50:55.531 [error] local node self-trust was not added: node signing public-key artifact is absent — continuing with configured trusted identities
..05:50:55.550 [error] local node self-trust was not added: node signing public-key artifact is absent — continuing with configured trusted identities
.05:50:55.569 [error] local node self-trust was not added: node signing public-key artifact is absent — continuing with configured trusted identities
..05:50:55.586 [error] local node self-trust was not added: node signing public-key artifact is absent — continuing with configured trusted identities
.05:50:55.596 [error] local node self-trust was not added: node signing public-key artifact is absent — continuing with configured trusted identities
..05:50:55.609 [error] local node self-trust was not added: node signing public-key artifact is absent — continuing with configured trusted identities
05:50:55.610 [error] local node self-trust was not added: node signing public-key artifact is absent — continuing with configured trusted identities
05:50:55.622 [error] local node self-trust was not added: node signing public-key artifact is absent — continuing with configured trusted identities
05:50:55.628 [error] local node self-trust was not added: node signing public-key artifact is absent — continuing with configured trusted identities
05:50:55.630 [error] local node self-trust was not added: node signing public-key artifact is absent — continuing with configured trusted identities
05:50:55.633 [error] local node self-trust was not added: node signing public-key artifact is absent — continuing with configured trusted identities
05:50:55.636 [error] local node self-trust was not added: node signing public-key artifact is absent — continuing with configured trusted identities
05:50:55.640 [error] local node self-trust was not added: node signing public-key artifact is absent — continuing with configured trusted identities
05:50:55.648 [error] local node self-trust was not added: node signing public-key artifact is absent — continuing with configured trusted identities
05:50:55.651 [error] local node self-trust was not added: node signing public-key artifact is absent — continuing with configured trusted identities
05:50:55.654 [error] local node self-trust was not added: node signing public-key artifact is absent — continuing with configured trusted identities
05:50:55.660 [error] local node self-trust was not added: node signing public-key artifact is absent — continuing with configured trusted identities
05:50:55.664 [warning] flock failed on /tmp/cp_sync_export_720366/new.txt: :enoent, proceeding without lock
05:50:55.666 [warning] flock failed on /tmp/cp_sync_export_720366/notes/todo.txt: :enoent, proceeding without lock
05:50:55.680 [error] local node self-trust was not added: node signing public-key artifact is absent — continuing with configured trusted identities
.05:50:55.691 [error] local node self-trust was not added: node signing public-key artifact is absent — continuing with configured trusted identities
05:50:55.691 [error] local node self-trust was not added: node signing public-key artifact is absent — continuing with configured trusted identities
05:50:55.694 [error] local node self-trust was not added: node signing public-key artifact is absent — continuing with configured trusted identities
05:50:55.697 [error] local node self-trust was not added: node signing public-key artifact is absent — continuing with configured trusted identities
05:50:55.714 [error] local node self-trust was not added: node signing public-key artifact is absent — continuing with configured trusted identities
.05:50:55.725 [error] local node self-trust was not added: node signing public-key artifact is absent — continuing with configured trusted identities
05:50:55.726 [error] local node self-trust was not added: node signing public-key artifact is absent — continuing with configured trusted identities
05:50:55.729 [error] local node self-trust was not added: node signing public-key artifact is absent — continuing with configured trusted identities
05:50:55.731 [error] local node self-trust was not added: node signing public-key artifact is absent — continuing with configured trusted identities
05:50:55.747 [error] local node self-trust was not added: node signing public-key artifact is absent — continuing with configured trusted identities
.05:50:55.757 [error] local node self-trust was not added: node signing public-key artifact is absent — continuing with configured trusted identities
05:50:55.757 [error] local node self-trust was not added: node signing public-key artifact is absent — continuing with configured trusted identities
05:50:55.760 [error] local node self-trust was not added: node signing public-key artifact is absent — continuing with configured trusted identities
05:50:55.763 [error] local node self-trust was not added: node signing public-key artifact is absent — continuing with configured trusted identities
05:50:55.769 [error] local node self-trust was not added: node signing public-key artifact is absent — continuing with configured trusted identities
05:50:55.773 [error] local node self-trust was not added: node signing public-key artifact is absent — continuing with configured trusted identities
05:50:55.775 [error] local node self-trust was not added: node signing public-key artifact is absent — continuing with configured trusted identities
05:50:55.777 [error] local node self-trust was not added: node signing public-key artifact is absent — continuing with configured trusted identities
05:50:55.781 [error] local node self-trust was not added: node signing public-key artifact is absent — continuing with configured trusted identities
05:50:55.784 [error] local node self-trust was not added: node signing public-key artifact is absent — continuing with configured trusted identities
05:50:55.786 [error] local node self-trust was not added: node signing public-key artifact is absent — continuing with configured trusted identities
05:50:55.798 [error] local node self-trust was not added: node signing public-key artifact is absent — continuing with configured trusted identities
......05:50:55.811 [error] local node self-trust was not added: node signing public-key artifact is absent — continuing with configured trusted identities
05:50:55.811 [error] local node self-trust was not added: node signing public-key artifact is absent — continuing with configured trusted identities
05:50:55.825 [error] local node self-trust was not added: node signing public-key artifact is absent — continuing with configured trusted identities
.05:50:55.833 [error] local node self-trust was not added: node signing public-key artifact is absent — continuing with configured trusted identities
05:50:55.833 [error] local node self-trust was not added: node signing public-key artifact is absent — continuing with configured trusted identities
05:50:55.844 [error] local node self-trust was not added: node signing public-key artifact is absent — continuing with configured trusted identities
.05:50:55.856 [error] local node self-trust was not added: node signing public-key artifact is absent — continuing with configured trusted identities
05:50:55.876 [error] local node self-trust was not added: node signing public-key artifact is absent — continuing with configured trusted identities
.05:50:55.889 [error] local node self-trust was not added: node signing public-key artifact is absent — continuing with configured trusted identities
05:50:55.890 [error] local node self-trust was not added: node signing public-key artifact is absent — continuing with configured trusted identities
05:50:55.893 [error] local node self-trust was not added: node signing public-key artifact is absent — continuing with configured trusted identities
05:50:55.895 [error] local node self-trust was not added: node signing public-key artifact is absent — continuing with configured trusted identities
05:50:55.897 [error] local node self-trust was not added: node signing public-key artifact is absent — continuing with configured trusted identities
05:50:55.899 [error] local node self-trust was not added: node signing public-key artifact is absent — continuing with configured trusted identities
05:50:55.901 [error] local node self-trust was not added: node signing public-key artifact is absent — continuing with configured trusted identities
05:50:55.903 [error] local node self-trust was not added: node signing public-key artifact is absent — continuing with configured trusted identities
05:50:55.906 [error] local node self-trust was not added: node signing public-key artifact is absent — continuing with configured trusted identities
05:50:55.934 [error] local node self-trust was not added: node signing public-key artifact is absent — continuing with configured trusted identities
.05:50:55.945 [error] local node self-trust was not added: node signing public-key artifact is absent — continuing with configured trusted identities
05:50:55.945 [error] local node self-trust was not added: node signing public-key artifact is absent — continuing with configured trusted identities
05:50:55.948 [error] local node self-trust was not added: node signing public-key artifact is absent — continuing with configured trusted identities
05:50:55.950 [error] local node self-trust was not added: node signing public-key artifact is absent — continuing with configured trusted identities
05:50:55.952 [error] local node self-trust was not added: node signing public-key artifact is absent — continuing with configured trusted identities
05:50:55.954 [error] local node self-trust was not added: node signing public-key artifact is absent — continuing with configured trusted identities
05:50:55.972 [error] local node self-trust was not added: node signing public-key artifact is absent — continuing with configured trusted identities
.05:50:55.985 [error] local node self-trust was not added: node signing public-key artifact is absent — continuing with configured trusted identities
05:50:55.986 [error] local node self-trust was not added: node signing public-key artifact is absent — continuing with configured trusted identities
05:50:55.988 [error] local node self-trust was not added: node signing public-key artifact is absent — continuing with configured trusted identities
05:50:55.990 [error] local node self-trust was not added: node signing public-key artifact is absent — continuing with configured trusted identities
05:50:55.994 [error] local node self-trust was not added: node signing public-key artifact is absent — continuing with configured trusted identities
05:50:56.008 [error] local node self-trust was not added: node signing public-key artifact is absent — continuing with configured trusted identities
.05:50:56.020 [error] local node self-trust was not added: node signing public-key artifact is absent — continuing with configured trusted identities
05:50:56.021 [error] local node self-trust was not added: node signing public-key artifact is absent — continuing with configured trusted identities
05:50:56.024 [error] local node self-trust was not added: node signing public-key artifact is absent — continuing with configured trusted identities
05:50:56.026 [error] local node self-trust was not added: node signing public-key artifact is absent — continuing with configured trusted identities
05:50:56.043 [error] local node self-trust was not added: node signing public-key artifact is absent — continuing with configured trusted identities
.
Finished in 5.0 seconds (2.1s async, 2.9s sync)
121 tests, 0 failures
real 7.08
user 6.10
sys 1.30
