==> commonplace
make: Nothing to be done for 'all'.
==> commonplace_cli
Running ExUnit with seed: 943515, max_cases: 8

.............................05:51:00.354 [error] local node self-trust was not added: node signing public-key artifact is absent — continuing with configured trusted identities
.05:51:00.380 [error] local node self-trust was not added: node signing public-key artifact is absent — continuing with configured trusted identities
.05:51:00.387 [error] local node self-trust was not added: node signing public-key artifact is absent — continuing with configured trusted identities
..05:51:00.410 [error] local node self-trust was not added: node signing public-key artifact is absent — continuing with configured trusted identities
05:51:00.415 [error] local node self-trust was not added: node signing public-key artifact is absent — continuing with configured trusted identities
05:51:00.423 [error] local node self-trust was not added: node signing public-key artifact is absent — continuing with configured trusted identities
05:51:00.434 [error] local node self-trust was not added: node signing public-key artifact is absent — continuing with configured trusted identities
05:51:00.437 [error] local node self-trust was not added: node signing public-key artifact is absent — continuing with configured trusted identities
05:51:00.441 [error] local node self-trust was not added: node signing public-key artifact is absent — continuing with configured trusted identities
05:51:00.445 [error] local node self-trust was not added: node signing public-key artifact is absent — continuing with configured trusted identities
05:51:00.448 [error] local node self-trust was not added: node signing public-key artifact is absent — continuing with configured trusted identities
05:51:00.452 [error] local node self-trust was not added: node signing public-key artifact is absent — continuing with configured trusted identities
05:51:00.457 [error] local node self-trust was not added: node signing public-key artifact is absent — continuing with configured trusted identities
05:51:00.475 [warning] flock failed on /tmp/cp_rt_out_467092/docs/examples/hello.txt: :enoent, proceeding without lock
05:51:00.479 [warning] flock failed on /tmp/cp_rt_out_467092/docs/guide.txt: :enoent, proceeding without lock
05:51:00.481 [warning] flock failed on /tmp/cp_rt_out_467092/empty.txt: :enoent, proceeding without lock
05:51:00.482 [warning] flock failed on /tmp/cp_rt_out_467092/readme.txt: :enoent, proceeding without lock
05:51:00.494 [error] local node self-trust was not added: node signing public-key artifact is absent — continuing with configured trusted identities
.05:51:00.504 [error] local node self-trust was not added: node signing public-key artifact is absent — continuing with configured trusted identities
05:51:00.505 [error] local node self-trust was not added: node signing public-key artifact is absent — continuing with configured trusted identities
05:51:00.507 [error] local node self-trust was not added: node signing public-key artifact is absent — continuing with configured trusted identities
05:51:00.509 [error] local node self-trust was not added: node signing public-key artifact is absent — continuing with configured trusted identities
05:51:00.511 [warning] flock failed on /tmp/cp_rt_out_139112/special.txt: :enoent, proceeding without lock
05:51:00.522 [error] local node self-trust was not added: node signing public-key artifact is absent — continuing with configured trusted identities
.05:51:00.531 [error] local node self-trust was not added: node signing public-key artifact is absent — continuing with configured trusted identities
05:51:00.531 [error] local node self-trust was not added: node signing public-key artifact is absent — continuing with configured trusted identities
05:51:00.533 [error] local node self-trust was not added: node signing public-key artifact is absent — continuing with configured trusted identities
05:51:00.534 [error] local node self-trust was not added: node signing public-key artifact is absent — continuing with configured trusted identities
05:51:00.540 [error] local node self-trust was not added: node signing public-key artifact is absent — continuing with configured trusted identities
05:51:00.541 [error] local node self-trust was not added: node signing public-key artifact is absent — continuing with configured trusted identities
05:51:00.542 [error] local node self-trust was not added: node signing public-key artifact is absent — continuing with configured trusted identities
05:51:00.544 [error] local node self-trust was not added: node signing public-key artifact is absent — continuing with configured trusted identities
05:51:00.546 [warning] flock failed on /tmp/cp_checkout_sync_582032/feature.txt: :enoent, proceeding without lock
05:51:00.558 [error] local node self-trust was not added: node signing public-key artifact is absent — continuing with configured trusted identities
.05:51:00.569 [error] local node self-trust was not added: node signing public-key artifact is absent — continuing with configured trusted identities
05:51:00.570 [error] local node self-trust was not added: node signing public-key artifact is absent — continuing with configured trusted identities
05:51:00.572 [error] local node self-trust was not added: node signing public-key artifact is absent — continuing with configured trusted identities
05:51:00.574 [error] local node self-trust was not added: node signing public-key artifact is absent — continuing with configured trusted identities
05:51:00.576 [error] local node self-trust was not added: node signing public-key artifact is absent — continuing with configured trusted identities
05:51:00.578 [error] local node self-trust was not added: node signing public-key artifact is absent — continuing with configured trusted identities
05:51:00.579 [error] local node self-trust was not added: node signing public-key artifact is absent — continuing with configured trusted identities
05:51:00.581 [error] local node self-trust was not added: node signing public-key artifact is absent — continuing with configured trusted identities
Re-rooted: uuid-root → uuid-main
Exporting from new root...
Done.
05:51:00.601 [error] local node self-trust was not added: node signing public-key artifact is absent — continuing with configured trusted identities
.05:51:00.609 [error] local node self-trust was not added: node signing public-key artifact is absent — continuing with configured trusted identities
05:51:00.609 [error] local node self-trust was not added: node signing public-key artifact is absent — continuing with configured trusted identities
05:51:00.611 [error] local node self-trust was not added: node signing public-key artifact is absent — continuing with configured trusted identities
05:51:00.613 [error] local node self-trust was not added: node signing public-key artifact is absent — continuing with configured trusted identities
05:51:00.615 [error] local node self-trust was not added: node signing public-key artifact is absent — continuing with configured trusted identities
05:51:00.616 [error] local node self-trust was not added: node signing public-key artifact is absent — continuing with configured trusted identities
05:51:00.618 [error] local node self-trust was not added: node signing public-key artifact is absent — continuing with configured trusted identities
05:51:00.619 [error] local node self-trust was not added: node signing public-key artifact is absent — continuing with configured trusted identities
05:51:00.626 [warning] flock failed on /tmp/cp_checkout_sync_483365/repos/myrepo/feature/feature.txt: :enoent, proceeding without lock
05:51:00.629 [warning] flock failed on /tmp/cp_checkout_sync_483365/repos/myrepo/main/readme.txt: :enoent, proceeding without lock
05:51:00.631 [warning] flock failed on /tmp/cp_checkout_sync_483365/readme.txt: :enoent, proceeding without lock
05:51:00.646 [error] local node self-trust was not added: node signing public-key artifact is absent — continuing with configured trusted identities
.05:51:00.657 [error] local node self-trust was not added: node signing public-key artifact is absent — continuing with configured trusted identities
05:51:00.658 [error] local node self-trust was not added: node signing public-key artifact is absent — continuing with configured trusted identities
05:51:00.660 [error] local node self-trust was not added: node signing public-key artifact is absent — continuing with configured trusted identities
05:51:00.662 [error] local node self-trust was not added: node signing public-key artifact is absent — continuing with configured trusted identities
05:51:00.664 [error] local node self-trust was not added: node signing public-key artifact is absent — continuing with configured trusted identities
05:51:00.666 [error] local node self-trust was not added: node signing public-key artifact is absent — continuing with configured trusted identities
05:51:00.668 [error] local node self-trust was not added: node signing public-key artifact is absent — continuing with configured trusted identities
05:51:00.670 [error] local node self-trust was not added: node signing public-key artifact is absent — continuing with configured trusted identities
Current root: uuid-root
05:51:00.682 [error] local node self-trust was not added: node signing public-key artifact is absent — continuing with configured trusted identities
.05:51:00.690 [error] local node self-trust was not added: node signing public-key artifact is absent — continuing with configured trusted identities
05:51:00.691 [error] local node self-trust was not added: node signing public-key artifact is absent — continuing with configured trusted identities
05:51:00.693 [error] local node self-trust was not added: node signing public-key artifact is absent — continuing with configured trusted identities
05:51:00.695 [error] local node self-trust was not added: node signing public-key artifact is absent — continuing with configured trusted identities
05:51:00.698 [error] local node self-trust was not added: node signing public-key artifact is absent — continuing with configured trusted identities
05:51:00.700 [error] local node self-trust was not added: node signing public-key artifact is absent — continuing with configured trusted identities
05:51:00.702 [error] local node self-trust was not added: node signing public-key artifact is absent — continuing with configured trusted identities
05:51:00.703 [error] local node self-trust was not added: node signing public-key artifact is absent — continuing with configured trusted identities
05:51:00.715 [error] local node self-trust was not added: node signing public-key artifact is absent — continuing with configured trusted identities
.05:51:00.715 [error] local node self-trust was not added: node signing public-key artifact is absent — continuing with configured trusted identities
05:51:00.719 [error] local node self-trust was not added: node signing public-key artifact is absent — continuing with configured trusted identities
05:51:00.721 [error] local node self-trust was not added: node signing public-key artifact is absent — continuing with configured trusted identities
05:51:00.731 [error] local node self-trust was not added: node signing public-key artifact is absent — continuing with configured trusted identities
.05:51:00.735 [error] local node self-trust was not added: node signing public-key artifact is absent — continuing with configured trusted identities
05:51:00.738 [error] local node self-trust was not added: node signing public-key artifact is absent — continuing with configured trusted identities
05:51:00.742 [error] local node self-trust was not added: node signing public-key artifact is absent — continuing with configured trusted identities
.05:51:00.749 [error] local node self-trust was not added: node signing public-key artifact is absent — continuing with configured trusted identities
05:51:00.752 [error] local node self-trust was not added: node signing public-key artifact is absent — continuing with configured trusted identities
05:51:00.754 [error] local node self-trust was not added: node signing public-key artifact is absent — continuing with configured trusted identities
05:51:00.758 [error] local node self-trust was not added: node signing public-key artifact is absent — continuing with configured trusted identities
.05:51:00.771 [error] local node self-trust was not added: node signing public-key artifact is absent — continuing with configured trusted identities
.05:51:00.791 [error] local node self-trust was not added: node signing public-key artifact is absent — continuing with configured trusted identities
.05:51:00.802 [error] local node self-trust was not added: node signing public-key artifact is absent — continuing with configured trusted identities
..05:51:00.812 [error] local node self-trust was not added: node signing public-key artifact is absent — continuing with configured trusted identities
.05:51:00.818 [error] local node self-trust was not added: node signing public-key artifact is absent — continuing with configured trusted identities
.05:51:00.831 [error] local node self-trust was not added: node signing public-key artifact is absent — continuing with configured trusted identities
05:51:00.893 [warning] CommitStore: root attach DENIED by workspace profile doc_uuid=01ed8acd-4743-4bae-ab6a-c6fba450f01c reason="workspace class 'minimal' does not accept root entry 'bd' — declared in profile"
05:51:00.916 [error] local node self-trust was not added: node signing public-key artifact is absent — continuing with configured trusted identities
.05:51:00.926 [error] local node self-trust was not added: node signing public-key artifact is absent — continuing with configured trusted identities
05:51:00.980 [error] local node self-trust was not added: node signing public-key artifact is absent — continuing with configured trusted identities
.05:51:01.039 [error] local node self-trust was not added: node signing public-key artifact is absent — continuing with configured trusted identities
.05:51:01.150 [error] local node self-trust was not added: node signing public-key artifact is absent — continuing with configured trusted identities
.05:51:01.262 [error] local node self-trust was not added: node signing public-key artifact is absent — continuing with configured trusted identities
05:51:01.368 [error] local node self-trust was not added: node signing public-key artifact is absent — continuing with configured trusted identities
.05:51:01.484 [error] local node self-trust was not added: node signing public-key artifact is absent — continuing with configured trusted identities
...05:51:01.549 [error] local node self-trust was not added: node signing public-key artifact is absent — continuing with configured trusted identities
.05:51:01.576 [error] local node self-trust was not added: node signing public-key artifact is absent — continuing with configured trusted identities
05:51:01.589 [error] local node self-trust was not added: node signing public-key artifact is absent — continuing with configured trusted identities
05:51:01.595 [error] local node self-trust was not added: node signing public-key artifact is absent — continuing with configured trusted identities
05:51:01.601 [error] local node self-trust was not added: node signing public-key artifact is absent — continuing with configured trusted identities
05:51:01.604 [error] local node self-trust was not added: node signing public-key artifact is absent — continuing with configured trusted identities
05:51:01.610 [error] local node self-trust was not added: node signing public-key artifact is absent — continuing with configured trusted identities
05:51:01.615 [error] local node self-trust was not added: node signing public-key artifact is absent — continuing with configured trusted identities
.05:51:01.628 [error] local node self-trust was not added: node signing public-key artifact is absent — continuing with configured trusted identities
05:51:01.634 [error] local node self-trust was not added: node signing public-key artifact is absent — continuing with configured trusted identities
05:51:01.637 [error] local node self-trust was not added: node signing public-key artifact is absent — continuing with configured trusted identities
05:51:01.640 [error] local node self-trust was not added: node signing public-key artifact is absent — continuing with configured trusted identities
05:51:01.643 [error] local node self-trust was not added: node signing public-key artifact is absent — continuing with configured trusted identities
.05:51:01.653 [error] local node self-trust was not added: node signing public-key artifact is absent — continuing with configured trusted identities
05:51:01.657 [error] local node self-trust was not added: node signing public-key artifact is absent — continuing with configured trusted identities
05:51:01.659 [error] local node self-trust was not added: node signing public-key artifact is absent — continuing with configured trusted identities
05:51:01.663 [error] local node self-trust was not added: node signing public-key artifact is absent — continuing with configured trusted identities
05:51:01.666 [error] local node self-trust was not added: node signing public-key artifact is absent — continuing with configured trusted identities
05:51:01.669 [error] local node self-trust was not added: node signing public-key artifact is absent — continuing with configured trusted identities
05:51:01.672 [error] local node self-trust was not added: node signing public-key artifact is absent — continuing with configured trusted identities
..05:51:01.681 [error] local node self-trust was not added: node signing public-key artifact is absent — continuing with configured trusted identities
05:51:01.683 [error] local node self-trust was not added: node signing public-key artifact is absent — continuing with configured trusted identities
05:51:01.687 [error] local node self-trust was not added: node signing public-key artifact is absent — continuing with configured trusted identities
.05:51:01.709 [error] local node self-trust was not added: node signing public-key artifact is absent — continuing with configured trusted identities
05:51:01.711 [error] local node self-trust was not added: node signing public-key artifact is absent — continuing with configured trusted identities
05:51:01.713 [error] local node self-trust was not added: node signing public-key artifact is absent — continuing with configured trusted identities
05:51:01.716 [error] local node self-trust was not added: node signing public-key artifact is absent — continuing with configured trusted identities
.05:51:01.724 [error] local node self-trust was not added: node signing public-key artifact is absent — continuing with configured trusted identities
.05:51:01.731 [error] local node self-trust was not added: node signing public-key artifact is absent — continuing with configured trusted identities
05:51:01.733 [error] local node self-trust was not added: node signing public-key artifact is absent — continuing with configured trusted identities
05:51:01.736 [error] local node self-trust was not added: node signing public-key artifact is absent — continuing with configured trusted identities
05:51:01.739 [error] local node self-trust was not added: node signing public-key artifact is absent — continuing with configured trusted identities
05:51:01.741 [error] local node self-trust was not added: node signing public-key artifact is absent — continuing with configured trusted identities
.05:51:01.750 [error] local node self-trust was not added: node signing public-key artifact is absent — continuing with configured trusted identities
05:51:01.753 [error] local node self-trust was not added: node signing public-key artifact is absent — continuing with configured trusted identities
05:51:01.756 [error] local node self-trust was not added: node signing public-key artifact is absent — continuing with configured trusted identities
05:51:01.759 [error] local node self-trust was not added: node signing public-key artifact is absent — continuing with configured trusted identities
.05:51:01.767 [error] local node self-trust was not added: node signing public-key artifact is absent — continuing with configured trusted identities
05:51:01.769 [error] local node self-trust was not added: node signing public-key artifact is absent — continuing with configured trusted identities
.05:51:01.778 [error] local node self-trust was not added: node signing public-key artifact is absent — continuing with configured trusted identities
05:51:01.780 [error] local node self-trust was not added: node signing public-key artifact is absent — continuing with configured trusted identities
.05:51:01.790 [error] local node self-trust was not added: node signing public-key artifact is absent — continuing with configured trusted identities
05:51:01.793 [error] local node self-trust was not added: node signing public-key artifact is absent — continuing with configured trusted identities
................commonplace: :cx_a3fe_absent@commonplace (from /tmp/cx_x8jk_reach_failures_505850571/node_name) serves a DIFFERENT workspace — its data dir is "/other/data", not "/tmp/cx_x8jk_reach_failures_505850571". Ignoring it; that node_name file probably points at an orphan serve.
.....05:51:02.395 [error] local node self-trust was not added: node signing public-key artifact is absent — continuing with configured trusted identities
05:51:02.396 [error] local node self-trust was not added: node signing public-key artifact is absent — continuing with configured trusted identities
05:51:02.403 [error] local node self-trust was not added: node signing public-key artifact is absent — continuing with configured trusted identities
05:51:02.407 [error] local node self-trust was not added: node signing public-key artifact is absent — continuing with configured trusted identities
05:51:02.416 [error] local node self-trust was not added: node signing public-key artifact is absent — continuing with configured trusted identities
05:51:02.419 [error] local node self-trust was not added: node signing public-key artifact is absent — continuing with configured trusted identities
05:51:02.427 [error] local node self-trust was not added: node signing public-key artifact is absent — continuing with configured trusted identities
05:51:02.430 [error] local node self-trust was not added: node signing public-key artifact is absent — continuing with configured trusted identities
05:51:02.440 [error] local node self-trust was not added: node signing public-key artifact is absent — continuing with configured trusted identities
05:51:02.442 [error] local node self-trust was not added: node signing public-key artifact is absent — continuing with configured trusted identities
05:51:02.448 [error] local node self-trust was not added: node signing public-key artifact is absent — continuing with configured trusted identities
05:51:02.473 [error] local node self-trust was not added: node signing public-key artifact is absent — continuing with configured trusted identities
.05:51:02.484 [error] local node self-trust was not added: node signing public-key artifact is absent — continuing with configured trusted identities
05:51:02.485 [error] local node self-trust was not added: node signing public-key artifact is absent — continuing with configured trusted identities
05:51:02.488 [error] local node self-trust was not added: node signing public-key artifact is absent — continuing with configured trusted identities
05:51:02.490 [error] local node self-trust was not added: node signing public-key artifact is absent — continuing with configured trusted identities
05:51:02.493 [error] local node self-trust was not added: node signing public-key artifact is absent — continuing with configured trusted identities
05:51:02.495 [error] local node self-trust was not added: node signing public-key artifact is absent — continuing with configured trusted identities
05:51:02.499 [error] local node self-trust was not added: node signing public-key artifact is absent — continuing with configured trusted identities
05:51:02.501 [error] local node self-trust was not added: node signing public-key artifact is absent — continuing with configured trusted identities
05:51:02.505 [error] local node self-trust was not added: node signing public-key artifact is absent — continuing with configured trusted identities
05:51:02.509 [error] local node self-trust was not added: node signing public-key artifact is absent — continuing with configured trusted identities
05:51:02.513 [error] local node self-trust was not added: node signing public-key artifact is absent — continuing with configured trusted identities
05:51:02.520 [error] local node self-trust was not added: node signing public-key artifact is absent — continuing with configured trusted identities
05:51:02.522 [warning] flock failed on /tmp/cp_sync_export_755328/new.txt: :enoent, proceeding without lock
05:51:02.525 [warning] flock failed on /tmp/cp_sync_export_755328/notes/todo.txt: :enoent, proceeding without lock
05:51:02.546 [error] local node self-trust was not added: node signing public-key artifact is absent — continuing with configured trusted identities
.05:51:02.556 [error] local node self-trust was not added: node signing public-key artifact is absent — continuing with configured trusted identities
05:51:02.557 [error] local node self-trust was not added: node signing public-key artifact is absent — continuing with configured trusted identities
05:51:02.559 [error] local node self-trust was not added: node signing public-key artifact is absent — continuing with configured trusted identities
05:51:02.561 [error] local node self-trust was not added: node signing public-key artifact is absent — continuing with configured trusted identities
05:51:02.584 [error] local node self-trust was not added: node signing public-key artifact is absent — continuing with configured trusted identities
.05:51:02.601 [error] local node self-trust was not added: node signing public-key artifact is absent — continuing with configured trusted identities
05:51:02.602 [error] local node self-trust was not added: node signing public-key artifact is absent — continuing with configured trusted identities
05:51:02.605 [error] local node self-trust was not added: node signing public-key artifact is absent — continuing with configured trusted identities
05:51:02.609 [error] local node self-trust was not added: node signing public-key artifact is absent — continuing with configured trusted identities
05:51:02.627 [error] local node self-trust was not added: node signing public-key artifact is absent — continuing with configured trusted identities
.05:51:02.636 [error] local node self-trust was not added: node signing public-key artifact is absent — continuing with configured trusted identities
05:51:02.639 [error] local node self-trust was not added: node signing public-key artifact is absent — continuing with configured trusted identities
05:51:02.644 [error] local node self-trust was not added: node signing public-key artifact is absent — continuing with configured trusted identities
05:51:02.648 [error] local node self-trust was not added: node signing public-key artifact is absent — continuing with configured trusted identities
05:51:02.655 [error] local node self-trust was not added: node signing public-key artifact is absent — continuing with configured trusted identities
05:51:02.658 [error] local node self-trust was not added: node signing public-key artifact is absent — continuing with configured trusted identities
05:51:02.661 [error] local node self-trust was not added: node signing public-key artifact is absent — continuing with configured trusted identities
05:51:02.663 [error] local node self-trust was not added: node signing public-key artifact is absent — continuing with configured trusted identities
05:51:02.667 [error] local node self-trust was not added: node signing public-key artifact is absent — continuing with configured trusted identities
05:51:02.671 [error] local node self-trust was not added: node signing public-key artifact is absent — continuing with configured trusted identities
05:51:02.674 [error] local node self-trust was not added: node signing public-key artifact is absent — continuing with configured trusted identities
05:51:02.690 [error] local node self-trust was not added: node signing public-key artifact is absent — continuing with configured trusted identities
05:51:02.696 [error] local node self-trust was not added: node signing public-key artifact is absent — continuing with configured trusted identities
05:51:02.703 [error] local node self-trust was not added: node signing public-key artifact is absent — continuing with configured trusted identities
05:51:02.707 [error] local node self-trust was not added: node signing public-key artifact is absent — continuing with configured trusted identities
05:51:02.710 [error] local node self-trust was not added: node signing public-key artifact is absent — continuing with configured trusted identities
.05:51:02.727 [error] local node self-trust was not added: node signing public-key artifact is absent — continuing with configured trusted identities
05:51:02.729 [error] local node self-trust was not added: node signing public-key artifact is absent — continuing with configured trusted identities
05:51:02.730 [error] local node self-trust was not added: node signing public-key artifact is absent — continuing with configured trusted identities
05:51:02.732 [error] local node self-trust was not added: node signing public-key artifact is absent — continuing with configured trusted identities
05:51:02.735 [error] local node self-trust was not added: node signing public-key artifact is absent — continuing with configured trusted identities
05:51:02.737 [error] local node self-trust was not added: node signing public-key artifact is absent — continuing with configured trusted identities
05:51:02.739 [error] local node self-trust was not added: node signing public-key artifact is absent — continuing with configured trusted identities
05:51:02.741 [error] local node self-trust was not added: node signing public-key artifact is absent — continuing with configured trusted identities
05:51:02.745 [error] local node self-trust was not added: node signing public-key artifact is absent — continuing with configured trusted identities
05:51:02.752 [error] local node self-trust was not added: node signing public-key artifact is absent — continuing with configured trusted identities
05:51:02.758 [error] local node self-trust was not added: node signing public-key artifact is absent — continuing with configured trusted identities
05:51:02.765 [error] local node self-trust was not added: node signing public-key artifact is absent — continuing with configured trusted identities
05:51:02.769 [error] local node self-trust was not added: node signing public-key artifact is absent — continuing with configured trusted identities
05:51:02.775 [error] local node self-trust was not added: node signing public-key artifact is absent — continuing with configured trusted identities
05:51:02.782 [error] local node self-trust was not added: node signing public-key artifact is absent — continuing with configured trusted identities
05:51:02.785 [error] local node self-trust was not added: node signing public-key artifact is absent — continuing with configured trusted identities
05:51:02.809 [error] local node self-trust was not added: node signing public-key artifact is absent — continuing with configured trusted identities
.05:51:02.820 [error] local node self-trust was not added: node signing public-key artifact is absent — continuing with configured trusted identities
.05:51:02.844 [error] local node self-trust was not added: node signing public-key artifact is absent — continuing with configured trusted identities
05:51:02.847 [error] local node self-trust was not added: node signing public-key artifact is absent — continuing with configured trusted identities
05:51:02.849 [error] local node self-trust was not added: node signing public-key artifact is absent — continuing with configured trusted identities
05:51:02.852 [error] local node self-trust was not added: node signing public-key artifact is absent — continuing with configured trusted identities
05:51:02.855 [error] local node self-trust was not added: node signing public-key artifact is absent — continuing with configured trusted identities
05:51:02.859 [error] local node self-trust was not added: node signing public-key artifact is absent — continuing with configured trusted identities
05:51:02.862 [error] local node self-trust was not added: node signing public-key artifact is absent — continuing with configured trusted identities
05:51:02.865 [error] local node self-trust was not added: node signing public-key artifact is absent — continuing with configured trusted identities
05:51:02.868 [error] local node self-trust was not added: node signing public-key artifact is absent — continuing with configured trusted identities
05:51:02.871 [error] local node self-trust was not added: node signing public-key artifact is absent — continuing with configured trusted identities
05:51:02.874 [error] local node self-trust was not added: node signing public-key artifact is absent — continuing with configured trusted identities
05:51:02.878 [error] local node self-trust was not added: node signing public-key artifact is absent — continuing with configured trusted identities
05:51:02.882 [error] local node self-trust was not added: node signing public-key artifact is absent — continuing with configured trusted identities
05:51:02.885 [error] local node self-trust was not added: node signing public-key artifact is absent — continuing with configured trusted identities
05:51:02.888 [error] local node self-trust was not added: node signing public-key artifact is absent — continuing with configured trusted identities
05:51:02.894 [error] local node self-trust was not added: node signing public-key artifact is absent — continuing with configured trusted identities
05:51:02.901 [error] local node self-trust was not added: node signing public-key artifact is absent — continuing with configured trusted identities
05:51:02.905 [error] local node self-trust was not added: node signing public-key artifact is absent — continuing with configured trusted identities
05:51:02.908 [error] local node self-trust was not added: node signing public-key artifact is absent — continuing with configured trusted identities
05:51:02.911 [error] local node self-trust was not added: node signing public-key artifact is absent — continuing with configured trusted identities
05:51:02.914 [error] local node self-trust was not added: node signing public-key artifact is absent — continuing with configured trusted identities
05:51:02.919 [error] local node self-trust was not added: node signing public-key artifact is absent — continuing with configured trusted identities
.05:51:02.928 [error] local node self-trust was not added: node signing public-key artifact is absent — continuing with configured trusted identities
05:51:02.931 [error] local node self-trust was not added: node signing public-key artifact is absent — continuing with configured trusted identities
05:51:02.933 [error] local node self-trust was not added: node signing public-key artifact is absent — continuing with configured trusted identities
05:51:02.935 [error] local node self-trust was not added: node signing public-key artifact is absent — continuing with configured trusted identities
05:51:02.938 [error] local node self-trust was not added: node signing public-key artifact is absent — continuing with configured trusted identities
05:51:02.940 [error] local node self-trust was not added: node signing public-key artifact is absent — continuing with configured trusted identities
05:51:02.942 [error] local node self-trust was not added: node signing public-key artifact is absent — continuing with configured trusted identities
05:51:02.945 [error] local node self-trust was not added: node signing public-key artifact is absent — continuing with configured trusted identities
05:51:02.947 [error] local node self-trust was not added: node signing public-key artifact is absent — continuing with configured trusted identities
05:51:02.950 [error] local node self-trust was not added: node signing public-key artifact is absent — continuing with configured trusted identities
05:51:02.953 [error] local node self-trust was not added: node signing public-key artifact is absent — continuing with configured trusted identities
.05:51:02.966 [error] local node self-trust was not added: node signing public-key artifact is absent — continuing with configured trusted identities
.05:51:02.975 [error] local node self-trust was not added: node signing public-key artifact is absent — continuing with configured trusted identities
.05:51:02.984 [error] local node self-trust was not added: node signing public-key artifact is absent — continuing with configured trusted identities
05:51:02.987 [error] local node self-trust was not added: node signing public-key artifact is absent — continuing with configured trusted identities
05:51:02.989 [error] local node self-trust was not added: node signing public-key artifact is absent — continuing with configured trusted identities
05:51:02.992 [error] local node self-trust was not added: node signing public-key artifact is absent — continuing with configured trusted identities
05:51:02.994 [error] local node self-trust was not added: node signing public-key artifact is absent — continuing with configured trusted identities
05:51:02.997 [error] local node self-trust was not added: node signing public-key artifact is absent — continuing with configured trusted identities
05:51:03.001 [error] local node self-trust was not added: node signing public-key artifact is absent — continuing with configured trusted identities
05:51:03.003 [error] local node self-trust was not added: node signing public-key artifact is absent — continuing with configured trusted identities
05:51:03.007 [error] local node self-trust was not added: node signing public-key artifact is absent — continuing with configured trusted identities
05:51:03.010 [error] local node self-trust was not added: node signing public-key artifact is absent — continuing with configured trusted identities
05:51:03.015 [error] local node self-trust was not added: node signing public-key artifact is absent — continuing with configured trusted identities
05:51:03.020 [error] local node self-trust was not added: node signing public-key artifact is absent — continuing with configured trusted identities
05:51:03.024 [error] local node self-trust was not added: node signing public-key artifact is absent — continuing with configured trusted identities
05:51:03.027 [error] local node self-trust was not added: node signing public-key artifact is absent — continuing with configured trusted identities
05:51:03.030 [error] local node self-trust was not added: node signing public-key artifact is absent — continuing with configured trusted identities
05:51:03.033 [error] local node self-trust was not added: node signing public-key artifact is absent — continuing with configured trusted identities
05:51:03.038 [error] local node self-trust was not added: node signing public-key artifact is absent — continuing with configured trusted identities
05:51:03.041 [error] local node self-trust was not added: node signing public-key artifact is absent — continuing with configured trusted identities
05:51:03.045 [error] local node self-trust was not added: node signing public-key artifact is absent — continuing with configured trusted identities
05:51:03.048 [error] local node self-trust was not added: node signing public-key artifact is absent — continuing with configured trusted identities
05:51:03.051 [error] local node self-trust was not added: node signing public-key artifact is absent — continuing with configured trusted identities
.05:51:03.064 [error] local node self-trust was not added: node signing public-key artifact is absent — continuing with configured trusted identities
.05:51:03.078 [error] local node self-trust was not added: node signing public-key artifact is absent — continuing with configured trusted identities
...........05:51:03.256 [error] local node self-trust was not added: node signing public-key artifact is absent — continuing with configured trusted identities
05:51:03.257 [error] local node self-trust was not added: node signing public-key artifact is absent — continuing with configured trusted identities
05:51:03.260 [error] local node self-trust was not added: node signing public-key artifact is absent — continuing with configured trusted identities
05:51:03.263 [error] local node self-trust was not added: node signing public-key artifact is absent — continuing with configured trusted identities
05:51:03.277 [error] local node self-trust was not added: node signing public-key artifact is absent — continuing with configured trusted identities
.05:51:03.292 [error] local node self-trust was not added: node signing public-key artifact is absent — continuing with configured trusted identities
05:51:03.293 [error] local node self-trust was not added: node signing public-key artifact is absent — continuing with configured trusted identities
05:51:03.309 [error] local node self-trust was not added: node signing public-key artifact is absent — continuing with configured trusted identities
.05:51:03.321 [error] local node self-trust was not added: node signing public-key artifact is absent — continuing with configured trusted identities
05:51:03.322 [error] local node self-trust was not added: node signing public-key artifact is absent — continuing with configured trusted identities
05:51:03.325 [error] local node self-trust was not added: node signing public-key artifact is absent — continuing with configured trusted identities
05:51:03.328 [error] local node self-trust was not added: node signing public-key artifact is absent — continuing with configured trusted identities
05:51:03.330 [error] local node self-trust was not added: node signing public-key artifact is absent — continuing with configured trusted identities
05:51:03.332 [error] local node self-trust was not added: node signing public-key artifact is absent — continuing with configured trusted identities
05:51:03.335 [error] local node self-trust was not added: node signing public-key artifact is absent — continuing with configured trusted identities
05:51:03.337 [error] local node self-trust was not added: node signing public-key artifact is absent — continuing with configured trusted identities
05:51:03.340 [error] local node self-trust was not added: node signing public-key artifact is absent — continuing with configured trusted identities
05:51:03.360 [error] local node self-trust was not added: node signing public-key artifact is absent — continuing with configured trusted identities
.05:51:03.376 [error] local node self-trust was not added: node signing public-key artifact is absent — continuing with configured trusted identities
05:51:03.377 [error] local node self-trust was not added: node signing public-key artifact is absent — continuing with configured trusted identities
05:51:03.381 [error] local node self-trust was not added: node signing public-key artifact is absent — continuing with configured trusted identities
05:51:03.383 [error] local node self-trust was not added: node signing public-key artifact is absent — continuing with configured trusted identities
05:51:03.385 [error] local node self-trust was not added: node signing public-key artifact is absent — continuing with configured trusted identities
05:51:03.414 [error] local node self-trust was not added: node signing public-key artifact is absent — continuing with configured trusted identities
.05:51:03.426 [error] local node self-trust was not added: node signing public-key artifact is absent — continuing with configured trusted identities
05:51:03.427 [error] local node self-trust was not added: node signing public-key artifact is absent — continuing with configured trusted identities
05:51:03.432 [error] local node self-trust was not added: node signing public-key artifact is absent — continuing with configured trusted identities
05:51:03.435 [error] local node self-trust was not added: node signing public-key artifact is absent — continuing with configured trusted identities
05:51:03.438 [error] local node self-trust was not added: node signing public-key artifact is absent — continuing with configured trusted identities
05:51:03.440 [error] local node self-trust was not added: node signing public-key artifact is absent — continuing with configured trusted identities
05:51:03.472 [error] local node self-trust was not added: node signing public-key artifact is absent — continuing with configured trusted identities
.05:51:03.486 [error] local node self-trust was not added: node signing public-key artifact is absent — continuing with configured trusted identities
05:51:03.519 [error] local node self-trust was not added: node signing public-key artifact is absent — continuing with configured trusted identities
.05:51:03.532 [error] local node self-trust was not added: node signing public-key artifact is absent — continuing with configured trusted identities
05:51:03.533 [error] local node self-trust was not added: node signing public-key artifact is absent — continuing with configured trusted identities
05:51:03.556 [error] local node self-trust was not added: node signing public-key artifact is absent — continuing with configured trusted identities
.
Finished in 5.5 seconds (2.3s async, 3.2s sync)
121 tests, 0 failures
real 7.49
user 6.16
sys 1.28
