==> commonplace
make: Nothing to be done for 'all'.
==> commonplace_cli
Running ExUnit with seed: 690025, max_cases: 8

......................................05:53:26.848 [error] local node self-trust was not added: node signing public-key artifact is absent — continuing with configured trusted identities
05:53:26.868 [error] local node self-trust was not added: node signing public-key artifact is absent — continuing with configured trusted identities
05:53:26.872 [error] local node self-trust was not added: node signing public-key artifact is absent — continuing with configured trusted identities
05:53:26.887 [error] local node self-trust was not added: node signing public-key artifact is absent — continuing with configured trusted identities
.05:53:26.897 [error] local node self-trust was not added: node signing public-key artifact is absent — continuing with configured trusted identities
05:53:26.899 [error] local node self-trust was not added: node signing public-key artifact is absent — continuing with configured trusted identities
05:53:26.902 [error] local node self-trust was not added: node signing public-key artifact is absent — continuing with configured trusted identities
05:53:26.905 [error] local node self-trust was not added: node signing public-key artifact is absent — continuing with configured trusted identities
.05:53:26.912 [error] local node self-trust was not added: node signing public-key artifact is absent — continuing with configured trusted identities
05:53:26.913 [error] local node self-trust was not added: node signing public-key artifact is absent — continuing with configured trusted identities
05:53:26.916 [error] local node self-trust was not added: node signing public-key artifact is absent — continuing with configured trusted identities
05:53:26.918 [error] local node self-trust was not added: node signing public-key artifact is absent — continuing with configured trusted identities
05:53:26.919 [error] local node self-trust was not added: node signing public-key artifact is absent — continuing with configured trusted identities
.05:53:26.929 [error] local node self-trust was not added: node signing public-key artifact is absent — continuing with configured trusted identities
.05:53:26.935 [error] local node self-trust was not added: node signing public-key artifact is absent — continuing with configured trusted identities
05:53:26.937 [error] local node self-trust was not added: node signing public-key artifact is absent — continuing with configured trusted identities
05:53:26.939 [error] local node self-trust was not added: node signing public-key artifact is absent — continuing with configured trusted identities
.05:53:26.945 [error] local node self-trust was not added: node signing public-key artifact is absent — continuing with configured trusted identities
05:53:26.947 [error] local node self-trust was not added: node signing public-key artifact is absent — continuing with configured trusted identities
.05:53:26.953 [error] local node self-trust was not added: node signing public-key artifact is absent — continuing with configured trusted identities
05:53:26.956 [error] local node self-trust was not added: node signing public-key artifact is absent — continuing with configured trusted identities
.05:53:26.964 [error] local node self-trust was not added: node signing public-key artifact is absent — continuing with configured trusted identities
05:53:26.966 [error] local node self-trust was not added: node signing public-key artifact is absent — continuing with configured trusted identities
.05:53:26.980 [error] local node self-trust was not added: node signing public-key artifact is absent — continuing with configured trusted identities
05:53:26.981 [error] local node self-trust was not added: node signing public-key artifact is absent — continuing with configured trusted identities
05:53:27.006 [error] local node self-trust was not added: node signing public-key artifact is absent — continuing with configured trusted identities
.05:53:27.015 [error] local node self-trust was not added: node signing public-key artifact is absent — continuing with configured trusted identities
05:53:27.015 [error] local node self-trust was not added: node signing public-key artifact is absent — continuing with configured trusted identities
05:53:27.018 [error] local node self-trust was not added: node signing public-key artifact is absent — continuing with configured trusted identities
05:53:27.020 [error] local node self-trust was not added: node signing public-key artifact is absent — continuing with configured trusted identities
05:53:27.022 [error] local node self-trust was not added: node signing public-key artifact is absent — continuing with configured trusted identities
05:53:27.024 [error] local node self-trust was not added: node signing public-key artifact is absent — continuing with configured trusted identities
05:53:27.044 [error] local node self-trust was not added: node signing public-key artifact is absent — continuing with configured trusted identities
.05:53:27.052 [error] local node self-trust was not added: node signing public-key artifact is absent — continuing with configured trusted identities
05:53:27.052 [error] local node self-trust was not added: node signing public-key artifact is absent — continuing with configured trusted identities
05:53:27.074 [error] local node self-trust was not added: node signing public-key artifact is absent — continuing with configured trusted identities
.05:53:27.090 [error] local node self-trust was not added: node signing public-key artifact is absent — continuing with configured trusted identities
05:53:27.134 [error] local node self-trust was not added: node signing public-key artifact is absent — continuing with configured trusted identities
.05:53:27.146 [error] local node self-trust was not added: node signing public-key artifact is absent — continuing with configured trusted identities
05:53:27.147 [error] local node self-trust was not added: node signing public-key artifact is absent — continuing with configured trusted identities
05:53:27.150 [error] local node self-trust was not added: node signing public-key artifact is absent — continuing with configured trusted identities
05:53:27.152 [error] local node self-trust was not added: node signing public-key artifact is absent — continuing with configured trusted identities
05:53:27.153 [error] local node self-trust was not added: node signing public-key artifact is absent — continuing with configured trusted identities
05:53:27.193 [error] local node self-trust was not added: node signing public-key artifact is absent — continuing with configured trusted identities
.05:53:27.238 [error] local node self-trust was not added: node signing public-key artifact is absent — continuing with configured trusted identities
05:53:27.238 [error] local node self-trust was not added: node signing public-key artifact is absent — continuing with configured trusted identities
05:53:27.244 [error] local node self-trust was not added: node signing public-key artifact is absent — continuing with configured trusted identities
05:53:27.246 [error] local node self-trust was not added: node signing public-key artifact is absent — continuing with configured trusted identities
05:53:27.248 [error] local node self-trust was not added: node signing public-key artifact is absent — continuing with configured trusted identities
05:53:27.250 [error] local node self-trust was not added: node signing public-key artifact is absent — continuing with configured trusted identities
05:53:27.252 [error] local node self-trust was not added: node signing public-key artifact is absent — continuing with configured trusted identities
05:53:27.253 [error] local node self-trust was not added: node signing public-key artifact is absent — continuing with configured trusted identities
05:53:27.255 [error] local node self-trust was not added: node signing public-key artifact is absent — continuing with configured trusted identities
05:53:27.302 [error] local node self-trust was not added: node signing public-key artifact is absent — continuing with configured trusted identities
.05:53:27.311 [error] local node self-trust was not added: node signing public-key artifact is absent — continuing with configured trusted identities
05:53:27.311 [error] local node self-trust was not added: node signing public-key artifact is absent — continuing with configured trusted identities
05:53:27.313 [error] local node self-trust was not added: node signing public-key artifact is absent — continuing with configured trusted identities
05:53:27.315 [error] local node self-trust was not added: node signing public-key artifact is absent — continuing with configured trusted identities
05:53:27.335 [error] local node self-trust was not added: node signing public-key artifact is absent — continuing with configured trusted identities
...05:53:27.345 [error] local node self-trust was not added: node signing public-key artifact is absent — continuing with configured trusted identities
05:53:27.353 [error] local node self-trust was not added: node signing public-key artifact is absent — continuing with configured trusted identities
05:53:27.355 [error] local node self-trust was not added: node signing public-key artifact is absent — continuing with configured trusted identities
05:53:27.357 [error] local node self-trust was not added: node signing public-key artifact is absent — continuing with configured trusted identities
05:53:27.359 [error] local node self-trust was not added: node signing public-key artifact is absent — continuing with configured trusted identities
05:53:27.361 [error] local node self-trust was not added: node signing public-key artifact is absent — continuing with configured trusted identities
05:53:27.363 [error] local node self-trust was not added: node signing public-key artifact is absent — continuing with configured trusted identities
.05:53:27.372 [error] local node self-trust was not added: node signing public-key artifact is absent — continuing with configured trusted identities
05:53:27.374 [error] local node self-trust was not added: node signing public-key artifact is absent — continuing with configured trusted identities
05:53:27.376 [error] local node self-trust was not added: node signing public-key artifact is absent — continuing with configured trusted identities
05:53:27.378 [error] local node self-trust was not added: node signing public-key artifact is absent — continuing with configured trusted identities
05:53:27.381 [error] local node self-trust was not added: node signing public-key artifact is absent — continuing with configured trusted identities
05:53:27.383 [error] local node self-trust was not added: node signing public-key artifact is absent — continuing with configured trusted identities
05:53:27.385 [error] local node self-trust was not added: node signing public-key artifact is absent — continuing with configured trusted identities
.05:53:27.390 [error] local node self-trust was not added: node signing public-key artifact is absent — continuing with configured trusted identities
05:53:27.394 [error] local node self-trust was not added: node signing public-key artifact is absent — continuing with configured trusted identities
05:53:27.395 [error] local node self-trust was not added: node signing public-key artifact is absent — continuing with configured trusted identities
05:53:27.399 [error] local node self-trust was not added: node signing public-key artifact is absent — continuing with configured trusted identities
05:53:27.401 [error] local node self-trust was not added: node signing public-key artifact is absent — continuing with configured trusted identities
.05:53:27.407 [error] local node self-trust was not added: node signing public-key artifact is absent — continuing with configured trusted identities
......05:53:27.581 [error] local node self-trust was not added: node signing public-key artifact is absent — continuing with configured trusted identities
05:53:27.582 [error] local node self-trust was not added: node signing public-key artifact is absent — continuing with configured trusted identities
05:53:27.588 [error] local node self-trust was not added: node signing public-key artifact is absent — continuing with configured trusted identities
05:53:27.590 [error] local node self-trust was not added: node signing public-key artifact is absent — continuing with configured trusted identities
05:53:27.592 [error] local node self-trust was not added: node signing public-key artifact is absent — continuing with configured trusted identities
05:53:27.594 [error] local node self-trust was not added: node signing public-key artifact is absent — continuing with configured trusted identities
05:53:27.596 [error] local node self-trust was not added: node signing public-key artifact is absent — continuing with configured trusted identities
05:53:27.598 [error] local node self-trust was not added: node signing public-key artifact is absent — continuing with configured trusted identities
05:53:27.602 [error] local node self-trust was not added: node signing public-key artifact is absent — continuing with configured trusted identities
05:53:27.605 [error] local node self-trust was not added: node signing public-key artifact is absent — continuing with configured trusted identities
05:53:27.608 [error] local node self-trust was not added: node signing public-key artifact is absent — continuing with configured trusted identities
05:53:27.611 [error] local node self-trust was not added: node signing public-key artifact is absent — continuing with configured trusted identities
05:53:27.618 [warning] flock failed on /tmp/cp_sync_export_35469/new.txt: :enoent, proceeding without lock
05:53:27.620 [warning] flock failed on /tmp/cp_sync_export_35469/notes/todo.txt: :enoent, proceeding without lock
05:53:27.643 [error] local node self-trust was not added: node signing public-key artifact is absent — continuing with configured trusted identities
.05:53:27.651 [error] local node self-trust was not added: node signing public-key artifact is absent — continuing with configured trusted identities
05:53:27.652 [error] local node self-trust was not added: node signing public-key artifact is absent — continuing with configured trusted identities
05:53:27.654 [error] local node self-trust was not added: node signing public-key artifact is absent — continuing with configured trusted identities
05:53:27.657 [error] local node self-trust was not added: node signing public-key artifact is absent — continuing with configured trusted identities
05:53:27.682 [error] local node self-trust was not added: node signing public-key artifact is absent — continuing with configured trusted identities
.05:53:27.691 [error] local node self-trust was not added: node signing public-key artifact is absent — continuing with configured trusted identities
05:53:27.691 [error] local node self-trust was not added: node signing public-key artifact is absent — continuing with configured trusted identities
05:53:27.694 [error] local node self-trust was not added: node signing public-key artifact is absent — continuing with configured trusted identities
05:53:27.696 [error] local node self-trust was not added: node signing public-key artifact is absent — continuing with configured trusted identities
05:53:27.716 [error] local node self-trust was not added: node signing public-key artifact is absent — continuing with configured trusted identities
.05:53:27.724 [error] local node self-trust was not added: node signing public-key artifact is absent — continuing with configured trusted identities
05:53:27.724 [error] local node self-trust was not added: node signing public-key artifact is absent — continuing with configured trusted identities
05:53:27.727 [error] local node self-trust was not added: node signing public-key artifact is absent — continuing with configured trusted identities
05:53:27.729 [error] local node self-trust was not added: node signing public-key artifact is absent — continuing with configured trusted identities
05:53:27.731 [error] local node self-trust was not added: node signing public-key artifact is absent — continuing with configured trusted identities
05:53:27.734 [error] local node self-trust was not added: node signing public-key artifact is absent — continuing with configured trusted identities
05:53:27.736 [error] local node self-trust was not added: node signing public-key artifact is absent — continuing with configured trusted identities
05:53:27.738 [error] local node self-trust was not added: node signing public-key artifact is absent — continuing with configured trusted identities
05:53:27.741 [error] local node self-trust was not added: node signing public-key artifact is absent — continuing with configured trusted identities
05:53:27.744 [error] local node self-trust was not added: node signing public-key artifact is absent — continuing with configured trusted identities
05:53:27.745 [error] local node self-trust was not added: node signing public-key artifact is absent — continuing with configured trusted identities
05:53:27.768 [error] local node self-trust was not added: node signing public-key artifact is absent — continuing with configured trusted identities
.05:53:27.828 [error] local node self-trust was not added: node signing public-key artifact is absent — continuing with configured trusted identities
.05:53:27.940 [error] local node self-trust was not added: node signing public-key artifact is absent — continuing with configured trusted identities
.05:53:28.051 [error] local node self-trust was not added: node signing public-key artifact is absent — continuing with configured trusted identities
05:53:28.159 [error] local node self-trust was not added: node signing public-key artifact is absent — continuing with configured trusted identities
.05:53:28.270 [error] local node self-trust was not added: node signing public-key artifact is absent — continuing with configured trusted identities
.05:53:28.324 [error] local node self-trust was not added: node signing public-key artifact is absent — continuing with configured trusted identities
05:53:28.327 [error] local node self-trust was not added: node signing public-key artifact is absent — continuing with configured trusted identities
05:53:28.330 [error] local node self-trust was not added: node signing public-key artifact is absent — continuing with configured trusted identities
05:53:28.339 [error] local node self-trust was not added: node signing public-key artifact is absent — continuing with configured trusted identities
.05:53:28.342 [error] local node self-trust was not added: node signing public-key artifact is absent — continuing with configured trusted identities
05:53:28.346 [error] local node self-trust was not added: node signing public-key artifact is absent — continuing with configured trusted identities
05:53:28.349 [error] local node self-trust was not added: node signing public-key artifact is absent — continuing with configured trusted identities
05:53:28.353 [error] local node self-trust was not added: node signing public-key artifact is absent — continuing with configured trusted identities
.05:53:28.356 [error] local node self-trust was not added: node signing public-key artifact is absent — continuing with configured trusted identities
05:53:28.358 [error] local node self-trust was not added: node signing public-key artifact is absent — continuing with configured trusted identities
05:53:28.361 [error] local node self-trust was not added: node signing public-key artifact is absent — continuing with configured trusted identities
.05:53:28.368 [error] local node self-trust was not added: node signing public-key artifact is absent — continuing with configured trusted identities
.05:53:28.376 [error] local node self-trust was not added: node signing public-key artifact is absent — continuing with configured trusted identities
.05:53:28.383 [error] local node self-trust was not added: node signing public-key artifact is absent — continuing with configured trusted identities
..05:53:28.394 [error] local node self-trust was not added: node signing public-key artifact is absent — continuing with configured trusted identities
.05:53:28.403 [error] local node self-trust was not added: node signing public-key artifact is absent — continuing with configured trusted identities
.05:53:28.412 [error] local node self-trust was not added: node signing public-key artifact is absent — continuing with configured trusted identities
05:53:28.413 [error] local node self-trust was not added: node signing public-key artifact is absent — continuing with configured trusted identities
05:53:28.418 [error] local node self-trust was not added: node signing public-key artifact is absent — continuing with configured trusted identities
05:53:28.419 [error] local node self-trust was not added: node signing public-key artifact is absent — continuing with configured trusted identities
05:53:28.421 [error] local node self-trust was not added: node signing public-key artifact is absent — continuing with configured trusted identities
05:53:28.425 [error] local node self-trust was not added: node signing public-key artifact is absent — continuing with configured trusted identities
05:53:28.428 [error] local node self-trust was not added: node signing public-key artifact is absent — continuing with configured trusted identities
05:53:28.430 [error] local node self-trust was not added: node signing public-key artifact is absent — continuing with configured trusted identities
Re-rooted: uuid-root → uuid-main
Exporting from new root...
Done.
05:53:28.461 [error] local node self-trust was not added: node signing public-key artifact is absent — continuing with configured trusted identities
.05:53:28.471 [error] local node self-trust was not added: node signing public-key artifact is absent — continuing with configured trusted identities
05:53:28.471 [error] local node self-trust was not added: node signing public-key artifact is absent — continuing with configured trusted identities
05:53:28.473 [error] local node self-trust was not added: node signing public-key artifact is absent — continuing with configured trusted identities
05:53:28.475 [error] local node self-trust was not added: node signing public-key artifact is absent — continuing with configured trusted identities
05:53:28.477 [error] local node self-trust was not added: node signing public-key artifact is absent — continuing with configured trusted identities
05:53:28.478 [error] local node self-trust was not added: node signing public-key artifact is absent — continuing with configured trusted identities
05:53:28.481 [error] local node self-trust was not added: node signing public-key artifact is absent — continuing with configured trusted identities
05:53:28.483 [error] local node self-trust was not added: node signing public-key artifact is absent — continuing with configured trusted identities
05:53:28.518 [error] local node self-trust was not added: node signing public-key artifact is absent — continuing with configured trusted identities
.05:53:28.528 [error] local node self-trust was not added: node signing public-key artifact is absent — continuing with configured trusted identities
05:53:28.529 [error] local node self-trust was not added: node signing public-key artifact is absent — continuing with configured trusted identities
05:53:28.530 [error] local node self-trust was not added: node signing public-key artifact is absent — continuing with configured trusted identities
05:53:28.534 [error] local node self-trust was not added: node signing public-key artifact is absent — continuing with configured trusted identities
05:53:28.536 [error] local node self-trust was not added: node signing public-key artifact is absent — continuing with configured trusted identities
05:53:28.537 [error] local node self-trust was not added: node signing public-key artifact is absent — continuing with configured trusted identities
05:53:28.539 [error] local node self-trust was not added: node signing public-key artifact is absent — continuing with configured trusted identities
05:53:28.541 [error] local node self-trust was not added: node signing public-key artifact is absent — continuing with configured trusted identities
Current root: uuid-root
05:53:28.585 [error] local node self-trust was not added: node signing public-key artifact is absent — continuing with configured trusted identities
.05:53:28.595 [error] local node self-trust was not added: node signing public-key artifact is absent — continuing with configured trusted identities
05:53:28.595 [error] local node self-trust was not added: node signing public-key artifact is absent — continuing with configured trusted identities
05:53:28.597 [error] local node self-trust was not added: node signing public-key artifact is absent — continuing with configured trusted identities
05:53:28.599 [error] local node self-trust was not added: node signing public-key artifact is absent — continuing with configured trusted identities
05:53:28.601 [error] local node self-trust was not added: node signing public-key artifact is absent — continuing with configured trusted identities
05:53:28.602 [error] local node self-trust was not added: node signing public-key artifact is absent — continuing with configured trusted identities
05:53:28.603 [error] local node self-trust was not added: node signing public-key artifact is absent — continuing with configured trusted identities
05:53:28.605 [error] local node self-trust was not added: node signing public-key artifact is absent — continuing with configured trusted identities
05:53:28.608 [warning] flock failed on /tmp/cp_checkout_sync_10874/repos/myrepo/feature/feature.txt: :enoent, proceeding without lock
05:53:28.609 [warning] flock failed on /tmp/cp_checkout_sync_10874/repos/myrepo/main/readme.txt: :enoent, proceeding without lock
05:53:28.611 [warning] flock failed on /tmp/cp_checkout_sync_10874/readme.txt: :enoent, proceeding without lock
05:53:28.638 [error] local node self-trust was not added: node signing public-key artifact is absent — continuing with configured trusted identities
.05:53:28.650 [error] local node self-trust was not added: node signing public-key artifact is absent — continuing with configured trusted identities
05:53:28.650 [error] local node self-trust was not added: node signing public-key artifact is absent — continuing with configured trusted identities
05:53:28.652 [error] local node self-trust was not added: node signing public-key artifact is absent — continuing with configured trusted identities
05:53:28.654 [error] local node self-trust was not added: node signing public-key artifact is absent — continuing with configured trusted identities
05:53:28.656 [error] local node self-trust was not added: node signing public-key artifact is absent — continuing with configured trusted identities
05:53:28.658 [error] local node self-trust was not added: node signing public-key artifact is absent — continuing with configured trusted identities
05:53:28.659 [error] local node self-trust was not added: node signing public-key artifact is absent — continuing with configured trusted identities
05:53:28.665 [error] local node self-trust was not added: node signing public-key artifact is absent — continuing with configured trusted identities
05:53:28.667 [warning] flock failed on /tmp/cp_checkout_sync_872663/feature.txt: :enoent, proceeding without lock
05:53:28.688 [error] local node self-trust was not added: node signing public-key artifact is absent — continuing with configured trusted identities
.05:53:28.694 [error] local node self-trust was not added: node signing public-key artifact is absent — continuing with configured trusted identities
.05:53:28.717 [error] local node self-trust was not added: node signing public-key artifact is absent — continuing with configured trusted identities
.05:53:28.726 [error] local node self-trust was not added: node signing public-key artifact is absent — continuing with configured trusted identities
.05:53:28.736 [error] local node self-trust was not added: node signing public-key artifact is absent — continuing with configured trusted identities
.05:53:28.744 [error] local node self-trust was not added: node signing public-key artifact is absent — continuing with configured trusted identities
05:53:28.756 [error] local node self-trust was not added: node signing public-key artifact is absent — continuing with configured trusted identities
05:53:28.759 [error] local node self-trust was not added: node signing public-key artifact is absent — continuing with configured trusted identities
05:53:28.761 [error] local node self-trust was not added: node signing public-key artifact is absent — continuing with configured trusted identities
05:53:28.763 [error] local node self-trust was not added: node signing public-key artifact is absent — continuing with configured trusted identities
05:53:28.765 [error] local node self-trust was not added: node signing public-key artifact is absent — continuing with configured trusted identities
05:53:28.768 [error] local node self-trust was not added: node signing public-key artifact is absent — continuing with configured trusted identities
05:53:28.770 [error] local node self-trust was not added: node signing public-key artifact is absent — continuing with configured trusted identities
05:53:28.772 [error] local node self-trust was not added: node signing public-key artifact is absent — continuing with configured trusted identities
05:53:28.773 [error] local node self-trust was not added: node signing public-key artifact is absent — continuing with configured trusted identities
05:53:28.775 [error] local node self-trust was not added: node signing public-key artifact is absent — continuing with configured trusted identities
05:53:28.787 [error] local node self-trust was not added: node signing public-key artifact is absent — continuing with configured trusted identities
05:53:28.790 [error] local node self-trust was not added: node signing public-key artifact is absent — continuing with configured trusted identities
05:53:28.793 [error] local node self-trust was not added: node signing public-key artifact is absent — continuing with configured trusted identities
05:53:28.795 [error] local node self-trust was not added: node signing public-key artifact is absent — continuing with configured trusted identities
05:53:28.798 [error] local node self-trust was not added: node signing public-key artifact is absent — continuing with configured trusted identities
05:53:28.824 [error] local node self-trust was not added: node signing public-key artifact is absent — continuing with configured trusted identities
.05:53:28.833 [error] local node self-trust was not added: node signing public-key artifact is absent — continuing with configured trusted identities
05:53:28.835 [error] local node self-trust was not added: node signing public-key artifact is absent — continuing with configured trusted identities
05:53:28.836 [error] local node self-trust was not added: node signing public-key artifact is absent — continuing with configured trusted identities
05:53:28.838 [error] local node self-trust was not added: node signing public-key artifact is absent — continuing with configured trusted identities
05:53:28.840 [error] local node self-trust was not added: node signing public-key artifact is absent — continuing with configured trusted identities
05:53:28.842 [error] local node self-trust was not added: node signing public-key artifact is absent — continuing with configured trusted identities
05:53:28.844 [error] local node self-trust was not added: node signing public-key artifact is absent — continuing with configured trusted identities
05:53:28.846 [error] local node self-trust was not added: node signing public-key artifact is absent — continuing with configured trusted identities
05:53:28.849 [error] local node self-trust was not added: node signing public-key artifact is absent — continuing with configured trusted identities
05:53:28.851 [error] local node self-trust was not added: node signing public-key artifact is absent — continuing with configured trusted identities
05:53:28.854 [error] local node self-trust was not added: node signing public-key artifact is absent — continuing with configured trusted identities
05:53:28.857 [error] local node self-trust was not added: node signing public-key artifact is absent — continuing with configured trusted identities
05:53:28.859 [error] local node self-trust was not added: node signing public-key artifact is absent — continuing with configured trusted identities
05:53:28.861 [error] local node self-trust was not added: node signing public-key artifact is absent — continuing with configured trusted identities
05:53:28.863 [error] local node self-trust was not added: node signing public-key artifact is absent — continuing with configured trusted identities
05:53:28.866 [error] local node self-trust was not added: node signing public-key artifact is absent — continuing with configured trusted identities
05:53:28.869 [error] local node self-trust was not added: node signing public-key artifact is absent — continuing with configured trusted identities
05:53:28.872 [error] local node self-trust was not added: node signing public-key artifact is absent — continuing with configured trusted identities
05:53:28.874 [error] local node self-trust was not added: node signing public-key artifact is absent — continuing with configured trusted identities
05:53:28.876 [error] local node self-trust was not added: node signing public-key artifact is absent — continuing with configured trusted identities
05:53:28.878 [error] local node self-trust was not added: node signing public-key artifact is absent — continuing with configured trusted identities
.05:53:28.890 [error] local node self-trust was not added: node signing public-key artifact is absent — continuing with configured trusted identities
.05:53:28.896 [error] local node self-trust was not added: node signing public-key artifact is absent — continuing with configured trusted identities
05:53:28.898 [error] local node self-trust was not added: node signing public-key artifact is absent — continuing with configured trusted identities
05:53:28.899 [error] local node self-trust was not added: node signing public-key artifact is absent — continuing with configured trusted identities
05:53:28.901 [error] local node self-trust was not added: node signing public-key artifact is absent — continuing with configured trusted identities
05:53:28.903 [error] local node self-trust was not added: node signing public-key artifact is absent — continuing with configured trusted identities
05:53:28.906 [error] local node self-trust was not added: node signing public-key artifact is absent — continuing with configured trusted identities
05:53:28.907 [error] local node self-trust was not added: node signing public-key artifact is absent — continuing with configured trusted identities
05:53:28.909 [error] local node self-trust was not added: node signing public-key artifact is absent — continuing with configured trusted identities
05:53:28.913 [error] local node self-trust was not added: node signing public-key artifact is absent — continuing with configured trusted identities
05:53:28.916 [error] local node self-trust was not added: node signing public-key artifact is absent — continuing with configured trusted identities
05:53:28.919 [error] local node self-trust was not added: node signing public-key artifact is absent — continuing with configured trusted identities
.05:53:28.927 [error] local node self-trust was not added: node signing public-key artifact is absent — continuing with configured trusted identities
05:53:28.929 [error] local node self-trust was not added: node signing public-key artifact is absent — continuing with configured trusted identities
05:53:28.931 [error] local node self-trust was not added: node signing public-key artifact is absent — continuing with configured trusted identities
05:53:28.933 [error] local node self-trust was not added: node signing public-key artifact is absent — continuing with configured trusted identities
05:53:28.936 [error] local node self-trust was not added: node signing public-key artifact is absent — continuing with configured trusted identities
05:53:28.938 [error] local node self-trust was not added: node signing public-key artifact is absent — continuing with configured trusted identities
05:53:28.940 [error] local node self-trust was not added: node signing public-key artifact is absent — continuing with configured trusted identities
05:53:28.943 [error] local node self-trust was not added: node signing public-key artifact is absent — continuing with configured trusted identities
05:53:28.946 [error] local node self-trust was not added: node signing public-key artifact is absent — continuing with configured trusted identities
05:53:28.948 [error] local node self-trust was not added: node signing public-key artifact is absent — continuing with configured trusted identities
05:53:28.951 [error] local node self-trust was not added: node signing public-key artifact is absent — continuing with configured trusted identities
05:53:28.954 [error] local node self-trust was not added: node signing public-key artifact is absent — continuing with configured trusted identities
05:53:28.958 [error] local node self-trust was not added: node signing public-key artifact is absent — continuing with configured trusted identities
05:53:28.961 [error] local node self-trust was not added: node signing public-key artifact is absent — continuing with configured trusted identities
05:53:28.963 [error] local node self-trust was not added: node signing public-key artifact is absent — continuing with configured trusted identities
05:53:28.966 [error] local node self-trust was not added: node signing public-key artifact is absent — continuing with configured trusted identities
05:53:28.971 [error] local node self-trust was not added: node signing public-key artifact is absent — continuing with configured trusted identities
05:53:28.973 [error] local node self-trust was not added: node signing public-key artifact is absent — continuing with configured trusted identities
05:53:28.976 [error] local node self-trust was not added: node signing public-key artifact is absent — continuing with configured trusted identities
05:53:28.978 [error] local node self-trust was not added: node signing public-key artifact is absent — continuing with configured trusted identities
05:53:28.981 [error] local node self-trust was not added: node signing public-key artifact is absent — continuing with configured trusted identities
05:53:28.986 [error] local node self-trust was not added: node signing public-key artifact is absent — continuing with configured trusted identities
.05:53:29.000 [error] local node self-trust was not added: node signing public-key artifact is absent — continuing with configured trusted identities
05:53:29.004 [error] local node self-trust was not added: node signing public-key artifact is absent — continuing with configured trusted identities
05:53:29.007 [error] local node self-trust was not added: node signing public-key artifact is absent — continuing with configured trusted identities
05:53:29.010 [error] local node self-trust was not added: node signing public-key artifact is absent — continuing with configured trusted identities
05:53:29.012 [error] local node self-trust was not added: node signing public-key artifact is absent — continuing with configured trusted identities
05:53:29.015 [error] local node self-trust was not added: node signing public-key artifact is absent — continuing with configured trusted identities
05:53:29.017 [error] local node self-trust was not added: node signing public-key artifact is absent — continuing with configured trusted identities
05:53:29.020 [error] local node self-trust was not added: node signing public-key artifact is absent — continuing with configured trusted identities
05:53:29.022 [error] local node self-trust was not added: node signing public-key artifact is absent — continuing with configured trusted identities
05:53:29.025 [error] local node self-trust was not added: node signing public-key artifact is absent — continuing with configured trusted identities
05:53:29.028 [error] local node self-trust was not added: node signing public-key artifact is absent — continuing with configured trusted identities
05:53:29.033 [error] local node self-trust was not added: node signing public-key artifact is absent — continuing with configured trusted identities
05:53:29.037 [error] local node self-trust was not added: node signing public-key artifact is absent — continuing with configured trusted identities
05:53:29.040 [error] local node self-trust was not added: node signing public-key artifact is absent — continuing with configured trusted identities
05:53:29.043 [error] local node self-trust was not added: node signing public-key artifact is absent — continuing with configured trusted identities
05:53:29.048 [error] local node self-trust was not added: node signing public-key artifact is absent — continuing with configured trusted identities
.05:53:29.066 [error] local node self-trust was not added: node signing public-key artifact is absent — continuing with configured trusted identities
05:53:29.098 [warning] CommitStore: root attach DENIED by workspace profile doc_uuid=7903a754-1beb-43b1-b10a-f1f70f87330c reason="workspace class 'minimal' does not accept root entry 'bd' — declared in profile"
05:53:29.124 [error] local node self-trust was not added: node signing public-key artifact is absent — continuing with configured trusted identities
.05:53:29.133 [error] local node self-trust was not added: node signing public-key artifact is absent — continuing with configured trusted identities
05:53:29.192 [error] local node self-trust was not added: node signing public-key artifact is absent — continuing with configured trusted identities
.05:53:29.196 [error] local node self-trust was not added: node signing public-key artifact is absent — continuing with configured trusted identities
..05:53:29.213 [error] local node self-trust was not added: node signing public-key artifact is absent — continuing with configured trusted identities
.05:53:29.222 [error] local node self-trust was not added: node signing public-key artifact is absent — continuing with configured trusted identities
.05:53:29.239 [error] local node self-trust was not added: node signing public-key artifact is absent — continuing with configured trusted identities
05:53:29.239 [error] local node self-trust was not added: node signing public-key artifact is absent — continuing with configured trusted identities
05:53:29.243 [error] local node self-trust was not added: node signing public-key artifact is absent — continuing with configured trusted identities
05:53:29.246 [error] local node self-trust was not added: node signing public-key artifact is absent — continuing with configured trusted identities
05:53:29.249 [error] local node self-trust was not added: node signing public-key artifact is absent — continuing with configured trusted identities
05:53:29.252 [error] local node self-trust was not added: node signing public-key artifact is absent — continuing with configured trusted identities
05:53:29.255 [error] local node self-trust was not added: node signing public-key artifact is absent — continuing with configured trusted identities
05:53:29.258 [error] local node self-trust was not added: node signing public-key artifact is absent — continuing with configured trusted identities
05:53:29.261 [error] local node self-trust was not added: node signing public-key artifact is absent — continuing with configured trusted identities
05:53:29.266 [error] local node self-trust was not added: node signing public-key artifact is absent — continuing with configured trusted identities
05:53:29.270 [warning] flock failed on /tmp/cp_rt_out_2344/docs/examples/hello.txt: :enoent, proceeding without lock
05:53:29.272 [warning] flock failed on /tmp/cp_rt_out_2344/docs/guide.txt: :enoent, proceeding without lock
05:53:29.274 [warning] flock failed on /tmp/cp_rt_out_2344/empty.txt: :enoent, proceeding without lock
05:53:29.275 [warning] flock failed on /tmp/cp_rt_out_2344/readme.txt: :enoent, proceeding without lock
05:53:29.299 [error] local node self-trust was not added: node signing public-key artifact is absent — continuing with configured trusted identities
.05:53:29.311 [error] local node self-trust was not added: node signing public-key artifact is absent — continuing with configured trusted identities
05:53:29.312 [error] local node self-trust was not added: node signing public-key artifact is absent — continuing with configured trusted identities
05:53:29.314 [error] local node self-trust was not added: node signing public-key artifact is absent — continuing with configured trusted identities
05:53:29.316 [error] local node self-trust was not added: node signing public-key artifact is absent — continuing with configured trusted identities
05:53:29.319 [warning] flock failed on /tmp/cp_rt_out_90518/special.txt: :enoent, proceeding without lock
05:53:29.344 [error] local node self-trust was not added: node signing public-key artifact is absent — continuing with configured trusted identities
...commonplace: :cx_a3fe_absent@commonplace (from /tmp/cx_x8jk_reach_failures_812791132/node_name) serves a DIFFERENT workspace — its data dir is "/other/data", not "/tmp/cx_x8jk_reach_failures_812791132". Ignoring it; that node_name file probably points at an orphan serve.
...............
Finished in 5.1 seconds (2.0s async, 3.1s sync)
121 tests, 0 failures
real 7.16
user 6.43
sys 1.39
