==> commonplace
make: Nothing to be done for 'all'.
==> commonplace_cli
Running ExUnit with seed: 32477, max_cases: 8

..................................05:50:21.404 [error] local node self-trust was not added: node signing public-key artifact is absent — continuing with configured trusted identities
05:50:21.446 [error] local node self-trust was not added: node signing public-key artifact is absent — continuing with configured trusted identities
05:50:21.476 [error] local node self-trust was not added: node signing public-key artifact is absent — continuing with configured trusted identities
05:50:21.482 [error] local node self-trust was not added: node signing public-key artifact is absent — continuing with configured trusted identities
05:50:21.542 [error] local node self-trust was not added: node signing public-key artifact is absent — continuing with configured trusted identities
.05:50:21.550 [error] local node self-trust was not added: node signing public-key artifact is absent — continuing with configured trusted identities
05:50:21.551 [error] local node self-trust was not added: node signing public-key artifact is absent — continuing with configured trusted identities
05:50:21.554 [error] local node self-trust was not added: node signing public-key artifact is absent — continuing with configured trusted identities
05:50:21.557 [error] local node self-trust was not added: node signing public-key artifact is absent — continuing with configured trusted identities
05:50:21.623 [error] local node self-trust was not added: node signing public-key artifact is absent — continuing with configured trusted identities
.05:50:21.633 [error] local node self-trust was not added: node signing public-key artifact is absent — continuing with configured trusted identities
05:50:21.634 [error] local node self-trust was not added: node signing public-key artifact is absent — continuing with configured trusted identities
05:50:21.637 [error] local node self-trust was not added: node signing public-key artifact is absent — continuing with configured trusted identities
05:50:21.639 [error] local node self-trust was not added: node signing public-key artifact is absent — continuing with configured trusted identities
05:50:21.642 [error] local node self-trust was not added: node signing public-key artifact is absent — continuing with configured trusted identities
05:50:21.644 [error] local node self-trust was not added: node signing public-key artifact is absent — continuing with configured trusted identities
05:50:21.647 [error] local node self-trust was not added: node signing public-key artifact is absent — continuing with configured trusted identities
05:50:21.649 [error] local node self-trust was not added: node signing public-key artifact is absent — continuing with configured trusted identities
05:50:21.656 [error] local node self-trust was not added: node signing public-key artifact is absent — continuing with configured trusted identities
05:50:21.660 [error] local node self-trust was not added: node signing public-key artifact is absent — continuing with configured trusted identities
05:50:21.663 [error] local node self-trust was not added: node signing public-key artifact is absent — continuing with configured trusted identities
05:50:21.667 [error] local node self-trust was not added: node signing public-key artifact is absent — continuing with configured trusted identities
05:50:21.676 [warning] flock failed on /tmp/cp_sync_export_222308/new.txt: :enoent, proceeding without lock
05:50:21.680 [warning] flock failed on /tmp/cp_sync_export_222308/notes/todo.txt: :enoent, proceeding without lock
05:50:21.811 [error] local node self-trust was not added: node signing public-key artifact is absent — continuing with configured trusted identities
.05:50:21.824 [error] local node self-trust was not added: node signing public-key artifact is absent — continuing with configured trusted identities
05:50:21.824 [error] local node self-trust was not added: node signing public-key artifact is absent — continuing with configured trusted identities
05:50:21.828 [error] local node self-trust was not added: node signing public-key artifact is absent — continuing with configured trusted identities
05:50:21.831 [error] local node self-trust was not added: node signing public-key artifact is absent — continuing with configured trusted identities
05:50:21.833 [error] local node self-trust was not added: node signing public-key artifact is absent — continuing with configured trusted identities
05:50:21.836 [error] local node self-trust was not added: node signing public-key artifact is absent — continuing with configured trusted identities
05:50:21.838 [error] local node self-trust was not added: node signing public-key artifact is absent — continuing with configured trusted identities
05:50:21.841 [error] local node self-trust was not added: node signing public-key artifact is absent — continuing with configured trusted identities
05:50:21.846 [error] local node self-trust was not added: node signing public-key artifact is absent — continuing with configured trusted identities
05:50:21.849 [error] local node self-trust was not added: node signing public-key artifact is absent — continuing with configured trusted identities
05:50:21.852 [error] local node self-trust was not added: node signing public-key artifact is absent — continuing with configured trusted identities
05:50:21.975 [error] local node self-trust was not added: node signing public-key artifact is absent — continuing with configured trusted identities
.05:50:22.036 [error] local node self-trust was not added: node signing public-key artifact is absent — continuing with configured trusted identities
.05:50:22.150 [error] local node self-trust was not added: node signing public-key artifact is absent — continuing with configured trusted identities
05:50:22.259 [error] local node self-trust was not added: node signing public-key artifact is absent — continuing with configured trusted identities
.05:50:22.373 [error] local node self-trust was not added: node signing public-key artifact is absent — continuing with configured trusted identities
.05:50:22.495 [error] local node self-trust was not added: node signing public-key artifact is absent — continuing with configured trusted identities
.05:50:22.578 [error] local node self-trust was not added: node signing public-key artifact is absent — continuing with configured trusted identities
05:50:22.669 [error] local node self-trust was not added: node signing public-key artifact is absent — continuing with configured trusted identities
.05:50:22.680 [error] local node self-trust was not added: node signing public-key artifact is absent — continuing with configured trusted identities
05:50:22.680 [error] local node self-trust was not added: node signing public-key artifact is absent — continuing with configured trusted identities
05:50:22.682 [error] local node self-trust was not added: node signing public-key artifact is absent — continuing with configured trusted identities
05:50:22.684 [error] local node self-trust was not added: node signing public-key artifact is absent — continuing with configured trusted identities
05:50:22.686 [error] local node self-trust was not added: node signing public-key artifact is absent — continuing with configured trusted identities
05:50:22.688 [error] local node self-trust was not added: node signing public-key artifact is absent — continuing with configured trusted identities
05:50:22.689 [error] local node self-trust was not added: node signing public-key artifact is absent — continuing with configured trusted identities
05:50:22.691 [error] local node self-trust was not added: node signing public-key artifact is absent — continuing with configured trusted identities
05:50:22.694 [error] local node self-trust was not added: node signing public-key artifact is absent — continuing with configured trusted identities
05:50:22.753 [error] local node self-trust was not added: node signing public-key artifact is absent — continuing with configured trusted identities
.05:50:22.764 [error] local node self-trust was not added: node signing public-key artifact is absent — continuing with configured trusted identities
05:50:22.765 [error] local node self-trust was not added: node signing public-key artifact is absent — continuing with configured trusted identities
05:50:22.767 [error] local node self-trust was not added: node signing public-key artifact is absent — continuing with configured trusted identities
05:50:22.769 [error] local node self-trust was not added: node signing public-key artifact is absent — continuing with configured trusted identities
05:50:22.772 [error] local node self-trust was not added: node signing public-key artifact is absent — continuing with configured trusted identities
05:50:22.824 [error] local node self-trust was not added: node signing public-key artifact is absent — continuing with configured trusted identities
.05:50:22.836 [error] local node self-trust was not added: node signing public-key artifact is absent — continuing with configured trusted identities
05:50:22.837 [error] local node self-trust was not added: node signing public-key artifact is absent — continuing with configured trusted identities
05:50:22.908 [error] local node self-trust was not added: node signing public-key artifact is absent — continuing with configured trusted identities
.05:50:22.921 [error] local node self-trust was not added: node signing public-key artifact is absent — continuing with configured trusted identities
05:50:22.921 [error] local node self-trust was not added: node signing public-key artifact is absent — continuing with configured trusted identities
05:50:22.993 [error] local node self-trust was not added: node signing public-key artifact is absent — continuing with configured trusted identities
.05:50:23.004 [error] local node self-trust was not added: node signing public-key artifact is absent — continuing with configured trusted identities
05:50:23.005 [error] local node self-trust was not added: node signing public-key artifact is absent — continuing with configured trusted identities
05:50:23.008 [error] local node self-trust was not added: node signing public-key artifact is absent — continuing with configured trusted identities
05:50:23.011 [error] local node self-trust was not added: node signing public-key artifact is absent — continuing with configured trusted identities
05:50:23.074 [error] local node self-trust was not added: node signing public-key artifact is absent — continuing with configured trusted identities
.05:50:23.085 [error] local node self-trust was not added: node signing public-key artifact is absent — continuing with configured trusted identities
05:50:23.085 [error] local node self-trust was not added: node signing public-key artifact is absent — continuing with configured trusted identities
05:50:23.089 [error] local node self-trust was not added: node signing public-key artifact is absent — continuing with configured trusted identities
05:50:23.091 [error] local node self-trust was not added: node signing public-key artifact is absent — continuing with configured trusted identities
05:50:23.094 [error] local node self-trust was not added: node signing public-key artifact is absent — continuing with configured trusted identities
05:50:23.098 [error] local node self-trust was not added: node signing public-key artifact is absent — continuing with configured trusted identities
05:50:23.152 [error] local node self-trust was not added: node signing public-key artifact is absent — continuing with configured trusted identities
.05:50:23.168 [error] local node self-trust was not added: node signing public-key artifact is absent — continuing with configured trusted identities
05:50:23.281 [error] local node self-trust was not added: node signing public-key artifact is absent — continuing with configured trusted identities
.05:50:23.289 [error] local node self-trust was not added: node signing public-key artifact is absent — continuing with configured trusted identities
05:50:23.340 [warning] CommitStore: root attach DENIED by workspace profile doc_uuid=9756ef8c-0020-4db3-b347-46522804c649 reason="workspace class 'minimal' does not accept root entry 'bd' — declared in profile"
05:50:23.409 [error] local node self-trust was not added: node signing public-key artifact is absent — continuing with configured trusted identities
........05:50:23.807 [error] local node self-trust was not added: node signing public-key artifact is absent — continuing with configured trusted identities
05:50:23.812 [error] local node self-trust was not added: node signing public-key artifact is absent — continuing with configured trusted identities
05:50:23.815 [error] local node self-trust was not added: node signing public-key artifact is absent — continuing with configured trusted identities
05:50:23.826 [error] local node self-trust was not added: node signing public-key artifact is absent — continuing with configured trusted identities
.05:50:23.829 [error] local node self-trust was not added: node signing public-key artifact is absent — continuing with configured trusted identities
05:50:23.833 [error] local node self-trust was not added: node signing public-key artifact is absent — continuing with configured trusted identities
05:50:23.836 [error] local node self-trust was not added: node signing public-key artifact is absent — continuing with configured trusted identities
.05:50:23.840 [error] local node self-trust was not added: node signing public-key artifact is absent — continuing with configured trusted identities
05:50:23.842 [error] local node self-trust was not added: node signing public-key artifact is absent — continuing with configured trusted identities
05:50:23.845 [error] local node self-trust was not added: node signing public-key artifact is absent — continuing with configured trusted identities
05:50:23.849 [error] local node self-trust was not added: node signing public-key artifact is absent — continuing with configured trusted identities
.05:50:23.857 [error] local node self-trust was not added: node signing public-key artifact is absent — continuing with configured trusted identities
05:50:23.859 [error] local node self-trust was not added: node signing public-key artifact is absent — continuing with configured trusted identities
.05:50:23.865 [error] local node self-trust was not added: node signing public-key artifact is absent — continuing with configured trusted identities
05:50:23.867 [error] local node self-trust was not added: node signing public-key artifact is absent — continuing with configured trusted identities
.05:50:23.874 [error] local node self-trust was not added: node signing public-key artifact is absent — continuing with configured trusted identities
05:50:23.876 [error] local node self-trust was not added: node signing public-key artifact is absent — continuing with configured trusted identities
.05:50:23.882 [error] local node self-trust was not added: node signing public-key artifact is absent — continuing with configured trusted identities
05:50:23.889 [error] local node self-trust was not added: node signing public-key artifact is absent — continuing with configured trusted identities
05:50:23.891 [error] local node self-trust was not added: node signing public-key artifact is absent — continuing with configured trusted identities
05:50:23.894 [error] local node self-trust was not added: node signing public-key artifact is absent — continuing with configured trusted identities
05:50:23.896 [error] local node self-trust was not added: node signing public-key artifact is absent — continuing with configured trusted identities
05:50:23.899 [error] local node self-trust was not added: node signing public-key artifact is absent — continuing with configured trusted identities
05:50:23.902 [error] local node self-trust was not added: node signing public-key artifact is absent — continuing with configured trusted identities
.05:50:23.914 [error] local node self-trust was not added: node signing public-key artifact is absent — continuing with configured trusted identities
05:50:23.920 [error] local node self-trust was not added: node signing public-key artifact is absent — continuing with configured trusted identities
05:50:23.923 [error] local node self-trust was not added: node signing public-key artifact is absent — continuing with configured trusted identities
05:50:23.926 [error] local node self-trust was not added: node signing public-key artifact is absent — continuing with configured trusted identities
05:50:23.930 [error] local node self-trust was not added: node signing public-key artifact is absent — continuing with configured trusted identities
.05:50:23.937 [error] local node self-trust was not added: node signing public-key artifact is absent — continuing with configured trusted identities
05:50:23.940 [error] local node self-trust was not added: node signing public-key artifact is absent — continuing with configured trusted identities
05:50:23.943 [error] local node self-trust was not added: node signing public-key artifact is absent — continuing with configured trusted identities
05:50:23.945 [error] local node self-trust was not added: node signing public-key artifact is absent — continuing with configured trusted identities
05:50:23.947 [error] local node self-trust was not added: node signing public-key artifact is absent — continuing with configured trusted identities
05:50:23.949 [error] local node self-trust was not added: node signing public-key artifact is absent — continuing with configured trusted identities
05:50:23.951 [error] local node self-trust was not added: node signing public-key artifact is absent — continuing with configured trusted identities
.05:50:23.961 [error] local node self-trust was not added: node signing public-key artifact is absent — continuing with configured trusted identities
.05:50:23.967 [error] local node self-trust was not added: node signing public-key artifact is absent — continuing with configured trusted identities
05:50:23.969 [error] local node self-trust was not added: node signing public-key artifact is absent — continuing with configured trusted identities
05:50:23.971 [error] local node self-trust was not added: node signing public-key artifact is absent — continuing with configured trusted identities
05:50:23.974 [error] local node self-trust was not added: node signing public-key artifact is absent — continuing with configured trusted identities
05:50:23.976 [error] local node self-trust was not added: node signing public-key artifact is absent — continuing with configured trusted identities
05:50:23.978 [error] local node self-trust was not added: node signing public-key artifact is absent — continuing with configured trusted identities
05:50:23.981 [error] local node self-trust was not added: node signing public-key artifact is absent — continuing with configured trusted identities
05:50:23.983 [error] local node self-trust was not added: node signing public-key artifact is absent — continuing with configured trusted identities
05:50:23.985 [error] local node self-trust was not added: node signing public-key artifact is absent — continuing with configured trusted identities
05:50:23.987 [error] local node self-trust was not added: node signing public-key artifact is absent — continuing with configured trusted identities
05:50:23.990 [error] local node self-trust was not added: node signing public-key artifact is absent — continuing with configured trusted identities
05:50:23.999 [error] local node self-trust was not added: node signing public-key artifact is absent — continuing with configured trusted identities
05:50:24.002 [error] local node self-trust was not added: node signing public-key artifact is absent — continuing with configured trusted identities
05:50:24.004 [error] local node self-trust was not added: node signing public-key artifact is absent — continuing with configured trusted identities
05:50:24.006 [error] local node self-trust was not added: node signing public-key artifact is absent — continuing with configured trusted identities
05:50:24.010 [error] local node self-trust was not added: node signing public-key artifact is absent — continuing with configured trusted identities
05:50:24.016 [error] local node self-trust was not added: node signing public-key artifact is absent — continuing with configured trusted identities
05:50:24.020 [error] local node self-trust was not added: node signing public-key artifact is absent — continuing with configured trusted identities
05:50:24.023 [error] local node self-trust was not added: node signing public-key artifact is absent — continuing with configured trusted identities
05:50:24.025 [error] local node self-trust was not added: node signing public-key artifact is absent — continuing with configured trusted identities
05:50:24.029 [error] local node self-trust was not added: node signing public-key artifact is absent — continuing with configured trusted identities
.05:50:24.044 [error] local node self-trust was not added: node signing public-key artifact is absent — continuing with configured trusted identities
05:50:24.046 [error] local node self-trust was not added: node signing public-key artifact is absent — continuing with configured trusted identities
05:50:24.048 [error] local node self-trust was not added: node signing public-key artifact is absent — continuing with configured trusted identities
05:50:24.050 [error] local node self-trust was not added: node signing public-key artifact is absent — continuing with configured trusted identities
05:50:24.052 [error] local node self-trust was not added: node signing public-key artifact is absent — continuing with configured trusted identities
05:50:24.056 [error] local node self-trust was not added: node signing public-key artifact is absent — continuing with configured trusted identities
05:50:24.059 [error] local node self-trust was not added: node signing public-key artifact is absent — continuing with configured trusted identities
05:50:24.061 [error] local node self-trust was not added: node signing public-key artifact is absent — continuing with configured trusted identities
05:50:24.064 [error] local node self-trust was not added: node signing public-key artifact is absent — continuing with configured trusted identities
05:50:24.067 [error] local node self-trust was not added: node signing public-key artifact is absent — continuing with configured trusted identities
05:50:24.071 [error] local node self-trust was not added: node signing public-key artifact is absent — continuing with configured trusted identities
05:50:24.075 [error] local node self-trust was not added: node signing public-key artifact is absent — continuing with configured trusted identities
05:50:24.078 [error] local node self-trust was not added: node signing public-key artifact is absent — continuing with configured trusted identities
05:50:24.081 [error] local node self-trust was not added: node signing public-key artifact is absent — continuing with configured trusted identities
05:50:24.083 [error] local node self-trust was not added: node signing public-key artifact is absent — continuing with configured trusted identities
05:50:24.087 [error] local node self-trust was not added: node signing public-key artifact is absent — continuing with configured trusted identities
05:50:24.092 [error] local node self-trust was not added: node signing public-key artifact is absent — continuing with configured trusted identities
05:50:24.096 [error] local node self-trust was not added: node signing public-key artifact is absent — continuing with configured trusted identities
05:50:24.099 [error] local node self-trust was not added: node signing public-key artifact is absent — continuing with configured trusted identities
05:50:24.102 [error] local node self-trust was not added: node signing public-key artifact is absent — continuing with configured trusted identities
05:50:24.106 [error] local node self-trust was not added: node signing public-key artifact is absent — continuing with configured trusted identities
05:50:24.110 [error] local node self-trust was not added: node signing public-key artifact is absent — continuing with configured trusted identities
.05:50:24.124 [error] local node self-trust was not added: node signing public-key artifact is absent — continuing with configured trusted identities
.05:50:24.142 [error] local node self-trust was not added: node signing public-key artifact is absent — continuing with configured trusted identities
.05:50:24.153 [error] local node self-trust was not added: node signing public-key artifact is absent — continuing with configured trusted identities
.05:50:24.164 [error] local node self-trust was not added: node signing public-key artifact is absent — continuing with configured trusted identities
05:50:24.166 [error] local node self-trust was not added: node signing public-key artifact is absent — continuing with configured trusted identities
05:50:24.168 [error] local node self-trust was not added: node signing public-key artifact is absent — continuing with configured trusted identities
05:50:24.170 [error] local node self-trust was not added: node signing public-key artifact is absent — continuing with configured trusted identities
05:50:24.173 [error] local node self-trust was not added: node signing public-key artifact is absent — continuing with configured trusted identities
05:50:24.176 [error] local node self-trust was not added: node signing public-key artifact is absent — continuing with configured trusted identities
05:50:24.179 [error] local node self-trust was not added: node signing public-key artifact is absent — continuing with configured trusted identities
05:50:24.181 [error] local node self-trust was not added: node signing public-key artifact is absent — continuing with configured trusted identities
05:50:24.184 [error] local node self-trust was not added: node signing public-key artifact is absent — continuing with configured trusted identities
05:50:24.187 [error] local node self-trust was not added: node signing public-key artifact is absent — continuing with configured trusted identities
05:50:24.190 [error] local node self-trust was not added: node signing public-key artifact is absent — continuing with configured trusted identities
.05:50:24.200 [error] local node self-trust was not added: node signing public-key artifact is absent — continuing with configured trusted identities
05:50:24.203 [error] local node self-trust was not added: node signing public-key artifact is absent — continuing with configured trusted identities
05:50:24.205 [error] local node self-trust was not added: node signing public-key artifact is absent — continuing with configured trusted identities
05:50:24.208 [error] local node self-trust was not added: node signing public-key artifact is absent — continuing with configured trusted identities
05:50:24.212 [error] local node self-trust was not added: node signing public-key artifact is absent — continuing with configured trusted identities
05:50:24.214 [error] local node self-trust was not added: node signing public-key artifact is absent — continuing with configured trusted identities
05:50:24.217 [error] local node self-trust was not added: node signing public-key artifact is absent — continuing with configured trusted identities
05:50:24.220 [error] local node self-trust was not added: node signing public-key artifact is absent — continuing with configured trusted identities
05:50:24.223 [error] local node self-trust was not added: node signing public-key artifact is absent — continuing with configured trusted identities
05:50:24.226 [error] local node self-trust was not added: node signing public-key artifact is absent — continuing with configured trusted identities
05:50:24.231 [error] local node self-trust was not added: node signing public-key artifact is absent — continuing with configured trusted identities
05:50:24.235 [error] local node self-trust was not added: node signing public-key artifact is absent — continuing with configured trusted identities
05:50:24.238 [error] local node self-trust was not added: node signing public-key artifact is absent — continuing with configured trusted identities
05:50:24.241 [error] local node self-trust was not added: node signing public-key artifact is absent — continuing with configured trusted identities
05:50:24.243 [error] local node self-trust was not added: node signing public-key artifact is absent — continuing with configured trusted identities
05:50:24.246 [error] local node self-trust was not added: node signing public-key artifact is absent — continuing with configured trusted identities
05:50:24.266 [error] local node self-trust was not added: node signing public-key artifact is absent — continuing with configured trusted identities
.05:50:24.274 [error] local node self-trust was not added: node signing public-key artifact is absent — continuing with configured trusted identities
.05:50:24.280 [error] local node self-trust was not added: node signing public-key artifact is absent — continuing with configured trusted identities
05:50:24.282 [error] local node self-trust was not added: node signing public-key artifact is absent — continuing with configured trusted identities
05:50:24.285 [error] local node self-trust was not added: node signing public-key artifact is absent — continuing with configured trusted identities
05:50:24.287 [error] local node self-trust was not added: node signing public-key artifact is absent — continuing with configured trusted identities
05:50:24.289 [error] local node self-trust was not added: node signing public-key artifact is absent — continuing with configured trusted identities
05:50:24.292 [error] local node self-trust was not added: node signing public-key artifact is absent — continuing with configured trusted identities
05:50:24.296 [error] local node self-trust was not added: node signing public-key artifact is absent — continuing with configured trusted identities
05:50:24.299 [error] local node self-trust was not added: node signing public-key artifact is absent — continuing with configured trusted identities
05:50:24.301 [error] local node self-trust was not added: node signing public-key artifact is absent — continuing with configured trusted identities
05:50:24.305 [error] local node self-trust was not added: node signing public-key artifact is absent — continuing with configured trusted identities
05:50:24.308 [error] local node self-trust was not added: node signing public-key artifact is absent — continuing with configured trusted identities
05:50:24.313 [error] local node self-trust was not added: node signing public-key artifact is absent — continuing with configured trusted identities
05:50:24.316 [error] local node self-trust was not added: node signing public-key artifact is absent — continuing with configured trusted identities
05:50:24.320 [error] local node self-trust was not added: node signing public-key artifact is absent — continuing with configured trusted identities
05:50:24.324 [error] local node self-trust was not added: node signing public-key artifact is absent — continuing with configured trusted identities
05:50:24.328 [error] local node self-trust was not added: node signing public-key artifact is absent — continuing with configured trusted identities
.05:50:24.339 [error] local node self-trust was not added: node signing public-key artifact is absent — continuing with configured trusted identities
.05:50:24.346 [error] local node self-trust was not added: node signing public-key artifact is absent — continuing with configured trusted identities
.05:50:24.355 [error] local node self-trust was not added: node signing public-key artifact is absent — continuing with configured trusted identities
..05:50:24.366 [error] local node self-trust was not added: node signing public-key artifact is absent — continuing with configured trusted identities
.05:50:24.373 [error] local node self-trust was not added: node signing public-key artifact is absent — continuing with configured trusted identities
.05:50:24.380 [error] local node self-trust was not added: node signing public-key artifact is absent — continuing with configured trusted identities
.....05:50:24.406 [error] local node self-trust was not added: node signing public-key artifact is absent — continuing with configured trusted identities
05:50:24.406 [error] local node self-trust was not added: node signing public-key artifact is absent — continuing with configured trusted identities
05:50:24.409 [error] local node self-trust was not added: node signing public-key artifact is absent — continuing with configured trusted identities
05:50:24.411 [error] local node self-trust was not added: node signing public-key artifact is absent — continuing with configured trusted identities
05:50:24.413 [warning] flock failed on /tmp/cp_rt_out_809578/special.txt: :enoent, proceeding without lock
05:50:24.542 [error] local node self-trust was not added: node signing public-key artifact is absent — continuing with configured trusted identities
.05:50:24.557 [error] local node self-trust was not added: node signing public-key artifact is absent — continuing with configured trusted identities
05:50:24.558 [error] local node self-trust was not added: node signing public-key artifact is absent — continuing with configured trusted identities
05:50:24.561 [error] local node self-trust was not added: node signing public-key artifact is absent — continuing with configured trusted identities
05:50:24.563 [error] local node self-trust was not added: node signing public-key artifact is absent — continuing with configured trusted identities
05:50:24.565 [error] local node self-trust was not added: node signing public-key artifact is absent — continuing with configured trusted identities
05:50:24.567 [error] local node self-trust was not added: node signing public-key artifact is absent — continuing with configured trusted identities
05:50:24.569 [error] local node self-trust was not added: node signing public-key artifact is absent — continuing with configured trusted identities
05:50:24.571 [error] local node self-trust was not added: node signing public-key artifact is absent — continuing with configured trusted identities
05:50:24.574 [error] local node self-trust was not added: node signing public-key artifact is absent — continuing with configured trusted identities
05:50:24.577 [error] local node self-trust was not added: node signing public-key artifact is absent — continuing with configured trusted identities
05:50:24.581 [warning] flock failed on /tmp/cp_rt_out_547589/docs/examples/hello.txt: :enoent, proceeding without lock
05:50:24.583 [warning] flock failed on /tmp/cp_rt_out_547589/docs/guide.txt: :enoent, proceeding without lock
05:50:24.584 [warning] flock failed on /tmp/cp_rt_out_547589/empty.txt: :enoent, proceeding without lock
05:50:24.586 [warning] flock failed on /tmp/cp_rt_out_547589/readme.txt: :enoent, proceeding without lock
05:50:24.719 [error] local node self-trust was not added: node signing public-key artifact is absent — continuing with configured trusted identities
.commonplace: :cx_a3fe_absent@commonplace (from /tmp/cx_x8jk_reach_failures_556502534/node_name) serves a DIFFERENT workspace — its data dir is "/other/data", not "/tmp/cx_x8jk_reach_failures_556502534". Ignoring it; that node_name file probably points at an orphan serve.
.................05:50:25.324 [error] local node self-trust was not added: node signing public-key artifact is absent — continuing with configured trusted identities
05:50:25.325 [error] local node self-trust was not added: node signing public-key artifact is absent — continuing with configured trusted identities
05:50:25.330 [error] local node self-trust was not added: node signing public-key artifact is absent — continuing with configured trusted identities
05:50:25.332 [error] local node self-trust was not added: node signing public-key artifact is absent — continuing with configured trusted identities
05:50:25.337 [error] local node self-trust was not added: node signing public-key artifact is absent — continuing with configured trusted identities
05:50:25.341 [error] local node self-trust was not added: node signing public-key artifact is absent — continuing with configured trusted identities
05:50:25.346 [error] local node self-trust was not added: node signing public-key artifact is absent — continuing with configured trusted identities
05:50:25.349 [error] local node self-trust was not added: node signing public-key artifact is absent — continuing with configured trusted identities
05:50:25.490 [error] local node self-trust was not added: node signing public-key artifact is absent — continuing with configured trusted identities
.05:50:25.500 [error] local node self-trust was not added: node signing public-key artifact is absent — continuing with configured trusted identities
05:50:25.501 [error] local node self-trust was not added: node signing public-key artifact is absent — continuing with configured trusted identities
05:50:25.503 [error] local node self-trust was not added: node signing public-key artifact is absent — continuing with configured trusted identities
05:50:25.505 [error] local node self-trust was not added: node signing public-key artifact is absent — continuing with configured trusted identities
05:50:25.508 [error] local node self-trust was not added: node signing public-key artifact is absent — continuing with configured trusted identities
05:50:25.510 [error] local node self-trust was not added: node signing public-key artifact is absent — continuing with configured trusted identities
05:50:25.513 [error] local node self-trust was not added: node signing public-key artifact is absent — continuing with configured trusted identities
05:50:25.515 [error] local node self-trust was not added: node signing public-key artifact is absent — continuing with configured trusted identities
05:50:25.521 [warning] flock failed on /tmp/cp_checkout_sync_345458/repos/myrepo/feature/feature.txt: :enoent, proceeding without lock
05:50:25.524 [warning] flock failed on /tmp/cp_checkout_sync_345458/repos/myrepo/main/readme.txt: :enoent, proceeding without lock
05:50:25.527 [warning] flock failed on /tmp/cp_checkout_sync_345458/readme.txt: :enoent, proceeding without lock
05:50:25.604 [error] local node self-trust was not added: node signing public-key artifact is absent — continuing with configured trusted identities
.05:50:25.614 [error] local node self-trust was not added: node signing public-key artifact is absent — continuing with configured trusted identities
05:50:25.615 [error] local node self-trust was not added: node signing public-key artifact is absent — continuing with configured trusted identities
05:50:25.617 [error] local node self-trust was not added: node signing public-key artifact is absent — continuing with configured trusted identities
05:50:25.619 [error] local node self-trust was not added: node signing public-key artifact is absent — continuing with configured trusted identities
05:50:25.621 [error] local node self-trust was not added: node signing public-key artifact is absent — continuing with configured trusted identities
05:50:25.623 [error] local node self-trust was not added: node signing public-key artifact is absent — continuing with configured trusted identities
05:50:25.629 [error] local node self-trust was not added: node signing public-key artifact is absent — continuing with configured trusted identities
05:50:25.632 [error] local node self-trust was not added: node signing public-key artifact is absent — continuing with configured trusted identities
Current root: uuid-root
05:50:25.768 [error] local node self-trust was not added: node signing public-key artifact is absent — continuing with configured trusted identities
.05:50:25.780 [error] local node self-trust was not added: node signing public-key artifact is absent — continuing with configured trusted identities
05:50:25.781 [error] local node self-trust was not added: node signing public-key artifact is absent — continuing with configured trusted identities
05:50:25.784 [error] local node self-trust was not added: node signing public-key artifact is absent — continuing with configured trusted identities
05:50:25.786 [error] local node self-trust was not added: node signing public-key artifact is absent — continuing with configured trusted identities
05:50:25.788 [error] local node self-trust was not added: node signing public-key artifact is absent — continuing with configured trusted identities
05:50:25.790 [error] local node self-trust was not added: node signing public-key artifact is absent — continuing with configured trusted identities
05:50:25.792 [error] local node self-trust was not added: node signing public-key artifact is absent — continuing with configured trusted identities
05:50:25.795 [error] local node self-trust was not added: node signing public-key artifact is absent — continuing with configured trusted identities
Re-rooted: uuid-root → uuid-main
Exporting from new root...
Done.
05:50:25.933 [error] local node self-trust was not added: node signing public-key artifact is absent — continuing with configured trusted identities
.05:50:25.946 [error] local node self-trust was not added: node signing public-key artifact is absent — continuing with configured trusted identities
05:50:25.947 [error] local node self-trust was not added: node signing public-key artifact is absent — continuing with configured trusted identities
05:50:25.950 [error] local node self-trust was not added: node signing public-key artifact is absent — continuing with configured trusted identities
05:50:25.952 [error] local node self-trust was not added: node signing public-key artifact is absent — continuing with configured trusted identities
05:50:25.955 [error] local node self-trust was not added: node signing public-key artifact is absent — continuing with configured trusted identities
05:50:25.957 [error] local node self-trust was not added: node signing public-key artifact is absent — continuing with configured trusted identities
05:50:25.960 [error] local node self-trust was not added: node signing public-key artifact is absent — continuing with configured trusted identities
05:50:25.962 [error] local node self-trust was not added: node signing public-key artifact is absent — continuing with configured trusted identities
05:50:25.966 [warning] flock failed on /tmp/cp_checkout_sync_366855/feature.txt: :enoent, proceeding without lock
05:50:26.107 [error] local node self-trust was not added: node signing public-key artifact is absent — continuing with configured trusted identities
..05:50:26.120 [error] local node self-trust was not added: node signing public-key artifact is absent — continuing with configured trusted identities
.05:50:26.131 [error] local node self-trust was not added: node signing public-key artifact is absent — continuing with configured trusted identities
.05:50:26.143 [error] local node self-trust was not added: node signing public-key artifact is absent — continuing with configured trusted identities
.05:50:26.153 [error] local node self-trust was not added: node signing public-key artifact is absent — continuing with configured trusted identities
05:50:26.156 [error] local node self-trust was not added: node signing public-key artifact is absent — continuing with configured trusted identities
05:50:26.160 [error] local node self-trust was not added: node signing public-key artifact is absent — continuing with configured trusted identities
05:50:26.165 [error] local node self-trust was not added: node signing public-key artifact is absent — continuing with configured trusted identities
.05:50:26.174 [error] local node self-trust was not added: node signing public-key artifact is absent — continuing with configured trusted identities
.05:50:26.185 [error] local node self-trust was not added: node signing public-key artifact is absent — continuing with configured trusted identities
05:50:26.187 [error] local node self-trust was not added: node signing public-key artifact is absent — continuing with configured trusted identities
05:50:26.190 [error] local node self-trust was not added: node signing public-key artifact is absent — continuing with configured trusted identities
05:50:26.193 [error] local node self-trust was not added: node signing public-key artifact is absent — continuing with configured trusted identities
05:50:26.197 [error] local node self-trust was not added: node signing public-key artifact is absent — continuing with configured trusted identities
.05:50:26.207 [error] local node self-trust was not added: node signing public-key artifact is absent — continuing with configured trusted identities
05:50:26.209 [error] local node self-trust was not added: node signing public-key artifact is absent — continuing with configured trusted identities
05:50:26.212 [error] local node self-trust was not added: node signing public-key artifact is absent — continuing with configured trusted identities
05:50:26.215 [error] local node self-trust was not added: node signing public-key artifact is absent — continuing with configured trusted identities
.05:50:26.224 [error] local node self-trust was not added: node signing public-key artifact is absent — continuing with configured trusted identities
05:50:26.226 [error] local node self-trust was not added: node signing public-key artifact is absent — continuing with configured trusted identities
05:50:26.229 [error] local node self-trust was not added: node signing public-key artifact is absent — continuing with configured trusted identities
.
Finished in 7.1 seconds (2.3s async, 4.8s sync)
121 tests, 0 failures
real 9.05
user 8.27
sys 2.07
