==> commonplace
make: Nothing to be done for 'all'.
==> commonplace_cli
Running ExUnit with seed: 220839, max_cases: 8

.....................................05:50:12.472 [error] local node self-trust was not added: node signing public-key artifact is absent — continuing with configured trusted identities
05:50:12.494 [error] local node self-trust was not added: node signing public-key artifact is absent — continuing with configured trusted identities
05:50:12.497 [error] local node self-trust was not added: node signing public-key artifact is absent — continuing with configured trusted identities
05:50:12.499 [error] local node self-trust was not added: node signing public-key artifact is absent — continuing with configured trusted identities
05:50:12.503 [error] local node self-trust was not added: node signing public-key artifact is absent — continuing with configured trusted identities
05:50:12.506 [error] local node self-trust was not added: node signing public-key artifact is absent — continuing with configured trusted identities
05:50:12.508 [error] local node self-trust was not added: node signing public-key artifact is absent — continuing with configured trusted identities
.05:50:12.525 [error] local node self-trust was not added: node signing public-key artifact is absent — continuing with configured trusted identities
05:50:12.530 [error] local node self-trust was not added: node signing public-key artifact is absent — continuing with configured trusted identities
05:50:12.532 [error] local node self-trust was not added: node signing public-key artifact is absent — continuing with configured trusted identities
05:50:12.538 [error] local node self-trust was not added: node signing public-key artifact is absent — continuing with configured trusted identities
05:50:12.540 [error] local node self-trust was not added: node signing public-key artifact is absent — continuing with configured trusted identities
.05:50:12.548 [error] local node self-trust was not added: node signing public-key artifact is absent — continuing with configured trusted identities
.05:50:12.557 [error] local node self-trust was not added: node signing public-key artifact is absent — continuing with configured trusted identities
05:50:12.559 [error] local node self-trust was not added: node signing public-key artifact is absent — continuing with configured trusted identities
05:50:12.562 [error] local node self-trust was not added: node signing public-key artifact is absent — continuing with configured trusted identities
05:50:12.565 [error] local node self-trust was not added: node signing public-key artifact is absent — continuing with configured trusted identities
05:50:12.567 [error] local node self-trust was not added: node signing public-key artifact is absent — continuing with configured trusted identities
05:50:12.570 [error] local node self-trust was not added: node signing public-key artifact is absent — continuing with configured trusted identities
05:50:12.575 [error] local node self-trust was not added: node signing public-key artifact is absent — continuing with configured trusted identities
.05:50:12.581 [error] local node self-trust was not added: node signing public-key artifact is absent — continuing with configured trusted identities
.05:50:12.605 [error] local node self-trust was not added: node signing public-key artifact is absent — continuing with configured trusted identities
05:50:12.616 [error] local node self-trust was not added: node signing public-key artifact is absent — continuing with configured trusted identities
05:50:12.621 [error] local node self-trust was not added: node signing public-key artifact is absent — continuing with configured trusted identities
05:50:12.626 [error] local node self-trust was not added: node signing public-key artifact is absent — continuing with configured trusted identities
05:50:12.629 [error] local node self-trust was not added: node signing public-key artifact is absent — continuing with configured trusted identities
05:50:12.631 [error] local node self-trust was not added: node signing public-key artifact is absent — continuing with configured trusted identities
05:50:12.635 [error] local node self-trust was not added: node signing public-key artifact is absent — continuing with configured trusted identities
05:50:12.637 [error] local node self-trust was not added: node signing public-key artifact is absent — continuing with configured trusted identities
05:50:12.640 [error] local node self-trust was not added: node signing public-key artifact is absent — continuing with configured trusted identities
05:50:12.644 [error] local node self-trust was not added: node signing public-key artifact is absent — continuing with configured trusted identities
05:50:12.648 [error] local node self-trust was not added: node signing public-key artifact is absent — continuing with configured trusted identities
05:50:12.658 [error] local node self-trust was not added: node signing public-key artifact is absent — continuing with configured trusted identities
05:50:12.660 [error] local node self-trust was not added: node signing public-key artifact is absent — continuing with configured trusted identities
05:50:12.662 [error] local node self-trust was not added: node signing public-key artifact is absent — continuing with configured trusted identities
05:50:12.665 [error] local node self-trust was not added: node signing public-key artifact is absent — continuing with configured trusted identities
05:50:12.668 [error] local node self-trust was not added: node signing public-key artifact is absent — continuing with configured trusted identities
05:50:12.672 [error] local node self-trust was not added: node signing public-key artifact is absent — continuing with configured trusted identities
05:50:12.676 [error] local node self-trust was not added: node signing public-key artifact is absent — continuing with configured trusted identities
05:50:12.678 [error] local node self-trust was not added: node signing public-key artifact is absent — continuing with configured trusted identities
05:50:12.680 [error] local node self-trust was not added: node signing public-key artifact is absent — continuing with configured trusted identities
05:50:12.684 [error] local node self-trust was not added: node signing public-key artifact is absent — continuing with configured trusted identities
.05:50:12.702 [error] local node self-trust was not added: node signing public-key artifact is absent — continuing with configured trusted identities
.05:50:12.710 [error] local node self-trust was not added: node signing public-key artifact is absent — continuing with configured trusted identities
.05:50:12.722 [error] local node self-trust was not added: node signing public-key artifact is absent — continuing with configured trusted identities
.05:50:12.729 [error] local node self-trust was not added: node signing public-key artifact is absent — continuing with configured trusted identities
05:50:12.732 [error] local node self-trust was not added: node signing public-key artifact is absent — continuing with configured trusted identities
05:50:12.736 [error] local node self-trust was not added: node signing public-key artifact is absent — continuing with configured trusted identities
05:50:12.738 [error] local node self-trust was not added: node signing public-key artifact is absent — continuing with configured trusted identities
05:50:12.745 [error] local node self-trust was not added: node signing public-key artifact is absent — continuing with configured trusted identities
05:50:12.748 [error] local node self-trust was not added: node signing public-key artifact is absent — continuing with configured trusted identities
05:50:12.751 [error] local node self-trust was not added: node signing public-key artifact is absent — continuing with configured trusted identities
05:50:12.753 [error] local node self-trust was not added: node signing public-key artifact is absent — continuing with configured trusted identities
05:50:12.756 [error] local node self-trust was not added: node signing public-key artifact is absent — continuing with configured trusted identities
05:50:12.758 [error] local node self-trust was not added: node signing public-key artifact is absent — continuing with configured trusted identities
05:50:12.762 [error] local node self-trust was not added: node signing public-key artifact is absent — continuing with configured trusted identities
05:50:12.766 [error] local node self-trust was not added: node signing public-key artifact is absent — continuing with configured trusted identities
05:50:12.768 [error] local node self-trust was not added: node signing public-key artifact is absent — continuing with configured trusted identities
05:50:12.771 [error] local node self-trust was not added: node signing public-key artifact is absent — continuing with configured trusted identities
05:50:12.773 [error] local node self-trust was not added: node signing public-key artifact is absent — continuing with configured trusted identities
05:50:12.778 [error] local node self-trust was not added: node signing public-key artifact is absent — continuing with configured trusted identities
05:50:12.782 [error] local node self-trust was not added: node signing public-key artifact is absent — continuing with configured trusted identities
05:50:12.785 [error] local node self-trust was not added: node signing public-key artifact is absent — continuing with configured trusted identities
05:50:12.787 [error] local node self-trust was not added: node signing public-key artifact is absent — continuing with configured trusted identities
05:50:12.789 [error] local node self-trust was not added: node signing public-key artifact is absent — continuing with configured trusted identities
05:50:12.793 [error] local node self-trust was not added: node signing public-key artifact is absent — continuing with configured trusted identities
05:50:12.797 [error] local node self-trust was not added: node signing public-key artifact is absent — continuing with configured trusted identities
.05:50:12.808 [error] local node self-trust was not added: node signing public-key artifact is absent — continuing with configured trusted identities
.05:50:12.819 [error] local node self-trust was not added: node signing public-key artifact is absent — continuing with configured trusted identities
05:50:12.822 [error] local node self-trust was not added: node signing public-key artifact is absent — continuing with configured trusted identities
05:50:12.824 [error] local node self-trust was not added: node signing public-key artifact is absent — continuing with configured trusted identities
05:50:12.826 [error] local node self-trust was not added: node signing public-key artifact is absent — continuing with configured trusted identities
05:50:12.828 [error] local node self-trust was not added: node signing public-key artifact is absent — continuing with configured trusted identities
05:50:12.831 [error] local node self-trust was not added: node signing public-key artifact is absent — continuing with configured trusted identities
05:50:12.833 [error] local node self-trust was not added: node signing public-key artifact is absent — continuing with configured trusted identities
05:50:12.835 [error] local node self-trust was not added: node signing public-key artifact is absent — continuing with configured trusted identities
05:50:12.839 [error] local node self-trust was not added: node signing public-key artifact is absent — continuing with configured trusted identities
05:50:12.841 [error] local node self-trust was not added: node signing public-key artifact is absent — continuing with configured trusted identities
05:50:12.845 [error] local node self-trust was not added: node signing public-key artifact is absent — continuing with configured trusted identities
.05:50:12.857 [error] local node self-trust was not added: node signing public-key artifact is absent — continuing with configured trusted identities
05:50:12.861 [error] local node self-trust was not added: node signing public-key artifact is absent — continuing with configured trusted identities
05:50:12.864 [error] local node self-trust was not added: node signing public-key artifact is absent — continuing with configured trusted identities
05:50:12.866 [error] local node self-trust was not added: node signing public-key artifact is absent — continuing with configured trusted identities
05:50:12.869 [error] local node self-trust was not added: node signing public-key artifact is absent — continuing with configured trusted identities
05:50:12.871 [error] local node self-trust was not added: node signing public-key artifact is absent — continuing with configured trusted identities
05:50:12.874 [error] local node self-trust was not added: node signing public-key artifact is absent — continuing with configured trusted identities
05:50:12.876 [error] local node self-trust was not added: node signing public-key artifact is absent — continuing with configured trusted identities
05:50:12.879 [error] local node self-trust was not added: node signing public-key artifact is absent — continuing with configured trusted identities
05:50:12.881 [error] local node self-trust was not added: node signing public-key artifact is absent — continuing with configured trusted identities
05:50:12.884 [error] local node self-trust was not added: node signing public-key artifact is absent — continuing with configured trusted identities
05:50:12.889 [error] local node self-trust was not added: node signing public-key artifact is absent — continuing with configured trusted identities
05:50:12.892 [error] local node self-trust was not added: node signing public-key artifact is absent — continuing with configured trusted identities
05:50:12.895 [error] local node self-trust was not added: node signing public-key artifact is absent — continuing with configured trusted identities
05:50:12.898 [error] local node self-trust was not added: node signing public-key artifact is absent — continuing with configured trusted identities
05:50:12.902 [error] local node self-trust was not added: node signing public-key artifact is absent — continuing with configured trusted identities
.05:50:12.912 [error] local node self-trust was not added: node signing public-key artifact is absent — continuing with configured trusted identities
05:50:12.914 [error] local node self-trust was not added: node signing public-key artifact is absent — continuing with configured trusted identities
05:50:12.917 [error] local node self-trust was not added: node signing public-key artifact is absent — continuing with configured trusted identities
05:50:12.919 [error] local node self-trust was not added: node signing public-key artifact is absent — continuing with configured trusted identities
05:50:12.922 [error] local node self-trust was not added: node signing public-key artifact is absent — continuing with configured trusted identities
05:50:12.924 [error] local node self-trust was not added: node signing public-key artifact is absent — continuing with configured trusted identities
05:50:12.927 [error] local node self-trust was not added: node signing public-key artifact is absent — continuing with configured trusted identities
05:50:12.930 [error] local node self-trust was not added: node signing public-key artifact is absent — continuing with configured trusted identities
05:50:12.933 [error] local node self-trust was not added: node signing public-key artifact is absent — continuing with configured trusted identities
05:50:12.938 [error] local node self-trust was not added: node signing public-key artifact is absent — continuing with configured trusted identities
05:50:12.942 [error] local node self-trust was not added: node signing public-key artifact is absent — continuing with configured trusted identities
05:50:12.946 [error] local node self-trust was not added: node signing public-key artifact is absent — continuing with configured trusted identities
05:50:12.949 [error] local node self-trust was not added: node signing public-key artifact is absent — continuing with configured trusted identities
05:50:12.952 [error] local node self-trust was not added: node signing public-key artifact is absent — continuing with configured trusted identities
05:50:12.957 [error] local node self-trust was not added: node signing public-key artifact is absent — continuing with configured trusted identities
05:50:12.963 [error] local node self-trust was not added: node signing public-key artifact is absent — continuing with configured trusted identities
05:50:12.990 [error] local node self-trust was not added: node signing public-key artifact is absent — continuing with configured trusted identities
......commonplace: :cx_a3fe_absent@commonplace (from /tmp/cx_x8jk_reach_failures_207228062/node_name) serves a DIFFERENT workspace — its data dir is "/other/data", not "/tmp/cx_x8jk_reach_failures_207228062". Ignoring it; that node_name file probably points at an orphan serve.
............05:50:13.533 [error] local node self-trust was not added: node signing public-key artifact is absent — continuing with configured trusted identities
05:50:13.534 [error] local node self-trust was not added: node signing public-key artifact is absent — continuing with configured trusted identities
05:50:13.588 [error] local node self-trust was not added: node signing public-key artifact is absent — continuing with configured trusted identities
.05:50:13.598 [error] local node self-trust was not added: node signing public-key artifact is absent — continuing with configured trusted identities
05:50:13.731 [error] local node self-trust was not added: node signing public-key artifact is absent — continuing with configured trusted identities
.05:50:13.742 [error] local node self-trust was not added: node signing public-key artifact is absent — continuing with configured trusted identities
05:50:13.742 [error] local node self-trust was not added: node signing public-key artifact is absent — continuing with configured trusted identities
05:50:13.745 [error] local node self-trust was not added: node signing public-key artifact is absent — continuing with configured trusted identities
05:50:13.748 [error] local node self-trust was not added: node signing public-key artifact is absent — continuing with configured trusted identities
05:50:13.750 [error] local node self-trust was not added: node signing public-key artifact is absent — continuing with configured trusted identities
05:50:13.752 [error] local node self-trust was not added: node signing public-key artifact is absent — continuing with configured trusted identities
05:50:13.869 [error] local node self-trust was not added: node signing public-key artifact is absent — continuing with configured trusted identities
.05:50:13.880 [error] local node self-trust was not added: node signing public-key artifact is absent — continuing with configured trusted identities
05:50:13.881 [error] local node self-trust was not added: node signing public-key artifact is absent — continuing with configured trusted identities
05:50:13.883 [error] local node self-trust was not added: node signing public-key artifact is absent — continuing with configured trusted identities
05:50:13.886 [error] local node self-trust was not added: node signing public-key artifact is absent — continuing with configured trusted identities
05:50:13.888 [error] local node self-trust was not added: node signing public-key artifact is absent — continuing with configured trusted identities
05:50:13.890 [error] local node self-trust was not added: node signing public-key artifact is absent — continuing with configured trusted identities
05:50:13.892 [error] local node self-trust was not added: node signing public-key artifact is absent — continuing with configured trusted identities
05:50:13.894 [error] local node self-trust was not added: node signing public-key artifact is absent — continuing with configured trusted identities
05:50:13.898 [error] local node self-trust was not added: node signing public-key artifact is absent — continuing with configured trusted identities
05:50:14.020 [error] local node self-trust was not added: node signing public-key artifact is absent — continuing with configured trusted identities
.05:50:14.030 [error] local node self-trust was not added: node signing public-key artifact is absent — continuing with configured trusted identities
05:50:14.030 [error] local node self-trust was not added: node signing public-key artifact is absent — continuing with configured trusted identities
05:50:14.033 [error] local node self-trust was not added: node signing public-key artifact is absent — continuing with configured trusted identities
05:50:14.036 [error] local node self-trust was not added: node signing public-key artifact is absent — continuing with configured trusted identities
05:50:14.038 [error] local node self-trust was not added: node signing public-key artifact is absent — continuing with configured trusted identities
05:50:14.175 [error] local node self-trust was not added: node signing public-key artifact is absent — continuing with configured trusted identities
.05:50:14.190 [error] local node self-trust was not added: node signing public-key artifact is absent — continuing with configured trusted identities
05:50:14.191 [error] local node self-trust was not added: node signing public-key artifact is absent — continuing with configured trusted identities
05:50:14.195 [error] local node self-trust was not added: node signing public-key artifact is absent — continuing with configured trusted identities
05:50:14.199 [error] local node self-trust was not added: node signing public-key artifact is absent — continuing with configured trusted identities
05:50:14.373 [error] local node self-trust was not added: node signing public-key artifact is absent — continuing with configured trusted identities
.05:50:14.382 [error] local node self-trust was not added: node signing public-key artifact is absent — continuing with configured trusted identities
05:50:14.382 [error] local node self-trust was not added: node signing public-key artifact is absent — continuing with configured trusted identities
05:50:14.439 [error] local node self-trust was not added: node signing public-key artifact is absent — continuing with configured trusted identities
.05:50:14.444 [error] local node self-trust was not added: node signing public-key artifact is absent — continuing with configured trusted identities
05:50:14.446 [error] local node self-trust was not added: node signing public-key artifact is absent — continuing with configured trusted identities
05:50:14.448 [error] local node self-trust was not added: node signing public-key artifact is absent — continuing with configured trusted identities
05:50:14.461 [error] local node self-trust was not added: node signing public-key artifact is absent — continuing with configured trusted identities
.05:50:14.467 [error] local node self-trust was not added: node signing public-key artifact is absent — continuing with configured trusted identities
.05:50:14.474 [error] local node self-trust was not added: node signing public-key artifact is absent — continuing with configured trusted identities
05:50:14.475 [error] local node self-trust was not added: node signing public-key artifact is absent — continuing with configured trusted identities
05:50:14.477 [error] local node self-trust was not added: node signing public-key artifact is absent — continuing with configured trusted identities
05:50:14.480 [error] local node self-trust was not added: node signing public-key artifact is absent — continuing with configured trusted identities
05:50:14.482 [error] local node self-trust was not added: node signing public-key artifact is absent — continuing with configured trusted identities
.05:50:14.493 [error] local node self-trust was not added: node signing public-key artifact is absent — continuing with configured trusted identities
05:50:14.496 [error] local node self-trust was not added: node signing public-key artifact is absent — continuing with configured trusted identities
05:50:14.500 [error] local node self-trust was not added: node signing public-key artifact is absent — continuing with configured trusted identities
.05:50:14.509 [error] local node self-trust was not added: node signing public-key artifact is absent — continuing with configured trusted identities
05:50:14.512 [error] local node self-trust was not added: node signing public-key artifact is absent — continuing with configured trusted identities
05:50:14.514 [error] local node self-trust was not added: node signing public-key artifact is absent — continuing with configured trusted identities
05:50:14.517 [error] local node self-trust was not added: node signing public-key artifact is absent — continuing with configured trusted identities
.05:50:14.529 [error] local node self-trust was not added: node signing public-key artifact is absent — continuing with configured trusted identities
05:50:14.651 [error] local node self-trust was not added: node signing public-key artifact is absent — continuing with configured trusted identities
.05:50:14.671 [error] local node self-trust was not added: node signing public-key artifact is absent — continuing with configured trusted identities
05:50:14.714 [warning] CommitStore: root attach DENIED by workspace profile doc_uuid=a371f357-31bb-4155-9484-6e88abd31617 reason="workspace class 'minimal' does not accept root entry 'bd' — declared in profile"
05:50:14.838 [error] local node self-trust was not added: node signing public-key artifact is absent — continuing with configured trusted identities
.05:50:14.839 [error] local node self-trust was not added: node signing public-key artifact is absent — continuing with configured trusted identities
05:50:14.843 [error] local node self-trust was not added: node signing public-key artifact is absent — continuing with configured trusted identities
05:50:14.848 [error] local node self-trust was not added: node signing public-key artifact is absent — continuing with configured trusted identities
05:50:14.858 [error] local node self-trust was not added: node signing public-key artifact is absent — continuing with configured trusted identities
.05:50:14.861 [error] local node self-trust was not added: node signing public-key artifact is absent — continuing with configured trusted identities
05:50:14.863 [error] local node self-trust was not added: node signing public-key artifact is absent — continuing with configured trusted identities
05:50:14.866 [error] local node self-trust was not added: node signing public-key artifact is absent — continuing with configured trusted identities
.05:50:14.870 [error] local node self-trust was not added: node signing public-key artifact is absent — continuing with configured trusted identities
05:50:14.872 [error] local node self-trust was not added: node signing public-key artifact is absent — continuing with configured trusted identities
05:50:14.874 [error] local node self-trust was not added: node signing public-key artifact is absent — continuing with configured trusted identities
05:50:14.879 [error] local node self-trust was not added: node signing public-key artifact is absent — continuing with configured trusted identities
.05:50:14.890 [error] local node self-trust was not added: node signing public-key artifact is absent — continuing with configured trusted identities
05:50:14.890 [error] local node self-trust was not added: node signing public-key artifact is absent — continuing with configured trusted identities
05:50:14.892 [error] local node self-trust was not added: node signing public-key artifact is absent — continuing with configured trusted identities
05:50:14.894 [error] local node self-trust was not added: node signing public-key artifact is absent — continuing with configured trusted identities
05:50:14.895 [error] local node self-trust was not added: node signing public-key artifact is absent — continuing with configured trusted identities
05:50:14.897 [error] local node self-trust was not added: node signing public-key artifact is absent — continuing with configured trusted identities
05:50:14.898 [error] local node self-trust was not added: node signing public-key artifact is absent — continuing with configured trusted identities
05:50:14.900 [error] local node self-trust was not added: node signing public-key artifact is absent — continuing with configured trusted identities
05:50:14.951 [error] local node self-trust was not added: node signing public-key artifact is absent — continuing with configured trusted identities
.05:50:14.958 [error] local node self-trust was not added: node signing public-key artifact is absent — continuing with configured trusted identities
05:50:14.959 [error] local node self-trust was not added: node signing public-key artifact is absent — continuing with configured trusted identities
05:50:14.961 [error] local node self-trust was not added: node signing public-key artifact is absent — continuing with configured trusted identities
05:50:14.963 [error] local node self-trust was not added: node signing public-key artifact is absent — continuing with configured trusted identities
05:50:14.964 [error] local node self-trust was not added: node signing public-key artifact is absent — continuing with configured trusted identities
05:50:14.966 [error] local node self-trust was not added: node signing public-key artifact is absent — continuing with configured trusted identities
05:50:14.968 [error] local node self-trust was not added: node signing public-key artifact is absent — continuing with configured trusted identities
05:50:14.970 [error] local node self-trust was not added: node signing public-key artifact is absent — continuing with configured trusted identities
05:50:14.975 [warning] flock failed on /tmp/cp_checkout_sync_790193/repos/myrepo/feature/feature.txt: :enoent, proceeding without lock
05:50:14.977 [warning] flock failed on /tmp/cp_checkout_sync_790193/repos/myrepo/main/readme.txt: :enoent, proceeding without lock
05:50:14.979 [warning] flock failed on /tmp/cp_checkout_sync_790193/readme.txt: :enoent, proceeding without lock
05:50:15.031 [error] local node self-trust was not added: node signing public-key artifact is absent — continuing with configured trusted identities
.05:50:15.039 [error] local node self-trust was not added: node signing public-key artifact is absent — continuing with configured trusted identities
05:50:15.040 [error] local node self-trust was not added: node signing public-key artifact is absent — continuing with configured trusted identities
05:50:15.041 [error] local node self-trust was not added: node signing public-key artifact is absent — continuing with configured trusted identities
05:50:15.043 [error] local node self-trust was not added: node signing public-key artifact is absent — continuing with configured trusted identities
05:50:15.044 [error] local node self-trust was not added: node signing public-key artifact is absent — continuing with configured trusted identities
05:50:15.045 [error] local node self-trust was not added: node signing public-key artifact is absent — continuing with configured trusted identities
05:50:15.047 [error] local node self-trust was not added: node signing public-key artifact is absent — continuing with configured trusted identities
05:50:15.048 [error] local node self-trust was not added: node signing public-key artifact is absent — continuing with configured trusted identities
Current root: uuid-root
05:50:15.104 [error] local node self-trust was not added: node signing public-key artifact is absent — continuing with configured trusted identities
.05:50:15.113 [error] local node self-trust was not added: node signing public-key artifact is absent — continuing with configured trusted identities
05:50:15.114 [error] local node self-trust was not added: node signing public-key artifact is absent — continuing with configured trusted identities
05:50:15.116 [error] local node self-trust was not added: node signing public-key artifact is absent — continuing with configured trusted identities
05:50:15.119 [error] local node self-trust was not added: node signing public-key artifact is absent — continuing with configured trusted identities
05:50:15.121 [error] local node self-trust was not added: node signing public-key artifact is absent — continuing with configured trusted identities
05:50:15.123 [error] local node self-trust was not added: node signing public-key artifact is absent — continuing with configured trusted identities
05:50:15.124 [error] local node self-trust was not added: node signing public-key artifact is absent — continuing with configured trusted identities
05:50:15.126 [error] local node self-trust was not added: node signing public-key artifact is absent — continuing with configured trusted identities
05:50:15.129 [warning] flock failed on /tmp/cp_checkout_sync_364173/feature.txt: :enoent, proceeding without lock
05:50:15.188 [error] local node self-trust was not added: node signing public-key artifact is absent — continuing with configured trusted identities
.05:50:15.199 [error] local node self-trust was not added: node signing public-key artifact is absent — continuing with configured trusted identities
05:50:15.200 [error] local node self-trust was not added: node signing public-key artifact is absent — continuing with configured trusted identities
05:50:15.202 [error] local node self-trust was not added: node signing public-key artifact is absent — continuing with configured trusted identities
05:50:15.203 [error] local node self-trust was not added: node signing public-key artifact is absent — continuing with configured trusted identities
05:50:15.205 [error] local node self-trust was not added: node signing public-key artifact is absent — continuing with configured trusted identities
05:50:15.206 [error] local node self-trust was not added: node signing public-key artifact is absent — continuing with configured trusted identities
05:50:15.208 [error] local node self-trust was not added: node signing public-key artifact is absent — continuing with configured trusted identities
05:50:15.209 [error] local node self-trust was not added: node signing public-key artifact is absent — continuing with configured trusted identities
Re-rooted: uuid-root → uuid-main
Exporting from new root...
Done.
05:50:15.293 [error] local node self-trust was not added: node signing public-key artifact is absent — continuing with configured trusted identities
......05:50:15.946 [error] local node self-trust was not added: node signing public-key artifact is absent — continuing with configured trusted identities
.05:50:16.061 [error] local node self-trust was not added: node signing public-key artifact is absent — continuing with configured trusted identities
05:50:16.172 [error] local node self-trust was not added: node signing public-key artifact is absent — continuing with configured trusted identities
.05:50:16.281 [error] local node self-trust was not added: node signing public-key artifact is absent — continuing with configured trusted identities
.05:50:16.400 [error] local node self-trust was not added: node signing public-key artifact is absent — continuing with configured trusted identities
.05:50:16.459 [error] local node self-trust was not added: node signing public-key artifact is absent — continuing with configured trusted identities
05:50:16.461 [error] local node self-trust was not added: node signing public-key artifact is absent — continuing with configured trusted identities
.05:50:16.472 [error] local node self-trust was not added: node signing public-key artifact is absent — continuing with configured trusted identities
05:50:16.473 [error] local node self-trust was not added: node signing public-key artifact is absent — continuing with configured trusted identities
.05:50:16.479 [error] local node self-trust was not added: node signing public-key artifact is absent — continuing with configured trusted identities
05:50:16.482 [error] local node self-trust was not added: node signing public-key artifact is absent — continuing with configured trusted identities
.05:50:16.497 [error] local node self-trust was not added: node signing public-key artifact is absent — continuing with configured trusted identities
05:50:16.497 [error] local node self-trust was not added: node signing public-key artifact is absent — continuing with configured trusted identities
05:50:16.501 [error] local node self-trust was not added: node signing public-key artifact is absent — continuing with configured trusted identities
05:50:16.503 [error] local node self-trust was not added: node signing public-key artifact is absent — continuing with configured trusted identities
05:50:16.505 [warning] flock failed on /tmp/cp_rt_out_913160/special.txt: :enoent, proceeding without lock
05:50:16.563 [error] local node self-trust was not added: node signing public-key artifact is absent — continuing with configured trusted identities
.05:50:16.578 [error] local node self-trust was not added: node signing public-key artifact is absent — continuing with configured trusted identities
05:50:16.578 [error] local node self-trust was not added: node signing public-key artifact is absent — continuing with configured trusted identities
05:50:16.581 [error] local node self-trust was not added: node signing public-key artifact is absent — continuing with configured trusted identities
05:50:16.583 [error] local node self-trust was not added: node signing public-key artifact is absent — continuing with configured trusted identities
05:50:16.585 [error] local node self-trust was not added: node signing public-key artifact is absent — continuing with configured trusted identities
05:50:16.586 [error] local node self-trust was not added: node signing public-key artifact is absent — continuing with configured trusted identities
05:50:16.589 [error] local node self-trust was not added: node signing public-key artifact is absent — continuing with configured trusted identities
05:50:16.592 [error] local node self-trust was not added: node signing public-key artifact is absent — continuing with configured trusted identities
05:50:16.596 [error] local node self-trust was not added: node signing public-key artifact is absent — continuing with configured trusted identities
05:50:16.599 [error] local node self-trust was not added: node signing public-key artifact is absent — continuing with configured trusted identities
05:50:16.603 [warning] flock failed on /tmp/cp_rt_out_536992/docs/examples/hello.txt: :enoent, proceeding without lock
05:50:16.605 [warning] flock failed on /tmp/cp_rt_out_536992/docs/guide.txt: :enoent, proceeding without lock
05:50:16.607 [warning] flock failed on /tmp/cp_rt_out_536992/empty.txt: :enoent, proceeding without lock
05:50:16.609 [warning] flock failed on /tmp/cp_rt_out_536992/readme.txt: :enoent, proceeding without lock
05:50:16.757 [error] local node self-trust was not added: node signing public-key artifact is absent — continuing with configured trusted identities
..05:50:16.761 [error] local node self-trust was not added: node signing public-key artifact is absent — continuing with configured trusted identities
.05:50:16.773 [error] local node self-trust was not added: node signing public-key artifact is absent — continuing with configured trusted identities
.05:50:16.780 [error] local node self-trust was not added: node signing public-key artifact is absent — continuing with configured trusted identities
..05:50:16.790 [error] local node self-trust was not added: node signing public-key artifact is absent — continuing with configured trusted identities
.05:50:16.797 [error] local node self-trust was not added: node signing public-key artifact is absent — continuing with configured trusted identities
....05:50:16.807 [error] local node self-trust was not added: node signing public-key artifact is absent — continuing with configured trusted identities
.05:50:16.813 [error] local node self-trust was not added: node signing public-key artifact is absent — continuing with configured trusted identities
.05:50:16.819 [error] local node self-trust was not added: node signing public-key artifact is absent — continuing with configured trusted identities
.05:50:16.830 [error] local node self-trust was not added: node signing public-key artifact is absent — continuing with configured trusted identities
05:50:16.830 [error] local node self-trust was not added: node signing public-key artifact is absent — continuing with configured trusted identities
05:50:16.839 [error] local node self-trust was not added: node signing public-key artifact is absent — continuing with configured trusted identities
05:50:16.841 [error] local node self-trust was not added: node signing public-key artifact is absent — continuing with configured trusted identities
05:50:16.900 [error] local node self-trust was not added: node signing public-key artifact is absent — continuing with configured trusted identities
.05:50:16.909 [error] local node self-trust was not added: node signing public-key artifact is absent — continuing with configured trusted identities
05:50:16.909 [error] local node self-trust was not added: node signing public-key artifact is absent — continuing with configured trusted identities
05:50:16.912 [error] local node self-trust was not added: node signing public-key artifact is absent — continuing with configured trusted identities
05:50:16.914 [error] local node self-trust was not added: node signing public-key artifact is absent — continuing with configured trusted identities
05:50:16.968 [error] local node self-trust was not added: node signing public-key artifact is absent — continuing with configured trusted identities
.05:50:16.979 [error] local node self-trust was not added: node signing public-key artifact is absent — continuing with configured trusted identities
05:50:16.980 [error] local node self-trust was not added: node signing public-key artifact is absent — continuing with configured trusted identities
05:50:16.982 [error] local node self-trust was not added: node signing public-key artifact is absent — continuing with configured trusted identities
05:50:16.985 [error] local node self-trust was not added: node signing public-key artifact is absent — continuing with configured trusted identities
05:50:16.987 [error] local node self-trust was not added: node signing public-key artifact is absent — continuing with configured trusted identities
05:50:16.989 [error] local node self-trust was not added: node signing public-key artifact is absent — continuing with configured trusted identities
05:50:16.991 [error] local node self-trust was not added: node signing public-key artifact is absent — continuing with configured trusted identities
05:50:16.994 [error] local node self-trust was not added: node signing public-key artifact is absent — continuing with configured trusted identities
05:50:17.002 [error] local node self-trust was not added: node signing public-key artifact is absent — continuing with configured trusted identities
05:50:17.005 [error] local node self-trust was not added: node signing public-key artifact is absent — continuing with configured trusted identities
05:50:17.008 [error] local node self-trust was not added: node signing public-key artifact is absent — continuing with configured trusted identities
05:50:17.066 [error] local node self-trust was not added: node signing public-key artifact is absent — continuing with configured trusted identities
.05:50:17.074 [error] local node self-trust was not added: node signing public-key artifact is absent — continuing with configured trusted identities
05:50:17.075 [error] local node self-trust was not added: node signing public-key artifact is absent — continuing with configured trusted identities
05:50:17.078 [error] local node self-trust was not added: node signing public-key artifact is absent — continuing with configured trusted identities
05:50:17.080 [error] local node self-trust was not added: node signing public-key artifact is absent — continuing with configured trusted identities
05:50:17.081 [error] local node self-trust was not added: node signing public-key artifact is absent — continuing with configured trusted identities
05:50:17.083 [error] local node self-trust was not added: node signing public-key artifact is absent — continuing with configured trusted identities
05:50:17.085 [error] local node self-trust was not added: node signing public-key artifact is absent — continuing with configured trusted identities
05:50:17.087 [error] local node self-trust was not added: node signing public-key artifact is absent — continuing with configured trusted identities
05:50:17.090 [error] local node self-trust was not added: node signing public-key artifact is absent — continuing with configured trusted identities
05:50:17.094 [error] local node self-trust was not added: node signing public-key artifact is absent — continuing with configured trusted identities
05:50:17.097 [error] local node self-trust was not added: node signing public-key artifact is absent — continuing with configured trusted identities
05:50:17.101 [error] local node self-trust was not added: node signing public-key artifact is absent — continuing with configured trusted identities
05:50:17.104 [warning] flock failed on /tmp/cp_sync_export_714474/new.txt: :enoent, proceeding without lock
05:50:17.105 [warning] flock failed on /tmp/cp_sync_export_714474/notes/todo.txt: :enoent, proceeding without lock
05:50:17.162 [error] local node self-trust was not added: node signing public-key artifact is absent — continuing with configured trusted identities
.
Finished in 6.9 seconds (2.1s async, 4.7s sync)
121 tests, 0 failures
real 8.90
user 8.52
sys 2.09
