==> commonplace
make: Nothing to be done for 'all'.
==> commonplace_cli
Running ExUnit with seed: 380378, max_cases: 8

.............................05:52:02.851 [error] local node self-trust was not added: node signing public-key artifact is absent — continuing with configured trusted identities
.05:52:02.881 [error] local node self-trust was not added: node signing public-key artifact is absent — continuing with configured trusted identities
.05:52:02.890 [error] local node self-trust was not added: node signing public-key artifact is absent — continuing with configured trusted identities
..05:52:02.913 [error] local node self-trust was not added: node signing public-key artifact is absent — continuing with configured trusted identities
..05:52:02.948 [error] local node self-trust was not added: node signing public-key artifact is absent — continuing with configured trusted identities
.05:52:02.959 [error] local node self-trust was not added: node signing public-key artifact is absent — continuing with configured trusted identities
.05:52:02.967 [error] local node self-trust was not added: node signing public-key artifact is absent — continuing with configured trusted identities
.05:52:02.976 [error] local node self-trust was not added: node signing public-key artifact is absent — continuing with configured trusted identities
......05:52:02.996 [error] local node self-trust was not added: node signing public-key artifact is absent — continuing with configured trusted identities
05:52:03.002 [error] local node self-trust was not added: node signing public-key artifact is absent — continuing with configured trusted identities
05:52:03.006 [error] local node self-trust was not added: node signing public-key artifact is absent — continuing with configured trusted identities
.05:52:03.022 [error] local node self-trust was not added: node signing public-key artifact is absent — continuing with configured trusted identities
05:52:03.028 [error] local node self-trust was not added: node signing public-key artifact is absent — continuing with configured trusted identities
05:52:03.032 [error] local node self-trust was not added: node signing public-key artifact is absent — continuing with configured trusted identities
05:52:03.046 [error] local node self-trust was not added: node signing public-key artifact is absent — continuing with configured trusted identities
.05:52:03.054 [error] local node self-trust was not added: node signing public-key artifact is absent — continuing with configured trusted identities
05:52:03.060 [error] local node self-trust was not added: node signing public-key artifact is absent — continuing with configured trusted identities
05:52:03.064 [error] local node self-trust was not added: node signing public-key artifact is absent — continuing with configured trusted identities
05:52:03.069 [error] local node self-trust was not added: node signing public-key artifact is absent — continuing with configured trusted identities
..............commonplace: :cx_a3fe_absent@commonplace (from /tmp/cx_x8jk_reach_failures_480525841/node_name) serves a DIFFERENT workspace — its data dir is "/other/data", not "/tmp/cx_x8jk_reach_failures_480525841". Ignoring it; that node_name file probably points at an orphan serve.
.........05:52:03.813 [error] local node self-trust was not added: node signing public-key artifact is absent — continuing with configured trusted identities
05:52:03.854 [warning] CommitStore: root attach DENIED by workspace profile doc_uuid=0e5c0cc3-c4bc-41a2-a3da-678959a8a573 reason="workspace class 'minimal' does not accept root entry 'bd' — declared in profile"
05:52:03.867 [error] local node self-trust was not added: node signing public-key artifact is absent — continuing with configured trusted identities
.05:52:03.877 [error] local node self-trust was not added: node signing public-key artifact is absent — continuing with configured trusted identities
05:52:03.928 [error] local node self-trust was not added: node signing public-key artifact is absent — continuing with configured trusted identities
..05:52:03.933 [error] local node self-trust was not added: node signing public-key artifact is absent — continuing with configured trusted identities
05:52:03.936 [error] local node self-trust was not added: node signing public-key artifact is absent — continuing with configured trusted identities
05:52:03.939 [error] local node self-trust was not added: node signing public-key artifact is absent — continuing with configured trusted identities
.05:52:03.957 [error] local node self-trust was not added: node signing public-key artifact is absent — continuing with configured trusted identities
05:52:03.959 [error] local node self-trust was not added: node signing public-key artifact is absent — continuing with configured trusted identities
05:52:03.961 [error] local node self-trust was not added: node signing public-key artifact is absent — continuing with configured trusted identities
05:52:03.963 [error] local node self-trust was not added: node signing public-key artifact is absent — continuing with configured trusted identities
05:52:03.965 [error] local node self-trust was not added: node signing public-key artifact is absent — continuing with configured trusted identities
.05:52:03.971 [error] local node self-trust was not added: node signing public-key artifact is absent — continuing with configured trusted identities
.05:52:03.977 [error] local node self-trust was not added: node signing public-key artifact is absent — continuing with configured trusted identities
05:52:03.978 [error] local node self-trust was not added: node signing public-key artifact is absent — continuing with configured trusted identities
05:52:03.980 [error] local node self-trust was not added: node signing public-key artifact is absent — continuing with configured trusted identities
05:52:03.982 [error] local node self-trust was not added: node signing public-key artifact is absent — continuing with configured trusted identities
.05:52:03.989 [error] local node self-trust was not added: node signing public-key artifact is absent — continuing with configured trusted identities
05:52:03.990 [error] local node self-trust was not added: node signing public-key artifact is absent — continuing with configured trusted identities
05:52:03.992 [error] local node self-trust was not added: node signing public-key artifact is absent — continuing with configured trusted identities
05:52:03.995 [error] local node self-trust was not added: node signing public-key artifact is absent — continuing with configured trusted identities
......05:52:04.014 [error] local node self-trust was not added: node signing public-key artifact is absent — continuing with configured trusted identities
.05:52:04.025 [error] local node self-trust was not added: node signing public-key artifact is absent — continuing with configured trusted identities
05:52:04.029 [error] local node self-trust was not added: node signing public-key artifact is absent — continuing with configured trusted identities
05:52:04.031 [error] local node self-trust was not added: node signing public-key artifact is absent — continuing with configured trusted identities
05:52:04.034 [error] local node self-trust was not added: node signing public-key artifact is absent — continuing with configured trusted identities
05:52:04.036 [error] local node self-trust was not added: node signing public-key artifact is absent — continuing with configured trusted identities
.05:52:04.043 [error] local node self-trust was not added: node signing public-key artifact is absent — continuing with configured trusted identities
05:52:04.047 [error] local node self-trust was not added: node signing public-key artifact is absent — continuing with configured trusted identities
05:52:04.049 [error] local node self-trust was not added: node signing public-key artifact is absent — continuing with configured trusted identities
05:52:04.051 [error] local node self-trust was not added: node signing public-key artifact is absent — continuing with configured trusted identities
05:52:04.053 [error] local node self-trust was not added: node signing public-key artifact is absent — continuing with configured trusted identities
05:52:04.055 [error] local node self-trust was not added: node signing public-key artifact is absent — continuing with configured trusted identities
05:52:04.057 [error] local node self-trust was not added: node signing public-key artifact is absent — continuing with configured trusted identities
.05:52:04.063 [error] local node self-trust was not added: node signing public-key artifact is absent — continuing with configured trusted identities
05:52:04.065 [error] local node self-trust was not added: node signing public-key artifact is absent — continuing with configured trusted identities
05:52:04.066 [error] local node self-trust was not added: node signing public-key artifact is absent — continuing with configured trusted identities
05:52:04.069 [error] local node self-trust was not added: node signing public-key artifact is absent — continuing with configured trusted identities
05:52:04.071 [error] local node self-trust was not added: node signing public-key artifact is absent — continuing with configured trusted identities
05:52:04.074 [error] local node self-trust was not added: node signing public-key artifact is absent — continuing with configured trusted identities
05:52:04.077 [error] local node self-trust was not added: node signing public-key artifact is absent — continuing with configured trusted identities
.05:52:04.089 [error] local node self-trust was not added: node signing public-key artifact is absent — continuing with configured trusted identities
05:52:04.090 [error] local node self-trust was not added: node signing public-key artifact is absent — continuing with configured trusted identities
05:52:04.097 [error] local node self-trust was not added: node signing public-key artifact is absent — continuing with configured trusted identities
05:52:04.099 [error] local node self-trust was not added: node signing public-key artifact is absent — continuing with configured trusted identities
05:52:04.102 [error] local node self-trust was not added: node signing public-key artifact is absent — continuing with configured trusted identities
05:52:04.105 [error] local node self-trust was not added: node signing public-key artifact is absent — continuing with configured trusted identities
05:52:04.108 [error] local node self-trust was not added: node signing public-key artifact is absent — continuing with configured trusted identities
05:52:04.110 [error] local node self-trust was not added: node signing public-key artifact is absent — continuing with configured trusted identities
05:52:04.116 [error] local node self-trust was not added: node signing public-key artifact is absent — continuing with configured trusted identities
05:52:04.119 [error] local node self-trust was not added: node signing public-key artifact is absent — continuing with configured trusted identities
05:52:04.121 [error] local node self-trust was not added: node signing public-key artifact is absent — continuing with configured trusted identities
05:52:04.134 [error] local node self-trust was not added: node signing public-key artifact is absent — continuing with configured trusted identities
.05:52:04.143 [error] local node self-trust was not added: node signing public-key artifact is absent — continuing with configured trusted identities
05:52:04.143 [error] local node self-trust was not added: node signing public-key artifact is absent — continuing with configured trusted identities
05:52:04.146 [error] local node self-trust was not added: node signing public-key artifact is absent — continuing with configured trusted identities
05:52:04.148 [error] local node self-trust was not added: node signing public-key artifact is absent — continuing with configured trusted identities
05:52:04.161 [error] local node self-trust was not added: node signing public-key artifact is absent — continuing with configured trusted identities
.05:52:04.170 [error] local node self-trust was not added: node signing public-key artifact is absent — continuing with configured trusted identities
05:52:04.170 [error] local node self-trust was not added: node signing public-key artifact is absent — continuing with configured trusted identities
05:52:04.173 [error] local node self-trust was not added: node signing public-key artifact is absent — continuing with configured trusted identities
05:52:04.175 [error] local node self-trust was not added: node signing public-key artifact is absent — continuing with configured trusted identities
05:52:04.177 [error] local node self-trust was not added: node signing public-key artifact is absent — continuing with configured trusted identities
05:52:04.179 [error] local node self-trust was not added: node signing public-key artifact is absent — continuing with configured trusted identities
05:52:04.182 [error] local node self-trust was not added: node signing public-key artifact is absent — continuing with configured trusted identities
05:52:04.184 [error] local node self-trust was not added: node signing public-key artifact is absent — continuing with configured trusted identities
05:52:04.187 [error] local node self-trust was not added: node signing public-key artifact is absent — continuing with configured trusted identities
05:52:04.189 [error] local node self-trust was not added: node signing public-key artifact is absent — continuing with configured trusted identities
05:52:04.192 [error] local node self-trust was not added: node signing public-key artifact is absent — continuing with configured trusted identities
05:52:04.196 [error] local node self-trust was not added: node signing public-key artifact is absent — continuing with configured trusted identities
05:52:04.203 [warning] flock failed on /tmp/cp_sync_export_716844/new.txt: :enoent, proceeding without lock
05:52:04.205 [warning] flock failed on /tmp/cp_sync_export_716844/notes/todo.txt: :enoent, proceeding without lock
05:52:04.218 [error] local node self-trust was not added: node signing public-key artifact is absent — continuing with configured trusted identities
.05:52:04.227 [error] local node self-trust was not added: node signing public-key artifact is absent — continuing with configured trusted identities
05:52:04.227 [error] local node self-trust was not added: node signing public-key artifact is absent — continuing with configured trusted identities
05:52:04.229 [error] local node self-trust was not added: node signing public-key artifact is absent — continuing with configured trusted identities
05:52:04.231 [error] local node self-trust was not added: node signing public-key artifact is absent — continuing with configured trusted identities
05:52:04.244 [error] local node self-trust was not added: node signing public-key artifact is absent — continuing with configured trusted identities
.05:52:04.251 [error] local node self-trust was not added: node signing public-key artifact is absent — continuing with configured trusted identities
05:52:04.252 [error] local node self-trust was not added: node signing public-key artifact is absent — continuing with configured trusted identities
05:52:04.253 [error] local node self-trust was not added: node signing public-key artifact is absent — continuing with configured trusted identities
05:52:04.255 [error] local node self-trust was not added: node signing public-key artifact is absent — continuing with configured trusted identities
05:52:04.257 [error] local node self-trust was not added: node signing public-key artifact is absent — continuing with configured trusted identities
05:52:04.259 [error] local node self-trust was not added: node signing public-key artifact is absent — continuing with configured trusted identities
05:52:04.261 [error] local node self-trust was not added: node signing public-key artifact is absent — continuing with configured trusted identities
05:52:04.263 [error] local node self-trust was not added: node signing public-key artifact is absent — continuing with configured trusted identities
05:52:04.265 [warning] flock failed on /tmp/cp_checkout_sync_590900/feature.txt: :enoent, proceeding without lock
05:52:04.281 [error] local node self-trust was not added: node signing public-key artifact is absent — continuing with configured trusted identities
.05:52:04.289 [error] local node self-trust was not added: node signing public-key artifact is absent — continuing with configured trusted identities
05:52:04.289 [error] local node self-trust was not added: node signing public-key artifact is absent — continuing with configured trusted identities
05:52:04.291 [error] local node self-trust was not added: node signing public-key artifact is absent — continuing with configured trusted identities
05:52:04.293 [error] local node self-trust was not added: node signing public-key artifact is absent — continuing with configured trusted identities
05:52:04.295 [error] local node self-trust was not added: node signing public-key artifact is absent — continuing with configured trusted identities
05:52:04.296 [error] local node self-trust was not added: node signing public-key artifact is absent — continuing with configured trusted identities
05:52:04.298 [error] local node self-trust was not added: node signing public-key artifact is absent — continuing with configured trusted identities
05:52:04.299 [error] local node self-trust was not added: node signing public-key artifact is absent — continuing with configured trusted identities
Current root: uuid-root
05:52:04.324 [error] local node self-trust was not added: node signing public-key artifact is absent — continuing with configured trusted identities
.05:52:04.337 [error] local node self-trust was not added: node signing public-key artifact is absent — continuing with configured trusted identities
05:52:04.338 [error] local node self-trust was not added: node signing public-key artifact is absent — continuing with configured trusted identities
05:52:04.340 [error] local node self-trust was not added: node signing public-key artifact is absent — continuing with configured trusted identities
05:52:04.343 [error] local node self-trust was not added: node signing public-key artifact is absent — continuing with configured trusted identities
05:52:04.344 [error] local node self-trust was not added: node signing public-key artifact is absent — continuing with configured trusted identities
05:52:04.346 [error] local node self-trust was not added: node signing public-key artifact is absent — continuing with configured trusted identities
05:52:04.348 [error] local node self-trust was not added: node signing public-key artifact is absent — continuing with configured trusted identities
05:52:04.350 [error] local node self-trust was not added: node signing public-key artifact is absent — continuing with configured trusted identities
05:52:04.353 [warning] flock failed on /tmp/cp_checkout_sync_584330/repos/myrepo/feature/feature.txt: :enoent, proceeding without lock
05:52:04.355 [warning] flock failed on /tmp/cp_checkout_sync_584330/repos/myrepo/main/readme.txt: :enoent, proceeding without lock
05:52:04.357 [warning] flock failed on /tmp/cp_checkout_sync_584330/readme.txt: :enoent, proceeding without lock
05:52:04.373 [error] local node self-trust was not added: node signing public-key artifact is absent — continuing with configured trusted identities
.05:52:04.387 [error] local node self-trust was not added: node signing public-key artifact is absent — continuing with configured trusted identities
05:52:04.387 [error] local node self-trust was not added: node signing public-key artifact is absent — continuing with configured trusted identities
05:52:04.390 [error] local node self-trust was not added: node signing public-key artifact is absent — continuing with configured trusted identities
05:52:04.393 [error] local node self-trust was not added: node signing public-key artifact is absent — continuing with configured trusted identities
05:52:04.397 [error] local node self-trust was not added: node signing public-key artifact is absent — continuing with configured trusted identities
05:52:04.400 [error] local node self-trust was not added: node signing public-key artifact is absent — continuing with configured trusted identities
05:52:04.402 [error] local node self-trust was not added: node signing public-key artifact is absent — continuing with configured trusted identities
05:52:04.404 [error] local node self-trust was not added: node signing public-key artifact is absent — continuing with configured trusted identities
Re-rooted: uuid-root → uuid-main
Exporting from new root...
Done.
05:52:04.429 [error] local node self-trust was not added: node signing public-key artifact is absent — continuing with configured trusted identities
.05:52:04.439 [error] local node self-trust was not added: node signing public-key artifact is absent — continuing with configured trusted identities
05:52:04.439 [error] local node self-trust was not added: node signing public-key artifact is absent — continuing with configured trusted identities
05:52:04.441 [error] local node self-trust was not added: node signing public-key artifact is absent — continuing with configured trusted identities
05:52:04.443 [error] local node self-trust was not added: node signing public-key artifact is absent — continuing with configured trusted identities
05:52:04.445 [error] local node self-trust was not added: node signing public-key artifact is absent — continuing with configured trusted identities
05:52:04.446 [error] local node self-trust was not added: node signing public-key artifact is absent — continuing with configured trusted identities
05:52:04.448 [error] local node self-trust was not added: node signing public-key artifact is absent — continuing with configured trusted identities
05:52:04.450 [error] local node self-trust was not added: node signing public-key artifact is absent — continuing with configured trusted identities
05:52:04.464 [error] local node self-trust was not added: node signing public-key artifact is absent — continuing with configured trusted identities
.05:52:04.472 [error] local node self-trust was not added: node signing public-key artifact is absent — continuing with configured trusted identities
05:52:04.472 [error] local node self-trust was not added: node signing public-key artifact is absent — continuing with configured trusted identities
05:52:04.475 [error] local node self-trust was not added: node signing public-key artifact is absent — continuing with configured trusted identities
05:52:04.477 [error] local node self-trust was not added: node signing public-key artifact is absent — continuing with configured trusted identities
05:52:04.492 [error] local node self-trust was not added: node signing public-key artifact is absent — continuing with configured trusted identities
.05:52:04.498 [error] local node self-trust was not added: node signing public-key artifact is absent — continuing with configured trusted identities
05:52:04.499 [error] local node self-trust was not added: node signing public-key artifact is absent — continuing with configured trusted identities
05:52:04.500 [error] local node self-trust was not added: node signing public-key artifact is absent — continuing with configured trusted identities
05:52:04.502 [error] local node self-trust was not added: node signing public-key artifact is absent — continuing with configured trusted identities
05:52:04.503 [error] local node self-trust was not added: node signing public-key artifact is absent — continuing with configured trusted identities
05:52:04.518 [error] local node self-trust was not added: node signing public-key artifact is absent — continuing with configured trusted identities
.05:52:04.524 [error] local node self-trust was not added: node signing public-key artifact is absent — continuing with configured trusted identities
05:52:04.525 [error] local node self-trust was not added: node signing public-key artifact is absent — continuing with configured trusted identities
05:52:04.528 [error] local node self-trust was not added: node signing public-key artifact is absent — continuing with configured trusted identities
05:52:04.531 [error] local node self-trust was not added: node signing public-key artifact is absent — continuing with configured trusted identities
05:52:04.533 [error] local node self-trust was not added: node signing public-key artifact is absent — continuing with configured trusted identities
05:52:04.535 [error] local node self-trust was not added: node signing public-key artifact is absent — continuing with configured trusted identities
05:52:04.548 [error] local node self-trust was not added: node signing public-key artifact is absent — continuing with configured trusted identities
.05:52:04.557 [error] local node self-trust was not added: node signing public-key artifact is absent — continuing with configured trusted identities
05:52:04.558 [error] local node self-trust was not added: node signing public-key artifact is absent — continuing with configured trusted identities
05:52:04.560 [error] local node self-trust was not added: node signing public-key artifact is absent — continuing with configured trusted identities
05:52:04.562 [error] local node self-trust was not added: node signing public-key artifact is absent — continuing with configured trusted identities
05:52:04.564 [error] local node self-trust was not added: node signing public-key artifact is absent — continuing with configured trusted identities
05:52:04.565 [error] local node self-trust was not added: node signing public-key artifact is absent — continuing with configured trusted identities
05:52:04.567 [error] local node self-trust was not added: node signing public-key artifact is absent — continuing with configured trusted identities
05:52:04.569 [error] local node self-trust was not added: node signing public-key artifact is absent — continuing with configured trusted identities
05:52:04.573 [error] local node self-trust was not added: node signing public-key artifact is absent — continuing with configured trusted identities
05:52:04.606 [error] local node self-trust was not added: node signing public-key artifact is absent — continuing with configured trusted identities
.05:52:04.617 [error] local node self-trust was not added: node signing public-key artifact is absent — continuing with configured trusted identities
05:52:04.618 [error] local node self-trust was not added: node signing public-key artifact is absent — continuing with configured trusted identities
05:52:04.642 [error] local node self-trust was not added: node signing public-key artifact is absent — continuing with configured trusted identities
.05:52:04.656 [error] local node self-trust was not added: node signing public-key artifact is absent — continuing with configured trusted identities
05:52:04.657 [error] local node self-trust was not added: node signing public-key artifact is absent — continuing with configured trusted identities
05:52:04.669 [error] local node self-trust was not added: node signing public-key artifact is absent — continuing with configured trusted identities
.05:52:04.679 [error] local node self-trust was not added: node signing public-key artifact is absent — continuing with configured trusted identities
05:52:04.696 [error] local node self-trust was not added: node signing public-key artifact is absent — continuing with configured trusted identities
.05:52:04.700 [error] local node self-trust was not added: node signing public-key artifact is absent — continuing with configured trusted identities
05:52:04.702 [error] local node self-trust was not added: node signing public-key artifact is absent — continuing with configured trusted identities
05:52:04.703 [error] local node self-trust was not added: node signing public-key artifact is absent — continuing with configured trusted identities
05:52:04.707 [error] local node self-trust was not added: node signing public-key artifact is absent — continuing with configured trusted identities
05:52:04.708 [error] local node self-trust was not added: node signing public-key artifact is absent — continuing with configured trusted identities
05:52:04.710 [error] local node self-trust was not added: node signing public-key artifact is absent — continuing with configured trusted identities
05:52:04.712 [error] local node self-trust was not added: node signing public-key artifact is absent — continuing with configured trusted identities
05:52:04.713 [error] local node self-trust was not added: node signing public-key artifact is absent — continuing with configured trusted identities
05:52:04.715 [error] local node self-trust was not added: node signing public-key artifact is absent — continuing with configured trusted identities
05:52:04.717 [error] local node self-trust was not added: node signing public-key artifact is absent — continuing with configured trusted identities
05:52:04.720 [error] local node self-trust was not added: node signing public-key artifact is absent — continuing with configured trusted identities
05:52:04.728 [error] local node self-trust was not added: node signing public-key artifact is absent — continuing with configured trusted identities
05:52:04.730 [error] local node self-trust was not added: node signing public-key artifact is absent — continuing with configured trusted identities
05:52:04.732 [error] local node self-trust was not added: node signing public-key artifact is absent — continuing with configured trusted identities
05:52:04.735 [error] local node self-trust was not added: node signing public-key artifact is absent — continuing with configured trusted identities
05:52:04.738 [error] local node self-trust was not added: node signing public-key artifact is absent — continuing with configured trusted identities
.05:52:04.753 [error] local node self-trust was not added: node signing public-key artifact is absent — continuing with configured trusted identities
05:52:04.756 [error] local node self-trust was not added: node signing public-key artifact is absent — continuing with configured trusted identities
05:52:04.758 [error] local node self-trust was not added: node signing public-key artifact is absent — continuing with configured trusted identities
05:52:04.760 [error] local node self-trust was not added: node signing public-key artifact is absent — continuing with configured trusted identities
05:52:04.762 [error] local node self-trust was not added: node signing public-key artifact is absent — continuing with configured trusted identities
05:52:04.764 [error] local node self-trust was not added: node signing public-key artifact is absent — continuing with configured trusted identities
05:52:04.766 [error] local node self-trust was not added: node signing public-key artifact is absent — continuing with configured trusted identities
05:52:04.769 [error] local node self-trust was not added: node signing public-key artifact is absent — continuing with configured trusted identities
05:52:04.771 [error] local node self-trust was not added: node signing public-key artifact is absent — continuing with configured trusted identities
05:52:04.776 [error] local node self-trust was not added: node signing public-key artifact is absent — continuing with configured trusted identities
05:52:04.780 [error] local node self-trust was not added: node signing public-key artifact is absent — continuing with configured trusted identities
.05:52:04.789 [error] local node self-trust was not added: node signing public-key artifact is absent — continuing with configured trusted identities
.05:52:04.807 [error] local node self-trust was not added: node signing public-key artifact is absent — continuing with configured trusted identities
.05:52:04.814 [error] local node self-trust was not added: node signing public-key artifact is absent — continuing with configured trusted identities
05:52:04.816 [error] local node self-trust was not added: node signing public-key artifact is absent — continuing with configured trusted identities
05:52:04.818 [error] local node self-trust was not added: node signing public-key artifact is absent — continuing with configured trusted identities
05:52:04.820 [error] local node self-trust was not added: node signing public-key artifact is absent — continuing with configured trusted identities
05:52:04.823 [error] local node self-trust was not added: node signing public-key artifact is absent — continuing with configured trusted identities
05:52:04.825 [error] local node self-trust was not added: node signing public-key artifact is absent — continuing with configured trusted identities
05:52:04.828 [error] local node self-trust was not added: node signing public-key artifact is absent — continuing with configured trusted identities
05:52:04.830 [error] local node self-trust was not added: node signing public-key artifact is absent — continuing with configured trusted identities
05:52:04.833 [error] local node self-trust was not added: node signing public-key artifact is absent — continuing with configured trusted identities
05:52:04.835 [error] local node self-trust was not added: node signing public-key artifact is absent — continuing with configured trusted identities
05:52:04.842 [error] local node self-trust was not added: node signing public-key artifact is absent — continuing with configured trusted identities
05:52:04.848 [error] local node self-trust was not added: node signing public-key artifact is absent — continuing with configured trusted identities
05:52:04.852 [error] local node self-trust was not added: node signing public-key artifact is absent — continuing with configured trusted identities
05:52:04.859 [error] local node self-trust was not added: node signing public-key artifact is absent — continuing with configured trusted identities
05:52:04.863 [error] local node self-trust was not added: node signing public-key artifact is absent — continuing with configured trusted identities
05:52:04.868 [error] local node self-trust was not added: node signing public-key artifact is absent — continuing with configured trusted identities
05:52:04.877 [error] local node self-trust was not added: node signing public-key artifact is absent — continuing with configured trusted identities
05:52:04.881 [error] local node self-trust was not added: node signing public-key artifact is absent — continuing with configured trusted identities
05:52:04.885 [error] local node self-trust was not added: node signing public-key artifact is absent — continuing with configured trusted identities
05:52:04.888 [error] local node self-trust was not added: node signing public-key artifact is absent — continuing with configured trusted identities
05:52:04.892 [error] local node self-trust was not added: node signing public-key artifact is absent — continuing with configured trusted identities
05:52:04.897 [error] local node self-trust was not added: node signing public-key artifact is absent — continuing with configured trusted identities
.05:52:04.911 [error] local node self-trust was not added: node signing public-key artifact is absent — continuing with configured trusted identities
.05:52:04.918 [error] local node self-trust was not added: node signing public-key artifact is absent — continuing with configured trusted identities
.05:52:04.924 [error] local node self-trust was not added: node signing public-key artifact is absent — continuing with configured trusted identities
05:52:04.926 [error] local node self-trust was not added: node signing public-key artifact is absent — continuing with configured trusted identities
05:52:04.928 [error] local node self-trust was not added: node signing public-key artifact is absent — continuing with configured trusted identities
05:52:04.930 [error] local node self-trust was not added: node signing public-key artifact is absent — continuing with configured trusted identities
05:52:04.932 [error] local node self-trust was not added: node signing public-key artifact is absent — continuing with configured trusted identities
05:52:04.936 [error] local node self-trust was not added: node signing public-key artifact is absent — continuing with configured trusted identities
05:52:04.939 [error] local node self-trust was not added: node signing public-key artifact is absent — continuing with configured trusted identities
05:52:04.941 [error] local node self-trust was not added: node signing public-key artifact is absent — continuing with configured trusted identities
05:52:04.945 [error] local node self-trust was not added: node signing public-key artifact is absent — continuing with configured trusted identities
05:52:04.950 [error] local node self-trust was not added: node signing public-key artifact is absent — continuing with configured trusted identities
05:52:04.955 [error] local node self-trust was not added: node signing public-key artifact is absent — continuing with configured trusted identities
05:52:04.959 [error] local node self-trust was not added: node signing public-key artifact is absent — continuing with configured trusted identities
05:52:04.962 [error] local node self-trust was not added: node signing public-key artifact is absent — continuing with configured trusted identities
05:52:04.965 [error] local node self-trust was not added: node signing public-key artifact is absent — continuing with configured trusted identities
05:52:04.967 [error] local node self-trust was not added: node signing public-key artifact is absent — continuing with configured trusted identities
05:52:04.971 [error] local node self-trust was not added: node signing public-key artifact is absent — continuing with configured trusted identities
05:52:04.997 [error] local node self-trust was not added: node signing public-key artifact is absent — continuing with configured trusted identities
.05:52:05.006 [error] local node self-trust was not added: node signing public-key artifact is absent — continuing with configured trusted identities
05:52:05.009 [error] local node self-trust was not added: node signing public-key artifact is absent — continuing with configured trusted identities
05:52:05.010 [error] local node self-trust was not added: node signing public-key artifact is absent — continuing with configured trusted identities
05:52:05.012 [error] local node self-trust was not added: node signing public-key artifact is absent — continuing with configured trusted identities
05:52:05.014 [error] local node self-trust was not added: node signing public-key artifact is absent — continuing with configured trusted identities
05:52:05.016 [error] local node self-trust was not added: node signing public-key artifact is absent — continuing with configured trusted identities
05:52:05.018 [error] local node self-trust was not added: node signing public-key artifact is absent — continuing with configured trusted identities
05:52:05.020 [error] local node self-trust was not added: node signing public-key artifact is absent — continuing with configured trusted identities
05:52:05.022 [error] local node self-trust was not added: node signing public-key artifact is absent — continuing with configured trusted identities
05:52:05.024 [error] local node self-trust was not added: node signing public-key artifact is absent — continuing with configured trusted identities
05:52:05.028 [error] local node self-trust was not added: node signing public-key artifact is absent — continuing with configured trusted identities
05:52:05.032 [error] local node self-trust was not added: node signing public-key artifact is absent — continuing with configured trusted identities
05:52:05.035 [error] local node self-trust was not added: node signing public-key artifact is absent — continuing with configured trusted identities
05:52:05.037 [error] local node self-trust was not added: node signing public-key artifact is absent — continuing with configured trusted identities
05:52:05.039 [error] local node self-trust was not added: node signing public-key artifact is absent — continuing with configured trusted identities
05:52:05.042 [error] local node self-trust was not added: node signing public-key artifact is absent — continuing with configured trusted identities
05:52:05.046 [error] local node self-trust was not added: node signing public-key artifact is absent — continuing with configured trusted identities
05:52:05.048 [error] local node self-trust was not added: node signing public-key artifact is absent — continuing with configured trusted identities
05:52:05.050 [error] local node self-trust was not added: node signing public-key artifact is absent — continuing with configured trusted identities
05:52:05.055 [error] local node self-trust was not added: node signing public-key artifact is absent — continuing with configured trusted identities
05:52:05.060 [error] local node self-trust was not added: node signing public-key artifact is absent — continuing with configured trusted identities
.05:52:05.071 [error] local node self-trust was not added: node signing public-key artifact is absent — continuing with configured trusted identities
.05:52:05.131 [error] local node self-trust was not added: node signing public-key artifact is absent — continuing with configured trusted identities
.05:52:05.243 [error] local node self-trust was not added: node signing public-key artifact is absent — continuing with configured trusted identities
05:52:05.348 [error] local node self-trust was not added: node signing public-key artifact is absent — continuing with configured trusted identities
.05:52:05.457 [error] local node self-trust was not added: node signing public-key artifact is absent — continuing with configured trusted identities
.05:52:05.570 [error] local node self-trust was not added: node signing public-key artifact is absent — continuing with configured trusted identities
.05:52:05.631 [error] local node self-trust was not added: node signing public-key artifact is absent — continuing with configured trusted identities
05:52:05.634 [error] local node self-trust was not added: node signing public-key artifact is absent — continuing with configured trusted identities
.05:52:05.641 [error] local node self-trust was not added: node signing public-key artifact is absent — continuing with configured trusted identities
05:52:05.643 [error] local node self-trust was not added: node signing public-key artifact is absent — continuing with configured trusted identities
.05:52:05.649 [error] local node self-trust was not added: node signing public-key artifact is absent — continuing with configured trusted identities
05:52:05.651 [error] local node self-trust was not added: node signing public-key artifact is absent — continuing with configured trusted identities
.05:52:05.669 [error] local node self-trust was not added: node signing public-key artifact is absent — continuing with configured trusted identities
05:52:05.669 [error] local node self-trust was not added: node signing public-key artifact is absent — continuing with configured trusted identities
05:52:05.673 [error] local node self-trust was not added: node signing public-key artifact is absent — continuing with configured trusted identities
05:52:05.676 [error] local node self-trust was not added: node signing public-key artifact is absent — continuing with configured trusted identities
05:52:05.679 [error] local node self-trust was not added: node signing public-key artifact is absent — continuing with configured trusted identities
05:52:05.682 [error] local node self-trust was not added: node signing public-key artifact is absent — continuing with configured trusted identities
05:52:05.684 [error] local node self-trust was not added: node signing public-key artifact is absent — continuing with configured trusted identities
05:52:05.686 [error] local node self-trust was not added: node signing public-key artifact is absent — continuing with configured trusted identities
05:52:05.689 [error] local node self-trust was not added: node signing public-key artifact is absent — continuing with configured trusted identities
05:52:05.692 [error] local node self-trust was not added: node signing public-key artifact is absent — continuing with configured trusted identities
05:52:05.696 [warning] flock failed on /tmp/cp_rt_out_391211/docs/examples/hello.txt: :enoent, proceeding without lock
05:52:05.699 [warning] flock failed on /tmp/cp_rt_out_391211/docs/guide.txt: :enoent, proceeding without lock
05:52:05.701 [warning] flock failed on /tmp/cp_rt_out_391211/empty.txt: :enoent, proceeding without lock
05:52:05.704 [warning] flock failed on /tmp/cp_rt_out_391211/readme.txt: :enoent, proceeding without lock
05:52:05.722 [error] local node self-trust was not added: node signing public-key artifact is absent — continuing with configured trusted identities
.05:52:05.731 [error] local node self-trust was not added: node signing public-key artifact is absent — continuing with configured trusted identities
05:52:05.732 [error] local node self-trust was not added: node signing public-key artifact is absent — continuing with configured trusted identities
05:52:05.735 [error] local node self-trust was not added: node signing public-key artifact is absent — continuing with configured trusted identities
05:52:05.737 [error] local node self-trust was not added: node signing public-key artifact is absent — continuing with configured trusted identities
05:52:05.739 [warning] flock failed on /tmp/cp_rt_out_239165/special.txt: :enoent, proceeding without lock
05:52:05.752 [error] local node self-trust was not added: node signing public-key artifact is absent — continuing with configured trusted identities
.
Finished in 5.3 seconds (2.3s async, 2.9s sync)
121 tests, 0 failures
real 7.18
user 6.12
sys 1.37
