==> commonplace
make: Nothing to be done for 'all'.
==> commonplace_cli
Running ExUnit with seed: 749892, max_cases: 8

.............................05:52:17.006 [error] local node self-trust was not added: node signing public-key artifact is absent — continuing with configured trusted identities
05:52:17.038 [error] local node self-trust was not added: node signing public-key artifact is absent — continuing with configured trusted identities
05:52:17.057 [error] local node self-trust was not added: node signing public-key artifact is absent — continuing with configured trusted identities
05:52:17.064 [error] local node self-trust was not added: node signing public-key artifact is absent — continuing with configured trusted identities
05:52:17.066 [error] local node self-trust was not added: node signing public-key artifact is absent — continuing with configured trusted identities
05:52:17.068 [error] local node self-trust was not added: node signing public-key artifact is absent — continuing with configured trusted identities
05:52:17.071 [error] local node self-trust was not added: node signing public-key artifact is absent — continuing with configured trusted identities
05:52:17.074 [error] local node self-trust was not added: node signing public-key artifact is absent — continuing with configured trusted identities
05:52:17.077 [error] local node self-trust was not added: node signing public-key artifact is absent — continuing with configured trusted identities
05:52:17.080 [error] local node self-trust was not added: node signing public-key artifact is absent — continuing with configured trusted identities
05:52:17.090 [warning] flock failed on /tmp/cp_rt_out_662837/docs/examples/hello.txt: :enoent, proceeding without lock
05:52:17.093 [warning] flock failed on /tmp/cp_rt_out_662837/docs/guide.txt: :enoent, proceeding without lock
05:52:17.095 [warning] flock failed on /tmp/cp_rt_out_662837/empty.txt: :enoent, proceeding without lock
05:52:17.097 [warning] flock failed on /tmp/cp_rt_out_662837/readme.txt: :enoent, proceeding without lock
05:52:17.111 [error] local node self-trust was not added: node signing public-key artifact is absent — continuing with configured trusted identities
.05:52:17.120 [error] local node self-trust was not added: node signing public-key artifact is absent — continuing with configured trusted identities
05:52:17.121 [error] local node self-trust was not added: node signing public-key artifact is absent — continuing with configured trusted identities
05:52:17.123 [error] local node self-trust was not added: node signing public-key artifact is absent — continuing with configured trusted identities
05:52:17.125 [error] local node self-trust was not added: node signing public-key artifact is absent — continuing with configured trusted identities
05:52:17.127 [warning] flock failed on /tmp/cp_rt_out_724052/special.txt: :enoent, proceeding without lock
05:52:17.140 [error] local node self-trust was not added: node signing public-key artifact is absent — continuing with configured trusted identities
.05:52:17.146 [error] local node self-trust was not added: node signing public-key artifact is absent — continuing with configured trusted identities
05:52:17.152 [error] local node self-trust was not added: node signing public-key artifact is absent — continuing with configured trusted identities
05:52:17.154 [error] local node self-trust was not added: node signing public-key artifact is absent — continuing with configured trusted identities
05:52:17.156 [error] local node self-trust was not added: node signing public-key artifact is absent — continuing with configured trusted identities
05:52:17.158 [error] local node self-trust was not added: node signing public-key artifact is absent — continuing with configured trusted identities
05:52:17.160 [error] local node self-trust was not added: node signing public-key artifact is absent — continuing with configured trusted identities
05:52:17.162 [error] local node self-trust was not added: node signing public-key artifact is absent — continuing with configured trusted identities
.05:52:17.171 [error] local node self-trust was not added: node signing public-key artifact is absent — continuing with configured trusted identities
05:52:17.175 [error] local node self-trust was not added: node signing public-key artifact is absent — continuing with configured trusted identities
05:52:17.176 [error] local node self-trust was not added: node signing public-key artifact is absent — continuing with configured trusted identities
05:52:17.179 [error] local node self-trust was not added: node signing public-key artifact is absent — continuing with configured trusted identities
05:52:17.181 [error] local node self-trust was not added: node signing public-key artifact is absent — continuing with configured trusted identities
05:52:17.183 [error] local node self-trust was not added: node signing public-key artifact is absent — continuing with configured trusted identities
05:52:17.185 [error] local node self-trust was not added: node signing public-key artifact is absent — continuing with configured trusted identities
.05:52:17.192 [error] local node self-trust was not added: node signing public-key artifact is absent — continuing with configured trusted identities
.05:52:17.198 [error] local node self-trust was not added: node signing public-key artifact is absent — continuing with configured trusted identities
05:52:17.205 [error] local node self-trust was not added: node signing public-key artifact is absent — continuing with configured trusted identities
05:52:17.208 [error] local node self-trust was not added: node signing public-key artifact is absent — continuing with configured trusted identities
05:52:17.214 [error] local node self-trust was not added: node signing public-key artifact is absent — continuing with configured trusted identities
05:52:17.216 [error] local node self-trust was not added: node signing public-key artifact is absent — continuing with configured trusted identities
.05:52:17.281 [error] local node self-trust was not added: node signing public-key artifact is absent — continuing with configured trusted identities
.05:52:17.395 [error] local node self-trust was not added: node signing public-key artifact is absent — continuing with configured trusted identities
.05:52:17.507 [error] local node self-trust was not added: node signing public-key artifact is absent — continuing with configured trusted identities
.05:52:17.620 [error] local node self-trust was not added: node signing public-key artifact is absent — continuing with configured trusted identities
05:52:17.728 [error] local node self-trust was not added: node signing public-key artifact is absent — continuing with configured trusted identities
....05:52:17.790 [error] local node self-trust was not added: node signing public-key artifact is absent — continuing with configured trusted identities
05:52:17.792 [error] local node self-trust was not added: node signing public-key artifact is absent — continuing with configured trusted identities
.05:52:17.801 [error] local node self-trust was not added: node signing public-key artifact is absent — continuing with configured trusted identities
05:52:17.802 [error] local node self-trust was not added: node signing public-key artifact is absent — continuing with configured trusted identities
.05:52:17.808 [error] local node self-trust was not added: node signing public-key artifact is absent — continuing with configured trusted identities
05:52:17.810 [error] local node self-trust was not added: node signing public-key artifact is absent — continuing with configured trusted identities
....05:52:17.832 [error] local node self-trust was not added: node signing public-key artifact is absent — continuing with configured trusted identities
..05:52:17.846 [error] local node self-trust was not added: node signing public-key artifact is absent — continuing with configured trusted identities
.05:52:17.854 [error] local node self-trust was not added: node signing public-key artifact is absent — continuing with configured trusted identities
.05:52:17.870 [error] local node self-trust was not added: node signing public-key artifact is absent — continuing with configured trusted identities
05:52:17.871 [error] local node self-trust was not added: node signing public-key artifact is absent — continuing with configured trusted identities
05:52:17.873 [error] local node self-trust was not added: node signing public-key artifact is absent — continuing with configured trusted identities
05:52:17.876 [error] local node self-trust was not added: node signing public-key artifact is absent — continuing with configured trusted identities
05:52:17.879 [error] local node self-trust was not added: node signing public-key artifact is absent — continuing with configured trusted identities
05:52:17.881 [error] local node self-trust was not added: node signing public-key artifact is absent — continuing with configured trusted identities
05:52:17.883 [error] local node self-trust was not added: node signing public-key artifact is absent — continuing with configured trusted identities
05:52:17.886 [error] local node self-trust was not added: node signing public-key artifact is absent — continuing with configured trusted identities
Re-rooted: uuid-root → uuid-main
Exporting from new root...
Done.
05:52:17.908 [error] local node self-trust was not added: node signing public-key artifact is absent — continuing with configured trusted identities
.05:52:17.917 [error] local node self-trust was not added: node signing public-key artifact is absent — continuing with configured trusted identities
05:52:17.918 [error] local node self-trust was not added: node signing public-key artifact is absent — continuing with configured trusted identities
05:52:17.921 [error] local node self-trust was not added: node signing public-key artifact is absent — continuing with configured trusted identities
05:52:17.923 [error] local node self-trust was not added: node signing public-key artifact is absent — continuing with configured trusted identities
05:52:17.925 [error] local node self-trust was not added: node signing public-key artifact is absent — continuing with configured trusted identities
05:52:17.927 [error] local node self-trust was not added: node signing public-key artifact is absent — continuing with configured trusted identities
05:52:17.929 [error] local node self-trust was not added: node signing public-key artifact is absent — continuing with configured trusted identities
05:52:17.931 [error] local node self-trust was not added: node signing public-key artifact is absent — continuing with configured trusted identities
05:52:17.950 [error] local node self-trust was not added: node signing public-key artifact is absent — continuing with configured trusted identities
.05:52:17.960 [error] local node self-trust was not added: node signing public-key artifact is absent — continuing with configured trusted identities
05:52:17.961 [error] local node self-trust was not added: node signing public-key artifact is absent — continuing with configured trusted identities
05:52:17.963 [error] local node self-trust was not added: node signing public-key artifact is absent — continuing with configured trusted identities
05:52:17.965 [error] local node self-trust was not added: node signing public-key artifact is absent — continuing with configured trusted identities
05:52:17.967 [error] local node self-trust was not added: node signing public-key artifact is absent — continuing with configured trusted identities
05:52:17.969 [error] local node self-trust was not added: node signing public-key artifact is absent — continuing with configured trusted identities
05:52:17.971 [error] local node self-trust was not added: node signing public-key artifact is absent — continuing with configured trusted identities
05:52:17.973 [error] local node self-trust was not added: node signing public-key artifact is absent — continuing with configured trusted identities
05:52:17.975 [warning] flock failed on /tmp/cp_checkout_sync_92593/feature.txt: :enoent, proceeding without lock
05:52:17.989 [error] local node self-trust was not added: node signing public-key artifact is absent — continuing with configured trusted identities
.05:52:17.999 [error] local node self-trust was not added: node signing public-key artifact is absent — continuing with configured trusted identities
05:52:17.999 [error] local node self-trust was not added: node signing public-key artifact is absent — continuing with configured trusted identities
05:52:18.001 [error] local node self-trust was not added: node signing public-key artifact is absent — continuing with configured trusted identities
05:52:18.003 [error] local node self-trust was not added: node signing public-key artifact is absent — continuing with configured trusted identities
05:52:18.005 [error] local node self-trust was not added: node signing public-key artifact is absent — continuing with configured trusted identities
05:52:18.007 [error] local node self-trust was not added: node signing public-key artifact is absent — continuing with configured trusted identities
05:52:18.009 [error] local node self-trust was not added: node signing public-key artifact is absent — continuing with configured trusted identities
05:52:18.012 [error] local node self-trust was not added: node signing public-key artifact is absent — continuing with configured trusted identities
Current root: uuid-root
05:52:18.027 [error] local node self-trust was not added: node signing public-key artifact is absent — continuing with configured trusted identities
.05:52:18.036 [error] local node self-trust was not added: node signing public-key artifact is absent — continuing with configured trusted identities
05:52:18.036 [error] local node self-trust was not added: node signing public-key artifact is absent — continuing with configured trusted identities
05:52:18.039 [error] local node self-trust was not added: node signing public-key artifact is absent — continuing with configured trusted identities
05:52:18.042 [error] local node self-trust was not added: node signing public-key artifact is absent — continuing with configured trusted identities
05:52:18.044 [error] local node self-trust was not added: node signing public-key artifact is absent — continuing with configured trusted identities
05:52:18.046 [error] local node self-trust was not added: node signing public-key artifact is absent — continuing with configured trusted identities
05:52:18.049 [error] local node self-trust was not added: node signing public-key artifact is absent — continuing with configured trusted identities
05:52:18.051 [error] local node self-trust was not added: node signing public-key artifact is absent — continuing with configured trusted identities
05:52:18.057 [warning] flock failed on /tmp/cp_checkout_sync_645622/repos/myrepo/feature/feature.txt: :enoent, proceeding without lock
05:52:18.060 [warning] flock failed on /tmp/cp_checkout_sync_645622/repos/myrepo/main/readme.txt: :enoent, proceeding without lock
05:52:18.063 [warning] flock failed on /tmp/cp_checkout_sync_645622/readme.txt: :enoent, proceeding without lock
05:52:18.087 [error] local node self-trust was not added: node signing public-key artifact is absent — continuing with configured trusted identities
.05:52:18.100 [error] local node self-trust was not added: node signing public-key artifact is absent — continuing with configured trusted identities
05:52:18.101 [error] local node self-trust was not added: node signing public-key artifact is absent — continuing with configured trusted identities
05:52:18.126 [error] local node self-trust was not added: node signing public-key artifact is absent — continuing with configured trusted identities
05:52:18.129 [error] local node self-trust was not added: node signing public-key artifact is absent — continuing with configured trusted identities
05:52:18.131 [error] local node self-trust was not added: node signing public-key artifact is absent — continuing with configured trusted identities
05:52:18.135 [error] local node self-trust was not added: node signing public-key artifact is absent — continuing with configured trusted identities
05:52:18.138 [error] local node self-trust was not added: node signing public-key artifact is absent — continuing with configured trusted identities
05:52:18.141 [error] local node self-trust was not added: node signing public-key artifact is absent — continuing with configured trusted identities
05:52:18.148 [error] local node self-trust was not added: node signing public-key artifact is absent — continuing with configured trusted identities
05:52:18.153 [error] local node self-trust was not added: node signing public-key artifact is absent — continuing with configured trusted identities
05:52:18.157 [error] local node self-trust was not added: node signing public-key artifact is absent — continuing with configured trusted identities
05:52:18.164 [error] local node self-trust was not added: node signing public-key artifact is absent — continuing with configured trusted identities
05:52:18.169 [warning] flock failed on /tmp/cp_sync_export_539881/new.txt: :enoent, proceeding without lock
05:52:18.173 [warning] flock failed on /tmp/cp_sync_export_539881/notes/todo.txt: :enoent, proceeding without lock
05:52:18.205 [error] local node self-trust was not added: node signing public-key artifact is absent — continuing with configured trusted identities
.05:52:18.214 [error] local node self-trust was not added: node signing public-key artifact is absent — continuing with configured trusted identities
05:52:18.215 [error] local node self-trust was not added: node signing public-key artifact is absent — continuing with configured trusted identities
05:52:18.218 [error] local node self-trust was not added: node signing public-key artifact is absent — continuing with configured trusted identities
05:52:18.220 [error] local node self-trust was not added: node signing public-key artifact is absent — continuing with configured trusted identities
05:52:18.249 [error] local node self-trust was not added: node signing public-key artifact is absent — continuing with configured trusted identities
.05:52:18.265 [error] local node self-trust was not added: node signing public-key artifact is absent — continuing with configured trusted identities
05:52:18.265 [error] local node self-trust was not added: node signing public-key artifact is absent — continuing with configured trusted identities
05:52:18.269 [error] local node self-trust was not added: node signing public-key artifact is absent — continuing with configured trusted identities
05:52:18.271 [error] local node self-trust was not added: node signing public-key artifact is absent — continuing with configured trusted identities
05:52:18.274 [error] local node self-trust was not added: node signing public-key artifact is absent — continuing with configured trusted identities
05:52:18.277 [error] local node self-trust was not added: node signing public-key artifact is absent — continuing with configured trusted identities
05:52:18.280 [error] local node self-trust was not added: node signing public-key artifact is absent — continuing with configured trusted identities
05:52:18.283 [error] local node self-trust was not added: node signing public-key artifact is absent — continuing with configured trusted identities
05:52:18.287 [error] local node self-trust was not added: node signing public-key artifact is absent — continuing with configured trusted identities
05:52:18.290 [error] local node self-trust was not added: node signing public-key artifact is absent — continuing with configured trusted identities
05:52:18.293 [error] local node self-trust was not added: node signing public-key artifact is absent — continuing with configured trusted identities
05:52:18.320 [error] local node self-trust was not added: node signing public-key artifact is absent — continuing with configured trusted identities
.05:52:18.330 [error] local node self-trust was not added: node signing public-key artifact is absent — continuing with configured trusted identities
05:52:18.331 [error] local node self-trust was not added: node signing public-key artifact is absent — continuing with configured trusted identities
05:52:18.335 [error] local node self-trust was not added: node signing public-key artifact is absent — continuing with configured trusted identities
05:52:18.338 [error] local node self-trust was not added: node signing public-key artifact is absent — continuing with configured trusted identities
05:52:18.377 [error] local node self-trust was not added: node signing public-key artifact is absent — continuing with configured trusted identities
................commonplace: :cx_a3fe_absent@commonplace (from /tmp/cx_x8jk_reach_failures_332355019/node_name) serves a DIFFERENT workspace — its data dir is "/other/data", not "/tmp/cx_x8jk_reach_failures_332355019". Ignoring it; that node_name file probably points at an orphan serve.
..05:52:18.913 [error] local node self-trust was not added: node signing public-key artifact is absent — continuing with configured trusted identities
05:52:18.932 [error] local node self-trust was not added: node signing public-key artifact is absent — continuing with configured trusted identities
05:52:18.935 [error] local node self-trust was not added: node signing public-key artifact is absent — continuing with configured trusted identities
05:52:18.937 [error] local node self-trust was not added: node signing public-key artifact is absent — continuing with configured trusted identities
05:52:18.940 [error] local node self-trust was not added: node signing public-key artifact is absent — continuing with configured trusted identities
05:52:18.944 [error] local node self-trust was not added: node signing public-key artifact is absent — continuing with configured trusted identities
05:52:18.949 [error] local node self-trust was not added: node signing public-key artifact is absent — continuing with configured trusted identities
05:52:18.952 [error] local node self-trust was not added: node signing public-key artifact is absent — continuing with configured trusted identities
05:52:18.955 [error] local node self-trust was not added: node signing public-key artifact is absent — continuing with configured trusted identities
05:52:18.958 [error] local node self-trust was not added: node signing public-key artifact is absent — continuing with configured trusted identities
05:52:18.962 [error] local node self-trust was not added: node signing public-key artifact is absent — continuing with configured trusted identities
05:52:18.974 [error] local node self-trust was not added: node signing public-key artifact is absent — continuing with configured trusted identities
05:52:18.978 [error] local node self-trust was not added: node signing public-key artifact is absent — continuing with configured trusted identities
05:52:18.982 [error] local node self-trust was not added: node signing public-key artifact is absent — continuing with configured trusted identities
05:52:18.986 [error] local node self-trust was not added: node signing public-key artifact is absent — continuing with configured trusted identities
05:52:18.992 [error] local node self-trust was not added: node signing public-key artifact is absent — continuing with configured trusted identities
05:52:19.027 [error] local node self-trust was not added: node signing public-key artifact is absent — continuing with configured trusted identities
.05:52:19.039 [error] local node self-trust was not added: node signing public-key artifact is absent — continuing with configured trusted identities
.05:52:19.055 [error] local node self-trust was not added: node signing public-key artifact is absent — continuing with configured trusted identities
.05:52:19.067 [error] local node self-trust was not added: node signing public-key artifact is absent — continuing with configured trusted identities
05:52:19.069 [error] local node self-trust was not added: node signing public-key artifact is absent — continuing with configured trusted identities
05:52:19.072 [error] local node self-trust was not added: node signing public-key artifact is absent — continuing with configured trusted identities
05:52:19.074 [error] local node self-trust was not added: node signing public-key artifact is absent — continuing with configured trusted identities
05:52:19.078 [error] local node self-trust was not added: node signing public-key artifact is absent — continuing with configured trusted identities
05:52:19.081 [error] local node self-trust was not added: node signing public-key artifact is absent — continuing with configured trusted identities
05:52:19.083 [error] local node self-trust was not added: node signing public-key artifact is absent — continuing with configured trusted identities
05:52:19.086 [error] local node self-trust was not added: node signing public-key artifact is absent — continuing with configured trusted identities
05:52:19.089 [error] local node self-trust was not added: node signing public-key artifact is absent — continuing with configured trusted identities
05:52:19.092 [error] local node self-trust was not added: node signing public-key artifact is absent — continuing with configured trusted identities
05:52:19.098 [error] local node self-trust was not added: node signing public-key artifact is absent — continuing with configured trusted identities
05:52:19.105 [error] local node self-trust was not added: node signing public-key artifact is absent — continuing with configured trusted identities
05:52:19.109 [error] local node self-trust was not added: node signing public-key artifact is absent — continuing with configured trusted identities
05:52:19.112 [error] local node self-trust was not added: node signing public-key artifact is absent — continuing with configured trusted identities
05:52:19.115 [error] local node self-trust was not added: node signing public-key artifact is absent — continuing with configured trusted identities
05:52:19.118 [error] local node self-trust was not added: node signing public-key artifact is absent — continuing with configured trusted identities
05:52:19.123 [error] local node self-trust was not added: node signing public-key artifact is absent — continuing with configured trusted identities
05:52:19.126 [error] local node self-trust was not added: node signing public-key artifact is absent — continuing with configured trusted identities
05:52:19.128 [error] local node self-trust was not added: node signing public-key artifact is absent — continuing with configured trusted identities
05:52:19.131 [error] local node self-trust was not added: node signing public-key artifact is absent — continuing with configured trusted identities
05:52:19.135 [error] local node self-trust was not added: node signing public-key artifact is absent — continuing with configured trusted identities
.05:52:19.151 [error] local node self-trust was not added: node signing public-key artifact is absent — continuing with configured trusted identities
.05:52:19.160 [error] local node self-trust was not added: node signing public-key artifact is absent — continuing with configured trusted identities
05:52:19.163 [error] local node self-trust was not added: node signing public-key artifact is absent — continuing with configured trusted identities
05:52:19.165 [error] local node self-trust was not added: node signing public-key artifact is absent — continuing with configured trusted identities
05:52:19.167 [error] local node self-trust was not added: node signing public-key artifact is absent — continuing with configured trusted identities
05:52:19.170 [error] local node self-trust was not added: node signing public-key artifact is absent — continuing with configured trusted identities
05:52:19.172 [error] local node self-trust was not added: node signing public-key artifact is absent — continuing with configured trusted identities
05:52:19.175 [error] local node self-trust was not added: node signing public-key artifact is absent — continuing with configured trusted identities
05:52:19.177 [error] local node self-trust was not added: node signing public-key artifact is absent — continuing with configured trusted identities
05:52:19.180 [error] local node self-trust was not added: node signing public-key artifact is absent — continuing with configured trusted identities
05:52:19.183 [error] local node self-trust was not added: node signing public-key artifact is absent — continuing with configured trusted identities
05:52:19.190 [error] local node self-trust was not added: node signing public-key artifact is absent — continuing with configured trusted identities
05:52:19.195 [error] local node self-trust was not added: node signing public-key artifact is absent — continuing with configured trusted identities
05:52:19.199 [error] local node self-trust was not added: node signing public-key artifact is absent — continuing with configured trusted identities
05:52:19.201 [error] local node self-trust was not added: node signing public-key artifact is absent — continuing with configured trusted identities
05:52:19.204 [error] local node self-trust was not added: node signing public-key artifact is absent — continuing with configured trusted identities
05:52:19.207 [error] local node self-trust was not added: node signing public-key artifact is absent — continuing with configured trusted identities
.05:52:19.216 [error] local node self-trust was not added: node signing public-key artifact is absent — continuing with configured trusted identities
.05:52:19.223 [error] local node self-trust was not added: node signing public-key artifact is absent — continuing with configured trusted identities
05:52:19.225 [error] local node self-trust was not added: node signing public-key artifact is absent — continuing with configured trusted identities
05:52:19.227 [error] local node self-trust was not added: node signing public-key artifact is absent — continuing with configured trusted identities
05:52:19.229 [error] local node self-trust was not added: node signing public-key artifact is absent — continuing with configured trusted identities
05:52:19.231 [error] local node self-trust was not added: node signing public-key artifact is absent — continuing with configured trusted identities
05:52:19.233 [error] local node self-trust was not added: node signing public-key artifact is absent — continuing with configured trusted identities
05:52:19.235 [error] local node self-trust was not added: node signing public-key artifact is absent — continuing with configured trusted identities
05:52:19.237 [error] local node self-trust was not added: node signing public-key artifact is absent — continuing with configured trusted identities
05:52:19.239 [error] local node self-trust was not added: node signing public-key artifact is absent — continuing with configured trusted identities
05:52:19.244 [error] local node self-trust was not added: node signing public-key artifact is absent — continuing with configured trusted identities
05:52:19.246 [error] local node self-trust was not added: node signing public-key artifact is absent — continuing with configured trusted identities
.05:52:19.254 [error] local node self-trust was not added: node signing public-key artifact is absent — continuing with configured trusted identities
.05:52:19.262 [error] local node self-trust was not added: node signing public-key artifact is absent — continuing with configured trusted identities
05:52:19.264 [error] local node self-trust was not added: node signing public-key artifact is absent — continuing with configured trusted identities
05:52:19.266 [error] local node self-trust was not added: node signing public-key artifact is absent — continuing with configured trusted identities
05:52:19.268 [error] local node self-trust was not added: node signing public-key artifact is absent — continuing with configured trusted identities
05:52:19.270 [error] local node self-trust was not added: node signing public-key artifact is absent — continuing with configured trusted identities
05:52:19.272 [error] local node self-trust was not added: node signing public-key artifact is absent — continuing with configured trusted identities
05:52:19.274 [error] local node self-trust was not added: node signing public-key artifact is absent — continuing with configured trusted identities
05:52:19.277 [error] local node self-trust was not added: node signing public-key artifact is absent — continuing with configured trusted identities
05:52:19.279 [error] local node self-trust was not added: node signing public-key artifact is absent — continuing with configured trusted identities
05:52:19.283 [error] local node self-trust was not added: node signing public-key artifact is absent — continuing with configured trusted identities
05:52:19.285 [error] local node self-trust was not added: node signing public-key artifact is absent — continuing with configured trusted identities
05:52:19.289 [error] local node self-trust was not added: node signing public-key artifact is absent — continuing with configured trusted identities
05:52:19.291 [error] local node self-trust was not added: node signing public-key artifact is absent — continuing with configured trusted identities
05:52:19.295 [error] local node self-trust was not added: node signing public-key artifact is absent — continuing with configured trusted identities
05:52:19.298 [error] local node self-trust was not added: node signing public-key artifact is absent — continuing with configured trusted identities
05:52:19.301 [error] local node self-trust was not added: node signing public-key artifact is absent — continuing with configured trusted identities
05:52:19.304 [error] local node self-trust was not added: node signing public-key artifact is absent — continuing with configured trusted identities
05:52:19.307 [error] local node self-trust was not added: node signing public-key artifact is absent — continuing with configured trusted identities
05:52:19.309 [error] local node self-trust was not added: node signing public-key artifact is absent — continuing with configured trusted identities
05:52:19.312 [error] local node self-trust was not added: node signing public-key artifact is absent — continuing with configured trusted identities
05:52:19.315 [error] local node self-trust was not added: node signing public-key artifact is absent — continuing with configured trusted identities
05:52:19.319 [error] local node self-trust was not added: node signing public-key artifact is absent — continuing with configured trusted identities
.05:52:19.324 [error] local node self-trust was not added: node signing public-key artifact is absent — continuing with configured trusted identities
05:52:19.327 [error] local node self-trust was not added: node signing public-key artifact is absent — continuing with configured trusted identities
05:52:19.330 [error] local node self-trust was not added: node signing public-key artifact is absent — continuing with configured trusted identities
05:52:19.338 [error] local node self-trust was not added: node signing public-key artifact is absent — continuing with configured trusted identities
.05:52:19.342 [error] local node self-trust was not added: node signing public-key artifact is absent — continuing with configured trusted identities
05:52:19.347 [error] local node self-trust was not added: node signing public-key artifact is absent — continuing with configured trusted identities
05:52:19.350 [error] local node self-trust was not added: node signing public-key artifact is absent — continuing with configured trusted identities
05:52:19.354 [error] local node self-trust was not added: node signing public-key artifact is absent — continuing with configured trusted identities
.05:52:19.357 [error] local node self-trust was not added: node signing public-key artifact is absent — continuing with configured trusted identities
05:52:19.360 [error] local node self-trust was not added: node signing public-key artifact is absent — continuing with configured trusted identities
05:52:19.362 [error] local node self-trust was not added: node signing public-key artifact is absent — continuing with configured trusted identities
......05:52:19.372 [error] local node self-trust was not added: node signing public-key artifact is absent — continuing with configured trusted identities
.05:52:19.383 [error] local node self-trust was not added: node signing public-key artifact is absent — continuing with configured trusted identities
.05:52:19.390 [error] local node self-trust was not added: node signing public-key artifact is absent — continuing with configured trusted identities
..05:52:19.401 [error] local node self-trust was not added: node signing public-key artifact is absent — continuing with configured trusted identities
.05:52:19.406 [error] local node self-trust was not added: node signing public-key artifact is absent — continuing with configured trusted identities
......05:52:19.579 [error] local node self-trust was not added: node signing public-key artifact is absent — continuing with configured trusted identities
05:52:19.582 [error] local node self-trust was not added: node signing public-key artifact is absent — continuing with configured trusted identities
05:52:19.584 [error] local node self-trust was not added: node signing public-key artifact is absent — continuing with configured trusted identities
05:52:19.588 [error] local node self-trust was not added: node signing public-key artifact is absent — continuing with configured trusted identities
.05:52:19.595 [error] local node self-trust was not added: node signing public-key artifact is absent — continuing with configured trusted identities
05:52:19.599 [error] local node self-trust was not added: node signing public-key artifact is absent — continuing with configured trusted identities
05:52:19.601 [error] local node self-trust was not added: node signing public-key artifact is absent — continuing with configured trusted identities
05:52:19.604 [error] local node self-trust was not added: node signing public-key artifact is absent — continuing with configured trusted identities
.05:52:19.612 [error] local node self-trust was not added: node signing public-key artifact is absent — continuing with configured trusted identities
05:52:19.614 [error] local node self-trust was not added: node signing public-key artifact is absent — continuing with configured trusted identities
05:52:19.616 [error] local node self-trust was not added: node signing public-key artifact is absent — continuing with configured trusted identities
.05:52:19.623 [error] local node self-trust was not added: node signing public-key artifact is absent — continuing with configured trusted identities
05:52:19.625 [error] local node self-trust was not added: node signing public-key artifact is absent — continuing with configured trusted identities
05:52:19.627 [error] local node self-trust was not added: node signing public-key artifact is absent — continuing with configured trusted identities
05:52:19.629 [error] local node self-trust was not added: node signing public-key artifact is absent — continuing with configured trusted identities
05:52:19.632 [error] local node self-trust was not added: node signing public-key artifact is absent — continuing with configured trusted identities
.05:52:19.638 [error] local node self-trust was not added: node signing public-key artifact is absent — continuing with configured trusted identities
.05:52:19.650 [error] local node self-trust was not added: node signing public-key artifact is absent — continuing with configured trusted identities
05:52:19.675 [warning] CommitStore: root attach DENIED by workspace profile doc_uuid=17809808-e90a-4077-8364-80cb3d152093 reason="workspace class 'minimal' does not accept root entry 'bd' — declared in profile"
05:52:19.689 [error] local node self-trust was not added: node signing public-key artifact is absent — continuing with configured trusted identities
.05:52:19.699 [error] local node self-trust was not added: node signing public-key artifact is absent — continuing with configured trusted identities
05:52:19.740 [error] local node self-trust was not added: node signing public-key artifact is absent — continuing with configured trusted identities
.05:52:19.750 [error] local node self-trust was not added: node signing public-key artifact is absent — continuing with configured trusted identities
05:52:19.752 [error] local node self-trust was not added: node signing public-key artifact is absent — continuing with configured trusted identities
05:52:19.767 [error] local node self-trust was not added: node signing public-key artifact is absent — continuing with configured trusted identities
.05:52:19.781 [error] local node self-trust was not added: node signing public-key artifact is absent — continuing with configured trusted identities
05:52:19.808 [error] local node self-trust was not added: node signing public-key artifact is absent — continuing with configured trusted identities
.05:52:19.820 [error] local node self-trust was not added: node signing public-key artifact is absent — continuing with configured trusted identities
05:52:19.821 [error] local node self-trust was not added: node signing public-key artifact is absent — continuing with configured trusted identities
05:52:19.836 [error] local node self-trust was not added: node signing public-key artifact is absent — continuing with configured trusted identities
.05:52:19.846 [error] local node self-trust was not added: node signing public-key artifact is absent — continuing with configured trusted identities
05:52:19.846 [error] local node self-trust was not added: node signing public-key artifact is absent — continuing with configured trusted identities
05:52:19.848 [error] local node self-trust was not added: node signing public-key artifact is absent — continuing with configured trusted identities
05:52:19.850 [error] local node self-trust was not added: node signing public-key artifact is absent — continuing with configured trusted identities
05:52:19.865 [error] local node self-trust was not added: node signing public-key artifact is absent — continuing with configured trusted identities
.05:52:19.876 [error] local node self-trust was not added: node signing public-key artifact is absent — continuing with configured trusted identities
05:52:19.877 [error] local node self-trust was not added: node signing public-key artifact is absent — continuing with configured trusted identities
05:52:19.880 [error] local node self-trust was not added: node signing public-key artifact is absent — continuing with configured trusted identities
05:52:19.881 [error] local node self-trust was not added: node signing public-key artifact is absent — continuing with configured trusted identities
05:52:19.883 [error] local node self-trust was not added: node signing public-key artifact is absent — continuing with configured trusted identities
05:52:19.908 [error] local node self-trust was not added: node signing public-key artifact is absent — continuing with configured trusted identities
.05:52:19.918 [error] local node self-trust was not added: node signing public-key artifact is absent — continuing with configured trusted identities
05:52:19.918 [error] local node self-trust was not added: node signing public-key artifact is absent — continuing with configured trusted identities
05:52:19.920 [error] local node self-trust was not added: node signing public-key artifact is absent — continuing with configured trusted identities
05:52:19.922 [error] local node self-trust was not added: node signing public-key artifact is absent — continuing with configured trusted identities
05:52:19.924 [error] local node self-trust was not added: node signing public-key artifact is absent — continuing with configured trusted identities
05:52:19.926 [error] local node self-trust was not added: node signing public-key artifact is absent — continuing with configured trusted identities
05:52:19.960 [error] local node self-trust was not added: node signing public-key artifact is absent — continuing with configured trusted identities
.05:52:19.971 [error] local node self-trust was not added: node signing public-key artifact is absent — continuing with configured trusted identities
05:52:19.971 [error] local node self-trust was not added: node signing public-key artifact is absent — continuing with configured trusted identities
05:52:19.976 [error] local node self-trust was not added: node signing public-key artifact is absent — continuing with configured trusted identities
05:52:19.979 [error] local node self-trust was not added: node signing public-key artifact is absent — continuing with configured trusted identities
05:52:19.981 [error] local node self-trust was not added: node signing public-key artifact is absent — continuing with configured trusted identities
05:52:19.983 [error] local node self-trust was not added: node signing public-key artifact is absent — continuing with configured trusted identities
05:52:19.985 [error] local node self-trust was not added: node signing public-key artifact is absent — continuing with configured trusted identities
05:52:19.986 [error] local node self-trust was not added: node signing public-key artifact is absent — continuing with configured trusted identities
05:52:19.988 [error] local node self-trust was not added: node signing public-key artifact is absent — continuing with configured trusted identities
05:52:20.019 [error] local node self-trust was not added: node signing public-key artifact is absent — continuing with configured trusted identities
.
Finished in 5.2 seconds (2.2s async, 3.0s sync)
121 tests, 0 failures
real 7.20
user 6.09
sys 1.42
