==> commonplace
make: Nothing to be done for 'all'.
==> commonplace_cli
Running ExUnit with seed: 125022, max_cases: 8

.............................05:50:30.298 [error] local node self-trust was not added: node signing public-key artifact is absent — continuing with configured trusted identities
.05:50:30.320 [error] local node self-trust was not added: node signing public-key artifact is absent — continuing with configured trusted identities
.05:50:30.326 [error] local node self-trust was not added: node signing public-key artifact is absent — continuing with configured trusted identities
..05:50:30.340 [error] local node self-trust was not added: node signing public-key artifact is absent — continuing with configured trusted identities
05:50:30.344 [error] local node self-trust was not added: node signing public-key artifact is absent — continuing with configured trusted identities
05:50:30.350 [error] local node self-trust was not added: node signing public-key artifact is absent — continuing with configured trusted identities
.05:50:30.384 [error] local node self-trust was not added: node signing public-key artifact is absent — continuing with configured trusted identities
.05:50:30.397 [error] local node self-trust was not added: node signing public-key artifact is absent — continuing with configured trusted identities
05:50:30.400 [error] local node self-trust was not added: node signing public-key artifact is absent — continuing with configured trusted identities
05:50:30.403 [error] local node self-trust was not added: node signing public-key artifact is absent — continuing with configured trusted identities
05:50:30.406 [error] local node self-trust was not added: node signing public-key artifact is absent — continuing with configured trusted identities
05:50:30.408 [error] local node self-trust was not added: node signing public-key artifact is absent — continuing with configured trusted identities
.05:50:30.418 [error] local node self-trust was not added: node signing public-key artifact is absent — continuing with configured trusted identities
05:50:30.420 [error] local node self-trust was not added: node signing public-key artifact is absent — continuing with configured trusted identities
05:50:30.422 [error] local node self-trust was not added: node signing public-key artifact is absent — continuing with configured trusted identities
05:50:30.424 [error] local node self-trust was not added: node signing public-key artifact is absent — continuing with configured trusted identities
.05:50:30.432 [error] local node self-trust was not added: node signing public-key artifact is absent — continuing with configured trusted identities
05:50:30.434 [error] local node self-trust was not added: node signing public-key artifact is absent — continuing with configured trusted identities
05:50:30.436 [error] local node self-trust was not added: node signing public-key artifact is absent — continuing with configured trusted identities
05:50:30.439 [error] local node self-trust was not added: node signing public-key artifact is absent — continuing with configured trusted identities
.05:50:30.442 [error] local node self-trust was not added: node signing public-key artifact is absent — continuing with configured trusted identities
05:50:30.448 [error] local node self-trust was not added: node signing public-key artifact is absent — continuing with configured trusted identities
05:50:30.452 [error] local node self-trust was not added: node signing public-key artifact is absent — continuing with configured trusted identities
.05:50:30.465 [error] local node self-trust was not added: node signing public-key artifact is absent — continuing with configured trusted identities
05:50:30.469 [error] local node self-trust was not added: node signing public-key artifact is absent — continuing with configured trusted identities
05:50:30.472 [error] local node self-trust was not added: node signing public-key artifact is absent — continuing with configured trusted identities
05:50:30.483 [error] local node self-trust was not added: node signing public-key artifact is absent — continuing with configured trusted identities
.05:50:30.490 [error] local node self-trust was not added: node signing public-key artifact is absent — continuing with configured trusted identities
05:50:30.495 [error] local node self-trust was not added: node signing public-key artifact is absent — continuing with configured trusted identities
05:50:30.498 [error] local node self-trust was not added: node signing public-key artifact is absent — continuing with configured trusted identities
05:50:30.515 [error] local node self-trust was not added: node signing public-key artifact is absent — continuing with configured trusted identities
.........05:50:30.558 [error] local node self-trust was not added: node signing public-key artifact is absent — continuing with configured trusted identities
05:50:30.616 [warning] CommitStore: root attach DENIED by workspace profile doc_uuid=90db38cb-fe06-4fdc-a5db-6164423b1ff0 reason="workspace class 'minimal' does not accept root entry 'bd' — declared in profile"
05:50:30.633 [error] local node self-trust was not added: node signing public-key artifact is absent — continuing with configured trusted identities
.05:50:30.647 [error] local node self-trust was not added: node signing public-key artifact is absent — continuing with configured trusted identities
05:50:30.713 [error] local node self-trust was not added: node signing public-key artifact is absent — continuing with configured trusted identities
.05:50:30.724 [error] local node self-trust was not added: node signing public-key artifact is absent — continuing with configured trusted identities
05:50:30.726 [error] local node self-trust was not added: node signing public-key artifact is absent — continuing with configured trusted identities
05:50:30.731 [error] local node self-trust was not added: node signing public-key artifact is absent — continuing with configured trusted identities
05:50:30.735 [error] local node self-trust was not added: node signing public-key artifact is absent — continuing with configured trusted identities
05:50:30.763 [error] local node self-trust was not added: node signing public-key artifact is absent — continuing with configured trusted identities
.05:50:30.779 [error] local node self-trust was not added: node signing public-key artifact is absent — continuing with configured trusted identities
05:50:30.779 [error] local node self-trust was not added: node signing public-key artifact is absent — continuing with configured trusted identities
05:50:30.783 [error] local node self-trust was not added: node signing public-key artifact is absent — continuing with configured trusted identities
05:50:30.787 [error] local node self-trust was not added: node signing public-key artifact is absent — continuing with configured trusted identities
05:50:30.790 [error] local node self-trust was not added: node signing public-key artifact is absent — continuing with configured trusted identities
05:50:30.794 [error] local node self-trust was not added: node signing public-key artifact is absent — continuing with configured trusted identities
05:50:30.812 [error] local node self-trust was not added: node signing public-key artifact is absent — continuing with configured trusted identities
.05:50:30.825 [error] local node self-trust was not added: node signing public-key artifact is absent — continuing with configured trusted identities
05:50:30.826 [error] local node self-trust was not added: node signing public-key artifact is absent — continuing with configured trusted identities
05:50:30.844 [error] local node self-trust was not added: node signing public-key artifact is absent — continuing with configured trusted identities
.05:50:30.858 [error] local node self-trust was not added: node signing public-key artifact is absent — continuing with configured trusted identities
05:50:30.859 [error] local node self-trust was not added: node signing public-key artifact is absent — continuing with configured trusted identities
05:50:30.863 [error] local node self-trust was not added: node signing public-key artifact is absent — continuing with configured trusted identities
05:50:30.866 [error] local node self-trust was not added: node signing public-key artifact is absent — continuing with configured trusted identities
05:50:30.869 [error] local node self-trust was not added: node signing public-key artifact is absent — continuing with configured trusted identities
05:50:30.872 [error] local node self-trust was not added: node signing public-key artifact is absent — continuing with configured trusted identities
05:50:30.874 [error] local node self-trust was not added: node signing public-key artifact is absent — continuing with configured trusted identities
05:50:30.877 [error] local node self-trust was not added: node signing public-key artifact is absent — continuing with configured trusted identities
05:50:30.879 [error] local node self-trust was not added: node signing public-key artifact is absent — continuing with configured trusted identities
05:50:30.894 [error] local node self-trust was not added: node signing public-key artifact is absent — continuing with configured trusted identities
.05:50:30.905 [error] local node self-trust was not added: node signing public-key artifact is absent — continuing with configured trusted identities
05:50:30.906 [error] local node self-trust was not added: node signing public-key artifact is absent — continuing with configured trusted identities
05:50:30.908 [error] local node self-trust was not added: node signing public-key artifact is absent — continuing with configured trusted identities
05:50:30.912 [error] local node self-trust was not added: node signing public-key artifact is absent — continuing with configured trusted identities
05:50:30.915 [error] local node self-trust was not added: node signing public-key artifact is absent — continuing with configured trusted identities
05:50:30.932 [error] local node self-trust was not added: node signing public-key artifact is absent — continuing with configured trusted identities
.05:50:30.942 [error] local node self-trust was not added: node signing public-key artifact is absent — continuing with configured trusted identities
05:50:30.942 [error] local node self-trust was not added: node signing public-key artifact is absent — continuing with configured trusted identities
05:50:30.955 [error] local node self-trust was not added: node signing public-key artifact is absent — continuing with configured trusted identities
.05:50:30.964 [error] local node self-trust was not added: node signing public-key artifact is absent — continuing with configured trusted identities
05:50:30.981 [error] local node self-trust was not added: node signing public-key artifact is absent — continuing with configured trusted identities
..05:50:30.985 [error] local node self-trust was not added: node signing public-key artifact is absent — continuing with configured trusted identities
.05:50:30.996 [error] local node self-trust was not added: node signing public-key artifact is absent — continuing with configured trusted identities
05:50:31.001 [error] local node self-trust was not added: node signing public-key artifact is absent — continuing with configured trusted identities
05:50:31.003 [error] local node self-trust was not added: node signing public-key artifact is absent — continuing with configured trusted identities
05:50:31.005 [error] local node self-trust was not added: node signing public-key artifact is absent — continuing with configured trusted identities
05:50:31.006 [error] local node self-trust was not added: node signing public-key artifact is absent — continuing with configured trusted identities
.05:50:31.013 [error] local node self-trust was not added: node signing public-key artifact is absent — continuing with configured trusted identities
05:50:31.020 [error] local node self-trust was not added: node signing public-key artifact is absent — continuing with configured trusted identities
05:50:31.022 [error] local node self-trust was not added: node signing public-key artifact is absent — continuing with configured trusted identities
05:50:31.024 [error] local node self-trust was not added: node signing public-key artifact is absent — continuing with configured trusted identities
05:50:31.025 [error] local node self-trust was not added: node signing public-key artifact is absent — continuing with configured trusted identities
05:50:31.028 [error] local node self-trust was not added: node signing public-key artifact is absent — continuing with configured trusted identities
05:50:31.030 [error] local node self-trust was not added: node signing public-key artifact is absent — continuing with configured trusted identities
.05:50:31.036 [error] local node self-trust was not added: node signing public-key artifact is absent — continuing with configured trusted identities
05:50:31.038 [error] local node self-trust was not added: node signing public-key artifact is absent — continuing with configured trusted identities
05:50:31.040 [error] local node self-trust was not added: node signing public-key artifact is absent — continuing with configured trusted identities
05:50:31.045 [error] local node self-trust was not added: node signing public-key artifact is absent — continuing with configured trusted identities
05:50:31.047 [error] local node self-trust was not added: node signing public-key artifact is absent — continuing with configured trusted identities
05:50:31.049 [error] local node self-trust was not added: node signing public-key artifact is absent — continuing with configured trusted identities
05:50:31.052 [error] local node self-trust was not added: node signing public-key artifact is absent — continuing with configured trusted identities
.05:50:31.059 [error] local node self-trust was not added: node signing public-key artifact is absent — continuing with configured trusted identities
05:50:31.060 [error] local node self-trust was not added: node signing public-key artifact is absent — continuing with configured trusted identities
.05:50:31.068 [error] local node self-trust was not added: node signing public-key artifact is absent — continuing with configured trusted identities
05:50:31.070 [error] local node self-trust was not added: node signing public-key artifact is absent — continuing with configured trusted identities
.05:50:31.078 [error] local node self-trust was not added: node signing public-key artifact is absent — continuing with configured trusted identities
05:50:31.080 [error] local node self-trust was not added: node signing public-key artifact is absent — continuing with configured trusted identities
.05:50:31.090 [error] local node self-trust was not added: node signing public-key artifact is absent — continuing with configured trusted identities
05:50:31.090 [error] local node self-trust was not added: node signing public-key artifact is absent — continuing with configured trusted identities
05:50:31.093 [error] local node self-trust was not added: node signing public-key artifact is absent — continuing with configured trusted identities
05:50:31.095 [error] local node self-trust was not added: node signing public-key artifact is absent — continuing with configured trusted identities
05:50:31.096 [error] local node self-trust was not added: node signing public-key artifact is absent — continuing with configured trusted identities
05:50:31.098 [error] local node self-trust was not added: node signing public-key artifact is absent — continuing with configured trusted identities
05:50:31.099 [error] local node self-trust was not added: node signing public-key artifact is absent — continuing with configured trusted identities
05:50:31.101 [error] local node self-trust was not added: node signing public-key artifact is absent — continuing with configured trusted identities
05:50:31.106 [warning] flock failed on /tmp/cp_checkout_sync_539534/feature.txt: :enoent, proceeding without lock
05:50:31.117 [error] local node self-trust was not added: node signing public-key artifact is absent — continuing with configured trusted identities
.05:50:31.130 [error] local node self-trust was not added: node signing public-key artifact is absent — continuing with configured trusted identities
05:50:31.130 [error] local node self-trust was not added: node signing public-key artifact is absent — continuing with configured trusted identities
05:50:31.132 [error] local node self-trust was not added: node signing public-key artifact is absent — continuing with configured trusted identities
05:50:31.134 [error] local node self-trust was not added: node signing public-key artifact is absent — continuing with configured trusted identities
05:50:31.137 [error] local node self-trust was not added: node signing public-key artifact is absent — continuing with configured trusted identities
05:50:31.139 [error] local node self-trust was not added: node signing public-key artifact is absent — continuing with configured trusted identities
05:50:31.141 [error] local node self-trust was not added: node signing public-key artifact is absent — continuing with configured trusted identities
05:50:31.143 [error] local node self-trust was not added: node signing public-key artifact is absent — continuing with configured trusted identities
05:50:31.146 [warning] flock failed on /tmp/cp_checkout_sync_675213/repos/myrepo/feature/feature.txt: :enoent, proceeding without lock
05:50:31.149 [warning] flock failed on /tmp/cp_checkout_sync_675213/repos/myrepo/main/readme.txt: :enoent, proceeding without lock
05:50:31.152 [warning] flock failed on /tmp/cp_checkout_sync_675213/readme.txt: :enoent, proceeding without lock
05:50:31.164 [error] local node self-trust was not added: node signing public-key artifact is absent — continuing with configured trusted identities
.05:50:31.173 [error] local node self-trust was not added: node signing public-key artifact is absent — continuing with configured trusted identities
05:50:31.173 [error] local node self-trust was not added: node signing public-key artifact is absent — continuing with configured trusted identities
05:50:31.176 [error] local node self-trust was not added: node signing public-key artifact is absent — continuing with configured trusted identities
05:50:31.177 [error] local node self-trust was not added: node signing public-key artifact is absent — continuing with configured trusted identities
05:50:31.179 [error] local node self-trust was not added: node signing public-key artifact is absent — continuing with configured trusted identities
05:50:31.181 [error] local node self-trust was not added: node signing public-key artifact is absent — continuing with configured trusted identities
05:50:31.183 [error] local node self-trust was not added: node signing public-key artifact is absent — continuing with configured trusted identities
05:50:31.185 [error] local node self-trust was not added: node signing public-key artifact is absent — continuing with configured trusted identities
Current root: uuid-root
05:50:31.202 [error] local node self-trust was not added: node signing public-key artifact is absent — continuing with configured trusted identities
.05:50:31.213 [error] local node self-trust was not added: node signing public-key artifact is absent — continuing with configured trusted identities
05:50:31.213 [error] local node self-trust was not added: node signing public-key artifact is absent — continuing with configured trusted identities
05:50:31.216 [error] local node self-trust was not added: node signing public-key artifact is absent — continuing with configured trusted identities
05:50:31.218 [error] local node self-trust was not added: node signing public-key artifact is absent — continuing with configured trusted identities
05:50:31.220 [error] local node self-trust was not added: node signing public-key artifact is absent — continuing with configured trusted identities
05:50:31.221 [error] local node self-trust was not added: node signing public-key artifact is absent — continuing with configured trusted identities
05:50:31.223 [error] local node self-trust was not added: node signing public-key artifact is absent — continuing with configured trusted identities
05:50:31.225 [error] local node self-trust was not added: node signing public-key artifact is absent — continuing with configured trusted identities
Re-rooted: uuid-root → uuid-main
Exporting from new root...
Done.
05:50:31.238 [error] local node self-trust was not added: node signing public-key artifact is absent — continuing with configured trusted identities
.05:50:31.249 [error] local node self-trust was not added: node signing public-key artifact is absent — continuing with configured trusted identities
05:50:31.249 [error] local node self-trust was not added: node signing public-key artifact is absent — continuing with configured trusted identities
05:50:31.252 [error] local node self-trust was not added: node signing public-key artifact is absent — continuing with configured trusted identities
05:50:31.255 [error] local node self-trust was not added: node signing public-key artifact is absent — continuing with configured trusted identities
05:50:31.257 [error] local node self-trust was not added: node signing public-key artifact is absent — continuing with configured trusted identities
05:50:31.260 [error] local node self-trust was not added: node signing public-key artifact is absent — continuing with configured trusted identities
05:50:31.262 [error] local node self-trust was not added: node signing public-key artifact is absent — continuing with configured trusted identities
05:50:31.264 [error] local node self-trust was not added: node signing public-key artifact is absent — continuing with configured trusted identities
05:50:31.276 [error] local node self-trust was not added: node signing public-key artifact is absent — continuing with configured trusted identities
.05:50:31.281 [error] local node self-trust was not added: node signing public-key artifact is absent — continuing with configured trusted identities
.05:50:31.295 [error] local node self-trust was not added: node signing public-key artifact is absent — continuing with configured trusted identities
.05:50:31.303 [error] local node self-trust was not added: node signing public-key artifact is absent — continuing with configured trusted identities
..05:50:31.316 [error] local node self-trust was not added: node signing public-key artifact is absent — continuing with configured trusted identities
.05:50:31.324 [error] local node self-trust was not added: node signing public-key artifact is absent — continuing with configured trusted identities
.05:50:31.342 [error] local node self-trust was not added: node signing public-key artifact is absent — continuing with configured trusted identities
05:50:31.343 [error] local node self-trust was not added: node signing public-key artifact is absent — continuing with configured trusted identities
05:50:31.354 [error] local node self-trust was not added: node signing public-key artifact is absent — continuing with configured trusted identities
05:50:31.358 [error] local node self-trust was not added: node signing public-key artifact is absent — continuing with configured trusted identities
05:50:31.367 [error] local node self-trust was not added: node signing public-key artifact is absent — continuing with configured trusted identities
05:50:31.374 [error] local node self-trust was not added: node signing public-key artifact is absent — continuing with configured trusted identities
05:50:31.379 [error] local node self-trust was not added: node signing public-key artifact is absent — continuing with configured trusted identities
05:50:31.386 [error] local node self-trust was not added: node signing public-key artifact is absent — continuing with configured trusted identities
05:50:31.397 [error] local node self-trust was not added: node signing public-key artifact is absent — continuing with configured trusted identities
05:50:31.402 [error] local node self-trust was not added: node signing public-key artifact is absent — continuing with configured trusted identities
05:50:31.405 [error] local node self-trust was not added: node signing public-key artifact is absent — continuing with configured trusted identities
05:50:31.426 [error] local node self-trust was not added: node signing public-key artifact is absent — continuing with configured trusted identities
.05:50:31.441 [error] local node self-trust was not added: node signing public-key artifact is absent — continuing with configured trusted identities
05:50:31.442 [error] local node self-trust was not added: node signing public-key artifact is absent — continuing with configured trusted identities
05:50:31.445 [error] local node self-trust was not added: node signing public-key artifact is absent — continuing with configured trusted identities
05:50:31.447 [error] local node self-trust was not added: node signing public-key artifact is absent — continuing with configured trusted identities
05:50:31.464 [error] local node self-trust was not added: node signing public-key artifact is absent — continuing with configured trusted identities
.05:50:31.476 [error] local node self-trust was not added: node signing public-key artifact is absent — continuing with configured trusted identities
05:50:31.476 [error] local node self-trust was not added: node signing public-key artifact is absent — continuing with configured trusted identities
05:50:31.481 [error] local node self-trust was not added: node signing public-key artifact is absent — continuing with configured trusted identities
05:50:31.484 [error] local node self-trust was not added: node signing public-key artifact is absent — continuing with configured trusted identities
05:50:31.488 [error] local node self-trust was not added: node signing public-key artifact is absent — continuing with configured trusted identities
05:50:31.490 [error] local node self-trust was not added: node signing public-key artifact is absent — continuing with configured trusted identities
05:50:31.492 [error] local node self-trust was not added: node signing public-key artifact is absent — continuing with configured trusted identities
05:50:31.495 [error] local node self-trust was not added: node signing public-key artifact is absent — continuing with configured trusted identities
05:50:31.499 [error] local node self-trust was not added: node signing public-key artifact is absent — continuing with configured trusted identities
05:50:31.501 [error] local node self-trust was not added: node signing public-key artifact is absent — continuing with configured trusted identities
05:50:31.504 [error] local node self-trust was not added: node signing public-key artifact is absent — continuing with configured trusted identities
05:50:31.508 [error] local node self-trust was not added: node signing public-key artifact is absent — continuing with configured trusted identities
05:50:31.513 [warning] flock failed on /tmp/cp_sync_export_351316/new.txt: :enoent, proceeding without lock
05:50:31.516 [warning] flock failed on /tmp/cp_sync_export_351316/notes/todo.txt: :enoent, proceeding without lock
05:50:31.531 [error] local node self-trust was not added: node signing public-key artifact is absent — continuing with configured trusted identities
.05:50:31.541 [error] local node self-trust was not added: node signing public-key artifact is absent — continuing with configured trusted identities
05:50:31.542 [error] local node self-trust was not added: node signing public-key artifact is absent — continuing with configured trusted identities
05:50:31.544 [error] local node self-trust was not added: node signing public-key artifact is absent — continuing with configured trusted identities
05:50:31.546 [error] local node self-trust was not added: node signing public-key artifact is absent — continuing with configured trusted identities
05:50:31.564 [error] local node self-trust was not added: node signing public-key artifact is absent — continuing with configured trusted identities
.05:50:31.621 [error] local node self-trust was not added: node signing public-key artifact is absent — continuing with configured trusted identities
.05:50:31.733 [error] local node self-trust was not added: node signing public-key artifact is absent — continuing with configured trusted identities
05:50:31.838 [error] local node self-trust was not added: node signing public-key artifact is absent — continuing with configured trusted identities
.05:50:31.952 [error] local node self-trust was not added: node signing public-key artifact is absent — continuing with configured trusted identities
.05:50:32.062 [error] local node self-trust was not added: node signing public-key artifact is absent — continuing with configured trusted identities
.05:50:32.126 [error] local node self-trust was not added: node signing public-key artifact is absent — continuing with configured trusted identities
05:50:32.127 [error] local node self-trust was not added: node signing public-key artifact is absent — continuing with configured trusted identities
05:50:32.130 [error] local node self-trust was not added: node signing public-key artifact is absent — continuing with configured trusted identities
05:50:32.131 [error] local node self-trust was not added: node signing public-key artifact is absent — continuing with configured trusted identities
05:50:32.134 [error] local node self-trust was not added: node signing public-key artifact is absent — continuing with configured trusted identities
05:50:32.136 [error] local node self-trust was not added: node signing public-key artifact is absent — continuing with configured trusted identities
05:50:32.138 [error] local node self-trust was not added: node signing public-key artifact is absent — continuing with configured trusted identities
05:50:32.140 [error] local node self-trust was not added: node signing public-key artifact is absent — continuing with configured trusted identities
05:50:32.142 [error] local node self-trust was not added: node signing public-key artifact is absent — continuing with configured trusted identities
05:50:32.144 [error] local node self-trust was not added: node signing public-key artifact is absent — continuing with configured trusted identities
05:50:32.147 [warning] flock failed on /tmp/cp_rt_out_942694/docs/examples/hello.txt: :enoent, proceeding without lock
05:50:32.148 [warning] flock failed on /tmp/cp_rt_out_942694/docs/guide.txt: :enoent, proceeding without lock
05:50:32.150 [warning] flock failed on /tmp/cp_rt_out_942694/empty.txt: :enoent, proceeding without lock
05:50:32.151 [warning] flock failed on /tmp/cp_rt_out_942694/readme.txt: :enoent, proceeding without lock
05:50:32.164 [error] local node self-trust was not added: node signing public-key artifact is absent — continuing with configured trusted identities
.05:50:32.175 [error] local node self-trust was not added: node signing public-key artifact is absent — continuing with configured trusted identities
05:50:32.176 [error] local node self-trust was not added: node signing public-key artifact is absent — continuing with configured trusted identities
05:50:32.179 [error] local node self-trust was not added: node signing public-key artifact is absent — continuing with configured trusted identities
05:50:32.182 [error] local node self-trust was not added: node signing public-key artifact is absent — continuing with configured trusted identities
05:50:32.184 [warning] flock failed on /tmp/cp_rt_out_968190/special.txt: :enoent, proceeding without lock
05:50:32.196 [error] local node self-trust was not added: node signing public-key artifact is absent — continuing with configured trusted identities
......commonplace: :cx_a3fe_absent@commonplace (from /tmp/cx_x8jk_reach_failures_343108877/node_name) serves a DIFFERENT workspace — its data dir is "/other/data", not "/tmp/cx_x8jk_reach_failures_343108877". Ignoring it; that node_name file probably points at an orphan serve.
...................05:50:32.937 [error] local node self-trust was not added: node signing public-key artifact is absent — continuing with configured trusted identities
.05:50:32.952 [error] local node self-trust was not added: node signing public-key artifact is absent — continuing with configured trusted identities
05:50:32.955 [error] local node self-trust was not added: node signing public-key artifact is absent — continuing with configured trusted identities
05:50:32.957 [error] local node self-trust was not added: node signing public-key artifact is absent — continuing with configured trusted identities
05:50:32.959 [error] local node self-trust was not added: node signing public-key artifact is absent — continuing with configured trusted identities
05:50:32.962 [error] local node self-trust was not added: node signing public-key artifact is absent — continuing with configured trusted identities
05:50:32.965 [error] local node self-trust was not added: node signing public-key artifact is absent — continuing with configured trusted identities
05:50:32.968 [error] local node self-trust was not added: node signing public-key artifact is absent — continuing with configured trusted identities
05:50:32.971 [error] local node self-trust was not added: node signing public-key artifact is absent — continuing with configured trusted identities
05:50:32.974 [error] local node self-trust was not added: node signing public-key artifact is absent — continuing with configured trusted identities
05:50:32.979 [error] local node self-trust was not added: node signing public-key artifact is absent — continuing with configured trusted identities
05:50:32.983 [error] local node self-trust was not added: node signing public-key artifact is absent — continuing with configured trusted identities
05:50:32.992 [error] local node self-trust was not added: node signing public-key artifact is absent — continuing with configured trusted identities
05:50:32.996 [error] local node self-trust was not added: node signing public-key artifact is absent — continuing with configured trusted identities
05:50:33.000 [error] local node self-trust was not added: node signing public-key artifact is absent — continuing with configured trusted identities
05:50:33.003 [error] local node self-trust was not added: node signing public-key artifact is absent — continuing with configured trusted identities
05:50:33.007 [error] local node self-trust was not added: node signing public-key artifact is absent — continuing with configured trusted identities
.05:50:33.027 [error] local node self-trust was not added: node signing public-key artifact is absent — continuing with configured trusted identities
.05:50:33.034 [error] local node self-trust was not added: node signing public-key artifact is absent — continuing with configured trusted identities
.05:50:33.043 [error] local node self-trust was not added: node signing public-key artifact is absent — continuing with configured trusted identities
05:50:33.046 [error] local node self-trust was not added: node signing public-key artifact is absent — continuing with configured trusted identities
05:50:33.049 [error] local node self-trust was not added: node signing public-key artifact is absent — continuing with configured trusted identities
05:50:33.052 [error] local node self-trust was not added: node signing public-key artifact is absent — continuing with configured trusted identities
05:50:33.057 [error] local node self-trust was not added: node signing public-key artifact is absent — continuing with configured trusted identities
05:50:33.061 [error] local node self-trust was not added: node signing public-key artifact is absent — continuing with configured trusted identities
05:50:33.065 [error] local node self-trust was not added: node signing public-key artifact is absent — continuing with configured trusted identities
05:50:33.068 [error] local node self-trust was not added: node signing public-key artifact is absent — continuing with configured trusted identities
05:50:33.073 [error] local node self-trust was not added: node signing public-key artifact is absent — continuing with configured trusted identities
05:50:33.076 [error] local node self-trust was not added: node signing public-key artifact is absent — continuing with configured trusted identities
05:50:33.080 [error] local node self-trust was not added: node signing public-key artifact is absent — continuing with configured trusted identities
05:50:33.084 [error] local node self-trust was not added: node signing public-key artifact is absent — continuing with configured trusted identities
05:50:33.087 [error] local node self-trust was not added: node signing public-key artifact is absent — continuing with configured trusted identities
05:50:33.090 [error] local node self-trust was not added: node signing public-key artifact is absent — continuing with configured trusted identities
05:50:33.092 [error] local node self-trust was not added: node signing public-key artifact is absent — continuing with configured trusted identities
05:50:33.098 [error] local node self-trust was not added: node signing public-key artifact is absent — continuing with configured trusted identities
05:50:33.104 [error] local node self-trust was not added: node signing public-key artifact is absent — continuing with configured trusted identities
05:50:33.106 [error] local node self-trust was not added: node signing public-key artifact is absent — continuing with configured trusted identities
05:50:33.110 [error] local node self-trust was not added: node signing public-key artifact is absent — continuing with configured trusted identities
05:50:33.112 [error] local node self-trust was not added: node signing public-key artifact is absent — continuing with configured trusted identities
05:50:33.117 [error] local node self-trust was not added: node signing public-key artifact is absent — continuing with configured trusted identities
05:50:33.123 [error] local node self-trust was not added: node signing public-key artifact is absent — continuing with configured trusted identities
.05:50:33.134 [error] local node self-trust was not added: node signing public-key artifact is absent — continuing with configured trusted identities
.05:50:33.143 [error] local node self-trust was not added: node signing public-key artifact is absent — continuing with configured trusted identities
.05:50:33.154 [error] local node self-trust was not added: node signing public-key artifact is absent — continuing with configured trusted identities
05:50:33.157 [error] local node self-trust was not added: node signing public-key artifact is absent — continuing with configured trusted identities
05:50:33.159 [error] local node self-trust was not added: node signing public-key artifact is absent — continuing with configured trusted identities
05:50:33.162 [error] local node self-trust was not added: node signing public-key artifact is absent — continuing with configured trusted identities
05:50:33.166 [error] local node self-trust was not added: node signing public-key artifact is absent — continuing with configured trusted identities
05:50:33.169 [error] local node self-trust was not added: node signing public-key artifact is absent — continuing with configured trusted identities
05:50:33.172 [error] local node self-trust was not added: node signing public-key artifact is absent — continuing with configured trusted identities
05:50:33.175 [error] local node self-trust was not added: node signing public-key artifact is absent — continuing with configured trusted identities
05:50:33.178 [error] local node self-trust was not added: node signing public-key artifact is absent — continuing with configured trusted identities
05:50:33.181 [error] local node self-trust was not added: node signing public-key artifact is absent — continuing with configured trusted identities
05:50:33.184 [error] local node self-trust was not added: node signing public-key artifact is absent — continuing with configured trusted identities
.05:50:33.195 [error] local node self-trust was not added: node signing public-key artifact is absent — continuing with configured trusted identities
05:50:33.197 [error] local node self-trust was not added: node signing public-key artifact is absent — continuing with configured trusted identities
05:50:33.201 [error] local node self-trust was not added: node signing public-key artifact is absent — continuing with configured trusted identities
05:50:33.204 [error] local node self-trust was not added: node signing public-key artifact is absent — continuing with configured trusted identities
05:50:33.208 [error] local node self-trust was not added: node signing public-key artifact is absent — continuing with configured trusted identities
05:50:33.210 [error] local node self-trust was not added: node signing public-key artifact is absent — continuing with configured trusted identities
05:50:33.212 [error] local node self-trust was not added: node signing public-key artifact is absent — continuing with configured trusted identities
05:50:33.214 [error] local node self-trust was not added: node signing public-key artifact is absent — continuing with configured trusted identities
05:50:33.217 [error] local node self-trust was not added: node signing public-key artifact is absent — continuing with configured trusted identities
05:50:33.219 [error] local node self-trust was not added: node signing public-key artifact is absent — continuing with configured trusted identities
05:50:33.223 [error] local node self-trust was not added: node signing public-key artifact is absent — continuing with configured trusted identities
05:50:33.228 [error] local node self-trust was not added: node signing public-key artifact is absent — continuing with configured trusted identities
05:50:33.231 [error] local node self-trust was not added: node signing public-key artifact is absent — continuing with configured trusted identities
05:50:33.234 [error] local node self-trust was not added: node signing public-key artifact is absent — continuing with configured trusted identities
05:50:33.238 [error] local node self-trust was not added: node signing public-key artifact is absent — continuing with configured trusted identities
05:50:33.243 [error] local node self-trust was not added: node signing public-key artifact is absent — continuing with configured trusted identities
05:50:33.273 [error] local node self-trust was not added: node signing public-key artifact is absent — continuing with configured trusted identities
.05:50:33.283 [error] local node self-trust was not added: node signing public-key artifact is absent — continuing with configured trusted identities
05:50:33.285 [error] local node self-trust was not added: node signing public-key artifact is absent — continuing with configured trusted identities
05:50:33.286 [error] local node self-trust was not added: node signing public-key artifact is absent — continuing with configured trusted identities
05:50:33.288 [error] local node self-trust was not added: node signing public-key artifact is absent — continuing with configured trusted identities
05:50:33.290 [error] local node self-trust was not added: node signing public-key artifact is absent — continuing with configured trusted identities
05:50:33.291 [error] local node self-trust was not added: node signing public-key artifact is absent — continuing with configured trusted identities
05:50:33.293 [error] local node self-trust was not added: node signing public-key artifact is absent — continuing with configured trusted identities
05:50:33.295 [error] local node self-trust was not added: node signing public-key artifact is absent — continuing with configured trusted identities
05:50:33.297 [error] local node self-trust was not added: node signing public-key artifact is absent — continuing with configured trusted identities
05:50:33.300 [error] local node self-trust was not added: node signing public-key artifact is absent — continuing with configured trusted identities
05:50:33.302 [error] local node self-trust was not added: node signing public-key artifact is absent — continuing with configured trusted identities
05:50:33.305 [error] local node self-trust was not added: node signing public-key artifact is absent — continuing with configured trusted identities
05:50:33.307 [error] local node self-trust was not added: node signing public-key artifact is absent — continuing with configured trusted identities
05:50:33.309 [error] local node self-trust was not added: node signing public-key artifact is absent — continuing with configured trusted identities
05:50:33.311 [error] local node self-trust was not added: node signing public-key artifact is absent — continuing with configured trusted identities
05:50:33.314 [error] local node self-trust was not added: node signing public-key artifact is absent — continuing with configured trusted identities
05:50:33.318 [error] local node self-trust was not added: node signing public-key artifact is absent — continuing with configured trusted identities
05:50:33.321 [error] local node self-trust was not added: node signing public-key artifact is absent — continuing with configured trusted identities
05:50:33.323 [error] local node self-trust was not added: node signing public-key artifact is absent — continuing with configured trusted identities
05:50:33.326 [error] local node self-trust was not added: node signing public-key artifact is absent — continuing with configured trusted identities
05:50:33.329 [error] local node self-trust was not added: node signing public-key artifact is absent — continuing with configured trusted identities
.
Finished in 5.1 seconds (2.1s async, 3.0s sync)
121 tests, 0 failures
real 7.09
user 6.10
sys 1.33
