==> commonplace
make: Nothing to be done for 'all'.
==> commonplace_cli
Running ExUnit with seed: 595427, max_cases: 8

.............................05:51:08.020 [error] local node self-trust was not added: node signing public-key artifact is absent — continuing with configured trusted identities
05:51:08.050 [error] local node self-trust was not added: node signing public-key artifact is absent — continuing with configured trusted identities
05:51:08.052 [error] local node self-trust was not added: node signing public-key artifact is absent — continuing with configured trusted identities
05:51:08.056 [error] local node self-trust was not added: node signing public-key artifact is absent — continuing with configured trusted identities
05:51:08.059 [error] local node self-trust was not added: node signing public-key artifact is absent — continuing with configured trusted identities
05:51:08.064 [error] local node self-trust was not added: node signing public-key artifact is absent — continuing with configured trusted identities
05:51:08.068 [error] local node self-trust was not added: node signing public-key artifact is absent — continuing with configured trusted identities
.05:51:08.085 [error] local node self-trust was not added: node signing public-key artifact is absent — continuing with configured trusted identities
.05:51:08.095 [error] local node self-trust was not added: node signing public-key artifact is absent — continuing with configured trusted identities
05:51:08.099 [error] local node self-trust was not added: node signing public-key artifact is absent — continuing with configured trusted identities
05:51:08.102 [error] local node self-trust was not added: node signing public-key artifact is absent — continuing with configured trusted identities
05:51:08.103 [error] local node self-trust was not added: node signing public-key artifact is absent — continuing with configured trusted identities
05:51:08.108 [error] local node self-trust was not added: node signing public-key artifact is absent — continuing with configured trusted identities
05:51:08.112 [error] local node self-trust was not added: node signing public-key artifact is absent — continuing with configured trusted identities
05:51:08.119 [error] local node self-trust was not added: node signing public-key artifact is absent — continuing with configured trusted identities
.05:51:08.131 [error] local node self-trust was not added: node signing public-key artifact is absent — continuing with configured trusted identities
05:51:08.138 [error] local node self-trust was not added: node signing public-key artifact is absent — continuing with configured trusted identities
05:51:08.145 [error] local node self-trust was not added: node signing public-key artifact is absent — continuing with configured trusted identities
05:51:08.152 [error] local node self-trust was not added: node signing public-key artifact is absent — continuing with configured trusted identities
05:51:08.157 [error] local node self-trust was not added: node signing public-key artifact is absent — continuing with configured trusted identities
.05:51:08.184 [error] local node self-trust was not added: node signing public-key artifact is absent — continuing with configured trusted identities
05:51:08.185 [error] local node self-trust was not added: node signing public-key artifact is absent — continuing with configured trusted identities
05:51:08.208 [error] local node self-trust was not added: node signing public-key artifact is absent — continuing with configured trusted identities
05:51:08.212 [error] local node self-trust was not added: node signing public-key artifact is absent — continuing with configured trusted identities
05:51:08.230 [error] local node self-trust was not added: node signing public-key artifact is absent — continuing with configured trusted identities
.05:51:08.240 [error] local node self-trust was not added: node signing public-key artifact is absent — continuing with configured trusted identities
05:51:08.242 [error] local node self-trust was not added: node signing public-key artifact is absent — continuing with configured trusted identities
05:51:08.246 [error] local node self-trust was not added: node signing public-key artifact is absent — continuing with configured trusted identities
05:51:08.248 [error] local node self-trust was not added: node signing public-key artifact is absent — continuing with configured trusted identities
05:51:08.252 [error] local node self-trust was not added: node signing public-key artifact is absent — continuing with configured trusted identities
05:51:08.257 [error] local node self-trust was not added: node signing public-key artifact is absent — continuing with configured trusted identities
05:51:08.260 [error] local node self-trust was not added: node signing public-key artifact is absent — continuing with configured trusted identities
05:51:08.264 [error] local node self-trust was not added: node signing public-key artifact is absent — continuing with configured trusted identities
05:51:08.278 [error] local node self-trust was not added: node signing public-key artifact is absent — continuing with configured trusted identities
05:51:08.282 [error] local node self-trust was not added: node signing public-key artifact is absent — continuing with configured trusted identities
05:51:08.286 [error] local node self-trust was not added: node signing public-key artifact is absent — continuing with configured trusted identities
05:51:08.309 [error] local node self-trust was not added: node signing public-key artifact is absent — continuing with configured trusted identities
.05:51:08.318 [error] local node self-trust was not added: node signing public-key artifact is absent — continuing with configured trusted identities
05:51:08.319 [error] local node self-trust was not added: node signing public-key artifact is absent — continuing with configured trusted identities
05:51:08.322 [error] local node self-trust was not added: node signing public-key artifact is absent — continuing with configured trusted identities
05:51:08.324 [error] local node self-trust was not added: node signing public-key artifact is absent — continuing with configured trusted identities
05:51:08.327 [error] local node self-trust was not added: node signing public-key artifact is absent — continuing with configured trusted identities
05:51:08.329 [error] local node self-trust was not added: node signing public-key artifact is absent — continuing with configured trusted identities
05:51:08.332 [error] local node self-trust was not added: node signing public-key artifact is absent — continuing with configured trusted identities
05:51:08.334 [error] local node self-trust was not added: node signing public-key artifact is absent — continuing with configured trusted identities
05:51:08.338 [error] local node self-trust was not added: node signing public-key artifact is absent — continuing with configured trusted identities
05:51:08.344 [error] local node self-trust was not added: node signing public-key artifact is absent — continuing with configured trusted identities
05:51:08.347 [error] local node self-trust was not added: node signing public-key artifact is absent — continuing with configured trusted identities
05:51:08.356 [error] local node self-trust was not added: node signing public-key artifact is absent — continuing with configured trusted identities
05:51:08.371 [warning] flock failed on /tmp/cp_sync_export_479825/new.txt: :enoent, proceeding without lock
05:51:08.374 [warning] flock failed on /tmp/cp_sync_export_479825/notes/todo.txt: :enoent, proceeding without lock
05:51:08.388 [error] local node self-trust was not added: node signing public-key artifact is absent — continuing with configured trusted identities
.05:51:08.398 [error] local node self-trust was not added: node signing public-key artifact is absent — continuing with configured trusted identities
05:51:08.398 [error] local node self-trust was not added: node signing public-key artifact is absent — continuing with configured trusted identities
05:51:08.402 [error] local node self-trust was not added: node signing public-key artifact is absent — continuing with configured trusted identities
05:51:08.405 [error] local node self-trust was not added: node signing public-key artifact is absent — continuing with configured trusted identities
05:51:08.430 [error] local node self-trust was not added: node signing public-key artifact is absent — continuing with configured trusted identities
......commonplace: :cx_a3fe_absent@commonplace (from /tmp/cx_x8jk_reach_failures_210165223/node_name) serves a DIFFERENT workspace — its data dir is "/other/data", not "/tmp/cx_x8jk_reach_failures_210165223". Ignoring it; that node_name file probably points at an orphan serve.
.................05:51:09.164 [error] local node self-trust was not added: node signing public-key artifact is absent — continuing with configured trusted identities
.05:51:09.185 [error] local node self-trust was not added: node signing public-key artifact is absent — continuing with configured trusted identities
05:51:09.204 [error] local node self-trust was not added: node signing public-key artifact is absent — continuing with configured trusted identities
05:51:09.206 [error] local node self-trust was not added: node signing public-key artifact is absent — continuing with configured trusted identities
05:51:09.208 [error] local node self-trust was not added: node signing public-key artifact is absent — continuing with configured trusted identities
05:51:09.210 [error] local node self-trust was not added: node signing public-key artifact is absent — continuing with configured trusted identities
05:51:09.213 [error] local node self-trust was not added: node signing public-key artifact is absent — continuing with configured trusted identities
05:51:09.217 [error] local node self-trust was not added: node signing public-key artifact is absent — continuing with configured trusted identities
05:51:09.219 [error] local node self-trust was not added: node signing public-key artifact is absent — continuing with configured trusted identities
05:51:09.223 [error] local node self-trust was not added: node signing public-key artifact is absent — continuing with configured trusted identities
05:51:09.225 [error] local node self-trust was not added: node signing public-key artifact is absent — continuing with configured trusted identities
05:51:09.230 [error] local node self-trust was not added: node signing public-key artifact is absent — continuing with configured trusted identities
05:51:09.239 [error] local node self-trust was not added: node signing public-key artifact is absent — continuing with configured trusted identities
05:51:09.242 [error] local node self-trust was not added: node signing public-key artifact is absent — continuing with configured trusted identities
05:51:09.244 [error] local node self-trust was not added: node signing public-key artifact is absent — continuing with configured trusted identities
05:51:09.249 [error] local node self-trust was not added: node signing public-key artifact is absent — continuing with configured trusted identities
05:51:09.252 [error] local node self-trust was not added: node signing public-key artifact is absent — continuing with configured trusted identities
05:51:09.257 [error] local node self-trust was not added: node signing public-key artifact is absent — continuing with configured trusted identities
05:51:09.261 [error] local node self-trust was not added: node signing public-key artifact is absent — continuing with configured trusted identities
05:51:09.264 [error] local node self-trust was not added: node signing public-key artifact is absent — continuing with configured trusted identities
05:51:09.267 [error] local node self-trust was not added: node signing public-key artifact is absent — continuing with configured trusted identities
05:51:09.271 [error] local node self-trust was not added: node signing public-key artifact is absent — continuing with configured trusted identities
.05:51:09.288 [error] local node self-trust was not added: node signing public-key artifact is absent — continuing with configured trusted identities
05:51:09.291 [error] local node self-trust was not added: node signing public-key artifact is absent — continuing with configured trusted identities
05:51:09.292 [error] local node self-trust was not added: node signing public-key artifact is absent — continuing with configured trusted identities
05:51:09.299 [error] local node self-trust was not added: node signing public-key artifact is absent — continuing with configured trusted identities
05:51:09.301 [error] local node self-trust was not added: node signing public-key artifact is absent — continuing with configured trusted identities
05:51:09.304 [error] local node self-trust was not added: node signing public-key artifact is absent — continuing with configured trusted identities
05:51:09.306 [error] local node self-trust was not added: node signing public-key artifact is absent — continuing with configured trusted identities
05:51:09.314 [error] local node self-trust was not added: node signing public-key artifact is absent — continuing with configured trusted identities
05:51:09.316 [error] local node self-trust was not added: node signing public-key artifact is absent — continuing with configured trusted identities
05:51:09.319 [error] local node self-trust was not added: node signing public-key artifact is absent — continuing with configured trusted identities
05:51:09.322 [error] local node self-trust was not added: node signing public-key artifact is absent — continuing with configured trusted identities
05:51:09.326 [error] local node self-trust was not added: node signing public-key artifact is absent — continuing with configured trusted identities
05:51:09.329 [error] local node self-trust was not added: node signing public-key artifact is absent — continuing with configured trusted identities
05:51:09.331 [error] local node self-trust was not added: node signing public-key artifact is absent — continuing with configured trusted identities
05:51:09.333 [error] local node self-trust was not added: node signing public-key artifact is absent — continuing with configured trusted identities
05:51:09.336 [error] local node self-trust was not added: node signing public-key artifact is absent — continuing with configured trusted identities
.05:51:09.348 [error] local node self-trust was not added: node signing public-key artifact is absent — continuing with configured trusted identities
05:51:09.351 [error] local node self-trust was not added: node signing public-key artifact is absent — continuing with configured trusted identities
05:51:09.356 [error] local node self-trust was not added: node signing public-key artifact is absent — continuing with configured trusted identities
05:51:09.361 [error] local node self-trust was not added: node signing public-key artifact is absent — continuing with configured trusted identities
05:51:09.366 [error] local node self-trust was not added: node signing public-key artifact is absent — continuing with configured trusted identities
05:51:09.369 [error] local node self-trust was not added: node signing public-key artifact is absent — continuing with configured trusted identities
05:51:09.372 [error] local node self-trust was not added: node signing public-key artifact is absent — continuing with configured trusted identities
05:51:09.376 [error] local node self-trust was not added: node signing public-key artifact is absent — continuing with configured trusted identities
05:51:09.378 [error] local node self-trust was not added: node signing public-key artifact is absent — continuing with configured trusted identities
05:51:09.381 [error] local node self-trust was not added: node signing public-key artifact is absent — continuing with configured trusted identities
05:51:09.385 [error] local node self-trust was not added: node signing public-key artifact is absent — continuing with configured trusted identities
.05:51:09.393 [error] local node self-trust was not added: node signing public-key artifact is absent — continuing with configured trusted identities
05:51:09.396 [error] local node self-trust was not added: node signing public-key artifact is absent — continuing with configured trusted identities
05:51:09.399 [error] local node self-trust was not added: node signing public-key artifact is absent — continuing with configured trusted identities
05:51:09.402 [error] local node self-trust was not added: node signing public-key artifact is absent — continuing with configured trusted identities
05:51:09.404 [error] local node self-trust was not added: node signing public-key artifact is absent — continuing with configured trusted identities
05:51:09.406 [error] local node self-trust was not added: node signing public-key artifact is absent — continuing with configured trusted identities
05:51:09.408 [error] local node self-trust was not added: node signing public-key artifact is absent — continuing with configured trusted identities
05:51:09.411 [error] local node self-trust was not added: node signing public-key artifact is absent — continuing with configured trusted identities
05:51:09.416 [error] local node self-trust was not added: node signing public-key artifact is absent — continuing with configured trusted identities
05:51:09.420 [error] local node self-trust was not added: node signing public-key artifact is absent — continuing with configured trusted identities
05:51:09.423 [error] local node self-trust was not added: node signing public-key artifact is absent — continuing with configured trusted identities
05:51:09.429 [error] local node self-trust was not added: node signing public-key artifact is absent — continuing with configured trusted identities
05:51:09.433 [error] local node self-trust was not added: node signing public-key artifact is absent — continuing with configured trusted identities
05:51:09.437 [error] local node self-trust was not added: node signing public-key artifact is absent — continuing with configured trusted identities
05:51:09.442 [error] local node self-trust was not added: node signing public-key artifact is absent — continuing with configured trusted identities
05:51:09.447 [error] local node self-trust was not added: node signing public-key artifact is absent — continuing with configured trusted identities
05:51:09.482 [error] local node self-trust was not added: node signing public-key artifact is absent — continuing with configured trusted identities
.05:51:09.497 [error] local node self-trust was not added: node signing public-key artifact is absent — continuing with configured trusted identities
.05:51:09.507 [error] local node self-trust was not added: node signing public-key artifact is absent — continuing with configured trusted identities
.05:51:09.516 [error] local node self-trust was not added: node signing public-key artifact is absent — continuing with configured trusted identities
.05:51:09.527 [error] local node self-trust was not added: node signing public-key artifact is absent — continuing with configured trusted identities
05:51:09.530 [error] local node self-trust was not added: node signing public-key artifact is absent — continuing with configured trusted identities
05:51:09.532 [error] local node self-trust was not added: node signing public-key artifact is absent — continuing with configured trusted identities
05:51:09.535 [error] local node self-trust was not added: node signing public-key artifact is absent — continuing with configured trusted identities
05:51:09.537 [error] local node self-trust was not added: node signing public-key artifact is absent — continuing with configured trusted identities
05:51:09.541 [error] local node self-trust was not added: node signing public-key artifact is absent — continuing with configured trusted identities
05:51:09.543 [error] local node self-trust was not added: node signing public-key artifact is absent — continuing with configured trusted identities
05:51:09.545 [error] local node self-trust was not added: node signing public-key artifact is absent — continuing with configured trusted identities
05:51:09.547 [error] local node self-trust was not added: node signing public-key artifact is absent — continuing with configured trusted identities
05:51:09.550 [error] local node self-trust was not added: node signing public-key artifact is absent — continuing with configured trusted identities
05:51:09.554 [error] local node self-trust was not added: node signing public-key artifact is absent — continuing with configured trusted identities
05:51:09.557 [error] local node self-trust was not added: node signing public-key artifact is absent — continuing with configured trusted identities
05:51:09.559 [error] local node self-trust was not added: node signing public-key artifact is absent — continuing with configured trusted identities
05:51:09.561 [error] local node self-trust was not added: node signing public-key artifact is absent — continuing with configured trusted identities
05:51:09.563 [error] local node self-trust was not added: node signing public-key artifact is absent — continuing with configured trusted identities
05:51:09.566 [error] local node self-trust was not added: node signing public-key artifact is absent — continuing with configured trusted identities
05:51:09.569 [error] local node self-trust was not added: node signing public-key artifact is absent — continuing with configured trusted identities
05:51:09.572 [error] local node self-trust was not added: node signing public-key artifact is absent — continuing with configured trusted identities
05:51:09.576 [error] local node self-trust was not added: node signing public-key artifact is absent — continuing with configured trusted identities
05:51:09.578 [error] local node self-trust was not added: node signing public-key artifact is absent — continuing with configured trusted identities
05:51:09.582 [error] local node self-trust was not added: node signing public-key artifact is absent — continuing with configured trusted identities
05:51:09.588 [error] local node self-trust was not added: node signing public-key artifact is absent — continuing with configured trusted identities
.05:51:09.601 [error] local node self-trust was not added: node signing public-key artifact is absent — continuing with configured trusted identities
..05:51:09.618 [error] local node self-trust was not added: node signing public-key artifact is absent — continuing with configured trusted identities
05:51:09.618 [error] local node self-trust was not added: node signing public-key artifact is absent — continuing with configured trusted identities
05:51:09.622 [error] local node self-trust was not added: node signing public-key artifact is absent — continuing with configured trusted identities
05:51:09.625 [error] local node self-trust was not added: node signing public-key artifact is absent — continuing with configured trusted identities
05:51:09.628 [warning] flock failed on /tmp/cp_rt_out_448487/special.txt: :enoent, proceeding without lock
05:51:09.648 [error] local node self-trust was not added: node signing public-key artifact is absent — continuing with configured trusted identities
.05:51:09.662 [error] local node self-trust was not added: node signing public-key artifact is absent — continuing with configured trusted identities
05:51:09.663 [error] local node self-trust was not added: node signing public-key artifact is absent — continuing with configured trusted identities
05:51:09.667 [error] local node self-trust was not added: node signing public-key artifact is absent — continuing with configured trusted identities
05:51:09.672 [error] local node self-trust was not added: node signing public-key artifact is absent — continuing with configured trusted identities
05:51:09.674 [error] local node self-trust was not added: node signing public-key artifact is absent — continuing with configured trusted identities
05:51:09.676 [error] local node self-trust was not added: node signing public-key artifact is absent — continuing with configured trusted identities
05:51:09.680 [error] local node self-trust was not added: node signing public-key artifact is absent — continuing with configured trusted identities
05:51:09.685 [error] local node self-trust was not added: node signing public-key artifact is absent — continuing with configured trusted identities
05:51:09.688 [error] local node self-trust was not added: node signing public-key artifact is absent — continuing with configured trusted identities
05:51:09.691 [error] local node self-trust was not added: node signing public-key artifact is absent — continuing with configured trusted identities
05:51:09.695 [warning] flock failed on /tmp/cp_rt_out_10323/docs/examples/hello.txt: :enoent, proceeding without lock
05:51:09.696 [warning] flock failed on /tmp/cp_rt_out_10323/docs/guide.txt: :enoent, proceeding without lock
05:51:09.698 [warning] flock failed on /tmp/cp_rt_out_10323/empty.txt: :enoent, proceeding without lock
05:51:09.699 [warning] flock failed on /tmp/cp_rt_out_10323/readme.txt: :enoent, proceeding without lock
05:51:09.713 [error] local node self-trust was not added: node signing public-key artifact is absent — continuing with configured trusted identities
.05:51:09.773 [error] local node self-trust was not added: node signing public-key artifact is absent — continuing with configured trusted identities
.05:51:09.886 [error] local node self-trust was not added: node signing public-key artifact is absent — continuing with configured trusted identities
.05:51:10.002 [error] local node self-trust was not added: node signing public-key artifact is absent — continuing with configured trusted identities
.05:51:10.113 [error] local node self-trust was not added: node signing public-key artifact is absent — continuing with configured trusted identities
05:51:10.225 [error] local node self-trust was not added: node signing public-key artifact is absent — continuing with configured trusted identities
..05:51:10.288 [error] local node self-trust was not added: node signing public-key artifact is absent — continuing with configured trusted identities
.05:51:10.295 [error] local node self-trust was not added: node signing public-key artifact is absent — continuing with configured trusted identities
.05:51:10.306 [error] local node self-trust was not added: node signing public-key artifact is absent — continuing with configured trusted identities
......05:51:10.552 [error] local node self-trust was not added: node signing public-key artifact is absent — continuing with configured trusted identities
.05:51:10.570 [error] local node self-trust was not added: node signing public-key artifact is absent — continuing with configured trusted identities
..05:51:10.587 [error] local node self-trust was not added: node signing public-key artifact is absent — continuing with configured trusted identities
.05:51:10.596 [error] local node self-trust was not added: node signing public-key artifact is absent — continuing with configured trusted identities
.05:51:10.603 [error] local node self-trust was not added: node signing public-key artifact is absent — continuing with configured trusted identities
.05:51:10.622 [error] local node self-trust was not added: node signing public-key artifact is absent — continuing with configured trusted identities
05:51:10.655 [error] local node self-trust was not added: node signing public-key artifact is absent — continuing with configured trusted identities
.05:51:10.670 [error] local node self-trust was not added: node signing public-key artifact is absent — continuing with configured trusted identities
05:51:10.670 [error] local node self-trust was not added: node signing public-key artifact is absent — continuing with configured trusted identities
05:51:10.677 [error] local node self-trust was not added: node signing public-key artifact is absent — continuing with configured trusted identities
05:51:10.683 [error] local node self-trust was not added: node signing public-key artifact is absent — continuing with configured trusted identities
05:51:10.720 [error] local node self-trust was not added: node signing public-key artifact is absent — continuing with configured trusted identities
.05:51:10.733 [error] local node self-trust was not added: node signing public-key artifact is absent — continuing with configured trusted identities
05:51:10.734 [error] local node self-trust was not added: node signing public-key artifact is absent — continuing with configured trusted identities
05:51:10.740 [error] local node self-trust was not added: node signing public-key artifact is absent — continuing with configured trusted identities
05:51:10.742 [error] local node self-trust was not added: node signing public-key artifact is absent — continuing with configured trusted identities
05:51:10.745 [error] local node self-trust was not added: node signing public-key artifact is absent — continuing with configured trusted identities
05:51:10.767 [error] local node self-trust was not added: node signing public-key artifact is absent — continuing with configured trusted identities
.05:51:10.780 [error] local node self-trust was not added: node signing public-key artifact is absent — continuing with configured trusted identities
05:51:10.781 [error] local node self-trust was not added: node signing public-key artifact is absent — continuing with configured trusted identities
05:51:10.804 [error] local node self-trust was not added: node signing public-key artifact is absent — continuing with configured trusted identities
.05:51:10.821 [error] local node self-trust was not added: node signing public-key artifact is absent — continuing with configured trusted identities
05:51:10.822 [error] local node self-trust was not added: node signing public-key artifact is absent — continuing with configured trusted identities
05:51:10.840 [error] local node self-trust was not added: node signing public-key artifact is absent — continuing with configured trusted identities
05:51:10.845 [error] local node self-trust was not added: node signing public-key artifact is absent — continuing with configured trusted identities
05:51:10.850 [error] local node self-trust was not added: node signing public-key artifact is absent — continuing with configured trusted identities
05:51:10.852 [error] local node self-trust was not added: node signing public-key artifact is absent — continuing with configured trusted identities
05:51:10.882 [error] local node self-trust was not added: node signing public-key artifact is absent — continuing with configured trusted identities
.05:51:10.904 [error] local node self-trust was not added: node signing public-key artifact is absent — continuing with configured trusted identities
05:51:10.905 [error] local node self-trust was not added: node signing public-key artifact is absent — continuing with configured trusted identities
05:51:10.923 [error] local node self-trust was not added: node signing public-key artifact is absent — continuing with configured trusted identities
.05:51:10.947 [error] local node self-trust was not added: node signing public-key artifact is absent — continuing with configured trusted identities
05:51:10.948 [error] local node self-trust was not added: node signing public-key artifact is absent — continuing with configured trusted identities
05:51:10.951 [error] local node self-trust was not added: node signing public-key artifact is absent — continuing with configured trusted identities
05:51:10.954 [error] local node self-trust was not added: node signing public-key artifact is absent — continuing with configured trusted identities
05:51:10.958 [error] local node self-trust was not added: node signing public-key artifact is absent — continuing with configured trusted identities
05:51:10.959 [error] local node self-trust was not added: node signing public-key artifact is absent — continuing with configured trusted identities
05:51:10.962 [error] local node self-trust was not added: node signing public-key artifact is absent — continuing with configured trusted identities
05:51:10.964 [error] local node self-trust was not added: node signing public-key artifact is absent — continuing with configured trusted identities
05:51:10.970 [error] local node self-trust was not added: node signing public-key artifact is absent — continuing with configured trusted identities
05:51:10.994 [error] local node self-trust was not added: node signing public-key artifact is absent — continuing with configured trusted identities
....05:51:11.021 [error] local node self-trust was not added: node signing public-key artifact is absent — continuing with configured trusted identities
05:51:11.028 [error] local node self-trust was not added: node signing public-key artifact is absent — continuing with configured trusted identities
05:51:11.034 [error] local node self-trust was not added: node signing public-key artifact is absent — continuing with configured trusted identities
05:51:11.045 [error] local node self-trust was not added: node signing public-key artifact is absent — continuing with configured trusted identities
.05:51:11.049 [error] local node self-trust was not added: node signing public-key artifact is absent — continuing with configured trusted identities
05:51:11.052 [error] local node self-trust was not added: node signing public-key artifact is absent — continuing with configured trusted identities
05:51:11.056 [error] local node self-trust was not added: node signing public-key artifact is absent — continuing with configured trusted identities
05:51:11.062 [error] local node self-trust was not added: node signing public-key artifact is absent — continuing with configured trusted identities
.05:51:11.066 [error] local node self-trust was not added: node signing public-key artifact is absent — continuing with configured trusted identities
05:51:11.072 [error] local node self-trust was not added: node signing public-key artifact is absent — continuing with configured trusted identities
05:51:11.075 [error] local node self-trust was not added: node signing public-key artifact is absent — continuing with configured trusted identities
.05:51:11.089 [error] local node self-trust was not added: node signing public-key artifact is absent — continuing with configured trusted identities
05:51:11.091 [error] local node self-trust was not added: node signing public-key artifact is absent — continuing with configured trusted identities
05:51:11.093 [error] local node self-trust was not added: node signing public-key artifact is absent — continuing with configured trusted identities
05:51:11.102 [error] local node self-trust was not added: node signing public-key artifact is absent — continuing with configured trusted identities
.05:51:11.118 [error] local node self-trust was not added: node signing public-key artifact is absent — continuing with configured trusted identities
05:51:11.122 [error] local node self-trust was not added: node signing public-key artifact is absent — continuing with configured trusted identities
05:51:11.125 [error] local node self-trust was not added: node signing public-key artifact is absent — continuing with configured trusted identities
.05:51:11.141 [error] local node self-trust was not added: node signing public-key artifact is absent — continuing with configured trusted identities
05:51:11.144 [error] local node self-trust was not added: node signing public-key artifact is absent — continuing with configured trusted identities
05:51:11.149 [error] local node self-trust was not added: node signing public-key artifact is absent — continuing with configured trusted identities
05:51:11.154 [error] local node self-trust was not added: node signing public-key artifact is absent — continuing with configured trusted identities
05:51:11.159 [error] local node self-trust was not added: node signing public-key artifact is absent — continuing with configured trusted identities
.05:51:11.170 [error] local node self-trust was not added: node signing public-key artifact is absent — continuing with configured trusted identities
05:51:11.176 [error] local node self-trust was not added: node signing public-key artifact is absent — continuing with configured trusted identities
05:51:11.180 [error] local node self-trust was not added: node signing public-key artifact is absent — continuing with configured trusted identities
05:51:11.187 [error] local node self-trust was not added: node signing public-key artifact is absent — continuing with configured trusted identities
.05:51:11.201 [error] local node self-trust was not added: node signing public-key artifact is absent — continuing with configured trusted identities
.05:51:11.216 [error] local node self-trust was not added: node signing public-key artifact is absent — continuing with configured trusted identities
05:51:11.218 [error] local node self-trust was not added: node signing public-key artifact is absent — continuing with configured trusted identities
05:51:11.224 [error] local node self-trust was not added: node signing public-key artifact is absent — continuing with configured trusted identities
05:51:11.227 [error] local node self-trust was not added: node signing public-key artifact is absent — continuing with configured trusted identities
05:51:11.229 [error] local node self-trust was not added: node signing public-key artifact is absent — continuing with configured trusted identities
05:51:11.232 [error] local node self-trust was not added: node signing public-key artifact is absent — continuing with configured trusted identities
05:51:11.234 [error] local node self-trust was not added: node signing public-key artifact is absent — continuing with configured trusted identities
05:51:11.236 [error] local node self-trust was not added: node signing public-key artifact is absent — continuing with configured trusted identities
05:51:11.264 [error] local node self-trust was not added: node signing public-key artifact is absent — continuing with configured trusted identities
.05:51:11.284 [error] local node self-trust was not added: node signing public-key artifact is absent — continuing with configured trusted identities
05:51:11.285 [error] local node self-trust was not added: node signing public-key artifact is absent — continuing with configured trusted identities
05:51:11.287 [error] local node self-trust was not added: node signing public-key artifact is absent — continuing with configured trusted identities
05:51:11.290 [error] local node self-trust was not added: node signing public-key artifact is absent — continuing with configured trusted identities
05:51:11.296 [error] local node self-trust was not added: node signing public-key artifact is absent — continuing with configured trusted identities
05:51:11.298 [error] local node self-trust was not added: node signing public-key artifact is absent — continuing with configured trusted identities
05:51:11.301 [error] local node self-trust was not added: node signing public-key artifact is absent — continuing with configured trusted identities
05:51:11.303 [error] local node self-trust was not added: node signing public-key artifact is absent — continuing with configured trusted identities
05:51:11.307 [warning] flock failed on /tmp/cp_checkout_sync_945828/feature.txt: :enoent, proceeding without lock
05:51:11.336 [error] local node self-trust was not added: node signing public-key artifact is absent — continuing with configured trusted identities
.05:51:11.352 [error] local node self-trust was not added: node signing public-key artifact is absent — continuing with configured trusted identities
05:51:11.352 [error] local node self-trust was not added: node signing public-key artifact is absent — continuing with configured trusted identities
05:51:11.355 [error] local node self-trust was not added: node signing public-key artifact is absent — continuing with configured trusted identities
05:51:11.358 [error] local node self-trust was not added: node signing public-key artifact is absent — continuing with configured trusted identities
05:51:11.360 [error] local node self-trust was not added: node signing public-key artifact is absent — continuing with configured trusted identities
05:51:11.366 [error] local node self-trust was not added: node signing public-key artifact is absent — continuing with configured trusted identities
05:51:11.369 [error] local node self-trust was not added: node signing public-key artifact is absent — continuing with configured trusted identities
05:51:11.377 [error] local node self-trust was not added: node signing public-key artifact is absent — continuing with configured trusted identities
Current root: uuid-root
05:51:11.419 [error] local node self-trust was not added: node signing public-key artifact is absent — continuing with configured trusted identities
.05:51:11.440 [error] local node self-trust was not added: node signing public-key artifact is absent — continuing with configured trusted identities
05:51:11.440 [error] local node self-trust was not added: node signing public-key artifact is absent — continuing with configured trusted identities
05:51:11.444 [error] local node self-trust was not added: node signing public-key artifact is absent — continuing with configured trusted identities
05:51:11.447 [error] local node self-trust was not added: node signing public-key artifact is absent — continuing with configured trusted identities
05:51:11.449 [error] local node self-trust was not added: node signing public-key artifact is absent — continuing with configured trusted identities
05:51:11.454 [error] local node self-trust was not added: node signing public-key artifact is absent — continuing with configured trusted identities
05:51:11.458 [error] local node self-trust was not added: node signing public-key artifact is absent — continuing with configured trusted identities
05:51:11.461 [error] local node self-trust was not added: node signing public-key artifact is absent — continuing with configured trusted identities
Re-rooted: uuid-root → uuid-main
Exporting from new root...
Done.
05:51:11.508 [error] local node self-trust was not added: node signing public-key artifact is absent — continuing with configured trusted identities
.05:51:11.528 [error] local node self-trust was not added: node signing public-key artifact is absent — continuing with configured trusted identities
05:51:11.529 [error] local node self-trust was not added: node signing public-key artifact is absent — continuing with configured trusted identities
05:51:11.535 [error] local node self-trust was not added: node signing public-key artifact is absent — continuing with configured trusted identities
05:51:11.539 [error] local node self-trust was not added: node signing public-key artifact is absent — continuing with configured trusted identities
05:51:11.544 [error] local node self-trust was not added: node signing public-key artifact is absent — continuing with configured trusted identities
05:51:11.548 [error] local node self-trust was not added: node signing public-key artifact is absent — continuing with configured trusted identities
05:51:11.550 [error] local node self-trust was not added: node signing public-key artifact is absent — continuing with configured trusted identities
05:51:11.553 [error] local node self-trust was not added: node signing public-key artifact is absent — continuing with configured trusted identities
05:51:11.559 [warning] flock failed on /tmp/cp_checkout_sync_62611/repos/myrepo/feature/feature.txt: :enoent, proceeding without lock
05:51:11.562 [warning] flock failed on /tmp/cp_checkout_sync_62611/repos/myrepo/main/readme.txt: :enoent, proceeding without lock
05:51:11.566 [warning] flock failed on /tmp/cp_checkout_sync_62611/readme.txt: :enoent, proceeding without lock
05:51:11.598 [error] local node self-trust was not added: node signing public-key artifact is absent — continuing with configured trusted identities
.05:51:11.609 [error] local node self-trust was not added: node signing public-key artifact is absent — continuing with configured trusted identities
05:51:11.696 [error] local node self-trust was not added: node signing public-key artifact is absent — continuing with configured trusted identities
.05:51:11.710 [error] local node self-trust was not added: node signing public-key artifact is absent — continuing with configured trusted identities
05:51:11.763 [warning] CommitStore: root attach DENIED by workspace profile doc_uuid=ea45b295-60c4-402f-b113-9ed6c7bc9beb reason="workspace class 'minimal' does not accept root entry 'bd' — declared in profile"
05:51:11.784 [error] local node self-trust was not added: node signing public-key artifact is absent — continuing with configured trusted identities
.05:51:11.794 [error] local node self-trust was not added: node signing public-key artifact is absent — continuing with configured trusted identities
05:51:11.797 [error] local node self-trust was not added: node signing public-key artifact is absent — continuing with configured trusted identities
.05:51:11.807 [error] local node self-trust was not added: node signing public-key artifact is absent — continuing with configured trusted identities
05:51:11.809 [error] local node self-trust was not added: node signing public-key artifact is absent — continuing with configured trusted identities
.05:51:11.826 [error] local node self-trust was not added: node signing public-key artifact is absent — continuing with configured trusted identities
05:51:11.829 [error] local node self-trust was not added: node signing public-key artifact is absent — continuing with configured trusted identities
...
Finished in 6.2 seconds (2.3s async, 3.8s sync)
121 tests, 0 failures
real 8.26
user 6.32
sys 1.48
