==> commonplace
make: Nothing to be done for 'all'.
==> commonplace_cli
Running ExUnit with seed: 934011, max_cases: 8

................................05:52:24.186 [error] local node self-trust was not added: node signing public-key artifact is absent — continuing with configured trusted identities
05:52:24.226 [error] local node self-trust was not added: node signing public-key artifact is absent — continuing with configured trusted identities
05:52:24.246 [error] local node self-trust was not added: node signing public-key artifact is absent — continuing with configured trusted identities
05:52:24.249 [error] local node self-trust was not added: node signing public-key artifact is absent — continuing with configured trusted identities
05:52:24.251 [error] local node self-trust was not added: node signing public-key artifact is absent — continuing with configured trusted identities
05:52:24.254 [error] local node self-trust was not added: node signing public-key artifact is absent — continuing with configured trusted identities
05:52:24.256 [error] local node self-trust was not added: node signing public-key artifact is absent — continuing with configured trusted identities
05:52:24.260 [error] local node self-trust was not added: node signing public-key artifact is absent — continuing with configured trusted identities
Re-rooted: uuid-root → uuid-main
Exporting from new root...
Done.
05:52:24.310 [error] local node self-trust was not added: node signing public-key artifact is absent — continuing with configured trusted identities
.05:52:24.321 [error] local node self-trust was not added: node signing public-key artifact is absent — continuing with configured trusted identities
05:52:24.322 [error] local node self-trust was not added: node signing public-key artifact is absent — continuing with configured trusted identities
05:52:24.324 [error] local node self-trust was not added: node signing public-key artifact is absent — continuing with configured trusted identities
05:52:24.325 [error] local node self-trust was not added: node signing public-key artifact is absent — continuing with configured trusted identities
05:52:24.328 [error] local node self-trust was not added: node signing public-key artifact is absent — continuing with configured trusted identities
05:52:24.330 [error] local node self-trust was not added: node signing public-key artifact is absent — continuing with configured trusted identities
05:52:24.332 [error] local node self-trust was not added: node signing public-key artifact is absent — continuing with configured trusted identities
05:52:24.334 [error] local node self-trust was not added: node signing public-key artifact is absent — continuing with configured trusted identities
05:52:24.354 [error] local node self-trust was not added: node signing public-key artifact is absent — continuing with configured trusted identities
.05:52:24.362 [error] local node self-trust was not added: node signing public-key artifact is absent — continuing with configured trusted identities
05:52:24.363 [error] local node self-trust was not added: node signing public-key artifact is absent — continuing with configured trusted identities
05:52:24.365 [error] local node self-trust was not added: node signing public-key artifact is absent — continuing with configured trusted identities
05:52:24.366 [error] local node self-trust was not added: node signing public-key artifact is absent — continuing with configured trusted identities
05:52:24.368 [error] local node self-trust was not added: node signing public-key artifact is absent — continuing with configured trusted identities
05:52:24.370 [error] local node self-trust was not added: node signing public-key artifact is absent — continuing with configured trusted identities
05:52:24.371 [error] local node self-trust was not added: node signing public-key artifact is absent — continuing with configured trusted identities
05:52:24.373 [error] local node self-trust was not added: node signing public-key artifact is absent — continuing with configured trusted identities
Current root: uuid-root
05:52:24.390 [error] local node self-trust was not added: node signing public-key artifact is absent — continuing with configured trusted identities
.05:52:24.398 [error] local node self-trust was not added: node signing public-key artifact is absent — continuing with configured trusted identities
05:52:24.399 [error] local node self-trust was not added: node signing public-key artifact is absent — continuing with configured trusted identities
05:52:24.401 [error] local node self-trust was not added: node signing public-key artifact is absent — continuing with configured trusted identities
05:52:24.402 [error] local node self-trust was not added: node signing public-key artifact is absent — continuing with configured trusted identities
05:52:24.404 [error] local node self-trust was not added: node signing public-key artifact is absent — continuing with configured trusted identities
05:52:24.405 [error] local node self-trust was not added: node signing public-key artifact is absent — continuing with configured trusted identities
05:52:24.407 [error] local node self-trust was not added: node signing public-key artifact is absent — continuing with configured trusted identities
05:52:24.409 [error] local node self-trust was not added: node signing public-key artifact is absent — continuing with configured trusted identities
05:52:24.415 [warning] flock failed on /tmp/cp_checkout_sync_552463/repos/myrepo/feature/feature.txt: :enoent, proceeding without lock
05:52:24.418 [warning] flock failed on /tmp/cp_checkout_sync_552463/repos/myrepo/main/readme.txt: :enoent, proceeding without lock
05:52:24.420 [warning] flock failed on /tmp/cp_checkout_sync_552463/readme.txt: :enoent, proceeding without lock
05:52:24.438 [error] local node self-trust was not added: node signing public-key artifact is absent — continuing with configured trusted identities
.05:52:24.447 [error] local node self-trust was not added: node signing public-key artifact is absent — continuing with configured trusted identities
05:52:24.447 [error] local node self-trust was not added: node signing public-key artifact is absent — continuing with configured trusted identities
05:52:24.449 [error] local node self-trust was not added: node signing public-key artifact is absent — continuing with configured trusted identities
05:52:24.450 [error] local node self-trust was not added: node signing public-key artifact is absent — continuing with configured trusted identities
05:52:24.452 [error] local node self-trust was not added: node signing public-key artifact is absent — continuing with configured trusted identities
05:52:24.453 [error] local node self-trust was not added: node signing public-key artifact is absent — continuing with configured trusted identities
05:52:24.455 [error] local node self-trust was not added: node signing public-key artifact is absent — continuing with configured trusted identities
05:52:24.457 [error] local node self-trust was not added: node signing public-key artifact is absent — continuing with configured trusted identities
05:52:24.461 [warning] flock failed on /tmp/cp_checkout_sync_355127/feature.txt: :enoent, proceeding without lock
05:52:24.487 [error] local node self-trust was not added: node signing public-key artifact is absent — continuing with configured trusted identities
..05:52:24.495 [error] local node self-trust was not added: node signing public-key artifact is absent — continuing with configured trusted identities
05:52:24.497 [error] local node self-trust was not added: node signing public-key artifact is absent — continuing with configured trusted identities
05:52:24.500 [error] local node self-trust was not added: node signing public-key artifact is absent — continuing with configured trusted identities
05:52:24.516 [error] local node self-trust was not added: node signing public-key artifact is absent — continuing with configured trusted identities
.05:52:24.525 [error] local node self-trust was not added: node signing public-key artifact is absent — continuing with configured trusted identities
05:52:24.528 [error] local node self-trust was not added: node signing public-key artifact is absent — continuing with configured trusted identities
05:52:24.530 [error] local node self-trust was not added: node signing public-key artifact is absent — continuing with configured trusted identities
05:52:24.532 [error] local node self-trust was not added: node signing public-key artifact is absent — continuing with configured trusted identities
.05:52:24.539 [error] local node self-trust was not added: node signing public-key artifact is absent — continuing with configured trusted identities
05:52:24.540 [error] local node self-trust was not added: node signing public-key artifact is absent — continuing with configured trusted identities
05:52:24.542 [error] local node self-trust was not added: node signing public-key artifact is absent — continuing with configured trusted identities
05:52:24.544 [error] local node self-trust was not added: node signing public-key artifact is absent — continuing with configured trusted identities
05:52:24.547 [error] local node self-trust was not added: node signing public-key artifact is absent — continuing with configured trusted identities
.05:52:24.554 [error] local node self-trust was not added: node signing public-key artifact is absent — continuing with configured trusted identities
.05:52:24.561 [error] local node self-trust was not added: node signing public-key artifact is absent — continuing with configured trusted identities
05:52:24.563 [error] local node self-trust was not added: node signing public-key artifact is absent — continuing with configured trusted identities
05:52:24.565 [error] local node self-trust was not added: node signing public-key artifact is absent — continuing with configured trusted identities
......05:52:24.583 [error] local node self-trust was not added: node signing public-key artifact is absent — continuing with configured trusted identities
05:52:24.583 [error] local node self-trust was not added: node signing public-key artifact is absent — continuing with configured trusted identities
05:52:24.586 [error] local node self-trust was not added: node signing public-key artifact is absent — continuing with configured trusted identities
05:52:24.587 [error] local node self-trust was not added: node signing public-key artifact is absent — continuing with configured trusted identities
05:52:24.589 [error] local node self-trust was not added: node signing public-key artifact is absent — continuing with configured trusted identities
05:52:24.591 [error] local node self-trust was not added: node signing public-key artifact is absent — continuing with configured trusted identities
05:52:24.592 [error] local node self-trust was not added: node signing public-key artifact is absent — continuing with configured trusted identities
05:52:24.595 [error] local node self-trust was not added: node signing public-key artifact is absent — continuing with configured trusted identities
05:52:24.597 [error] local node self-trust was not added: node signing public-key artifact is absent — continuing with configured trusted identities
05:52:24.599 [error] local node self-trust was not added: node signing public-key artifact is absent — continuing with configured trusted identities
05:52:24.601 [warning] flock failed on /tmp/cp_rt_out_363604/docs/examples/hello.txt: :enoent, proceeding without lock
05:52:24.604 [warning] flock failed on /tmp/cp_rt_out_363604/docs/guide.txt: :enoent, proceeding without lock
05:52:24.606 [warning] flock failed on /tmp/cp_rt_out_363604/empty.txt: :enoent, proceeding without lock
05:52:24.607 [warning] flock failed on /tmp/cp_rt_out_363604/readme.txt: :enoent, proceeding without lock
05:52:24.623 [error] local node self-trust was not added: node signing public-key artifact is absent — continuing with configured trusted identities
.05:52:24.633 [error] local node self-trust was not added: node signing public-key artifact is absent — continuing with configured trusted identities
05:52:24.634 [error] local node self-trust was not added: node signing public-key artifact is absent — continuing with configured trusted identities
05:52:24.636 [error] local node self-trust was not added: node signing public-key artifact is absent — continuing with configured trusted identities
05:52:24.638 [error] local node self-trust was not added: node signing public-key artifact is absent — continuing with configured trusted identities
05:52:24.640 [warning] flock failed on /tmp/cp_rt_out_26855/special.txt: :enoent, proceeding without lock
05:52:24.654 [error] local node self-trust was not added: node signing public-key artifact is absent — continuing with configured trusted identities
...05:52:24.667 [error] local node self-trust was not added: node signing public-key artifact is absent — continuing with configured trusted identities
.05:52:24.676 [error] local node self-trust was not added: node signing public-key artifact is absent — continuing with configured trusted identities
.05:52:24.683 [error] local node self-trust was not added: node signing public-key artifact is absent — continuing with configured trusted identities
..05:52:24.695 [error] local node self-trust was not added: node signing public-key artifact is absent — continuing with configured trusted identities
.05:52:24.701 [error] local node self-trust was not added: node signing public-key artifact is absent — continuing with configured trusted identities
.05:52:24.712 [error] local node self-trust was not added: node signing public-key artifact is absent — continuing with configured trusted identities
05:52:24.714 [error] local node self-trust was not added: node signing public-key artifact is absent — continuing with configured trusted identities
.05:52:24.722 [error] local node self-trust was not added: node signing public-key artifact is absent — continuing with configured trusted identities
05:52:24.724 [error] local node self-trust was not added: node signing public-key artifact is absent — continuing with configured trusted identities
.05:52:24.729 [error] local node self-trust was not added: node signing public-key artifact is absent — continuing with configured trusted identities
05:52:24.731 [error] local node self-trust was not added: node signing public-key artifact is absent — continuing with configured trusted identities
.05:52:24.738 [error] local node self-trust was not added: node signing public-key artifact is absent — continuing with configured trusted identities
.05:52:24.755 [error] local node self-trust was not added: node signing public-key artifact is absent — continuing with configured trusted identities
05:52:24.766 [error] local node self-trust was not added: node signing public-key artifact is absent — continuing with configured trusted identities
05:52:24.768 [error] local node self-trust was not added: node signing public-key artifact is absent — continuing with configured trusted identities
05:52:24.770 [error] local node self-trust was not added: node signing public-key artifact is absent — continuing with configured trusted identities
05:52:24.774 [error] local node self-trust was not added: node signing public-key artifact is absent — continuing with configured trusted identities
05:52:24.780 [error] local node self-trust was not added: node signing public-key artifact is absent — continuing with configured trusted identities
05:52:24.784 [error] local node self-trust was not added: node signing public-key artifact is absent — continuing with configured trusted identities
05:52:24.786 [error] local node self-trust was not added: node signing public-key artifact is absent — continuing with configured trusted identities
05:52:24.789 [error] local node self-trust was not added: node signing public-key artifact is absent — continuing with configured trusted identities
05:52:24.791 [error] local node self-trust was not added: node signing public-key artifact is absent — continuing with configured trusted identities
05:52:24.795 [error] local node self-trust was not added: node signing public-key artifact is absent — continuing with configured trusted identities
05:52:24.808 [error] local node self-trust was not added: node signing public-key artifact is absent — continuing with configured trusted identities
05:52:24.811 [error] local node self-trust was not added: node signing public-key artifact is absent — continuing with configured trusted identities
05:52:24.815 [error] local node self-trust was not added: node signing public-key artifact is absent — continuing with configured trusted identities
05:52:24.818 [error] local node self-trust was not added: node signing public-key artifact is absent — continuing with configured trusted identities
05:52:24.821 [error] local node self-trust was not added: node signing public-key artifact is absent — continuing with configured trusted identities
05:52:24.846 [error] local node self-trust was not added: node signing public-key artifact is absent — continuing with configured trusted identities
.05:52:24.858 [error] local node self-trust was not added: node signing public-key artifact is absent — continuing with configured trusted identities
.05:52:24.866 [error] local node self-trust was not added: node signing public-key artifact is absent — continuing with configured trusted identities
05:52:24.869 [error] local node self-trust was not added: node signing public-key artifact is absent — continuing with configured trusted identities
05:52:24.871 [error] local node self-trust was not added: node signing public-key artifact is absent — continuing with configured trusted identities
05:52:24.874 [error] local node self-trust was not added: node signing public-key artifact is absent — continuing with configured trusted identities
05:52:24.876 [error] local node self-trust was not added: node signing public-key artifact is absent — continuing with configured trusted identities
05:52:24.879 [error] local node self-trust was not added: node signing public-key artifact is absent — continuing with configured trusted identities
05:52:24.881 [error] local node self-trust was not added: node signing public-key artifact is absent — continuing with configured trusted identities
05:52:24.884 [error] local node self-trust was not added: node signing public-key artifact is absent — continuing with configured trusted identities
05:52:24.887 [error] local node self-trust was not added: node signing public-key artifact is absent — continuing with configured trusted identities
05:52:24.890 [error] local node self-trust was not added: node signing public-key artifact is absent — continuing with configured trusted identities
05:52:24.893 [error] local node self-trust was not added: node signing public-key artifact is absent — continuing with configured trusted identities
05:52:24.897 [error] local node self-trust was not added: node signing public-key artifact is absent — continuing with configured trusted identities
05:52:24.907 [error] local node self-trust was not added: node signing public-key artifact is absent — continuing with configured trusted identities
05:52:24.913 [error] local node self-trust was not added: node signing public-key artifact is absent — continuing with configured trusted identities
05:52:24.917 [error] local node self-trust was not added: node signing public-key artifact is absent — continuing with configured trusted identities
05:52:24.924 [error] local node self-trust was not added: node signing public-key artifact is absent — continuing with configured trusted identities
05:52:24.932 [error] local node self-trust was not added: node signing public-key artifact is absent — continuing with configured trusted identities
05:52:24.937 [error] local node self-trust was not added: node signing public-key artifact is absent — continuing with configured trusted identities
05:52:24.941 [error] local node self-trust was not added: node signing public-key artifact is absent — continuing with configured trusted identities
05:52:24.945 [error] local node self-trust was not added: node signing public-key artifact is absent — continuing with configured trusted identities
05:52:24.954 [error] local node self-trust was not added: node signing public-key artifact is absent — continuing with configured trusted identities
.05:52:24.968 [error] local node self-trust was not added: node signing public-key artifact is absent — continuing with configured trusted identities
05:52:24.970 [error] local node self-trust was not added: node signing public-key artifact is absent — continuing with configured trusted identities
05:52:24.972 [error] local node self-trust was not added: node signing public-key artifact is absent — continuing with configured trusted identities
05:52:24.974 [error] local node self-trust was not added: node signing public-key artifact is absent — continuing with configured trusted identities
05:52:24.976 [error] local node self-trust was not added: node signing public-key artifact is absent — continuing with configured trusted identities
05:52:24.978 [error] local node self-trust was not added: node signing public-key artifact is absent — continuing with configured trusted identities
05:52:24.980 [error] local node self-trust was not added: node signing public-key artifact is absent — continuing with configured trusted identities
05:52:24.982 [error] local node self-trust was not added: node signing public-key artifact is absent — continuing with configured trusted identities
05:52:24.984 [error] local node self-trust was not added: node signing public-key artifact is absent — continuing with configured trusted identities
05:52:24.986 [error] local node self-trust was not added: node signing public-key artifact is absent — continuing with configured trusted identities
05:52:24.988 [error] local node self-trust was not added: node signing public-key artifact is absent — continuing with configured trusted identities
.05:52:24.994 [error] local node self-trust was not added: node signing public-key artifact is absent — continuing with configured trusted identities
.05:52:25.005 [error] local node self-trust was not added: node signing public-key artifact is absent — continuing with configured trusted identities
05:52:25.008 [error] local node self-trust was not added: node signing public-key artifact is absent — continuing with configured trusted identities
05:52:25.010 [error] local node self-trust was not added: node signing public-key artifact is absent — continuing with configured trusted identities
05:52:25.012 [error] local node self-trust was not added: node signing public-key artifact is absent — continuing with configured trusted identities
05:52:25.014 [error] local node self-trust was not added: node signing public-key artifact is absent — continuing with configured trusted identities
05:52:25.016 [error] local node self-trust was not added: node signing public-key artifact is absent — continuing with configured trusted identities
05:52:25.017 [error] local node self-trust was not added: node signing public-key artifact is absent — continuing with configured trusted identities
05:52:25.019 [error] local node self-trust was not added: node signing public-key artifact is absent — continuing with configured trusted identities
05:52:25.022 [error] local node self-trust was not added: node signing public-key artifact is absent — continuing with configured trusted identities
05:52:25.025 [error] local node self-trust was not added: node signing public-key artifact is absent — continuing with configured trusted identities
05:52:25.027 [error] local node self-trust was not added: node signing public-key artifact is absent — continuing with configured trusted identities
05:52:25.030 [error] local node self-trust was not added: node signing public-key artifact is absent — continuing with configured trusted identities
05:52:25.032 [error] local node self-trust was not added: node signing public-key artifact is absent — continuing with configured trusted identities
05:52:25.034 [error] local node self-trust was not added: node signing public-key artifact is absent — continuing with configured trusted identities
05:52:25.037 [error] local node self-trust was not added: node signing public-key artifact is absent — continuing with configured trusted identities
05:52:25.040 [error] local node self-trust was not added: node signing public-key artifact is absent — continuing with configured trusted identities
05:52:25.043 [error] local node self-trust was not added: node signing public-key artifact is absent — continuing with configured trusted identities
05:52:25.045 [error] local node self-trust was not added: node signing public-key artifact is absent — continuing with configured trusted identities
05:52:25.047 [error] local node self-trust was not added: node signing public-key artifact is absent — continuing with configured trusted identities
05:52:25.049 [error] local node self-trust was not added: node signing public-key artifact is absent — continuing with configured trusted identities
05:52:25.051 [error] local node self-trust was not added: node signing public-key artifact is absent — continuing with configured trusted identities
05:52:25.055 [error] local node self-trust was not added: node signing public-key artifact is absent — continuing with configured trusted identities
.05:52:25.063 [error] local node self-trust was not added: node signing public-key artifact is absent — continuing with configured trusted identities
05:52:25.064 [error] local node self-trust was not added: node signing public-key artifact is absent — continuing with configured trusted identities
05:52:25.066 [error] local node self-trust was not added: node signing public-key artifact is absent — continuing with configured trusted identities
05:52:25.068 [error] local node self-trust was not added: node signing public-key artifact is absent — continuing with configured trusted identities
05:52:25.069 [error] local node self-trust was not added: node signing public-key artifact is absent — continuing with configured trusted identities
05:52:25.071 [error] local node self-trust was not added: node signing public-key artifact is absent — continuing with configured trusted identities
05:52:25.073 [error] local node self-trust was not added: node signing public-key artifact is absent — continuing with configured trusted identities
05:52:25.075 [error] local node self-trust was not added: node signing public-key artifact is absent — continuing with configured trusted identities
05:52:25.077 [error] local node self-trust was not added: node signing public-key artifact is absent — continuing with configured trusted identities
05:52:25.079 [error] local node self-trust was not added: node signing public-key artifact is absent — continuing with configured trusted identities
05:52:25.081 [error] local node self-trust was not added: node signing public-key artifact is absent — continuing with configured trusted identities
05:52:25.084 [error] local node self-trust was not added: node signing public-key artifact is absent — continuing with configured trusted identities
05:52:25.086 [error] local node self-trust was not added: node signing public-key artifact is absent — continuing with configured trusted identities
05:52:25.087 [error] local node self-trust was not added: node signing public-key artifact is absent — continuing with configured trusted identities
05:52:25.089 [error] local node self-trust was not added: node signing public-key artifact is absent — continuing with configured trusted identities
05:52:25.093 [error] local node self-trust was not added: node signing public-key artifact is absent — continuing with configured trusted identities
.05:52:25.104 [error] local node self-trust was not added: node signing public-key artifact is absent — continuing with configured trusted identities
.05:52:25.110 [error] local node self-trust was not added: node signing public-key artifact is absent — continuing with configured trusted identities
.05:52:25.120 [error] local node self-trust was not added: node signing public-key artifact is absent — continuing with configured trusted identities
05:52:25.120 [error] local node self-trust was not added: node signing public-key artifact is absent — continuing with configured trusted identities
05:52:25.122 [error] local node self-trust was not added: node signing public-key artifact is absent — continuing with configured trusted identities
05:52:25.124 [error] local node self-trust was not added: node signing public-key artifact is absent — continuing with configured trusted identities
05:52:25.125 [error] local node self-trust was not added: node signing public-key artifact is absent — continuing with configured trusted identities
05:52:25.127 [error] local node self-trust was not added: node signing public-key artifact is absent — continuing with configured trusted identities
05:52:25.145 [error] local node self-trust was not added: node signing public-key artifact is absent — continuing with configured trusted identities
.05:52:25.155 [error] local node self-trust was not added: node signing public-key artifact is absent — continuing with configured trusted identities
05:52:25.156 [error] local node self-trust was not added: node signing public-key artifact is absent — continuing with configured trusted identities
05:52:25.172 [error] local node self-trust was not added: node signing public-key artifact is absent — continuing with configured trusted identities
.05:52:25.180 [error] local node self-trust was not added: node signing public-key artifact is absent — continuing with configured trusted identities
05:52:25.180 [error] local node self-trust was not added: node signing public-key artifact is absent — continuing with configured trusted identities
05:52:25.194 [error] local node self-trust was not added: node signing public-key artifact is absent — continuing with configured trusted identities
.05:52:25.204 [error] local node self-trust was not added: node signing public-key artifact is absent — continuing with configured trusted identities
05:52:25.232 [error] local node self-trust was not added: node signing public-key artifact is absent — continuing with configured trusted identities
.05:52:25.243 [error] local node self-trust was not added: node signing public-key artifact is absent — continuing with configured trusted identities
05:52:25.243 [error] local node self-trust was not added: node signing public-key artifact is absent — continuing with configured trusted identities
05:52:25.246 [error] local node self-trust was not added: node signing public-key artifact is absent — continuing with configured trusted identities
05:52:25.247 [error] local node self-trust was not added: node signing public-key artifact is absent — continuing with configured trusted identities
05:52:25.249 [error] local node self-trust was not added: node signing public-key artifact is absent — continuing with configured trusted identities
05:52:25.265 [error] local node self-trust was not added: node signing public-key artifact is absent — continuing with configured trusted identities
.05:52:25.277 [error] local node self-trust was not added: node signing public-key artifact is absent — continuing with configured trusted identities
05:52:25.279 [error] local node self-trust was not added: node signing public-key artifact is absent — continuing with configured trusted identities
05:52:25.283 [error] local node self-trust was not added: node signing public-key artifact is absent — continuing with configured trusted identities
05:52:25.285 [error] local node self-trust was not added: node signing public-key artifact is absent — continuing with configured trusted identities
05:52:25.289 [error] local node self-trust was not added: node signing public-key artifact is absent — continuing with configured trusted identities
05:52:25.290 [error] local node self-trust was not added: node signing public-key artifact is absent — continuing with configured trusted identities
05:52:25.293 [error] local node self-trust was not added: node signing public-key artifact is absent — continuing with configured trusted identities
05:52:25.295 [error] local node self-trust was not added: node signing public-key artifact is absent — continuing with configured trusted identities
05:52:25.297 [error] local node self-trust was not added: node signing public-key artifact is absent — continuing with configured trusted identities
05:52:25.318 [error] local node self-trust was not added: node signing public-key artifact is absent — continuing with configured trusted identities
.05:52:25.326 [error] local node self-trust was not added: node signing public-key artifact is absent — continuing with configured trusted identities
05:52:25.326 [error] local node self-trust was not added: node signing public-key artifact is absent — continuing with configured trusted identities
05:52:25.328 [error] local node self-trust was not added: node signing public-key artifact is absent — continuing with configured trusted identities
05:52:25.330 [error] local node self-trust was not added: node signing public-key artifact is absent — continuing with configured trusted identities
05:52:25.346 [error] local node self-trust was not added: node signing public-key artifact is absent — continuing with configured trusted identities
.05:52:25.357 [error] local node self-trust was not added: node signing public-key artifact is absent — continuing with configured trusted identities
05:52:25.390 [warning] CommitStore: root attach DENIED by workspace profile doc_uuid=d7a7fa73-636a-48ec-a6b8-a4d5915fb3a4 reason="workspace class 'minimal' does not accept root entry 'bd' — declared in profile"
05:52:25.407 [error] local node self-trust was not added: node signing public-key artifact is absent — continuing with configured trusted identities
.05:52:25.415 [error] local node self-trust was not added: node signing public-key artifact is absent — continuing with configured trusted identities
05:52:25.464 [error] local node self-trust was not added: node signing public-key artifact is absent — continuing with configured trusted identities
.05:52:25.523 [error] local node self-trust was not added: node signing public-key artifact is absent — continuing with configured trusted identities
.05:52:25.633 [error] local node self-trust was not added: node signing public-key artifact is absent — continuing with configured trusted identities
.05:52:25.742 [error] local node self-trust was not added: node signing public-key artifact is absent — continuing with configured trusted identities
05:52:25.849 [error] local node self-trust was not added: node signing public-key artifact is absent — continuing with configured trusted identities
.05:52:25.959 [error] local node self-trust was not added: node signing public-key artifact is absent — continuing with configured trusted identities
.05:52:26.025 [error] local node self-trust was not added: node signing public-key artifact is absent — continuing with configured trusted identities
05:52:26.026 [error] local node self-trust was not added: node signing public-key artifact is absent — continuing with configured trusted identities
05:52:26.037 [error] local node self-trust was not added: node signing public-key artifact is absent — continuing with configured trusted identities
05:52:26.043 [error] local node self-trust was not added: node signing public-key artifact is absent — continuing with configured trusted identities
05:52:26.045 [error] local node self-trust was not added: node signing public-key artifact is absent — continuing with configured trusted identities
05:52:26.047 [error] local node self-trust was not added: node signing public-key artifact is absent — continuing with configured trusted identities
05:52:26.049 [error] local node self-trust was not added: node signing public-key artifact is absent — continuing with configured trusted identities
05:52:26.051 [error] local node self-trust was not added: node signing public-key artifact is absent — continuing with configured trusted identities
05:52:26.061 [error] local node self-trust was not added: node signing public-key artifact is absent — continuing with configured trusted identities
05:52:26.066 [error] local node self-trust was not added: node signing public-key artifact is absent — continuing with configured trusted identities
05:52:26.070 [error] local node self-trust was not added: node signing public-key artifact is absent — continuing with configured trusted identities
05:52:26.074 [error] local node self-trust was not added: node signing public-key artifact is absent — continuing with configured trusted identities
05:52:26.078 [warning] flock failed on /tmp/cp_sync_export_254900/new.txt: :enoent, proceeding without lock
05:52:26.080 [warning] flock failed on /tmp/cp_sync_export_254900/notes/todo.txt: :enoent, proceeding without lock
05:52:26.105 [error] local node self-trust was not added: node signing public-key artifact is absent — continuing with configured trusted identities
.05:52:26.113 [error] local node self-trust was not added: node signing public-key artifact is absent — continuing with configured trusted identities
05:52:26.113 [error] local node self-trust was not added: node signing public-key artifact is absent — continuing with configured trusted identities
05:52:26.116 [error] local node self-trust was not added: node signing public-key artifact is absent — continuing with configured trusted identities
05:52:26.120 [error] local node self-trust was not added: node signing public-key artifact is absent — continuing with configured trusted identities
05:52:26.146 [error] local node self-trust was not added: node signing public-key artifact is absent — continuing with configured trusted identities
.05:52:26.158 [error] local node self-trust was not added: node signing public-key artifact is absent — continuing with configured trusted identities
05:52:26.159 [error] local node self-trust was not added: node signing public-key artifact is absent — continuing with configured trusted identities
05:52:26.163 [error] local node self-trust was not added: node signing public-key artifact is absent — continuing with configured trusted identities
05:52:26.166 [error] local node self-trust was not added: node signing public-key artifact is absent — continuing with configured trusted identities
05:52:26.187 [error] local node self-trust was not added: node signing public-key artifact is absent — continuing with configured trusted identities
.05:52:26.196 [error] local node self-trust was not added: node signing public-key artifact is absent — continuing with configured trusted identities
05:52:26.196 [error] local node self-trust was not added: node signing public-key artifact is absent — continuing with configured trusted identities
05:52:26.199 [error] local node self-trust was not added: node signing public-key artifact is absent — continuing with configured trusted identities
05:52:26.201 [error] local node self-trust was not added: node signing public-key artifact is absent — continuing with configured trusted identities
05:52:26.203 [error] local node self-trust was not added: node signing public-key artifact is absent — continuing with configured trusted identities
05:52:26.205 [error] local node self-trust was not added: node signing public-key artifact is absent — continuing with configured trusted identities
05:52:26.207 [error] local node self-trust was not added: node signing public-key artifact is absent — continuing with configured trusted identities
05:52:26.210 [error] local node self-trust was not added: node signing public-key artifact is absent — continuing with configured trusted identities
05:52:26.213 [error] local node self-trust was not added: node signing public-key artifact is absent — continuing with configured trusted identities
05:52:26.216 [error] local node self-trust was not added: node signing public-key artifact is absent — continuing with configured trusted identities
05:52:26.218 [error] local node self-trust was not added: node signing public-key artifact is absent — continuing with configured trusted identities
05:52:26.232 [error] local node self-trust was not added: node signing public-key artifact is absent — continuing with configured trusted identities
.05:52:26.236 [error] local node self-trust was not added: node signing public-key artifact is absent — continuing with configured trusted identities
..05:52:26.246 [error] local node self-trust was not added: node signing public-key artifact is absent — continuing with configured trusted identities
.05:52:26.252 [error] local node self-trust was not added: node signing public-key artifact is absent — continuing with configured trusted identities
......05:52:26.409 [error] local node self-trust was not added: node signing public-key artifact is absent — continuing with configured trusted identities
05:52:26.417 [error] local node self-trust was not added: node signing public-key artifact is absent — continuing with configured trusted identities
05:52:26.419 [error] local node self-trust was not added: node signing public-key artifact is absent — continuing with configured trusted identities
05:52:26.422 [error] local node self-trust was not added: node signing public-key artifact is absent — continuing with configured trusted identities
05:52:26.424 [error] local node self-trust was not added: node signing public-key artifact is absent — continuing with configured trusted identities
05:52:26.427 [error] local node self-trust was not added: node signing public-key artifact is absent — continuing with configured trusted identities
05:52:26.430 [error] local node self-trust was not added: node signing public-key artifact is absent — continuing with configured trusted identities
.05:52:26.441 [error] local node self-trust was not added: node signing public-key artifact is absent — continuing with configured trusted identities
05:52:26.443 [error] local node self-trust was not added: node signing public-key artifact is absent — continuing with configured trusted identities
05:52:26.446 [error] local node self-trust was not added: node signing public-key artifact is absent — continuing with configured trusted identities
05:52:26.448 [error] local node self-trust was not added: node signing public-key artifact is absent — continuing with configured trusted identities
05:52:26.454 [error] local node self-trust was not added: node signing public-key artifact is absent — continuing with configured trusted identities
05:52:26.457 [error] local node self-trust was not added: node signing public-key artifact is absent — continuing with configured trusted identities
05:52:26.460 [error] local node self-trust was not added: node signing public-key artifact is absent — continuing with configured trusted identities
.05:52:26.469 [error] local node self-trust was not added: node signing public-key artifact is absent — continuing with configured trusted identities
05:52:26.474 [error] local node self-trust was not added: node signing public-key artifact is absent — continuing with configured trusted identities
05:52:26.476 [error] local node self-trust was not added: node signing public-key artifact is absent — continuing with configured trusted identities
05:52:26.479 [error] local node self-trust was not added: node signing public-key artifact is absent — continuing with configured trusted identities
05:52:26.482 [error] local node self-trust was not added: node signing public-key artifact is absent — continuing with configured trusted identities
.05:52:26.491 [error] local node self-trust was not added: node signing public-key artifact is absent — continuing with configured trusted identities
.05:52:26.494 [error] local node self-trust was not added: node signing public-key artifact is absent — continuing with configured trusted identities
05:52:26.497 [error] local node self-trust was not added: node signing public-key artifact is absent — continuing with configured trusted identities
05:52:26.499 [error] local node self-trust was not added: node signing public-key artifact is absent — continuing with configured trusted identities
05:52:26.506 [error] local node self-trust was not added: node signing public-key artifact is absent — continuing with configured trusted identities
.05:52:26.509 [error] local node self-trust was not added: node signing public-key artifact is absent — continuing with configured trusted identities
05:52:26.514 [error] local node self-trust was not added: node signing public-key artifact is absent — continuing with configured trusted identities
05:52:26.518 [error] local node self-trust was not added: node signing public-key artifact is absent — continuing with configured trusted identities
05:52:26.523 [error] local node self-trust was not added: node signing public-key artifact is absent — continuing with configured trusted identities
.05:52:26.526 [error] local node self-trust was not added: node signing public-key artifact is absent — continuing with configured trusted identities
05:52:26.529 [error] local node self-trust was not added: node signing public-key artifact is absent — continuing with configured trusted identities
05:52:26.532 [error] local node self-trust was not added: node signing public-key artifact is absent — continuing with configured trusted identities
.........commonplace: :cx_a3fe_absent@commonplace (from /tmp/cx_x8jk_reach_failures_645100895/node_name) serves a DIFFERENT workspace — its data dir is "/other/data", not "/tmp/cx_x8jk_reach_failures_645100895". Ignoring it; that node_name file probably points at an orphan serve.
.........
Finished in 5.1 seconds (2.1s async, 2.9s sync)
121 tests, 0 failures
real 7.05
user 6.21
sys 1.32
