==> commonplace
make: Nothing to be done for 'all'.
==> commonplace_cli
Running ExUnit with seed: 257804, max_cases: 8

.............................05:51:26.165 [error] local node self-trust was not added: node signing public-key artifact is absent — continuing with configured trusted identities
05:51:26.203 [error] local node self-trust was not added: node signing public-key artifact is absent — continuing with configured trusted identities
05:51:26.216 [error] local node self-trust was not added: node signing public-key artifact is absent — continuing with configured trusted identities
05:51:26.220 [error] local node self-trust was not added: node signing public-key artifact is absent — continuing with configured trusted identities
05:51:26.226 [warning] flock failed on /tmp/cp_rt_out_609506/special.txt: :enoent, proceeding without lock
05:51:26.243 [error] local node self-trust was not added: node signing public-key artifact is absent — continuing with configured trusted identities
.05:51:26.255 [error] local node self-trust was not added: node signing public-key artifact is absent — continuing with configured trusted identities
05:51:26.257 [error] local node self-trust was not added: node signing public-key artifact is absent — continuing with configured trusted identities
05:51:26.260 [error] local node self-trust was not added: node signing public-key artifact is absent — continuing with configured trusted identities
05:51:26.263 [error] local node self-trust was not added: node signing public-key artifact is absent — continuing with configured trusted identities
05:51:26.266 [error] local node self-trust was not added: node signing public-key artifact is absent — continuing with configured trusted identities
05:51:26.267 [error] local node self-trust was not added: node signing public-key artifact is absent — continuing with configured trusted identities
05:51:26.269 [error] local node self-trust was not added: node signing public-key artifact is absent — continuing with configured trusted identities
05:51:26.271 [error] local node self-trust was not added: node signing public-key artifact is absent — continuing with configured trusted identities
05:51:26.273 [error] local node self-trust was not added: node signing public-key artifact is absent — continuing with configured trusted identities
05:51:26.277 [error] local node self-trust was not added: node signing public-key artifact is absent — continuing with configured trusted identities
05:51:26.281 [warning] flock failed on /tmp/cp_rt_out_753595/docs/examples/hello.txt: :enoent, proceeding without lock
05:51:26.283 [warning] flock failed on /tmp/cp_rt_out_753595/docs/guide.txt: :enoent, proceeding without lock
05:51:26.286 [warning] flock failed on /tmp/cp_rt_out_753595/empty.txt: :enoent, proceeding without lock
05:51:26.287 [warning] flock failed on /tmp/cp_rt_out_753595/readme.txt: :enoent, proceeding without lock
05:51:26.302 [error] local node self-trust was not added: node signing public-key artifact is absent — continuing with configured trusted identities
.05:51:26.303 [error] local node self-trust was not added: node signing public-key artifact is absent — continuing with configured trusted identities
05:51:26.310 [error] local node self-trust was not added: node signing public-key artifact is absent — continuing with configured trusted identities
05:51:26.318 [error] local node self-trust was not added: node signing public-key artifact is absent — continuing with configured trusted identities
05:51:26.344 [error] local node self-trust was not added: node signing public-key artifact is absent — continuing with configured trusted identities
.05:51:26.352 [error] local node self-trust was not added: node signing public-key artifact is absent — continuing with configured trusted identities
05:51:26.360 [error] local node self-trust was not added: node signing public-key artifact is absent — continuing with configured trusted identities
05:51:26.368 [error] local node self-trust was not added: node signing public-key artifact is absent — continuing with configured trusted identities
.05:51:26.383 [error] local node self-trust was not added: node signing public-key artifact is absent — continuing with configured trusted identities
05:51:26.390 [error] local node self-trust was not added: node signing public-key artifact is absent — continuing with configured trusted identities
05:51:26.397 [error] local node self-trust was not added: node signing public-key artifact is absent — continuing with configured trusted identities
05:51:26.408 [error] local node self-trust was not added: node signing public-key artifact is absent — continuing with configured trusted identities
.05:51:26.426 [error] local node self-trust was not added: node signing public-key artifact is absent — continuing with configured trusted identities
05:51:26.444 [error] local node self-trust was not added: node signing public-key artifact is absent — continuing with configured trusted identities
05:51:26.447 [error] local node self-trust was not added: node signing public-key artifact is absent — continuing with configured trusted identities
05:51:26.450 [error] local node self-trust was not added: node signing public-key artifact is absent — continuing with configured trusted identities
05:51:26.452 [error] local node self-trust was not added: node signing public-key artifact is absent — continuing with configured trusted identities
05:51:26.456 [error] local node self-trust was not added: node signing public-key artifact is absent — continuing with configured trusted identities
05:51:26.458 [error] local node self-trust was not added: node signing public-key artifact is absent — continuing with configured trusted identities
.05:51:26.473 [error] local node self-trust was not added: node signing public-key artifact is absent — continuing with configured trusted identities
.05:51:26.480 [error] local node self-trust was not added: node signing public-key artifact is absent — continuing with configured trusted identities
05:51:26.485 [error] local node self-trust was not added: node signing public-key artifact is absent — continuing with configured trusted identities
05:51:26.488 [error] local node self-trust was not added: node signing public-key artifact is absent — continuing with configured trusted identities
05:51:26.491 [error] local node self-trust was not added: node signing public-key artifact is absent — continuing with configured trusted identities
05:51:26.493 [error] local node self-trust was not added: node signing public-key artifact is absent — continuing with configured trusted identities
.05:51:26.504 [error] local node self-trust was not added: node signing public-key artifact is absent — continuing with configured trusted identities
05:51:26.506 [error] local node self-trust was not added: node signing public-key artifact is absent — continuing with configured trusted identities
05:51:26.508 [error] local node self-trust was not added: node signing public-key artifact is absent — continuing with configured trusted identities
05:51:26.510 [error] local node self-trust was not added: node signing public-key artifact is absent — continuing with configured trusted identities
05:51:26.512 [error] local node self-trust was not added: node signing public-key artifact is absent — continuing with configured trusted identities
05:51:26.514 [error] local node self-trust was not added: node signing public-key artifact is absent — continuing with configured trusted identities
05:51:26.516 [error] local node self-trust was not added: node signing public-key artifact is absent — continuing with configured trusted identities
..05:51:26.529 [error] local node self-trust was not added: node signing public-key artifact is absent — continuing with configured trusted identities
05:51:26.529 [error] local node self-trust was not added: node signing public-key artifact is absent — continuing with configured trusted identities
05:51:26.546 [error] local node self-trust was not added: node signing public-key artifact is absent — continuing with configured trusted identities
05:51:26.548 [error] local node self-trust was not added: node signing public-key artifact is absent — continuing with configured trusted identities
05:51:26.569 [error] local node self-trust was not added: node signing public-key artifact is absent — continuing with configured trusted identities
.05:51:26.581 [error] local node self-trust was not added: node signing public-key artifact is absent — continuing with configured trusted identities
05:51:26.581 [error] local node self-trust was not added: node signing public-key artifact is absent — continuing with configured trusted identities
05:51:26.585 [error] local node self-trust was not added: node signing public-key artifact is absent — continuing with configured trusted identities
05:51:26.588 [error] local node self-trust was not added: node signing public-key artifact is absent — continuing with configured trusted identities
05:51:26.591 [error] local node self-trust was not added: node signing public-key artifact is absent — continuing with configured trusted identities
05:51:26.594 [error] local node self-trust was not added: node signing public-key artifact is absent — continuing with configured trusted identities
05:51:26.596 [error] local node self-trust was not added: node signing public-key artifact is absent — continuing with configured trusted identities
05:51:26.598 [error] local node self-trust was not added: node signing public-key artifact is absent — continuing with configured trusted identities
05:51:26.604 [error] local node self-trust was not added: node signing public-key artifact is absent — continuing with configured trusted identities
05:51:26.608 [error] local node self-trust was not added: node signing public-key artifact is absent — continuing with configured trusted identities
05:51:26.610 [error] local node self-trust was not added: node signing public-key artifact is absent — continuing with configured trusted identities
05:51:26.625 [error] local node self-trust was not added: node signing public-key artifact is absent — continuing with configured trusted identities
.05:51:26.634 [error] local node self-trust was not added: node signing public-key artifact is absent — continuing with configured trusted identities
05:51:26.635 [error] local node self-trust was not added: node signing public-key artifact is absent — continuing with configured trusted identities
05:51:26.642 [error] local node self-trust was not added: node signing public-key artifact is absent — continuing with configured trusted identities
05:51:26.646 [error] local node self-trust was not added: node signing public-key artifact is absent — continuing with configured trusted identities
05:51:26.668 [error] local node self-trust was not added: node signing public-key artifact is absent — continuing with configured trusted identities
.05:51:26.676 [error] local node self-trust was not added: node signing public-key artifact is absent — continuing with configured trusted identities
05:51:26.677 [error] local node self-trust was not added: node signing public-key artifact is absent — continuing with configured trusted identities
05:51:26.681 [error] local node self-trust was not added: node signing public-key artifact is absent — continuing with configured trusted identities
05:51:26.684 [error] local node self-trust was not added: node signing public-key artifact is absent — continuing with configured trusted identities
05:51:26.686 [error] local node self-trust was not added: node signing public-key artifact is absent — continuing with configured trusted identities
05:51:26.689 [error] local node self-trust was not added: node signing public-key artifact is absent — continuing with configured trusted identities
05:51:26.692 [error] local node self-trust was not added: node signing public-key artifact is absent — continuing with configured trusted identities
05:51:26.696 [error] local node self-trust was not added: node signing public-key artifact is absent — continuing with configured trusted identities
05:51:26.700 [error] local node self-trust was not added: node signing public-key artifact is absent — continuing with configured trusted identities
05:51:26.705 [error] local node self-trust was not added: node signing public-key artifact is absent — continuing with configured trusted identities
05:51:26.710 [error] local node self-trust was not added: node signing public-key artifact is absent — continuing with configured trusted identities
05:51:26.723 [error] local node self-trust was not added: node signing public-key artifact is absent — continuing with configured trusted identities
05:51:26.727 [warning] flock failed on /tmp/cp_sync_export_186800/new.txt: :enoent, proceeding without lock
05:51:26.730 [warning] flock failed on /tmp/cp_sync_export_186800/notes/todo.txt: :enoent, proceeding without lock
05:51:26.747 [error] local node self-trust was not added: node signing public-key artifact is absent — continuing with configured trusted identities
.05:51:26.808 [error] local node self-trust was not added: node signing public-key artifact is absent — continuing with configured trusted identities
.05:51:26.920 [error] local node self-trust was not added: node signing public-key artifact is absent — continuing with configured trusted identities
.05:51:27.031 [error] local node self-trust was not added: node signing public-key artifact is absent — continuing with configured trusted identities
05:51:27.136 [error] local node self-trust was not added: node signing public-key artifact is absent — continuing with configured trusted identities
.05:51:27.247 [error] local node self-trust was not added: node signing public-key artifact is absent — continuing with configured trusted identities
..05:51:27.310 [error] local node self-trust was not added: node signing public-key artifact is absent — continuing with configured trusted identities
.05:51:27.320 [error] local node self-trust was not added: node signing public-key artifact is absent — continuing with configured trusted identities
.05:51:27.327 [error] local node self-trust was not added: node signing public-key artifact is absent — continuing with configured trusted identities
.05:51:27.349 [error] local node self-trust was not added: node signing public-key artifact is absent — continuing with configured trusted identities
05:51:27.420 [error] local node self-trust was not added: node signing public-key artifact is absent — continuing with configured trusted identities
.05:51:27.430 [error] local node self-trust was not added: node signing public-key artifact is absent — continuing with configured trusted identities
05:51:27.467 [warning] CommitStore: root attach DENIED by workspace profile doc_uuid=44c18522-c8ad-4685-8369-82421e4149d4 reason="workspace class 'minimal' does not accept root entry 'bd' — declared in profile"
05:51:27.490 [error] local node self-trust was not added: node signing public-key artifact is absent — continuing with configured trusted identities
.05:51:27.495 [error] local node self-trust was not added: node signing public-key artifact is absent — continuing with configured trusted identities
05:51:27.497 [error] local node self-trust was not added: node signing public-key artifact is absent — continuing with configured trusted identities
05:51:27.500 [error] local node self-trust was not added: node signing public-key artifact is absent — continuing with configured trusted identities
05:51:27.502 [error] local node self-trust was not added: node signing public-key artifact is absent — continuing with configured trusted identities
05:51:27.505 [error] local node self-trust was not added: node signing public-key artifact is absent — continuing with configured trusted identities
05:51:27.507 [error] local node self-trust was not added: node signing public-key artifact is absent — continuing with configured trusted identities
05:51:27.509 [error] local node self-trust was not added: node signing public-key artifact is absent — continuing with configured trusted identities
05:51:27.511 [error] local node self-trust was not added: node signing public-key artifact is absent — continuing with configured trusted identities
05:51:27.514 [error] local node self-trust was not added: node signing public-key artifact is absent — continuing with configured trusted identities
05:51:27.517 [error] local node self-trust was not added: node signing public-key artifact is absent — continuing with configured trusted identities
05:51:27.522 [error] local node self-trust was not added: node signing public-key artifact is absent — continuing with configured trusted identities
05:51:27.531 [error] local node self-trust was not added: node signing public-key artifact is absent — continuing with configured trusted identities
05:51:27.534 [error] local node self-trust was not added: node signing public-key artifact is absent — continuing with configured trusted identities
05:51:27.537 [error] local node self-trust was not added: node signing public-key artifact is absent — continuing with configured trusted identities
05:51:27.539 [error] local node self-trust was not added: node signing public-key artifact is absent — continuing with configured trusted identities
05:51:27.542 [error] local node self-trust was not added: node signing public-key artifact is absent — continuing with configured trusted identities
05:51:27.545 [error] local node self-trust was not added: node signing public-key artifact is absent — continuing with configured trusted identities
05:51:27.547 [error] local node self-trust was not added: node signing public-key artifact is absent — continuing with configured trusted identities
05:51:27.550 [error] local node self-trust was not added: node signing public-key artifact is absent — continuing with configured trusted identities
05:51:27.553 [error] local node self-trust was not added: node signing public-key artifact is absent — continuing with configured trusted identities
05:51:27.556 [error] local node self-trust was not added: node signing public-key artifact is absent — continuing with configured trusted identities
.05:51:27.571 [error] local node self-trust was not added: node signing public-key artifact is absent — continuing with configured trusted identities
.05:51:27.586 [error] local node self-trust was not added: node signing public-key artifact is absent — continuing with configured trusted identities
.05:51:27.593 [error] local node self-trust was not added: node signing public-key artifact is absent — continuing with configured trusted identities
05:51:27.596 [error] local node self-trust was not added: node signing public-key artifact is absent — continuing with configured trusted identities
05:51:27.598 [error] local node self-trust was not added: node signing public-key artifact is absent — continuing with configured trusted identities
05:51:27.600 [error] local node self-trust was not added: node signing public-key artifact is absent — continuing with configured trusted identities
05:51:27.602 [error] local node self-trust was not added: node signing public-key artifact is absent — continuing with configured trusted identities
05:51:27.604 [error] local node self-trust was not added: node signing public-key artifact is absent — continuing with configured trusted identities
05:51:27.606 [error] local node self-trust was not added: node signing public-key artifact is absent — continuing with configured trusted identities
05:51:27.607 [error] local node self-trust was not added: node signing public-key artifact is absent — continuing with configured trusted identities
05:51:27.610 [error] local node self-trust was not added: node signing public-key artifact is absent — continuing with configured trusted identities
05:51:27.612 [error] local node self-trust was not added: node signing public-key artifact is absent — continuing with configured trusted identities
05:51:27.615 [error] local node self-trust was not added: node signing public-key artifact is absent — continuing with configured trusted identities
05:51:27.619 [error] local node self-trust was not added: node signing public-key artifact is absent — continuing with configured trusted identities
05:51:27.621 [error] local node self-trust was not added: node signing public-key artifact is absent — continuing with configured trusted identities
05:51:27.630 [error] local node self-trust was not added: node signing public-key artifact is absent — continuing with configured trusted identities
05:51:27.632 [error] local node self-trust was not added: node signing public-key artifact is absent — continuing with configured trusted identities
05:51:27.635 [error] local node self-trust was not added: node signing public-key artifact is absent — continuing with configured trusted identities
.05:51:27.647 [error] local node self-trust was not added: node signing public-key artifact is absent — continuing with configured trusted identities
05:51:27.649 [error] local node self-trust was not added: node signing public-key artifact is absent — continuing with configured trusted identities
05:51:27.651 [error] local node self-trust was not added: node signing public-key artifact is absent — continuing with configured trusted identities
05:51:27.653 [error] local node self-trust was not added: node signing public-key artifact is absent — continuing with configured trusted identities
05:51:27.655 [error] local node self-trust was not added: node signing public-key artifact is absent — continuing with configured trusted identities
05:51:27.657 [error] local node self-trust was not added: node signing public-key artifact is absent — continuing with configured trusted identities
05:51:27.659 [error] local node self-trust was not added: node signing public-key artifact is absent — continuing with configured trusted identities
05:51:27.661 [error] local node self-trust was not added: node signing public-key artifact is absent — continuing with configured trusted identities
05:51:27.663 [error] local node self-trust was not added: node signing public-key artifact is absent — continuing with configured trusted identities
05:51:27.665 [error] local node self-trust was not added: node signing public-key artifact is absent — continuing with configured trusted identities
05:51:27.667 [error] local node self-trust was not added: node signing public-key artifact is absent — continuing with configured trusted identities
05:51:27.670 [error] local node self-trust was not added: node signing public-key artifact is absent — continuing with configured trusted identities
05:51:27.673 [error] local node self-trust was not added: node signing public-key artifact is absent — continuing with configured trusted identities
05:51:27.675 [error] local node self-trust was not added: node signing public-key artifact is absent — continuing with configured trusted identities
05:51:27.677 [error] local node self-trust was not added: node signing public-key artifact is absent — continuing with configured trusted identities
05:51:27.679 [error] local node self-trust was not added: node signing public-key artifact is absent — continuing with configured trusted identities
05:51:27.683 [error] local node self-trust was not added: node signing public-key artifact is absent — continuing with configured trusted identities
05:51:27.685 [error] local node self-trust was not added: node signing public-key artifact is absent — continuing with configured trusted identities
05:51:27.687 [error] local node self-trust was not added: node signing public-key artifact is absent — continuing with configured trusted identities
05:51:27.689 [error] local node self-trust was not added: node signing public-key artifact is absent — continuing with configured trusted identities
05:51:27.693 [error] local node self-trust was not added: node signing public-key artifact is absent — continuing with configured trusted identities
05:51:27.698 [error] local node self-trust was not added: node signing public-key artifact is absent — continuing with configured trusted identities
.05:51:27.710 [error] local node self-trust was not added: node signing public-key artifact is absent — continuing with configured trusted identities
05:51:27.712 [error] local node self-trust was not added: node signing public-key artifact is absent — continuing with configured trusted identities
05:51:27.716 [error] local node self-trust was not added: node signing public-key artifact is absent — continuing with configured trusted identities
05:51:27.722 [error] local node self-trust was not added: node signing public-key artifact is absent — continuing with configured trusted identities
05:51:27.725 [error] local node self-trust was not added: node signing public-key artifact is absent — continuing with configured trusted identities
05:51:27.727 [error] local node self-trust was not added: node signing public-key artifact is absent — continuing with configured trusted identities
05:51:27.731 [error] local node self-trust was not added: node signing public-key artifact is absent — continuing with configured trusted identities
05:51:27.734 [error] local node self-trust was not added: node signing public-key artifact is absent — continuing with configured trusted identities
05:51:27.736 [error] local node self-trust was not added: node signing public-key artifact is absent — continuing with configured trusted identities
05:51:27.738 [error] local node self-trust was not added: node signing public-key artifact is absent — continuing with configured trusted identities
05:51:27.741 [error] local node self-trust was not added: node signing public-key artifact is absent — continuing with configured trusted identities
05:51:27.744 [error] local node self-trust was not added: node signing public-key artifact is absent — continuing with configured trusted identities
05:51:27.747 [error] local node self-trust was not added: node signing public-key artifact is absent — continuing with configured trusted identities
05:51:27.749 [error] local node self-trust was not added: node signing public-key artifact is absent — continuing with configured trusted identities
05:51:27.750 [error] local node self-trust was not added: node signing public-key artifact is absent — continuing with configured trusted identities
05:51:27.753 [error] local node self-trust was not added: node signing public-key artifact is absent — continuing with configured trusted identities
05:51:27.776 [error] local node self-trust was not added: node signing public-key artifact is absent — continuing with configured trusted identities
.05:51:27.784 [error] local node self-trust was not added: node signing public-key artifact is absent — continuing with configured trusted identities
05:51:27.787 [error] local node self-trust was not added: node signing public-key artifact is absent — continuing with configured trusted identities
05:51:27.788 [error] local node self-trust was not added: node signing public-key artifact is absent — continuing with configured trusted identities
05:51:27.789 [error] local node self-trust was not added: node signing public-key artifact is absent — continuing with configured trusted identities
05:51:27.792 [error] local node self-trust was not added: node signing public-key artifact is absent — continuing with configured trusted identities
05:51:27.794 [error] local node self-trust was not added: node signing public-key artifact is absent — continuing with configured trusted identities
05:51:27.796 [error] local node self-trust was not added: node signing public-key artifact is absent — continuing with configured trusted identities
05:51:27.798 [error] local node self-trust was not added: node signing public-key artifact is absent — continuing with configured trusted identities
05:51:27.801 [error] local node self-trust was not added: node signing public-key artifact is absent — continuing with configured trusted identities
05:51:27.804 [error] local node self-trust was not added: node signing public-key artifact is absent — continuing with configured trusted identities
05:51:27.806 [error] local node self-trust was not added: node signing public-key artifact is absent — continuing with configured trusted identities
.05:51:27.813 [error] local node self-trust was not added: node signing public-key artifact is absent — continuing with configured trusted identities
.05:51:27.818 [error] local node self-trust was not added: node signing public-key artifact is absent — continuing with configured trusted identities
.05:51:27.825 [error] local node self-trust was not added: node signing public-key artifact is absent — continuing with configured trusted identities
...05:51:27.839 [error] local node self-trust was not added: node signing public-key artifact is absent — continuing with configured trusted identities
.05:51:27.848 [error] local node self-trust was not added: node signing public-key artifact is absent — continuing with configured trusted identities
.05:51:27.855 [error] local node self-trust was not added: node signing public-key artifact is absent — continuing with configured trusted identities
.05:51:27.860 [error] local node self-trust was not added: node signing public-key artifact is absent — continuing with configured trusted identities
..05:51:27.871 [error] local node self-trust was not added: node signing public-key artifact is absent — continuing with configured trusted identities
.05:51:27.882 [error] local node self-trust was not added: node signing public-key artifact is absent — continuing with configured trusted identities
05:51:27.902 [error] local node self-trust was not added: node signing public-key artifact is absent — continuing with configured trusted identities
.05:51:27.913 [error] local node self-trust was not added: node signing public-key artifact is absent — continuing with configured trusted identities
05:51:27.914 [error] local node self-trust was not added: node signing public-key artifact is absent — continuing with configured trusted identities
05:51:27.916 [error] local node self-trust was not added: node signing public-key artifact is absent — continuing with configured trusted identities
05:51:27.918 [error] local node self-trust was not added: node signing public-key artifact is absent — continuing with configured trusted identities
05:51:27.933 [error] local node self-trust was not added: node signing public-key artifact is absent — continuing with configured trusted identities
.05:51:27.946 [error] local node self-trust was not added: node signing public-key artifact is absent — continuing with configured trusted identities
05:51:27.947 [error] local node self-trust was not added: node signing public-key artifact is absent — continuing with configured trusted identities
05:51:27.951 [error] local node self-trust was not added: node signing public-key artifact is absent — continuing with configured trusted identities
05:51:27.953 [error] local node self-trust was not added: node signing public-key artifact is absent — continuing with configured trusted identities
05:51:27.956 [error] local node self-trust was not added: node signing public-key artifact is absent — continuing with configured trusted identities
05:51:27.957 [error] local node self-trust was not added: node signing public-key artifact is absent — continuing with configured trusted identities
05:51:27.960 [error] local node self-trust was not added: node signing public-key artifact is absent — continuing with configured trusted identities
05:51:27.961 [error] local node self-trust was not added: node signing public-key artifact is absent — continuing with configured trusted identities
05:51:27.963 [error] local node self-trust was not added: node signing public-key artifact is absent — continuing with configured trusted identities
05:51:27.979 [error] local node self-trust was not added: node signing public-key artifact is absent — continuing with configured trusted identities
.05:51:27.989 [error] local node self-trust was not added: node signing public-key artifact is absent — continuing with configured trusted identities
05:51:27.989 [error] local node self-trust was not added: node signing public-key artifact is absent — continuing with configured trusted identities
05:51:28.006 [error] local node self-trust was not added: node signing public-key artifact is absent — continuing with configured trusted identities
.05:51:28.016 [error] local node self-trust was not added: node signing public-key artifact is absent — continuing with configured trusted identities
05:51:28.016 [error] local node self-trust was not added: node signing public-key artifact is absent — continuing with configured trusted identities
05:51:28.019 [error] local node self-trust was not added: node signing public-key artifact is absent — continuing with configured trusted identities
05:51:28.021 [error] local node self-trust was not added: node signing public-key artifact is absent — continuing with configured trusted identities
05:51:28.023 [error] local node self-trust was not added: node signing public-key artifact is absent — continuing with configured trusted identities
05:51:28.037 [error] local node self-trust was not added: node signing public-key artifact is absent — continuing with configured trusted identities
.05:51:28.046 [error] local node self-trust was not added: node signing public-key artifact is absent — continuing with configured trusted identities
05:51:28.047 [error] local node self-trust was not added: node signing public-key artifact is absent — continuing with configured trusted identities
05:51:28.060 [error] local node self-trust was not added: node signing public-key artifact is absent — continuing with configured trusted identities
.05:51:28.070 [error] local node self-trust was not added: node signing public-key artifact is absent — continuing with configured trusted identities
05:51:28.070 [error] local node self-trust was not added: node signing public-key artifact is absent — continuing with configured trusted identities
05:51:28.073 [error] local node self-trust was not added: node signing public-key artifact is absent — continuing with configured trusted identities
05:51:28.076 [error] local node self-trust was not added: node signing public-key artifact is absent — continuing with configured trusted identities
05:51:28.078 [error] local node self-trust was not added: node signing public-key artifact is absent — continuing with configured trusted identities
05:51:28.081 [error] local node self-trust was not added: node signing public-key artifact is absent — continuing with configured trusted identities
05:51:28.100 [error] local node self-trust was not added: node signing public-key artifact is absent — continuing with configured trusted identities
..........commonplace: :cx_a3fe_absent@commonplace (from /tmp/cx_x8jk_reach_failures_159366141/node_name) serves a DIFFERENT workspace — its data dir is "/other/data", not "/tmp/cx_x8jk_reach_failures_159366141". Ignoring it; that node_name file probably points at an orphan serve.
...........05:51:28.784 [error] local node self-trust was not added: node signing public-key artifact is absent — continuing with configured trusted identities
05:51:28.787 [error] local node self-trust was not added: node signing public-key artifact is absent — continuing with configured trusted identities
05:51:28.790 [error] local node self-trust was not added: node signing public-key artifact is absent — continuing with configured trusted identities
05:51:28.795 [error] local node self-trust was not added: node signing public-key artifact is absent — continuing with configured trusted identities
.05:51:28.802 [error] local node self-trust was not added: node signing public-key artifact is absent — continuing with configured trusted identities
05:51:28.803 [error] local node self-trust was not added: node signing public-key artifact is absent — continuing with configured trusted identities
05:51:28.805 [error] local node self-trust was not added: node signing public-key artifact is absent — continuing with configured trusted identities
.05:51:28.814 [error] local node self-trust was not added: node signing public-key artifact is absent — continuing with configured trusted identities
.05:51:28.820 [error] local node self-trust was not added: node signing public-key artifact is absent — continuing with configured trusted identities
05:51:28.822 [error] local node self-trust was not added: node signing public-key artifact is absent — continuing with configured trusted identities
05:51:28.825 [error] local node self-trust was not added: node signing public-key artifact is absent — continuing with configured trusted identities
05:51:28.827 [error] local node self-trust was not added: node signing public-key artifact is absent — continuing with configured trusted identities
.05:51:28.835 [error] local node self-trust was not added: node signing public-key artifact is absent — continuing with configured trusted identities
05:51:28.837 [error] local node self-trust was not added: node signing public-key artifact is absent — continuing with configured trusted identities
05:51:28.839 [error] local node self-trust was not added: node signing public-key artifact is absent — continuing with configured trusted identities
05:51:28.841 [error] local node self-trust was not added: node signing public-key artifact is absent — continuing with configured trusted identities
05:51:28.843 [error] local node self-trust was not added: node signing public-key artifact is absent — continuing with configured trusted identities
......05:51:29.067 [error] local node self-trust was not added: node signing public-key artifact is absent — continuing with configured trusted identities
05:51:29.068 [error] local node self-trust was not added: node signing public-key artifact is absent — continuing with configured trusted identities
05:51:29.070 [error] local node self-trust was not added: node signing public-key artifact is absent — continuing with configured trusted identities
05:51:29.074 [error] local node self-trust was not added: node signing public-key artifact is absent — continuing with configured trusted identities
05:51:29.077 [error] local node self-trust was not added: node signing public-key artifact is absent — continuing with configured trusted identities
05:51:29.079 [error] local node self-trust was not added: node signing public-key artifact is absent — continuing with configured trusted identities
05:51:29.081 [error] local node self-trust was not added: node signing public-key artifact is absent — continuing with configured trusted identities
05:51:29.084 [error] local node self-trust was not added: node signing public-key artifact is absent — continuing with configured trusted identities
05:51:29.116 [error] local node self-trust was not added: node signing public-key artifact is absent — continuing with configured trusted identities
.05:51:29.128 [error] local node self-trust was not added: node signing public-key artifact is absent — continuing with configured trusted identities
05:51:29.128 [error] local node self-trust was not added: node signing public-key artifact is absent — continuing with configured trusted identities
05:51:29.131 [error] local node self-trust was not added: node signing public-key artifact is absent — continuing with configured trusted identities
05:51:29.133 [error] local node self-trust was not added: node signing public-key artifact is absent — continuing with configured trusted identities
05:51:29.137 [error] local node self-trust was not added: node signing public-key artifact is absent — continuing with configured trusted identities
05:51:29.139 [error] local node self-trust was not added: node signing public-key artifact is absent — continuing with configured trusted identities
05:51:29.141 [error] local node self-trust was not added: node signing public-key artifact is absent — continuing with configured trusted identities
05:51:29.144 [error] local node self-trust was not added: node signing public-key artifact is absent — continuing with configured trusted identities
05:51:29.147 [warning] flock failed on /tmp/cp_checkout_sync_921697/feature.txt: :enoent, proceeding without lock
05:51:29.175 [error] local node self-trust was not added: node signing public-key artifact is absent — continuing with configured trusted identities
.05:51:29.187 [error] local node self-trust was not added: node signing public-key artifact is absent — continuing with configured trusted identities
05:51:29.188 [error] local node self-trust was not added: node signing public-key artifact is absent — continuing with configured trusted identities
05:51:29.190 [error] local node self-trust was not added: node signing public-key artifact is absent — continuing with configured trusted identities
05:51:29.192 [error] local node self-trust was not added: node signing public-key artifact is absent — continuing with configured trusted identities
05:51:29.195 [error] local node self-trust was not added: node signing public-key artifact is absent — continuing with configured trusted identities
05:51:29.198 [error] local node self-trust was not added: node signing public-key artifact is absent — continuing with configured trusted identities
05:51:29.201 [error] local node self-trust was not added: node signing public-key artifact is absent — continuing with configured trusted identities
05:51:29.204 [error] local node self-trust was not added: node signing public-key artifact is absent — continuing with configured trusted identities
05:51:29.208 [warning] flock failed on /tmp/cp_checkout_sync_575984/repos/myrepo/feature/feature.txt: :enoent, proceeding without lock
05:51:29.210 [warning] flock failed on /tmp/cp_checkout_sync_575984/repos/myrepo/main/readme.txt: :enoent, proceeding without lock
05:51:29.215 [warning] flock failed on /tmp/cp_checkout_sync_575984/readme.txt: :enoent, proceeding without lock
05:51:29.242 [error] local node self-trust was not added: node signing public-key artifact is absent — continuing with configured trusted identities
.05:51:29.252 [error] local node self-trust was not added: node signing public-key artifact is absent — continuing with configured trusted identities
05:51:29.253 [error] local node self-trust was not added: node signing public-key artifact is absent — continuing with configured trusted identities
05:51:29.255 [error] local node self-trust was not added: node signing public-key artifact is absent — continuing with configured trusted identities
05:51:29.257 [error] local node self-trust was not added: node signing public-key artifact is absent — continuing with configured trusted identities
05:51:29.259 [error] local node self-trust was not added: node signing public-key artifact is absent — continuing with configured trusted identities
05:51:29.262 [error] local node self-trust was not added: node signing public-key artifact is absent — continuing with configured trusted identities
05:51:29.264 [error] local node self-trust was not added: node signing public-key artifact is absent — continuing with configured trusted identities
05:51:29.266 [error] local node self-trust was not added: node signing public-key artifact is absent — continuing with configured trusted identities
Re-rooted: uuid-root → uuid-main
Exporting from new root...
Done.
05:51:29.291 [error] local node self-trust was not added: node signing public-key artifact is absent — continuing with configured trusted identities
.05:51:29.302 [error] local node self-trust was not added: node signing public-key artifact is absent — continuing with configured trusted identities
05:51:29.302 [error] local node self-trust was not added: node signing public-key artifact is absent — continuing with configured trusted identities
05:51:29.305 [error] local node self-trust was not added: node signing public-key artifact is absent — continuing with configured trusted identities
05:51:29.307 [error] local node self-trust was not added: node signing public-key artifact is absent — continuing with configured trusted identities
05:51:29.310 [error] local node self-trust was not added: node signing public-key artifact is absent — continuing with configured trusted identities
05:51:29.311 [error] local node self-trust was not added: node signing public-key artifact is absent — continuing with configured trusted identities
05:51:29.314 [error] local node self-trust was not added: node signing public-key artifact is absent — continuing with configured trusted identities
05:51:29.317 [error] local node self-trust was not added: node signing public-key artifact is absent — continuing with configured trusted identities
Current root: uuid-root
05:51:29.335 [error] local node self-trust was not added: node signing public-key artifact is absent — continuing with configured trusted identities
......05:51:29.347 [error] local node self-trust was not added: node signing public-key artifact is absent — continuing with configured trusted identities
05:51:29.349 [error] local node self-trust was not added: node signing public-key artifact is absent — continuing with configured trusted identities
.05:51:29.358 [error] local node self-trust was not added: node signing public-key artifact is absent — continuing with configured trusted identities
05:51:29.360 [error] local node self-trust was not added: node signing public-key artifact is absent — continuing with configured trusted identities
.05:51:29.371 [error] local node self-trust was not added: node signing public-key artifact is absent — continuing with configured trusted identities
05:51:29.373 [error] local node self-trust was not added: node signing public-key artifact is absent — continuing with configured trusted identities
.
Finished in 6.0 seconds (2.8s async, 3.2s sync)
121 tests, 0 failures
real 8.45
user 6.44
sys 1.47
