==> commonplace
make: Nothing to be done for 'all'.
==> commonplace_cli
Running ExUnit with seed: 665257, max_cases: 8

.............................05:52:09.876 [error] local node self-trust was not added: node signing public-key artifact is absent — continuing with configured trusted identities
05:52:09.908 [error] local node self-trust was not added: node signing public-key artifact is absent — continuing with configured trusted identities
05:52:09.921 [error] local node self-trust was not added: node signing public-key artifact is absent — continuing with configured trusted identities
05:52:09.932 [error] local node self-trust was not added: node signing public-key artifact is absent — continuing with configured trusted identities
05:52:09.952 [warning] flock failed on /tmp/cp_rt_out_26613/special.txt: :enoent, proceeding without lock
05:52:09.973 [error] local node self-trust was not added: node signing public-key artifact is absent — continuing with configured trusted identities
.05:52:09.987 [error] local node self-trust was not added: node signing public-key artifact is absent — continuing with configured trusted identities
05:52:09.988 [error] local node self-trust was not added: node signing public-key artifact is absent — continuing with configured trusted identities
05:52:09.991 [error] local node self-trust was not added: node signing public-key artifact is absent — continuing with configured trusted identities
05:52:09.993 [error] local node self-trust was not added: node signing public-key artifact is absent — continuing with configured trusted identities
05:52:09.996 [error] local node self-trust was not added: node signing public-key artifact is absent — continuing with configured trusted identities
05:52:09.998 [error] local node self-trust was not added: node signing public-key artifact is absent — continuing with configured trusted identities
05:52:10.000 [error] local node self-trust was not added: node signing public-key artifact is absent — continuing with configured trusted identities
05:52:10.003 [error] local node self-trust was not added: node signing public-key artifact is absent — continuing with configured trusted identities
05:52:10.007 [error] local node self-trust was not added: node signing public-key artifact is absent — continuing with configured trusted identities
05:52:10.010 [error] local node self-trust was not added: node signing public-key artifact is absent — continuing with configured trusted identities
05:52:10.017 [warning] flock failed on /tmp/cp_rt_out_614638/docs/examples/hello.txt: :enoent, proceeding without lock
05:52:10.020 [warning] flock failed on /tmp/cp_rt_out_614638/docs/guide.txt: :enoent, proceeding without lock
05:52:10.022 [warning] flock failed on /tmp/cp_rt_out_614638/empty.txt: :enoent, proceeding without lock
05:52:10.024 [warning] flock failed on /tmp/cp_rt_out_614638/readme.txt: :enoent, proceeding without lock
05:52:10.040 [error] local node self-trust was not added: node signing public-key artifact is absent — continuing with configured trusted identities
......05:52:10.045 [error] local node self-trust was not added: node signing public-key artifact is absent — continuing with configured trusted identities
05:52:10.048 [error] local node self-trust was not added: node signing public-key artifact is absent — continuing with configured trusted identities
05:52:10.050 [error] local node self-trust was not added: node signing public-key artifact is absent — continuing with configured trusted identities
.05:52:10.058 [error] local node self-trust was not added: node signing public-key artifact is absent — continuing with configured trusted identities
05:52:10.061 [error] local node self-trust was not added: node signing public-key artifact is absent — continuing with configured trusted identities
05:52:10.063 [error] local node self-trust was not added: node signing public-key artifact is absent — continuing with configured trusted identities
05:52:10.072 [error] local node self-trust was not added: node signing public-key artifact is absent — continuing with configured trusted identities
.05:52:10.076 [error] local node self-trust was not added: node signing public-key artifact is absent — continuing with configured trusted identities
05:52:10.080 [error] local node self-trust was not added: node signing public-key artifact is absent — continuing with configured trusted identities
05:52:10.083 [error] local node self-trust was not added: node signing public-key artifact is absent — continuing with configured trusted identities
05:52:10.088 [error] local node self-trust was not added: node signing public-key artifact is absent — continuing with configured trusted identities
..05:52:10.104 [error] local node self-trust was not added: node signing public-key artifact is absent — continuing with configured trusted identities
05:52:10.105 [error] local node self-trust was not added: node signing public-key artifact is absent — continuing with configured trusted identities
05:52:10.108 [error] local node self-trust was not added: node signing public-key artifact is absent — continuing with configured trusted identities
05:52:10.110 [error] local node self-trust was not added: node signing public-key artifact is absent — continuing with configured trusted identities
05:52:10.114 [error] local node self-trust was not added: node signing public-key artifact is absent — continuing with configured trusted identities
05:52:10.130 [error] local node self-trust was not added: node signing public-key artifact is absent — continuing with configured trusted identities
.05:52:10.140 [error] local node self-trust was not added: node signing public-key artifact is absent — continuing with configured trusted identities
05:52:10.141 [error] local node self-trust was not added: node signing public-key artifact is absent — continuing with configured trusted identities
05:52:10.143 [error] local node self-trust was not added: node signing public-key artifact is absent — continuing with configured trusted identities
05:52:10.146 [error] local node self-trust was not added: node signing public-key artifact is absent — continuing with configured trusted identities
05:52:10.148 [error] local node self-trust was not added: node signing public-key artifact is absent — continuing with configured trusted identities
05:52:10.149 [error] local node self-trust was not added: node signing public-key artifact is absent — continuing with configured trusted identities
05:52:10.152 [error] local node self-trust was not added: node signing public-key artifact is absent — continuing with configured trusted identities
05:52:10.155 [error] local node self-trust was not added: node signing public-key artifact is absent — continuing with configured trusted identities
05:52:10.158 [error] local node self-trust was not added: node signing public-key artifact is absent — continuing with configured trusted identities
05:52:10.178 [error] local node self-trust was not added: node signing public-key artifact is absent — continuing with configured trusted identities
.05:52:10.188 [error] local node self-trust was not added: node signing public-key artifact is absent — continuing with configured trusted identities
05:52:10.189 [error] local node self-trust was not added: node signing public-key artifact is absent — continuing with configured trusted identities
05:52:10.192 [error] local node self-trust was not added: node signing public-key artifact is absent — continuing with configured trusted identities
05:52:10.194 [error] local node self-trust was not added: node signing public-key artifact is absent — continuing with configured trusted identities
05:52:10.196 [error] local node self-trust was not added: node signing public-key artifact is absent — continuing with configured trusted identities
05:52:10.199 [error] local node self-trust was not added: node signing public-key artifact is absent — continuing with configured trusted identities
05:52:10.220 [error] local node self-trust was not added: node signing public-key artifact is absent — continuing with configured trusted identities
.05:52:10.232 [error] local node self-trust was not added: node signing public-key artifact is absent — continuing with configured trusted identities
05:52:10.232 [error] local node self-trust was not added: node signing public-key artifact is absent — continuing with configured trusted identities
05:52:10.257 [error] local node self-trust was not added: node signing public-key artifact is absent — continuing with configured trusted identities
.05:52:10.274 [error] local node self-trust was not added: node signing public-key artifact is absent — continuing with configured trusted identities
05:52:10.310 [error] local node self-trust was not added: node signing public-key artifact is absent — continuing with configured trusted identities
.05:52:10.323 [error] local node self-trust was not added: node signing public-key artifact is absent — continuing with configured trusted identities
05:52:10.324 [error] local node self-trust was not added: node signing public-key artifact is absent — continuing with configured trusted identities
05:52:10.326 [error] local node self-trust was not added: node signing public-key artifact is absent — continuing with configured trusted identities
05:52:10.328 [error] local node self-trust was not added: node signing public-key artifact is absent — continuing with configured trusted identities
05:52:10.344 [error] local node self-trust was not added: node signing public-key artifact is absent — continuing with configured trusted identities
.05:52:10.353 [error] local node self-trust was not added: node signing public-key artifact is absent — continuing with configured trusted identities
05:52:10.353 [error] local node self-trust was not added: node signing public-key artifact is absent — continuing with configured trusted identities
05:52:10.368 [error] local node self-trust was not added: node signing public-key artifact is absent — continuing with configured trusted identities
.05:52:10.377 [error] local node self-trust was not added: node signing public-key artifact is absent — continuing with configured trusted identities
05:52:10.440 [error] local node self-trust was not added: node signing public-key artifact is absent — continuing with configured trusted identities
.05:52:10.448 [error] local node self-trust was not added: node signing public-key artifact is absent — continuing with configured trusted identities
05:52:10.476 [warning] CommitStore: root attach DENIED by workspace profile doc_uuid=0db0f25e-996a-4c65-83fa-a567516d11cd reason="workspace class 'minimal' does not accept root entry 'bd' — declared in profile"
05:52:10.497 [error] local node self-trust was not added: node signing public-key artifact is absent — continuing with configured trusted identities
..05:52:10.517 [error] local node self-trust was not added: node signing public-key artifact is absent — continuing with configured trusted identities
.05:52:10.527 [error] local node self-trust was not added: node signing public-key artifact is absent — continuing with configured trusted identities
.05:52:10.534 [error] local node self-trust was not added: node signing public-key artifact is absent — continuing with configured trusted identities
.05:52:10.542 [error] local node self-trust was not added: node signing public-key artifact is absent — continuing with configured trusted identities
.05:52:10.548 [error] local node self-trust was not added: node signing public-key artifact is absent — continuing with configured trusted identities
.05:52:10.561 [error] local node self-trust was not added: node signing public-key artifact is absent — continuing with configured trusted identities
05:52:10.562 [error] local node self-trust was not added: node signing public-key artifact is absent — continuing with configured trusted identities
05:52:10.563 [error] local node self-trust was not added: node signing public-key artifact is absent — continuing with configured trusted identities
05:52:10.565 [error] local node self-trust was not added: node signing public-key artifact is absent — continuing with configured trusted identities
05:52:10.567 [error] local node self-trust was not added: node signing public-key artifact is absent — continuing with configured trusted identities
05:52:10.568 [error] local node self-trust was not added: node signing public-key artifact is absent — continuing with configured trusted identities
05:52:10.570 [error] local node self-trust was not added: node signing public-key artifact is absent — continuing with configured trusted identities
05:52:10.572 [error] local node self-trust was not added: node signing public-key artifact is absent — continuing with configured trusted identities
Current root: uuid-root
05:52:10.590 [error] local node self-trust was not added: node signing public-key artifact is absent — continuing with configured trusted identities
.05:52:10.600 [error] local node self-trust was not added: node signing public-key artifact is absent — continuing with configured trusted identities
05:52:10.600 [error] local node self-trust was not added: node signing public-key artifact is absent — continuing with configured trusted identities
05:52:10.603 [error] local node self-trust was not added: node signing public-key artifact is absent — continuing with configured trusted identities
05:52:10.604 [error] local node self-trust was not added: node signing public-key artifact is absent — continuing with configured trusted identities
05:52:10.606 [error] local node self-trust was not added: node signing public-key artifact is absent — continuing with configured trusted identities
05:52:10.608 [error] local node self-trust was not added: node signing public-key artifact is absent — continuing with configured trusted identities
05:52:10.610 [error] local node self-trust was not added: node signing public-key artifact is absent — continuing with configured trusted identities
05:52:10.612 [error] local node self-trust was not added: node signing public-key artifact is absent — continuing with configured trusted identities
05:52:10.615 [warning] flock failed on /tmp/cp_checkout_sync_658787/repos/myrepo/feature/feature.txt: :enoent, proceeding without lock
05:52:10.617 [warning] flock failed on /tmp/cp_checkout_sync_658787/repos/myrepo/main/readme.txt: :enoent, proceeding without lock
05:52:10.618 [warning] flock failed on /tmp/cp_checkout_sync_658787/readme.txt: :enoent, proceeding without lock
05:52:10.634 [error] local node self-trust was not added: node signing public-key artifact is absent — continuing with configured trusted identities
.05:52:10.643 [error] local node self-trust was not added: node signing public-key artifact is absent — continuing with configured trusted identities
05:52:10.643 [error] local node self-trust was not added: node signing public-key artifact is absent — continuing with configured trusted identities
05:52:10.645 [error] local node self-trust was not added: node signing public-key artifact is absent — continuing with configured trusted identities
05:52:10.647 [error] local node self-trust was not added: node signing public-key artifact is absent — continuing with configured trusted identities
05:52:10.648 [error] local node self-trust was not added: node signing public-key artifact is absent — continuing with configured trusted identities
05:52:10.650 [error] local node self-trust was not added: node signing public-key artifact is absent — continuing with configured trusted identities
05:52:10.651 [error] local node self-trust was not added: node signing public-key artifact is absent — continuing with configured trusted identities
05:52:10.653 [error] local node self-trust was not added: node signing public-key artifact is absent — continuing with configured trusted identities
05:52:10.667 [error] local node self-trust was not added: node signing public-key artifact is absent — continuing with configured trusted identities
.05:52:10.677 [error] local node self-trust was not added: node signing public-key artifact is absent — continuing with configured trusted identities
05:52:10.677 [error] local node self-trust was not added: node signing public-key artifact is absent — continuing with configured trusted identities
05:52:10.680 [error] local node self-trust was not added: node signing public-key artifact is absent — continuing with configured trusted identities
05:52:10.682 [error] local node self-trust was not added: node signing public-key artifact is absent — continuing with configured trusted identities
05:52:10.684 [error] local node self-trust was not added: node signing public-key artifact is absent — continuing with configured trusted identities
05:52:10.686 [error] local node self-trust was not added: node signing public-key artifact is absent — continuing with configured trusted identities
05:52:10.688 [error] local node self-trust was not added: node signing public-key artifact is absent — continuing with configured trusted identities
05:52:10.691 [error] local node self-trust was not added: node signing public-key artifact is absent — continuing with configured trusted identities
05:52:10.694 [warning] flock failed on /tmp/cp_checkout_sync_24025/feature.txt: :enoent, proceeding without lock
05:52:10.708 [error] local node self-trust was not added: node signing public-key artifact is absent — continuing with configured trusted identities
.05:52:10.716 [error] local node self-trust was not added: node signing public-key artifact is absent — continuing with configured trusted identities
05:52:10.717 [error] local node self-trust was not added: node signing public-key artifact is absent — continuing with configured trusted identities
05:52:10.719 [error] local node self-trust was not added: node signing public-key artifact is absent — continuing with configured trusted identities
05:52:10.720 [error] local node self-trust was not added: node signing public-key artifact is absent — continuing with configured trusted identities
05:52:10.723 [error] local node self-trust was not added: node signing public-key artifact is absent — continuing with configured trusted identities
05:52:10.725 [error] local node self-trust was not added: node signing public-key artifact is absent — continuing with configured trusted identities
05:52:10.727 [error] local node self-trust was not added: node signing public-key artifact is absent — continuing with configured trusted identities
05:52:10.729 [error] local node self-trust was not added: node signing public-key artifact is absent — continuing with configured trusted identities
Re-rooted: uuid-root → uuid-main
Exporting from new root...
Done.
05:52:10.748 [error] local node self-trust was not added: node signing public-key artifact is absent — continuing with configured trusted identities
.05:52:10.808 [error] local node self-trust was not added: node signing public-key artifact is absent — continuing with configured trusted identities
05:52:10.918 [error] local node self-trust was not added: node signing public-key artifact is absent — continuing with configured trusted identities
.05:52:11.028 [error] local node self-trust was not added: node signing public-key artifact is absent — continuing with configured trusted identities
.05:52:11.138 [error] local node self-trust was not added: node signing public-key artifact is absent — continuing with configured trusted identities
.05:52:11.248 [error] local node self-trust was not added: node signing public-key artifact is absent — continuing with configured trusted identities
......05:52:11.488 [error] local node self-trust was not added: node signing public-key artifact is absent — continuing with configured trusted identities
05:52:11.491 [error] local node self-trust was not added: node signing public-key artifact is absent — continuing with configured trusted identities
.05:52:11.500 [error] local node self-trust was not added: node signing public-key artifact is absent — continuing with configured trusted identities
05:52:11.503 [error] local node self-trust was not added: node signing public-key artifact is absent — continuing with configured trusted identities
.05:52:11.512 [error] local node self-trust was not added: node signing public-key artifact is absent — continuing with configured trusted identities
05:52:11.514 [error] local node self-trust was not added: node signing public-key artifact is absent — continuing with configured trusted identities
.....commonplace: :cx_a3fe_absent@commonplace (from /tmp/cx_x8jk_reach_failures_205756320/node_name) serves a DIFFERENT workspace — its data dir is "/other/data", not "/tmp/cx_x8jk_reach_failures_205756320". Ignoring it; that node_name file probably points at an orphan serve.
..................05:52:12.067 [error] local node self-trust was not added: node signing public-key artifact is absent — continuing with configured trusted identities
05:52:12.073 [error] local node self-trust was not added: node signing public-key artifact is absent — continuing with configured trusted identities
05:52:12.075 [error] local node self-trust was not added: node signing public-key artifact is absent — continuing with configured trusted identities
05:52:12.081 [error] local node self-trust was not added: node signing public-key artifact is absent — continuing with configured trusted identities
05:52:12.083 [error] local node self-trust was not added: node signing public-key artifact is absent — continuing with configured trusted identities
.05:52:12.092 [error] local node self-trust was not added: node signing public-key artifact is absent — continuing with configured trusted identities
05:52:12.096 [error] local node self-trust was not added: node signing public-key artifact is absent — continuing with configured trusted identities
05:52:12.098 [error] local node self-trust was not added: node signing public-key artifact is absent — continuing with configured trusted identities
05:52:12.100 [error] local node self-trust was not added: node signing public-key artifact is absent — continuing with configured trusted identities
05:52:12.102 [error] local node self-trust was not added: node signing public-key artifact is absent — continuing with configured trusted identities
05:52:12.105 [error] local node self-trust was not added: node signing public-key artifact is absent — continuing with configured trusted identities
05:52:12.107 [error] local node self-trust was not added: node signing public-key artifact is absent — continuing with configured trusted identities
.05:52:12.116 [error] local node self-trust was not added: node signing public-key artifact is absent — continuing with configured trusted identities
.05:52:12.122 [error] local node self-trust was not added: node signing public-key artifact is absent — continuing with configured trusted identities
05:52:12.124 [error] local node self-trust was not added: node signing public-key artifact is absent — continuing with configured trusted identities
05:52:12.126 [error] local node self-trust was not added: node signing public-key artifact is absent — continuing with configured trusted identities
05:52:12.129 [error] local node self-trust was not added: node signing public-key artifact is absent — continuing with configured trusted identities
05:52:12.131 [error] local node self-trust was not added: node signing public-key artifact is absent — continuing with configured trusted identities
05:52:12.134 [error] local node self-trust was not added: node signing public-key artifact is absent — continuing with configured trusted identities
05:52:12.136 [error] local node self-trust was not added: node signing public-key artifact is absent — continuing with configured trusted identities
.05:52:12.143 [error] local node self-trust was not added: node signing public-key artifact is absent — continuing with configured trusted identities
05:52:12.145 [error] local node self-trust was not added: node signing public-key artifact is absent — continuing with configured trusted identities
05:52:12.147 [error] local node self-trust was not added: node signing public-key artifact is absent — continuing with configured trusted identities
05:52:12.159 [error] local node self-trust was not added: node signing public-key artifact is absent — continuing with configured trusted identities
05:52:12.162 [error] local node self-trust was not added: node signing public-key artifact is absent — continuing with configured trusted identities
.05:52:12.169 [error] local node self-trust was not added: node signing public-key artifact is absent — continuing with configured trusted identities
.05:52:12.176 [error] local node self-trust was not added: node signing public-key artifact is absent — continuing with configured trusted identities
05:52:12.179 [error] local node self-trust was not added: node signing public-key artifact is absent — continuing with configured trusted identities
05:52:12.181 [error] local node self-trust was not added: node signing public-key artifact is absent — continuing with configured trusted identities
05:52:12.183 [error] local node self-trust was not added: node signing public-key artifact is absent — continuing with configured trusted identities
.05:52:12.190 [error] local node self-trust was not added: node signing public-key artifact is absent — continuing with configured trusted identities
05:52:12.193 [error] local node self-trust was not added: node signing public-key artifact is absent — continuing with configured trusted identities
05:52:12.194 [error] local node self-trust was not added: node signing public-key artifact is absent — continuing with configured trusted identities
.05:52:12.201 [error] local node self-trust was not added: node signing public-key artifact is absent — continuing with configured trusted identities
05:52:12.203 [error] local node self-trust was not added: node signing public-key artifact is absent — continuing with configured trusted identities
05:52:12.205 [error] local node self-trust was not added: node signing public-key artifact is absent — continuing with configured trusted identities
05:52:12.207 [error] local node self-trust was not added: node signing public-key artifact is absent — continuing with configured trusted identities
.05:52:12.214 [error] local node self-trust was not added: node signing public-key artifact is absent — continuing with configured trusted identities
..05:52:12.224 [error] local node self-trust was not added: node signing public-key artifact is absent — continuing with configured trusted identities
.05:52:12.231 [error] local node self-trust was not added: node signing public-key artifact is absent — continuing with configured trusted identities
.05:52:12.245 [error] local node self-trust was not added: node signing public-key artifact is absent — continuing with configured trusted identities
05:52:12.246 [error] local node self-trust was not added: node signing public-key artifact is absent — continuing with configured trusted identities
05:52:12.263 [error] local node self-trust was not added: node signing public-key artifact is absent — continuing with configured trusted identities
05:52:12.267 [error] local node self-trust was not added: node signing public-key artifact is absent — continuing with configured trusted identities
05:52:12.283 [error] local node self-trust was not added: node signing public-key artifact is absent — continuing with configured trusted identities
.05:52:12.292 [error] local node self-trust was not added: node signing public-key artifact is absent — continuing with configured trusted identities
05:52:12.292 [error] local node self-trust was not added: node signing public-key artifact is absent — continuing with configured trusted identities
05:52:12.295 [error] local node self-trust was not added: node signing public-key artifact is absent — continuing with configured trusted identities
05:52:12.299 [error] local node self-trust was not added: node signing public-key artifact is absent — continuing with configured trusted identities
05:52:12.318 [error] local node self-trust was not added: node signing public-key artifact is absent — continuing with configured trusted identities
.05:52:12.326 [error] local node self-trust was not added: node signing public-key artifact is absent — continuing with configured trusted identities
05:52:12.327 [error] local node self-trust was not added: node signing public-key artifact is absent — continuing with configured trusted identities
05:52:12.330 [error] local node self-trust was not added: node signing public-key artifact is absent — continuing with configured trusted identities
05:52:12.332 [error] local node self-trust was not added: node signing public-key artifact is absent — continuing with configured trusted identities
05:52:12.334 [error] local node self-trust was not added: node signing public-key artifact is absent — continuing with configured trusted identities
05:52:12.337 [error] local node self-trust was not added: node signing public-key artifact is absent — continuing with configured trusted identities
05:52:12.339 [error] local node self-trust was not added: node signing public-key artifact is absent — continuing with configured trusted identities
05:52:12.341 [error] local node self-trust was not added: node signing public-key artifact is absent — continuing with configured trusted identities
05:52:12.350 [error] local node self-trust was not added: node signing public-key artifact is absent — continuing with configured trusted identities
05:52:12.352 [error] local node self-trust was not added: node signing public-key artifact is absent — continuing with configured trusted identities
05:52:12.354 [error] local node self-trust was not added: node signing public-key artifact is absent — continuing with configured trusted identities
05:52:12.369 [error] local node self-trust was not added: node signing public-key artifact is absent — continuing with configured trusted identities
.05:52:12.379 [error] local node self-trust was not added: node signing public-key artifact is absent — continuing with configured trusted identities
05:52:12.380 [error] local node self-trust was not added: node signing public-key artifact is absent — continuing with configured trusted identities
05:52:12.385 [error] local node self-trust was not added: node signing public-key artifact is absent — continuing with configured trusted identities
05:52:12.388 [error] local node self-trust was not added: node signing public-key artifact is absent — continuing with configured trusted identities
05:52:12.393 [error] local node self-trust was not added: node signing public-key artifact is absent — continuing with configured trusted identities
05:52:12.395 [error] local node self-trust was not added: node signing public-key artifact is absent — continuing with configured trusted identities
05:52:12.398 [error] local node self-trust was not added: node signing public-key artifact is absent — continuing with configured trusted identities
05:52:12.400 [error] local node self-trust was not added: node signing public-key artifact is absent — continuing with configured trusted identities
05:52:12.405 [error] local node self-trust was not added: node signing public-key artifact is absent — continuing with configured trusted identities
05:52:12.408 [error] local node self-trust was not added: node signing public-key artifact is absent — continuing with configured trusted identities
05:52:12.414 [error] local node self-trust was not added: node signing public-key artifact is absent — continuing with configured trusted identities
05:52:12.420 [error] local node self-trust was not added: node signing public-key artifact is absent — continuing with configured trusted identities
05:52:12.423 [warning] flock failed on /tmp/cp_sync_export_811305/new.txt: :enoent, proceeding without lock
05:52:12.425 [warning] flock failed on /tmp/cp_sync_export_811305/notes/todo.txt: :enoent, proceeding without lock
05:52:12.439 [error] local node self-trust was not added: node signing public-key artifact is absent — continuing with configured trusted identities
.05:52:12.444 [error] local node self-trust was not added: node signing public-key artifact is absent — continuing with configured trusted identities
.05:52:12.460 [error] local node self-trust was not added: node signing public-key artifact is absent — continuing with configured trusted identities
05:52:12.469 [error] local node self-trust was not added: node signing public-key artifact is absent — continuing with configured trusted identities
05:52:12.471 [error] local node self-trust was not added: node signing public-key artifact is absent — continuing with configured trusted identities
05:52:12.473 [error] local node self-trust was not added: node signing public-key artifact is absent — continuing with configured trusted identities
05:52:12.476 [error] local node self-trust was not added: node signing public-key artifact is absent — continuing with configured trusted identities
05:52:12.478 [error] local node self-trust was not added: node signing public-key artifact is absent — continuing with configured trusted identities
05:52:12.480 [error] local node self-trust was not added: node signing public-key artifact is absent — continuing with configured trusted identities
05:52:12.482 [error] local node self-trust was not added: node signing public-key artifact is absent — continuing with configured trusted identities
05:52:12.488 [error] local node self-trust was not added: node signing public-key artifact is absent — continuing with configured trusted identities
05:52:12.491 [error] local node self-trust was not added: node signing public-key artifact is absent — continuing with configured trusted identities
05:52:12.494 [error] local node self-trust was not added: node signing public-key artifact is absent — continuing with configured trusted identities
.05:52:12.504 [error] local node self-trust was not added: node signing public-key artifact is absent — continuing with configured trusted identities
05:52:12.505 [error] local node self-trust was not added: node signing public-key artifact is absent — continuing with configured trusted identities
05:52:12.507 [error] local node self-trust was not added: node signing public-key artifact is absent — continuing with configured trusted identities
05:52:12.509 [error] local node self-trust was not added: node signing public-key artifact is absent — continuing with configured trusted identities
05:52:12.511 [error] local node self-trust was not added: node signing public-key artifact is absent — continuing with configured trusted identities
05:52:12.514 [error] local node self-trust was not added: node signing public-key artifact is absent — continuing with configured trusted identities
05:52:12.516 [error] local node self-trust was not added: node signing public-key artifact is absent — continuing with configured trusted identities
05:52:12.518 [error] local node self-trust was not added: node signing public-key artifact is absent — continuing with configured trusted identities
05:52:12.521 [error] local node self-trust was not added: node signing public-key artifact is absent — continuing with configured trusted identities
05:52:12.523 [error] local node self-trust was not added: node signing public-key artifact is absent — continuing with configured trusted identities
05:52:12.526 [error] local node self-trust was not added: node signing public-key artifact is absent — continuing with configured trusted identities
05:52:12.535 [error] local node self-trust was not added: node signing public-key artifact is absent — continuing with configured trusted identities
05:52:12.539 [error] local node self-trust was not added: node signing public-key artifact is absent — continuing with configured trusted identities
05:52:12.541 [error] local node self-trust was not added: node signing public-key artifact is absent — continuing with configured trusted identities
05:52:12.543 [error] local node self-trust was not added: node signing public-key artifact is absent — continuing with configured trusted identities
05:52:12.545 [error] local node self-trust was not added: node signing public-key artifact is absent — continuing with configured trusted identities
05:52:12.549 [error] local node self-trust was not added: node signing public-key artifact is absent — continuing with configured trusted identities
05:52:12.552 [error] local node self-trust was not added: node signing public-key artifact is absent — continuing with configured trusted identities
05:52:12.555 [error] local node self-trust was not added: node signing public-key artifact is absent — continuing with configured trusted identities
05:52:12.557 [error] local node self-trust was not added: node signing public-key artifact is absent — continuing with configured trusted identities
05:52:12.560 [error] local node self-trust was not added: node signing public-key artifact is absent — continuing with configured trusted identities
05:52:12.564 [error] local node self-trust was not added: node signing public-key artifact is absent — continuing with configured trusted identities
.05:52:12.572 [error] local node self-trust was not added: node signing public-key artifact is absent — continuing with configured trusted identities
.05:52:12.588 [error] local node self-trust was not added: node signing public-key artifact is absent — continuing with configured trusted identities
.05:52:12.596 [error] local node self-trust was not added: node signing public-key artifact is absent — continuing with configured trusted identities
.05:52:12.605 [error] local node self-trust was not added: node signing public-key artifact is absent — continuing with configured trusted identities
.05:52:12.612 [error] local node self-trust was not added: node signing public-key artifact is absent — continuing with configured trusted identities
05:52:12.615 [error] local node self-trust was not added: node signing public-key artifact is absent — continuing with configured trusted identities
05:52:12.617 [error] local node self-trust was not added: node signing public-key artifact is absent — continuing with configured trusted identities
05:52:12.619 [error] local node self-trust was not added: node signing public-key artifact is absent — continuing with configured trusted identities
05:52:12.622 [error] local node self-trust was not added: node signing public-key artifact is absent — continuing with configured trusted identities
05:52:12.624 [error] local node self-trust was not added: node signing public-key artifact is absent — continuing with configured trusted identities
05:52:12.629 [error] local node self-trust was not added: node signing public-key artifact is absent — continuing with configured trusted identities
05:52:12.630 [error] local node self-trust was not added: node signing public-key artifact is absent — continuing with configured trusted identities
05:52:12.632 [error] local node self-trust was not added: node signing public-key artifact is absent — continuing with configured trusted identities
05:52:12.634 [error] local node self-trust was not added: node signing public-key artifact is absent — continuing with configured trusted identities
05:52:12.637 [error] local node self-trust was not added: node signing public-key artifact is absent — continuing with configured trusted identities
05:52:12.640 [error] local node self-trust was not added: node signing public-key artifact is absent — continuing with configured trusted identities
05:52:12.643 [error] local node self-trust was not added: node signing public-key artifact is absent — continuing with configured trusted identities
05:52:12.646 [error] local node self-trust was not added: node signing public-key artifact is absent — continuing with configured trusted identities
05:52:12.648 [error] local node self-trust was not added: node signing public-key artifact is absent — continuing with configured trusted identities
05:52:12.651 [error] local node self-trust was not added: node signing public-key artifact is absent — continuing with configured trusted identities
05:52:12.655 [error] local node self-trust was not added: node signing public-key artifact is absent — continuing with configured trusted identities
05:52:12.658 [error] local node self-trust was not added: node signing public-key artifact is absent — continuing with configured trusted identities
05:52:12.660 [error] local node self-trust was not added: node signing public-key artifact is absent — continuing with configured trusted identities
05:52:12.662 [error] local node self-trust was not added: node signing public-key artifact is absent — continuing with configured trusted identities
05:52:12.665 [error] local node self-trust was not added: node signing public-key artifact is absent — continuing with configured trusted identities
.05:52:12.675 [error] local node self-trust was not added: node signing public-key artifact is absent — continuing with configured trusted identities
05:52:12.678 [error] local node self-trust was not added: node signing public-key artifact is absent — continuing with configured trusted identities
05:52:12.679 [error] local node self-trust was not added: node signing public-key artifact is absent — continuing with configured trusted identities
05:52:12.682 [error] local node self-trust was not added: node signing public-key artifact is absent — continuing with configured trusted identities
05:52:12.684 [error] local node self-trust was not added: node signing public-key artifact is absent — continuing with configured trusted identities
05:52:12.686 [error] local node self-trust was not added: node signing public-key artifact is absent — continuing with configured trusted identities
05:52:12.688 [error] local node self-trust was not added: node signing public-key artifact is absent — continuing with configured trusted identities
05:52:12.690 [error] local node self-trust was not added: node signing public-key artifact is absent — continuing with configured trusted identities
05:52:12.692 [error] local node self-trust was not added: node signing public-key artifact is absent — continuing with configured trusted identities
05:52:12.695 [error] local node self-trust was not added: node signing public-key artifact is absent — continuing with configured trusted identities
05:52:12.697 [error] local node self-trust was not added: node signing public-key artifact is absent — continuing with configured trusted identities
05:52:12.702 [error] local node self-trust was not added: node signing public-key artifact is absent — continuing with configured trusted identities
05:52:12.705 [error] local node self-trust was not added: node signing public-key artifact is absent — continuing with configured trusted identities
05:52:12.708 [error] local node self-trust was not added: node signing public-key artifact is absent — continuing with configured trusted identities
05:52:12.710 [error] local node self-trust was not added: node signing public-key artifact is absent — continuing with configured trusted identities
05:52:12.714 [error] local node self-trust was not added: node signing public-key artifact is absent — continuing with configured trusted identities
.05:52:12.724 [error] local node self-trust was not added: node signing public-key artifact is absent — continuing with configured trusted identities
05:52:12.727 [error] local node self-trust was not added: node signing public-key artifact is absent — continuing with configured trusted identities
05:52:12.730 [error] local node self-trust was not added: node signing public-key artifact is absent — continuing with configured trusted identities
05:52:12.732 [error] local node self-trust was not added: node signing public-key artifact is absent — continuing with configured trusted identities
05:52:12.734 [error] local node self-trust was not added: node signing public-key artifact is absent — continuing with configured trusted identities
05:52:12.735 [error] local node self-trust was not added: node signing public-key artifact is absent — continuing with configured trusted identities
05:52:12.737 [error] local node self-trust was not added: node signing public-key artifact is absent — continuing with configured trusted identities
05:52:12.738 [error] local node self-trust was not added: node signing public-key artifact is absent — continuing with configured trusted identities
05:52:12.741 [error] local node self-trust was not added: node signing public-key artifact is absent — continuing with configured trusted identities
05:52:12.744 [error] local node self-trust was not added: node signing public-key artifact is absent — continuing with configured trusted identities
05:52:12.746 [error] local node self-trust was not added: node signing public-key artifact is absent — continuing with configured trusted identities
05:52:12.749 [error] local node self-trust was not added: node signing public-key artifact is absent — continuing with configured trusted identities
05:52:12.752 [error] local node self-trust was not added: node signing public-key artifact is absent — continuing with configured trusted identities
05:52:12.754 [error] local node self-trust was not added: node signing public-key artifact is absent — continuing with configured trusted identities
05:52:12.756 [error] local node self-trust was not added: node signing public-key artifact is absent — continuing with configured trusted identities
05:52:12.760 [error] local node self-trust was not added: node signing public-key artifact is absent — continuing with configured trusted identities
05:52:12.787 [error] local node self-trust was not added: node signing public-key artifact is absent — continuing with configured trusted identities
.
Finished in 5.1 seconds (2.1s async, 2.9s sync)
121 tests, 0 failures
real 7.02
user 6.17
sys 1.26
