==> commonplace
make: Nothing to be done for 'all'.
==> commonplace_cli
Running ExUnit with seed: 174476, max_cases: 8

.............................05:52:31.829 [error] local node self-trust was not added: node signing public-key artifact is absent — continuing with configured trusted identities
05:52:31.851 [error] local node self-trust was not added: node signing public-key artifact is absent — continuing with configured trusted identities
05:52:31.854 [error] local node self-trust was not added: node signing public-key artifact is absent — continuing with configured trusted identities
05:52:31.869 [error] local node self-trust was not added: node signing public-key artifact is absent — continuing with configured trusted identities
05:52:31.872 [error] local node self-trust was not added: node signing public-key artifact is absent — continuing with configured trusted identities
.05:52:31.893 [error] local node self-trust was not added: node signing public-key artifact is absent — continuing with configured trusted identities
05:52:31.898 [error] local node self-trust was not added: node signing public-key artifact is absent — continuing with configured trusted identities
05:52:31.902 [error] local node self-trust was not added: node signing public-key artifact is absent — continuing with configured trusted identities
05:52:31.906 [error] local node self-trust was not added: node signing public-key artifact is absent — continuing with configured trusted identities
05:52:31.908 [error] local node self-trust was not added: node signing public-key artifact is absent — continuing with configured trusted identities
05:52:31.910 [error] local node self-trust was not added: node signing public-key artifact is absent — continuing with configured trusted identities
05:52:31.913 [error] local node self-trust was not added: node signing public-key artifact is absent — continuing with configured trusted identities
.05:52:31.924 [error] local node self-trust was not added: node signing public-key artifact is absent — continuing with configured trusted identities
.05:52:31.933 [error] local node self-trust was not added: node signing public-key artifact is absent — continuing with configured trusted identities
05:52:31.937 [error] local node self-trust was not added: node signing public-key artifact is absent — continuing with configured trusted identities
05:52:31.943 [error] local node self-trust was not added: node signing public-key artifact is absent — continuing with configured trusted identities
05:52:31.946 [error] local node self-trust was not added: node signing public-key artifact is absent — continuing with configured trusted identities
05:52:31.949 [error] local node self-trust was not added: node signing public-key artifact is absent — continuing with configured trusted identities
05:52:31.953 [error] local node self-trust was not added: node signing public-key artifact is absent — continuing with configured trusted identities
05:52:31.957 [error] local node self-trust was not added: node signing public-key artifact is absent — continuing with configured trusted identities
.05:52:32.023 [error] local node self-trust was not added: node signing public-key artifact is absent — continuing with configured trusted identities
05:52:32.135 [error] local node self-trust was not added: node signing public-key artifact is absent — continuing with configured trusted identities
.05:52:32.253 [error] local node self-trust was not added: node signing public-key artifact is absent — continuing with configured trusted identities
.05:52:32.370 [error] local node self-trust was not added: node signing public-key artifact is absent — continuing with configured trusted identities
.05:52:32.486 [error] local node self-trust was not added: node signing public-key artifact is absent — continuing with configured trusted identities
.05:52:32.548 [error] local node self-trust was not added: node signing public-key artifact is absent — continuing with configured trusted identities
.05:52:32.562 [error] local node self-trust was not added: node signing public-key artifact is absent — continuing with configured trusted identities
05:52:32.569 [error] local node self-trust was not added: node signing public-key artifact is absent — continuing with configured trusted identities
05:52:32.577 [error] local node self-trust was not added: node signing public-key artifact is absent — continuing with configured trusted identities
05:52:32.588 [error] local node self-trust was not added: node signing public-key artifact is absent — continuing with configured trusted identities
.05:52:32.597 [error] local node self-trust was not added: node signing public-key artifact is absent — continuing with configured trusted identities
05:52:32.601 [error] local node self-trust was not added: node signing public-key artifact is absent — continuing with configured trusted identities
05:52:32.605 [error] local node self-trust was not added: node signing public-key artifact is absent — continuing with configured trusted identities
.05:52:32.614 [error] local node self-trust was not added: node signing public-key artifact is absent — continuing with configured trusted identities
05:52:32.620 [error] local node self-trust was not added: node signing public-key artifact is absent — continuing with configured trusted identities
05:52:32.622 [error] local node self-trust was not added: node signing public-key artifact is absent — continuing with configured trusted identities
05:52:32.627 [error] local node self-trust was not added: node signing public-key artifact is absent — continuing with configured trusted identities
.05:52:32.635 [error] local node self-trust was not added: node signing public-key artifact is absent — continuing with configured trusted identities
05:52:32.636 [error] local node self-trust was not added: node signing public-key artifact is absent — continuing with configured trusted identities
05:52:32.638 [error] local node self-trust was not added: node signing public-key artifact is absent — continuing with configured trusted identities
05:52:32.641 [error] local node self-trust was not added: node signing public-key artifact is absent — continuing with configured trusted identities
05:52:32.644 [error] local node self-trust was not added: node signing public-key artifact is absent — continuing with configured trusted identities
.05:52:32.662 [error] local node self-trust was not added: node signing public-key artifact is absent — continuing with configured trusted identities
05:52:32.662 [error] local node self-trust was not added: node signing public-key artifact is absent — continuing with configured trusted identities
05:52:32.666 [error] local node self-trust was not added: node signing public-key artifact is absent — continuing with configured trusted identities
05:52:32.669 [error] local node self-trust was not added: node signing public-key artifact is absent — continuing with configured trusted identities
05:52:32.671 [error] local node self-trust was not added: node signing public-key artifact is absent — continuing with configured trusted identities
05:52:32.674 [error] local node self-trust was not added: node signing public-key artifact is absent — continuing with configured trusted identities
05:52:32.696 [error] local node self-trust was not added: node signing public-key artifact is absent — continuing with configured trusted identities
.05:52:32.709 [error] local node self-trust was not added: node signing public-key artifact is absent — continuing with configured trusted identities
05:52:32.709 [error] local node self-trust was not added: node signing public-key artifact is absent — continuing with configured trusted identities
05:52:32.713 [error] local node self-trust was not added: node signing public-key artifact is absent — continuing with configured trusted identities
05:52:32.716 [error] local node self-trust was not added: node signing public-key artifact is absent — continuing with configured trusted identities
05:52:32.720 [error] local node self-trust was not added: node signing public-key artifact is absent — continuing with configured trusted identities
05:52:32.723 [error] local node self-trust was not added: node signing public-key artifact is absent — continuing with configured trusted identities
05:52:32.728 [error] local node self-trust was not added: node signing public-key artifact is absent — continuing with configured trusted identities
05:52:32.732 [error] local node self-trust was not added: node signing public-key artifact is absent — continuing with configured trusted identities
05:52:32.733 [error] local node self-trust was not added: node signing public-key artifact is absent — continuing with configured trusted identities
05:52:32.774 [error] local node self-trust was not added: node signing public-key artifact is absent — continuing with configured trusted identities
.05:52:32.796 [error] local node self-trust was not added: node signing public-key artifact is absent — continuing with configured trusted identities
05:52:32.849 [error] local node self-trust was not added: node signing public-key artifact is absent — continuing with configured trusted identities
.05:52:32.861 [error] local node self-trust was not added: node signing public-key artifact is absent — continuing with configured trusted identities
05:52:32.862 [error] local node self-trust was not added: node signing public-key artifact is absent — continuing with configured trusted identities
05:52:32.865 [error] local node self-trust was not added: node signing public-key artifact is absent — continuing with configured trusted identities
05:52:32.870 [error] local node self-trust was not added: node signing public-key artifact is absent — continuing with configured trusted identities
05:52:32.898 [error] local node self-trust was not added: node signing public-key artifact is absent — continuing with configured trusted identities
.05:52:32.914 [error] local node self-trust was not added: node signing public-key artifact is absent — continuing with configured trusted identities
05:52:32.917 [error] local node self-trust was not added: node signing public-key artifact is absent — continuing with configured trusted identities
05:52:32.935 [error] local node self-trust was not added: node signing public-key artifact is absent — continuing with configured trusted identities
.05:52:32.949 [error] local node self-trust was not added: node signing public-key artifact is absent — continuing with configured trusted identities
05:52:32.950 [error] local node self-trust was not added: node signing public-key artifact is absent — continuing with configured trusted identities
05:52:32.978 [error] local node self-trust was not added: node signing public-key artifact is absent — continuing with configured trusted identities
.05:52:32.990 [error] local node self-trust was not added: node signing public-key artifact is absent — continuing with configured trusted identities
05:52:32.991 [error] local node self-trust was not added: node signing public-key artifact is absent — continuing with configured trusted identities
05:52:32.993 [error] local node self-trust was not added: node signing public-key artifact is absent — continuing with configured trusted identities
05:52:32.997 [error] local node self-trust was not added: node signing public-key artifact is absent — continuing with configured trusted identities
05:52:33.000 [error] local node self-trust was not added: node signing public-key artifact is absent — continuing with configured trusted identities
05:52:33.026 [error] local node self-trust was not added: node signing public-key artifact is absent — continuing with configured trusted identities
.05:52:33.044 [error] local node self-trust was not added: node signing public-key artifact is absent — continuing with configured trusted identities
05:52:33.133 [error] local node self-trust was not added: node signing public-key artifact is absent — continuing with configured trusted identities
.05:52:33.144 [error] local node self-trust was not added: node signing public-key artifact is absent — continuing with configured trusted identities
05:52:33.181 [warning] CommitStore: root attach DENIED by workspace profile doc_uuid=ba9686e9-d1d0-4ab8-9982-d121fb6bece4 reason="workspace class 'minimal' does not accept root entry 'bd' — declared in profile"
05:52:33.216 [error] local node self-trust was not added: node signing public-key artifact is absent — continuing with configured trusted identities
..05:52:33.230 [error] local node self-trust was not added: node signing public-key artifact is absent — continuing with configured trusted identities
05:52:33.230 [error] local node self-trust was not added: node signing public-key artifact is absent — continuing with configured trusted identities
05:52:33.241 [error] local node self-trust was not added: node signing public-key artifact is absent — continuing with configured trusted identities
05:52:33.244 [error] local node self-trust was not added: node signing public-key artifact is absent — continuing with configured trusted identities
05:52:33.275 [error] local node self-trust was not added: node signing public-key artifact is absent — continuing with configured trusted identities
.05:52:33.290 [error] local node self-trust was not added: node signing public-key artifact is absent — continuing with configured trusted identities
05:52:33.291 [error] local node self-trust was not added: node signing public-key artifact is absent — continuing with configured trusted identities
05:52:33.295 [error] local node self-trust was not added: node signing public-key artifact is absent — continuing with configured trusted identities
05:52:33.298 [error] local node self-trust was not added: node signing public-key artifact is absent — continuing with configured trusted identities
05:52:33.316 [error] local node self-trust was not added: node signing public-key artifact is absent — continuing with configured trusted identities
.05:52:33.327 [error] local node self-trust was not added: node signing public-key artifact is absent — continuing with configured trusted identities
05:52:33.329 [error] local node self-trust was not added: node signing public-key artifact is absent — continuing with configured trusted identities
05:52:33.334 [error] local node self-trust was not added: node signing public-key artifact is absent — continuing with configured trusted identities
05:52:33.338 [error] local node self-trust was not added: node signing public-key artifact is absent — continuing with configured trusted identities
05:52:33.342 [error] local node self-trust was not added: node signing public-key artifact is absent — continuing with configured trusted identities
05:52:33.345 [error] local node self-trust was not added: node signing public-key artifact is absent — continuing with configured trusted identities
05:52:33.348 [error] local node self-trust was not added: node signing public-key artifact is absent — continuing with configured trusted identities
05:52:33.352 [error] local node self-trust was not added: node signing public-key artifact is absent — continuing with configured trusted identities
05:52:33.362 [error] local node self-trust was not added: node signing public-key artifact is absent — continuing with configured trusted identities
05:52:33.366 [error] local node self-trust was not added: node signing public-key artifact is absent — continuing with configured trusted identities
05:52:33.369 [error] local node self-trust was not added: node signing public-key artifact is absent — continuing with configured trusted identities
05:52:33.388 [error] local node self-trust was not added: node signing public-key artifact is absent — continuing with configured trusted identities
.05:52:33.400 [error] local node self-trust was not added: node signing public-key artifact is absent — continuing with configured trusted identities
05:52:33.402 [error] local node self-trust was not added: node signing public-key artifact is absent — continuing with configured trusted identities
05:52:33.405 [error] local node self-trust was not added: node signing public-key artifact is absent — continuing with configured trusted identities
05:52:33.408 [error] local node self-trust was not added: node signing public-key artifact is absent — continuing with configured trusted identities
05:52:33.410 [error] local node self-trust was not added: node signing public-key artifact is absent — continuing with configured trusted identities
05:52:33.413 [error] local node self-trust was not added: node signing public-key artifact is absent — continuing with configured trusted identities
05:52:33.419 [error] local node self-trust was not added: node signing public-key artifact is absent — continuing with configured trusted identities
05:52:33.421 [error] local node self-trust was not added: node signing public-key artifact is absent — continuing with configured trusted identities
05:52:33.426 [error] local node self-trust was not added: node signing public-key artifact is absent — continuing with configured trusted identities
05:52:33.430 [error] local node self-trust was not added: node signing public-key artifact is absent — continuing with configured trusted identities
05:52:33.433 [error] local node self-trust was not added: node signing public-key artifact is absent — continuing with configured trusted identities
05:52:33.440 [error] local node self-trust was not added: node signing public-key artifact is absent — continuing with configured trusted identities
05:52:33.448 [warning] flock failed on /tmp/cp_sync_export_319874/new.txt: :enoent, proceeding without lock
05:52:33.450 [warning] flock failed on /tmp/cp_sync_export_319874/notes/todo.txt: :enoent, proceeding without lock
05:52:33.468 [error] local node self-trust was not added: node signing public-key artifact is absent — continuing with configured trusted identities
......05:52:33.475 [error] local node self-trust was not added: node signing public-key artifact is absent — continuing with configured trusted identities
..05:52:33.488 [error] local node self-trust was not added: node signing public-key artifact is absent — continuing with configured trusted identities
.05:52:33.498 [error] local node self-trust was not added: node signing public-key artifact is absent — continuing with configured trusted identities
.05:52:33.502 [error] local node self-trust was not added: node signing public-key artifact is absent — continuing with configured trusted identities
05:52:33.524 [error] local node self-trust was not added: node signing public-key artifact is absent — continuing with configured trusted identities
05:52:33.528 [error] local node self-trust was not added: node signing public-key artifact is absent — continuing with configured trusted identities
.05:52:33.541 [error] local node self-trust was not added: node signing public-key artifact is absent — continuing with configured trusted identities
05:52:33.546 [error] local node self-trust was not added: node signing public-key artifact is absent — continuing with configured trusted identities
05:52:33.550 [error] local node self-trust was not added: node signing public-key artifact is absent — continuing with configured trusted identities
05:52:33.558 [error] local node self-trust was not added: node signing public-key artifact is absent — continuing with configured trusted identities
.05:52:33.565 [error] local node self-trust was not added: node signing public-key artifact is absent — continuing with configured trusted identities
05:52:33.569 [error] local node self-trust was not added: node signing public-key artifact is absent — continuing with configured trusted identities
05:52:33.576 [error] local node self-trust was not added: node signing public-key artifact is absent — continuing with configured trusted identities
05:52:33.583 [error] local node self-trust was not added: node signing public-key artifact is absent — continuing with configured trusted identities
......05:52:33.843 [error] local node self-trust was not added: node signing public-key artifact is absent — continuing with configured trusted identities
.05:52:33.865 [error] local node self-trust was not added: node signing public-key artifact is absent — continuing with configured trusted identities
.05:52:33.879 [error] local node self-trust was not added: node signing public-key artifact is absent — continuing with configured trusted identities
05:52:33.886 [error] local node self-trust was not added: node signing public-key artifact is absent — continuing with configured trusted identities
05:52:33.894 [error] local node self-trust was not added: node signing public-key artifact is absent — continuing with configured trusted identities
05:52:33.899 [error] local node self-trust was not added: node signing public-key artifact is absent — continuing with configured trusted identities
05:52:33.903 [error] local node self-trust was not added: node signing public-key artifact is absent — continuing with configured trusted identities
05:52:33.907 [error] local node self-trust was not added: node signing public-key artifact is absent — continuing with configured trusted identities
05:52:33.911 [error] local node self-trust was not added: node signing public-key artifact is absent — continuing with configured trusted identities
05:52:33.914 [error] local node self-trust was not added: node signing public-key artifact is absent — continuing with configured trusted identities
05:52:33.920 [error] local node self-trust was not added: node signing public-key artifact is absent — continuing with configured trusted identities
05:52:33.924 [error] local node self-trust was not added: node signing public-key artifact is absent — continuing with configured trusted identities
05:52:33.927 [error] local node self-trust was not added: node signing public-key artifact is absent — continuing with configured trusted identities
05:52:33.942 [error] local node self-trust was not added: node signing public-key artifact is absent — continuing with configured trusted identities
05:52:33.947 [error] local node self-trust was not added: node signing public-key artifact is absent — continuing with configured trusted identities
05:52:33.954 [error] local node self-trust was not added: node signing public-key artifact is absent — continuing with configured trusted identities
05:52:33.960 [error] local node self-trust was not added: node signing public-key artifact is absent — continuing with configured trusted identities
05:52:33.969 [error] local node self-trust was not added: node signing public-key artifact is absent — continuing with configured trusted identities
05:52:33.973 [error] local node self-trust was not added: node signing public-key artifact is absent — continuing with configured trusted identities
05:52:33.978 [error] local node self-trust was not added: node signing public-key artifact is absent — continuing with configured trusted identities
05:52:33.982 [error] local node self-trust was not added: node signing public-key artifact is absent — continuing with configured trusted identities
05:52:33.986 [error] local node self-trust was not added: node signing public-key artifact is absent — continuing with configured trusted identities
05:52:33.991 [error] local node self-trust was not added: node signing public-key artifact is absent — continuing with configured trusted identities
05:52:33.996 [error] local node self-trust was not added: node signing public-key artifact is absent — continuing with configured trusted identities
.05:52:34.014 [error] local node self-trust was not added: node signing public-key artifact is absent — continuing with configured trusted identities
05:52:34.018 [error] local node self-trust was not added: node signing public-key artifact is absent — continuing with configured trusted identities
05:52:34.020 [error] local node self-trust was not added: node signing public-key artifact is absent — continuing with configured trusted identities
05:52:34.025 [error] local node self-trust was not added: node signing public-key artifact is absent — continuing with configured trusted identities
05:52:34.030 [error] local node self-trust was not added: node signing public-key artifact is absent — continuing with configured trusted identities
05:52:34.032 [error] local node self-trust was not added: node signing public-key artifact is absent — continuing with configured trusted identities
05:52:34.039 [error] local node self-trust was not added: node signing public-key artifact is absent — continuing with configured trusted identities
05:52:34.045 [error] local node self-trust was not added: node signing public-key artifact is absent — continuing with configured trusted identities
05:52:34.048 [error] local node self-trust was not added: node signing public-key artifact is absent — continuing with configured trusted identities
05:52:34.051 [error] local node self-trust was not added: node signing public-key artifact is absent — continuing with configured trusted identities
05:52:34.053 [error] local node self-trust was not added: node signing public-key artifact is absent — continuing with configured trusted identities
05:52:34.058 [error] local node self-trust was not added: node signing public-key artifact is absent — continuing with configured trusted identities
05:52:34.062 [error] local node self-trust was not added: node signing public-key artifact is absent — continuing with configured trusted identities
05:52:34.064 [error] local node self-trust was not added: node signing public-key artifact is absent — continuing with configured trusted identities
05:52:34.067 [error] local node self-trust was not added: node signing public-key artifact is absent — continuing with configured trusted identities
05:52:34.072 [error] local node self-trust was not added: node signing public-key artifact is absent — continuing with configured trusted identities
05:52:34.078 [error] local node self-trust was not added: node signing public-key artifact is absent — continuing with configured trusted identities
05:52:34.080 [error] local node self-trust was not added: node signing public-key artifact is absent — continuing with configured trusted identities
05:52:34.085 [error] local node self-trust was not added: node signing public-key artifact is absent — continuing with configured trusted identities
05:52:34.087 [error] local node self-trust was not added: node signing public-key artifact is absent — continuing with configured trusted identities
05:52:34.091 [error] local node self-trust was not added: node signing public-key artifact is absent — continuing with configured trusted identities
.05:52:34.112 [error] local node self-trust was not added: node signing public-key artifact is absent — continuing with configured trusted identities
05:52:34.115 [error] local node self-trust was not added: node signing public-key artifact is absent — continuing with configured trusted identities
05:52:34.119 [error] local node self-trust was not added: node signing public-key artifact is absent — continuing with configured trusted identities
05:52:34.122 [error] local node self-trust was not added: node signing public-key artifact is absent — continuing with configured trusted identities
05:52:34.125 [error] local node self-trust was not added: node signing public-key artifact is absent — continuing with configured trusted identities
05:52:34.128 [error] local node self-trust was not added: node signing public-key artifact is absent — continuing with configured trusted identities
05:52:34.131 [error] local node self-trust was not added: node signing public-key artifact is absent — continuing with configured trusted identities
05:52:34.134 [error] local node self-trust was not added: node signing public-key artifact is absent — continuing with configured trusted identities
05:52:34.137 [error] local node self-trust was not added: node signing public-key artifact is absent — continuing with configured trusted identities
05:52:34.139 [error] local node self-trust was not added: node signing public-key artifact is absent — continuing with configured trusted identities
05:52:34.143 [error] local node self-trust was not added: node signing public-key artifact is absent — continuing with configured trusted identities
05:52:34.147 [error] local node self-trust was not added: node signing public-key artifact is absent — continuing with configured trusted identities
05:52:34.151 [error] local node self-trust was not added: node signing public-key artifact is absent — continuing with configured trusted identities
05:52:34.156 [error] local node self-trust was not added: node signing public-key artifact is absent — continuing with configured trusted identities
05:52:34.160 [error] local node self-trust was not added: node signing public-key artifact is absent — continuing with configured trusted identities
05:52:34.167 [error] local node self-trust was not added: node signing public-key artifact is absent — continuing with configured trusted identities
.05:52:34.187 [error] local node self-trust was not added: node signing public-key artifact is absent — continuing with configured trusted identities
.05:52:34.198 [error] local node self-trust was not added: node signing public-key artifact is absent — continuing with configured trusted identities
.05:52:34.210 [error] local node self-trust was not added: node signing public-key artifact is absent — continuing with configured trusted identities
05:52:34.214 [error] local node self-trust was not added: node signing public-key artifact is absent — continuing with configured trusted identities
05:52:34.219 [error] local node self-trust was not added: node signing public-key artifact is absent — continuing with configured trusted identities
05:52:34.224 [error] local node self-trust was not added: node signing public-key artifact is absent — continuing with configured trusted identities
05:52:34.229 [error] local node self-trust was not added: node signing public-key artifact is absent — continuing with configured trusted identities
05:52:34.232 [error] local node self-trust was not added: node signing public-key artifact is absent — continuing with configured trusted identities
05:52:34.237 [error] local node self-trust was not added: node signing public-key artifact is absent — continuing with configured trusted identities
05:52:34.240 [error] local node self-trust was not added: node signing public-key artifact is absent — continuing with configured trusted identities
05:52:34.246 [error] local node self-trust was not added: node signing public-key artifact is absent — continuing with configured trusted identities
05:52:34.248 [error] local node self-trust was not added: node signing public-key artifact is absent — continuing with configured trusted identities
05:52:34.252 [error] local node self-trust was not added: node signing public-key artifact is absent — continuing with configured trusted identities
05:52:34.257 [error] local node self-trust was not added: node signing public-key artifact is absent — continuing with configured trusted identities
05:52:34.260 [error] local node self-trust was not added: node signing public-key artifact is absent — continuing with configured trusted identities
05:52:34.262 [error] local node self-trust was not added: node signing public-key artifact is absent — continuing with configured trusted identities
05:52:34.267 [error] local node self-trust was not added: node signing public-key artifact is absent — continuing with configured trusted identities
05:52:34.272 [error] local node self-trust was not added: node signing public-key artifact is absent — continuing with configured trusted identities
05:52:34.292 [error] local node self-trust was not added: node signing public-key artifact is absent — continuing with configured trusted identities
.05:52:34.302 [error] local node self-trust was not added: node signing public-key artifact is absent — continuing with configured trusted identities
.05:52:34.328 [error] local node self-trust was not added: node signing public-key artifact is absent — continuing with configured trusted identities
05:52:34.333 [error] local node self-trust was not added: node signing public-key artifact is absent — continuing with configured trusted identities
05:52:34.338 [error] local node self-trust was not added: node signing public-key artifact is absent — continuing with configured trusted identities
05:52:34.342 [error] local node self-trust was not added: node signing public-key artifact is absent — continuing with configured trusted identities
05:52:34.346 [error] local node self-trust was not added: node signing public-key artifact is absent — continuing with configured trusted identities
05:52:34.351 [error] local node self-trust was not added: node signing public-key artifact is absent — continuing with configured trusted identities
05:52:34.355 [error] local node self-trust was not added: node signing public-key artifact is absent — continuing with configured trusted identities
05:52:34.361 [error] local node self-trust was not added: node signing public-key artifact is absent — continuing with configured trusted identities
05:52:34.364 [error] local node self-trust was not added: node signing public-key artifact is absent — continuing with configured trusted identities
05:52:34.372 [error] local node self-trust was not added: node signing public-key artifact is absent — continuing with configured trusted identities
05:52:34.380 [error] local node self-trust was not added: node signing public-key artifact is absent — continuing with configured trusted identities
......commonplace: :cx_a3fe_absent@commonplace (from /tmp/cx_x8jk_reach_failures_748116087/node_name) serves a DIFFERENT workspace — its data dir is "/other/data", not "/tmp/cx_x8jk_reach_failures_748116087". Ignoring it; that node_name file probably points at an orphan serve.
.................05:52:35.013 [error] local node self-trust was not added: node signing public-key artifact is absent — continuing with configured trusted identities
05:52:35.017 [error] local node self-trust was not added: node signing public-key artifact is absent — continuing with configured trusted identities
.05:52:35.028 [error] local node self-trust was not added: node signing public-key artifact is absent — continuing with configured trusted identities
05:52:35.030 [error] local node self-trust was not added: node signing public-key artifact is absent — continuing with configured trusted identities
.05:52:35.044 [error] local node self-trust was not added: node signing public-key artifact is absent — continuing with configured trusted identities
05:52:35.046 [error] local node self-trust was not added: node signing public-key artifact is absent — continuing with configured trusted identities
.05:52:35.062 [error] local node self-trust was not added: node signing public-key artifact is absent — continuing with configured trusted identities
05:52:35.063 [error] local node self-trust was not added: node signing public-key artifact is absent — continuing with configured trusted identities
05:52:35.065 [error] local node self-trust was not added: node signing public-key artifact is absent — continuing with configured trusted identities
05:52:35.067 [error] local node self-trust was not added: node signing public-key artifact is absent — continuing with configured trusted identities
05:52:35.069 [error] local node self-trust was not added: node signing public-key artifact is absent — continuing with configured trusted identities
05:52:35.071 [error] local node self-trust was not added: node signing public-key artifact is absent — continuing with configured trusted identities
05:52:35.074 [error] local node self-trust was not added: node signing public-key artifact is absent — continuing with configured trusted identities
05:52:35.076 [error] local node self-trust was not added: node signing public-key artifact is absent — continuing with configured trusted identities
05:52:35.080 [warning] flock failed on /tmp/cp_checkout_sync_45451/repos/myrepo/feature/feature.txt: :enoent, proceeding without lock
05:52:35.083 [warning] flock failed on /tmp/cp_checkout_sync_45451/repos/myrepo/main/readme.txt: :enoent, proceeding without lock
05:52:35.086 [warning] flock failed on /tmp/cp_checkout_sync_45451/readme.txt: :enoent, proceeding without lock
05:52:35.128 [error] local node self-trust was not added: node signing public-key artifact is absent — continuing with configured trusted identities
.05:52:35.140 [error] local node self-trust was not added: node signing public-key artifact is absent — continuing with configured trusted identities
05:52:35.141 [error] local node self-trust was not added: node signing public-key artifact is absent — continuing with configured trusted identities
05:52:35.144 [error] local node self-trust was not added: node signing public-key artifact is absent — continuing with configured trusted identities
05:52:35.146 [error] local node self-trust was not added: node signing public-key artifact is absent — continuing with configured trusted identities
05:52:35.149 [error] local node self-trust was not added: node signing public-key artifact is absent — continuing with configured trusted identities
05:52:35.151 [error] local node self-trust was not added: node signing public-key artifact is absent — continuing with configured trusted identities
05:52:35.154 [error] local node self-trust was not added: node signing public-key artifact is absent — continuing with configured trusted identities
05:52:35.156 [error] local node self-trust was not added: node signing public-key artifact is absent — continuing with configured trusted identities
05:52:35.195 [error] local node self-trust was not added: node signing public-key artifact is absent — continuing with configured trusted identities
.05:52:35.210 [error] local node self-trust was not added: node signing public-key artifact is absent — continuing with configured trusted identities
05:52:35.211 [error] local node self-trust was not added: node signing public-key artifact is absent — continuing with configured trusted identities
05:52:35.214 [error] local node self-trust was not added: node signing public-key artifact is absent — continuing with configured trusted identities
05:52:35.219 [error] local node self-trust was not added: node signing public-key artifact is absent — continuing with configured trusted identities
05:52:35.221 [error] local node self-trust was not added: node signing public-key artifact is absent — continuing with configured trusted identities
05:52:35.223 [error] local node self-trust was not added: node signing public-key artifact is absent — continuing with configured trusted identities
05:52:35.226 [error] local node self-trust was not added: node signing public-key artifact is absent — continuing with configured trusted identities
05:52:35.228 [error] local node self-trust was not added: node signing public-key artifact is absent — continuing with configured trusted identities
05:52:35.235 [warning] flock failed on /tmp/cp_checkout_sync_325420/feature.txt: :enoent, proceeding without lock
05:52:35.285 [error] local node self-trust was not added: node signing public-key artifact is absent — continuing with configured trusted identities
.05:52:35.298 [error] local node self-trust was not added: node signing public-key artifact is absent — continuing with configured trusted identities
05:52:35.299 [error] local node self-trust was not added: node signing public-key artifact is absent — continuing with configured trusted identities
05:52:35.303 [error] local node self-trust was not added: node signing public-key artifact is absent — continuing with configured trusted identities
05:52:35.305 [error] local node self-trust was not added: node signing public-key artifact is absent — continuing with configured trusted identities
05:52:35.307 [error] local node self-trust was not added: node signing public-key artifact is absent — continuing with configured trusted identities
05:52:35.310 [error] local node self-trust was not added: node signing public-key artifact is absent — continuing with configured trusted identities
05:52:35.314 [error] local node self-trust was not added: node signing public-key artifact is absent — continuing with configured trusted identities
05:52:35.317 [error] local node self-trust was not added: node signing public-key artifact is absent — continuing with configured trusted identities
Re-rooted: uuid-root → uuid-main
Exporting from new root...
Done.
05:52:35.352 [error] local node self-trust was not added: node signing public-key artifact is absent — continuing with configured trusted identities
.05:52:35.366 [error] local node self-trust was not added: node signing public-key artifact is absent — continuing with configured trusted identities
05:52:35.366 [error] local node self-trust was not added: node signing public-key artifact is absent — continuing with configured trusted identities
05:52:35.373 [error] local node self-trust was not added: node signing public-key artifact is absent — continuing with configured trusted identities
05:52:35.375 [error] local node self-trust was not added: node signing public-key artifact is absent — continuing with configured trusted identities
05:52:35.377 [error] local node self-trust was not added: node signing public-key artifact is absent — continuing with configured trusted identities
05:52:35.379 [error] local node self-trust was not added: node signing public-key artifact is absent — continuing with configured trusted identities
05:52:35.382 [error] local node self-trust was not added: node signing public-key artifact is absent — continuing with configured trusted identities
05:52:35.384 [error] local node self-trust was not added: node signing public-key artifact is absent — continuing with configured trusted identities
Current root: uuid-root
05:52:35.411 [error] local node self-trust was not added: node signing public-key artifact is absent — continuing with configured trusted identities
.05:52:35.418 [error] local node self-trust was not added: node signing public-key artifact is absent — continuing with configured trusted identities
.05:52:35.431 [error] local node self-trust was not added: node signing public-key artifact is absent — continuing with configured trusted identities
.05:52:35.441 [error] local node self-trust was not added: node signing public-key artifact is absent — continuing with configured trusted identities
.05:52:35.456 [error] local node self-trust was not added: node signing public-key artifact is absent — continuing with configured trusted identities
.05:52:35.470 [error] local node self-trust was not added: node signing public-key artifact is absent — continuing with configured trusted identities
..05:52:35.511 [error] local node self-trust was not added: node signing public-key artifact is absent — continuing with configured trusted identities
05:52:35.512 [error] local node self-trust was not added: node signing public-key artifact is absent — continuing with configured trusted identities
05:52:35.517 [error] local node self-trust was not added: node signing public-key artifact is absent — continuing with configured trusted identities
05:52:35.520 [error] local node self-trust was not added: node signing public-key artifact is absent — continuing with configured trusted identities
05:52:35.523 [warning] flock failed on /tmp/cp_rt_out_801164/special.txt: :enoent, proceeding without lock
05:52:35.547 [error] local node self-trust was not added: node signing public-key artifact is absent — continuing with configured trusted identities
.05:52:35.569 [error] local node self-trust was not added: node signing public-key artifact is absent — continuing with configured trusted identities
05:52:35.570 [error] local node self-trust was not added: node signing public-key artifact is absent — continuing with configured trusted identities
05:52:35.575 [error] local node self-trust was not added: node signing public-key artifact is absent — continuing with configured trusted identities
05:52:35.578 [error] local node self-trust was not added: node signing public-key artifact is absent — continuing with configured trusted identities
05:52:35.582 [error] local node self-trust was not added: node signing public-key artifact is absent — continuing with configured trusted identities
05:52:35.584 [error] local node self-trust was not added: node signing public-key artifact is absent — continuing with configured trusted identities
05:52:35.588 [error] local node self-trust was not added: node signing public-key artifact is absent — continuing with configured trusted identities
05:52:35.591 [error] local node self-trust was not added: node signing public-key artifact is absent — continuing with configured trusted identities
05:52:35.595 [error] local node self-trust was not added: node signing public-key artifact is absent — continuing with configured trusted identities
05:52:35.598 [error] local node self-trust was not added: node signing public-key artifact is absent — continuing with configured trusted identities
05:52:35.603 [warning] flock failed on /tmp/cp_rt_out_844952/docs/examples/hello.txt: :enoent, proceeding without lock
05:52:35.607 [warning] flock failed on /tmp/cp_rt_out_844952/docs/guide.txt: :enoent, proceeding without lock
05:52:35.609 [warning] flock failed on /tmp/cp_rt_out_844952/empty.txt: :enoent, proceeding without lock
05:52:35.612 [warning] flock failed on /tmp/cp_rt_out_844952/readme.txt: :enoent, proceeding without lock
05:52:35.651 [error] local node self-trust was not added: node signing public-key artifact is absent — continuing with configured trusted identities
.
Finished in 6.4 seconds (2.5s async, 3.8s sync)
121 tests, 0 failures
real 8.56
user 6.27
sys 1.43
