==> commonplace
make: Nothing to be done for 'all'.
==> commonplace_cli
Running ExUnit with seed: 309011, max_cases: 8

...............................05:50:37.881 [error] local node self-trust was not added: node signing public-key artifact is absent — continuing with configured trusted identities
05:50:37.910 [error] local node self-trust was not added: node signing public-key artifact is absent — continuing with configured trusted identities
05:50:37.917 [error] local node self-trust was not added: node signing public-key artifact is absent — continuing with configured trusted identities
.05:50:37.940 [error] local node self-trust was not added: node signing public-key artifact is absent — continuing with configured trusted identities
05:50:37.945 [error] local node self-trust was not added: node signing public-key artifact is absent — continuing with configured trusted identities
05:50:37.950 [error] local node self-trust was not added: node signing public-key artifact is absent — continuing with configured trusted identities
05:50:37.963 [error] local node self-trust was not added: node signing public-key artifact is absent — continuing with configured trusted identities
.05:50:37.972 [error] local node self-trust was not added: node signing public-key artifact is absent — continuing with configured trusted identities
05:50:37.980 [error] local node self-trust was not added: node signing public-key artifact is absent — continuing with configured trusted identities
05:50:37.984 [error] local node self-trust was not added: node signing public-key artifact is absent — continuing with configured trusted identities
05:50:37.997 [error] local node self-trust was not added: node signing public-key artifact is absent — continuing with configured trusted identities
.05:50:38.025 [error] local node self-trust was not added: node signing public-key artifact is absent — continuing with configured trusted identities
05:50:38.027 [error] local node self-trust was not added: node signing public-key artifact is absent — continuing with configured trusted identities
05:50:38.034 [error] local node self-trust was not added: node signing public-key artifact is absent — continuing with configured trusted identities
05:50:38.038 [error] local node self-trust was not added: node signing public-key artifact is absent — continuing with configured trusted identities
05:50:38.042 [error] local node self-trust was not added: node signing public-key artifact is absent — continuing with configured trusted identities
05:50:38.045 [error] local node self-trust was not added: node signing public-key artifact is absent — continuing with configured trusted identities
05:50:38.047 [error] local node self-trust was not added: node signing public-key artifact is absent — continuing with configured trusted identities
05:50:38.049 [error] local node self-trust was not added: node signing public-key artifact is absent — continuing with configured trusted identities
05:50:38.052 [error] local node self-trust was not added: node signing public-key artifact is absent — continuing with configured trusted identities
05:50:38.056 [error] local node self-trust was not added: node signing public-key artifact is absent — continuing with configured trusted identities
05:50:38.073 [warning] flock failed on /tmp/cp_rt_out_340946/docs/examples/hello.txt: :enoent, proceeding without lock
05:50:38.076 [warning] flock failed on /tmp/cp_rt_out_340946/docs/guide.txt: :enoent, proceeding without lock
05:50:38.082 [warning] flock failed on /tmp/cp_rt_out_340946/empty.txt: :enoent, proceeding without lock
05:50:38.084 [warning] flock failed on /tmp/cp_rt_out_340946/readme.txt: :enoent, proceeding without lock
05:50:38.104 [error] local node self-trust was not added: node signing public-key artifact is absent — continuing with configured trusted identities
.05:50:38.117 [error] local node self-trust was not added: node signing public-key artifact is absent — continuing with configured trusted identities
05:50:38.119 [error] local node self-trust was not added: node signing public-key artifact is absent — continuing with configured trusted identities
05:50:38.122 [error] local node self-trust was not added: node signing public-key artifact is absent — continuing with configured trusted identities
05:50:38.126 [error] local node self-trust was not added: node signing public-key artifact is absent — continuing with configured trusted identities
05:50:38.131 [warning] flock failed on /tmp/cp_rt_out_593529/special.txt: :enoent, proceeding without lock
05:50:38.146 [error] local node self-trust was not added: node signing public-key artifact is absent — continuing with configured trusted identities
.05:50:38.159 [error] local node self-trust was not added: node signing public-key artifact is absent — continuing with configured trusted identities
05:50:38.160 [error] local node self-trust was not added: node signing public-key artifact is absent — continuing with configured trusted identities
05:50:38.165 [error] local node self-trust was not added: node signing public-key artifact is absent — continuing with configured trusted identities
05:50:38.168 [error] local node self-trust was not added: node signing public-key artifact is absent — continuing with configured trusted identities
05:50:38.173 [error] local node self-trust was not added: node signing public-key artifact is absent — continuing with configured trusted identities
05:50:38.178 [error] local node self-trust was not added: node signing public-key artifact is absent — continuing with configured trusted identities
05:50:38.181 [error] local node self-trust was not added: node signing public-key artifact is absent — continuing with configured trusted identities
05:50:38.184 [error] local node self-trust was not added: node signing public-key artifact is absent — continuing with configured trusted identities
Current root: uuid-root
05:50:38.205 [error] local node self-trust was not added: node signing public-key artifact is absent — continuing with configured trusted identities
.05:50:38.217 [error] local node self-trust was not added: node signing public-key artifact is absent — continuing with configured trusted identities
05:50:38.219 [error] local node self-trust was not added: node signing public-key artifact is absent — continuing with configured trusted identities
05:50:38.221 [error] local node self-trust was not added: node signing public-key artifact is absent — continuing with configured trusted identities
05:50:38.224 [error] local node self-trust was not added: node signing public-key artifact is absent — continuing with configured trusted identities
05:50:38.227 [error] local node self-trust was not added: node signing public-key artifact is absent — continuing with configured trusted identities
05:50:38.230 [error] local node self-trust was not added: node signing public-key artifact is absent — continuing with configured trusted identities
05:50:38.234 [error] local node self-trust was not added: node signing public-key artifact is absent — continuing with configured trusted identities
05:50:38.236 [error] local node self-trust was not added: node signing public-key artifact is absent — continuing with configured trusted identities
05:50:38.242 [warning] flock failed on /tmp/cp_checkout_sync_342287/repos/myrepo/feature/feature.txt: :enoent, proceeding without lock
05:50:38.245 [warning] flock failed on /tmp/cp_checkout_sync_342287/repos/myrepo/main/readme.txt: :enoent, proceeding without lock
05:50:38.248 [warning] flock failed on /tmp/cp_checkout_sync_342287/readme.txt: :enoent, proceeding without lock
05:50:38.267 [error] local node self-trust was not added: node signing public-key artifact is absent — continuing with configured trusted identities
.05:50:38.279 [error] local node self-trust was not added: node signing public-key artifact is absent — continuing with configured trusted identities
05:50:38.280 [error] local node self-trust was not added: node signing public-key artifact is absent — continuing with configured trusted identities
05:50:38.281 [error] local node self-trust was not added: node signing public-key artifact is absent — continuing with configured trusted identities
05:50:38.283 [error] local node self-trust was not added: node signing public-key artifact is absent — continuing with configured trusted identities
05:50:38.285 [error] local node self-trust was not added: node signing public-key artifact is absent — continuing with configured trusted identities
05:50:38.288 [error] local node self-trust was not added: node signing public-key artifact is absent — continuing with configured trusted identities
05:50:38.290 [error] local node self-trust was not added: node signing public-key artifact is absent — continuing with configured trusted identities
05:50:38.292 [error] local node self-trust was not added: node signing public-key artifact is absent — continuing with configured trusted identities
Re-rooted: uuid-root → uuid-main
Exporting from new root...
Done.
05:50:38.308 [error] local node self-trust was not added: node signing public-key artifact is absent — continuing with configured trusted identities
.05:50:38.316 [error] local node self-trust was not added: node signing public-key artifact is absent — continuing with configured trusted identities
05:50:38.316 [error] local node self-trust was not added: node signing public-key artifact is absent — continuing with configured trusted identities
05:50:38.318 [error] local node self-trust was not added: node signing public-key artifact is absent — continuing with configured trusted identities
05:50:38.319 [error] local node self-trust was not added: node signing public-key artifact is absent — continuing with configured trusted identities
05:50:38.323 [error] local node self-trust was not added: node signing public-key artifact is absent — continuing with configured trusted identities
05:50:38.325 [error] local node self-trust was not added: node signing public-key artifact is absent — continuing with configured trusted identities
05:50:38.327 [error] local node self-trust was not added: node signing public-key artifact is absent — continuing with configured trusted identities
05:50:38.328 [error] local node self-trust was not added: node signing public-key artifact is absent — continuing with configured trusted identities
05:50:38.343 [error] local node self-trust was not added: node signing public-key artifact is absent — continuing with configured trusted identities
.05:50:38.354 [error] local node self-trust was not added: node signing public-key artifact is absent — continuing with configured trusted identities
05:50:38.356 [error] local node self-trust was not added: node signing public-key artifact is absent — continuing with configured trusted identities
05:50:38.360 [error] local node self-trust was not added: node signing public-key artifact is absent — continuing with configured trusted identities
05:50:38.369 [error] local node self-trust was not added: node signing public-key artifact is absent — continuing with configured trusted identities
05:50:38.373 [error] local node self-trust was not added: node signing public-key artifact is absent — continuing with configured trusted identities
05:50:38.377 [error] local node self-trust was not added: node signing public-key artifact is absent — continuing with configured trusted identities
05:50:38.380 [error] local node self-trust was not added: node signing public-key artifact is absent — continuing with configured trusted identities
05:50:38.384 [error] local node self-trust was not added: node signing public-key artifact is absent — continuing with configured trusted identities
05:50:38.392 [warning] flock failed on /tmp/cp_checkout_sync_252043/feature.txt: :enoent, proceeding without lock
05:50:38.410 [error] local node self-trust was not added: node signing public-key artifact is absent — continuing with configured trusted identities
..05:50:38.433 [error] local node self-trust was not added: node signing public-key artifact is absent — continuing with configured trusted identities
.05:50:38.440 [error] local node self-trust was not added: node signing public-key artifact is absent — continuing with configured trusted identities
.05:50:38.452 [error] local node self-trust was not added: node signing public-key artifact is absent — continuing with configured trusted identities
.05:50:38.464 [error] local node self-trust was not added: node signing public-key artifact is absent — continuing with configured trusted identities
.05:50:38.474 [error] local node self-trust was not added: node signing public-key artifact is absent — continuing with configured trusted identities
.05:50:38.493 [error] local node self-trust was not added: node signing public-key artifact is absent — continuing with configured trusted identities
05:50:38.494 [error] local node self-trust was not added: node signing public-key artifact is absent — continuing with configured trusted identities
05:50:38.497 [error] local node self-trust was not added: node signing public-key artifact is absent — continuing with configured trusted identities
05:50:38.500 [error] local node self-trust was not added: node signing public-key artifact is absent — continuing with configured trusted identities
05:50:38.503 [error] local node self-trust was not added: node signing public-key artifact is absent — continuing with configured trusted identities
05:50:38.517 [error] local node self-trust was not added: node signing public-key artifact is absent — continuing with configured trusted identities
.05:50:38.527 [error] local node self-trust was not added: node signing public-key artifact is absent — continuing with configured trusted identities
05:50:38.528 [error] local node self-trust was not added: node signing public-key artifact is absent — continuing with configured trusted identities
05:50:38.530 [error] local node self-trust was not added: node signing public-key artifact is absent — continuing with configured trusted identities
05:50:38.534 [error] local node self-trust was not added: node signing public-key artifact is absent — continuing with configured trusted identities
05:50:38.536 [error] local node self-trust was not added: node signing public-key artifact is absent — continuing with configured trusted identities
05:50:38.538 [error] local node self-trust was not added: node signing public-key artifact is absent — continuing with configured trusted identities
05:50:38.553 [error] local node self-trust was not added: node signing public-key artifact is absent — continuing with configured trusted identities
.05:50:38.567 [error] local node self-trust was not added: node signing public-key artifact is absent — continuing with configured trusted identities
05:50:38.568 [error] local node self-trust was not added: node signing public-key artifact is absent — continuing with configured trusted identities
05:50:38.573 [error] local node self-trust was not added: node signing public-key artifact is absent — continuing with configured trusted identities
05:50:38.576 [error] local node self-trust was not added: node signing public-key artifact is absent — continuing with configured trusted identities
05:50:38.579 [error] local node self-trust was not added: node signing public-key artifact is absent — continuing with configured trusted identities
05:50:38.582 [error] local node self-trust was not added: node signing public-key artifact is absent — continuing with configured trusted identities
05:50:38.585 [error] local node self-trust was not added: node signing public-key artifact is absent — continuing with configured trusted identities
05:50:38.588 [error] local node self-trust was not added: node signing public-key artifact is absent — continuing with configured trusted identities
05:50:38.590 [error] local node self-trust was not added: node signing public-key artifact is absent — continuing with configured trusted identities
05:50:38.604 [error] local node self-trust was not added: node signing public-key artifact is absent — continuing with configured trusted identities
.05:50:38.617 [error] local node self-trust was not added: node signing public-key artifact is absent — continuing with configured trusted identities
05:50:38.619 [error] local node self-trust was not added: node signing public-key artifact is absent — continuing with configured trusted identities
05:50:38.634 [error] local node self-trust was not added: node signing public-key artifact is absent — continuing with configured trusted identities
.05:50:38.644 [error] local node self-trust was not added: node signing public-key artifact is absent — continuing with configured trusted identities
05:50:38.645 [error] local node self-trust was not added: node signing public-key artifact is absent — continuing with configured trusted identities
05:50:38.662 [error] local node self-trust was not added: node signing public-key artifact is absent — continuing with configured trusted identities
.05:50:38.683 [error] local node self-trust was not added: node signing public-key artifact is absent — continuing with configured trusted identities
05:50:38.720 [error] local node self-trust was not added: node signing public-key artifact is absent — continuing with configured trusted identities
.05:50:38.731 [error] local node self-trust was not added: node signing public-key artifact is absent — continuing with configured trusted identities
05:50:38.731 [error] local node self-trust was not added: node signing public-key artifact is absent — continuing with configured trusted identities
05:50:38.733 [error] local node self-trust was not added: node signing public-key artifact is absent — continuing with configured trusted identities
05:50:38.736 [error] local node self-trust was not added: node signing public-key artifact is absent — continuing with configured trusted identities
05:50:38.752 [error] local node self-trust was not added: node signing public-key artifact is absent — continuing with configured trusted identities
.05:50:38.763 [error] local node self-trust was not added: node signing public-key artifact is absent — continuing with configured trusted identities
05:50:38.767 [error] local node self-trust was not added: node signing public-key artifact is absent — continuing with configured trusted identities
.05:50:38.776 [error] local node self-trust was not added: node signing public-key artifact is absent — continuing with configured trusted identities
05:50:38.779 [error] local node self-trust was not added: node signing public-key artifact is absent — continuing with configured trusted identities
.05:50:38.789 [error] local node self-trust was not added: node signing public-key artifact is absent — continuing with configured trusted identities
05:50:38.793 [error] local node self-trust was not added: node signing public-key artifact is absent — continuing with configured trusted identities
.05:50:38.799 [error] local node self-trust was not added: node signing public-key artifact is absent — continuing with configured trusted identities
05:50:38.803 [error] local node self-trust was not added: node signing public-key artifact is absent — continuing with configured trusted identities
05:50:38.806 [error] local node self-trust was not added: node signing public-key artifact is absent — continuing with configured trusted identities
05:50:38.820 [error] local node self-trust was not added: node signing public-key artifact is absent — continuing with configured trusted identities
05:50:38.823 [error] local node self-trust was not added: node signing public-key artifact is absent — continuing with configured trusted identities
.05:50:38.832 [error] local node self-trust was not added: node signing public-key artifact is absent — continuing with configured trusted identities
.05:50:38.843 [error] local node self-trust was not added: node signing public-key artifact is absent — continuing with configured trusted identities
05:50:38.847 [error] local node self-trust was not added: node signing public-key artifact is absent — continuing with configured trusted identities
05:50:38.849 [error] local node self-trust was not added: node signing public-key artifact is absent — continuing with configured trusted identities
05:50:38.852 [error] local node self-trust was not added: node signing public-key artifact is absent — continuing with configured trusted identities
.05:50:38.862 [error] local node self-trust was not added: node signing public-key artifact is absent — continuing with configured trusted identities
05:50:38.865 [error] local node self-trust was not added: node signing public-key artifact is absent — continuing with configured trusted identities
05:50:38.868 [error] local node self-trust was not added: node signing public-key artifact is absent — continuing with configured trusted identities
05:50:38.871 [error] local node self-trust was not added: node signing public-key artifact is absent — continuing with configured trusted identities
.05:50:38.887 [error] local node self-trust was not added: node signing public-key artifact is absent — continuing with configured trusted identities
05:50:38.890 [error] local node self-trust was not added: node signing public-key artifact is absent — continuing with configured trusted identities
05:50:38.894 [error] local node self-trust was not added: node signing public-key artifact is absent — continuing with configured trusted identities
.05:50:38.913 [error] local node self-trust was not added: node signing public-key artifact is absent — continuing with configured trusted identities
05:50:38.986 [warning] CommitStore: root attach DENIED by workspace profile doc_uuid=ffa538aa-0efa-4ddc-aaf6-ed9746311af9 reason="workspace class 'minimal' does not accept root entry 'bd' — declared in profile"
05:50:39.006 [error] local node self-trust was not added: node signing public-key artifact is absent — continuing with configured trusted identities
.05:50:39.021 [error] local node self-trust was not added: node signing public-key artifact is absent — continuing with configured trusted identities
05:50:39.084 [error] local node self-trust was not added: node signing public-key artifact is absent — continuing with configured trusted identities
..commonplace: :cx_a3fe_absent@commonplace (from /tmp/cx_x8jk_reach_failures_888197587/node_name) serves a DIFFERENT workspace — its data dir is "/other/data", not "/tmp/cx_x8jk_reach_failures_888197587". Ignoring it; that node_name file probably points at an orphan serve.
...................05:50:39.716 [error] local node self-trust was not added: node signing public-key artifact is absent — continuing with configured trusted identities
05:50:39.716 [error] local node self-trust was not added: node signing public-key artifact is absent — continuing with configured trusted identities
05:50:39.724 [error] local node self-trust was not added: node signing public-key artifact is absent — continuing with configured trusted identities
05:50:39.728 [error] local node self-trust was not added: node signing public-key artifact is absent — continuing with configured trusted identities
05:50:39.743 [error] local node self-trust was not added: node signing public-key artifact is absent — continuing with configured trusted identities
.05:50:39.766 [error] local node self-trust was not added: node signing public-key artifact is absent — continuing with configured trusted identities
05:50:39.767 [error] local node self-trust was not added: node signing public-key artifact is absent — continuing with configured trusted identities
05:50:39.779 [error] local node self-trust was not added: node signing public-key artifact is absent — continuing with configured trusted identities
05:50:39.783 [error] local node self-trust was not added: node signing public-key artifact is absent — continuing with configured trusted identities
05:50:39.786 [error] local node self-trust was not added: node signing public-key artifact is absent — continuing with configured trusted identities
05:50:39.794 [error] local node self-trust was not added: node signing public-key artifact is absent — continuing with configured trusted identities
05:50:39.797 [error] local node self-trust was not added: node signing public-key artifact is absent — continuing with configured trusted identities
05:50:39.800 [error] local node self-trust was not added: node signing public-key artifact is absent — continuing with configured trusted identities
05:50:39.807 [error] local node self-trust was not added: node signing public-key artifact is absent — continuing with configured trusted identities
05:50:39.810 [error] local node self-trust was not added: node signing public-key artifact is absent — continuing with configured trusted identities
05:50:39.814 [error] local node self-trust was not added: node signing public-key artifact is absent — continuing with configured trusted identities
05:50:39.822 [error] local node self-trust was not added: node signing public-key artifact is absent — continuing with configured trusted identities
05:50:39.829 [warning] flock failed on /tmp/cp_sync_export_231909/new.txt: :enoent, proceeding without lock
05:50:39.837 [warning] flock failed on /tmp/cp_sync_export_231909/notes/todo.txt: :enoent, proceeding without lock
05:50:39.853 [error] local node self-trust was not added: node signing public-key artifact is absent — continuing with configured trusted identities
.05:50:39.868 [error] local node self-trust was not added: node signing public-key artifact is absent — continuing with configured trusted identities
05:50:39.868 [error] local node self-trust was not added: node signing public-key artifact is absent — continuing with configured trusted identities
05:50:39.872 [error] local node self-trust was not added: node signing public-key artifact is absent — continuing with configured trusted identities
05:50:39.874 [error] local node self-trust was not added: node signing public-key artifact is absent — continuing with configured trusted identities
05:50:39.885 [error] local node self-trust was not added: node signing public-key artifact is absent — continuing with configured trusted identities
.05:50:39.901 [error] local node self-trust was not added: node signing public-key artifact is absent — continuing with configured trusted identities
05:50:39.902 [error] local node self-trust was not added: node signing public-key artifact is absent — continuing with configured trusted identities
05:50:39.907 [error] local node self-trust was not added: node signing public-key artifact is absent — continuing with configured trusted identities
05:50:39.910 [error] local node self-trust was not added: node signing public-key artifact is absent — continuing with configured trusted identities
05:50:39.913 [error] local node self-trust was not added: node signing public-key artifact is absent — continuing with configured trusted identities
05:50:39.916 [error] local node self-trust was not added: node signing public-key artifact is absent — continuing with configured trusted identities
05:50:39.922 [error] local node self-trust was not added: node signing public-key artifact is absent — continuing with configured trusted identities
05:50:39.930 [error] local node self-trust was not added: node signing public-key artifact is absent — continuing with configured trusted identities
05:50:39.942 [error] local node self-trust was not added: node signing public-key artifact is absent — continuing with configured trusted identities
05:50:39.948 [error] local node self-trust was not added: node signing public-key artifact is absent — continuing with configured trusted identities
05:50:39.956 [error] local node self-trust was not added: node signing public-key artifact is absent — continuing with configured trusted identities
05:50:39.975 [error] local node self-trust was not added: node signing public-key artifact is absent — continuing with configured trusted identities
......05:50:40.151 [error] local node self-trust was not added: node signing public-key artifact is absent — continuing with configured trusted identities
05:50:40.156 [error] local node self-trust was not added: node signing public-key artifact is absent — continuing with configured trusted identities
05:50:40.160 [error] local node self-trust was not added: node signing public-key artifact is absent — continuing with configured trusted identities
05:50:40.169 [error] local node self-trust was not added: node signing public-key artifact is absent — continuing with configured trusted identities
05:50:40.173 [error] local node self-trust was not added: node signing public-key artifact is absent — continuing with configured trusted identities
.05:50:40.182 [error] local node self-trust was not added: node signing public-key artifact is absent — continuing with configured trusted identities
05:50:40.190 [error] local node self-trust was not added: node signing public-key artifact is absent — continuing with configured trusted identities
05:50:40.192 [error] local node self-trust was not added: node signing public-key artifact is absent — continuing with configured trusted identities
05:50:40.195 [error] local node self-trust was not added: node signing public-key artifact is absent — continuing with configured trusted identities
05:50:40.199 [error] local node self-trust was not added: node signing public-key artifact is absent — continuing with configured trusted identities
05:50:40.202 [error] local node self-trust was not added: node signing public-key artifact is absent — continuing with configured trusted identities
05:50:40.204 [error] local node self-trust was not added: node signing public-key artifact is absent — continuing with configured trusted identities
.05:50:40.211 [error] local node self-trust was not added: node signing public-key artifact is absent — continuing with configured trusted identities
05:50:40.215 [error] local node self-trust was not added: node signing public-key artifact is absent — continuing with configured trusted identities
05:50:40.218 [error] local node self-trust was not added: node signing public-key artifact is absent — continuing with configured trusted identities
05:50:40.222 [error] local node self-trust was not added: node signing public-key artifact is absent — continuing with configured trusted identities
05:50:40.225 [error] local node self-trust was not added: node signing public-key artifact is absent — continuing with configured trusted identities
05:50:40.228 [error] local node self-trust was not added: node signing public-key artifact is absent — continuing with configured trusted identities
05:50:40.232 [error] local node self-trust was not added: node signing public-key artifact is absent — continuing with configured trusted identities
.05:50:40.242 [error] local node self-trust was not added: node signing public-key artifact is absent — continuing with configured trusted identities
......05:50:40.312 [error] local node self-trust was not added: node signing public-key artifact is absent — continuing with configured trusted identities
05:50:40.427 [error] local node self-trust was not added: node signing public-key artifact is absent — continuing with configured trusted identities
.05:50:40.539 [error] local node self-trust was not added: node signing public-key artifact is absent — continuing with configured trusted identities
.05:50:40.652 [error] local node self-trust was not added: node signing public-key artifact is absent — continuing with configured trusted identities
.05:50:40.762 [error] local node self-trust was not added: node signing public-key artifact is absent — continuing with configured trusted identities
..05:50:40.822 [error] local node self-trust was not added: node signing public-key artifact is absent — continuing with configured trusted identities
.05:50:40.831 [error] local node self-trust was not added: node signing public-key artifact is absent — continuing with configured trusted identities
..05:50:40.843 [error] local node self-trust was not added: node signing public-key artifact is absent — continuing with configured trusted identities
.05:50:40.849 [error] local node self-trust was not added: node signing public-key artifact is absent — continuing with configured trusted identities
.05:50:40.866 [error] local node self-trust was not added: node signing public-key artifact is absent — continuing with configured trusted identities
05:50:40.875 [error] local node self-trust was not added: node signing public-key artifact is absent — continuing with configured trusted identities
05:50:40.878 [error] local node self-trust was not added: node signing public-key artifact is absent — continuing with configured trusted identities
05:50:40.881 [error] local node self-trust was not added: node signing public-key artifact is absent — continuing with configured trusted identities
05:50:40.884 [error] local node self-trust was not added: node signing public-key artifact is absent — continuing with configured trusted identities
05:50:40.887 [error] local node self-trust was not added: node signing public-key artifact is absent — continuing with configured trusted identities
05:50:40.890 [error] local node self-trust was not added: node signing public-key artifact is absent — continuing with configured trusted identities
05:50:40.892 [error] local node self-trust was not added: node signing public-key artifact is absent — continuing with configured trusted identities
05:50:40.897 [error] local node self-trust was not added: node signing public-key artifact is absent — continuing with configured trusted identities
05:50:40.904 [error] local node self-trust was not added: node signing public-key artifact is absent — continuing with configured trusted identities
05:50:40.912 [error] local node self-trust was not added: node signing public-key artifact is absent — continuing with configured trusted identities
.05:50:40.928 [error] local node self-trust was not added: node signing public-key artifact is absent — continuing with configured trusted identities
.05:50:40.937 [error] local node self-trust was not added: node signing public-key artifact is absent — continuing with configured trusted identities
.05:50:40.951 [error] local node self-trust was not added: node signing public-key artifact is absent — continuing with configured trusted identities
05:50:40.955 [error] local node self-trust was not added: node signing public-key artifact is absent — continuing with configured trusted identities
05:50:40.958 [error] local node self-trust was not added: node signing public-key artifact is absent — continuing with configured trusted identities
05:50:40.960 [error] local node self-trust was not added: node signing public-key artifact is absent — continuing with configured trusted identities
05:50:40.963 [error] local node self-trust was not added: node signing public-key artifact is absent — continuing with configured trusted identities
05:50:40.965 [error] local node self-trust was not added: node signing public-key artifact is absent — continuing with configured trusted identities
05:50:40.968 [error] local node self-trust was not added: node signing public-key artifact is absent — continuing with configured trusted identities
05:50:40.971 [error] local node self-trust was not added: node signing public-key artifact is absent — continuing with configured trusted identities
05:50:40.974 [error] local node self-trust was not added: node signing public-key artifact is absent — continuing with configured trusted identities
05:50:40.977 [error] local node self-trust was not added: node signing public-key artifact is absent — continuing with configured trusted identities
05:50:40.980 [error] local node self-trust was not added: node signing public-key artifact is absent — continuing with configured trusted identities
05:50:40.999 [error] local node self-trust was not added: node signing public-key artifact is absent — continuing with configured trusted identities
05:50:41.007 [error] local node self-trust was not added: node signing public-key artifact is absent — continuing with configured trusted identities
05:50:41.013 [error] local node self-trust was not added: node signing public-key artifact is absent — continuing with configured trusted identities
05:50:41.019 [error] local node self-trust was not added: node signing public-key artifact is absent — continuing with configured trusted identities
05:50:41.027 [error] local node self-trust was not added: node signing public-key artifact is absent — continuing with configured trusted identities
05:50:41.035 [error] local node self-trust was not added: node signing public-key artifact is absent — continuing with configured trusted identities
05:50:41.038 [error] local node self-trust was not added: node signing public-key artifact is absent — continuing with configured trusted identities
05:50:41.042 [error] local node self-trust was not added: node signing public-key artifact is absent — continuing with configured trusted identities
05:50:41.047 [error] local node self-trust was not added: node signing public-key artifact is absent — continuing with configured trusted identities
05:50:41.053 [error] local node self-trust was not added: node signing public-key artifact is absent — continuing with configured trusted identities
05:50:41.058 [error] local node self-trust was not added: node signing public-key artifact is absent — continuing with configured trusted identities
.05:50:41.071 [error] local node self-trust was not added: node signing public-key artifact is absent — continuing with configured trusted identities
.05:50:41.081 [error] local node self-trust was not added: node signing public-key artifact is absent — continuing with configured trusted identities
.05:50:41.092 [error] local node self-trust was not added: node signing public-key artifact is absent — continuing with configured trusted identities
05:50:41.097 [error] local node self-trust was not added: node signing public-key artifact is absent — continuing with configured trusted identities
05:50:41.104 [error] local node self-trust was not added: node signing public-key artifact is absent — continuing with configured trusted identities
05:50:41.106 [error] local node self-trust was not added: node signing public-key artifact is absent — continuing with configured trusted identities
05:50:41.109 [error] local node self-trust was not added: node signing public-key artifact is absent — continuing with configured trusted identities
05:50:41.111 [error] local node self-trust was not added: node signing public-key artifact is absent — continuing with configured trusted identities
05:50:41.115 [error] local node self-trust was not added: node signing public-key artifact is absent — continuing with configured trusted identities
05:50:41.118 [error] local node self-trust was not added: node signing public-key artifact is absent — continuing with configured trusted identities
05:50:41.124 [error] local node self-trust was not added: node signing public-key artifact is absent — continuing with configured trusted identities
05:50:41.130 [error] local node self-trust was not added: node signing public-key artifact is absent — continuing with configured trusted identities
05:50:41.137 [error] local node self-trust was not added: node signing public-key artifact is absent — continuing with configured trusted identities
05:50:41.148 [error] local node self-trust was not added: node signing public-key artifact is absent — continuing with configured trusted identities
05:50:41.152 [error] local node self-trust was not added: node signing public-key artifact is absent — continuing with configured trusted identities
05:50:41.158 [error] local node self-trust was not added: node signing public-key artifact is absent — continuing with configured trusted identities
05:50:41.161 [error] local node self-trust was not added: node signing public-key artifact is absent — continuing with configured trusted identities
05:50:41.166 [error] local node self-trust was not added: node signing public-key artifact is absent — continuing with configured trusted identities
05:50:41.189 [error] local node self-trust was not added: node signing public-key artifact is absent — continuing with configured trusted identities
.05:50:41.199 [error] local node self-trust was not added: node signing public-key artifact is absent — continuing with configured trusted identities
05:50:41.202 [error] local node self-trust was not added: node signing public-key artifact is absent — continuing with configured trusted identities
05:50:41.205 [error] local node self-trust was not added: node signing public-key artifact is absent — continuing with configured trusted identities
05:50:41.208 [error] local node self-trust was not added: node signing public-key artifact is absent — continuing with configured trusted identities
05:50:41.214 [error] local node self-trust was not added: node signing public-key artifact is absent — continuing with configured trusted identities
05:50:41.219 [error] local node self-trust was not added: node signing public-key artifact is absent — continuing with configured trusted identities
05:50:41.221 [error] local node self-trust was not added: node signing public-key artifact is absent — continuing with configured trusted identities
05:50:41.223 [error] local node self-trust was not added: node signing public-key artifact is absent — continuing with configured trusted identities
05:50:41.227 [error] local node self-trust was not added: node signing public-key artifact is absent — continuing with configured trusted identities
05:50:41.231 [error] local node self-trust was not added: node signing public-key artifact is absent — continuing with configured trusted identities
05:50:41.235 [error] local node self-trust was not added: node signing public-key artifact is absent — continuing with configured trusted identities
05:50:41.244 [error] local node self-trust was not added: node signing public-key artifact is absent — continuing with configured trusted identities
05:50:41.247 [error] local node self-trust was not added: node signing public-key artifact is absent — continuing with configured trusted identities
05:50:41.251 [error] local node self-trust was not added: node signing public-key artifact is absent — continuing with configured trusted identities
05:50:41.255 [error] local node self-trust was not added: node signing public-key artifact is absent — continuing with configured trusted identities
05:50:41.260 [error] local node self-trust was not added: node signing public-key artifact is absent — continuing with configured trusted identities
05:50:41.266 [error] local node self-trust was not added: node signing public-key artifact is absent — continuing with configured trusted identities
05:50:41.269 [error] local node self-trust was not added: node signing public-key artifact is absent — continuing with configured trusted identities
05:50:41.272 [error] local node self-trust was not added: node signing public-key artifact is absent — continuing with configured trusted identities
05:50:41.274 [error] local node self-trust was not added: node signing public-key artifact is absent — continuing with configured trusted identities
05:50:41.278 [error] local node self-trust was not added: node signing public-key artifact is absent — continuing with configured trusted identities
.05:50:41.288 [error] local node self-trust was not added: node signing public-key artifact is absent — continuing with configured trusted identities
05:50:41.293 [error] local node self-trust was not added: node signing public-key artifact is absent — continuing with configured trusted identities
05:50:41.296 [error] local node self-trust was not added: node signing public-key artifact is absent — continuing with configured trusted identities
05:50:41.302 [error] local node self-trust was not added: node signing public-key artifact is absent — continuing with configured trusted identities
05:50:41.304 [error] local node self-trust was not added: node signing public-key artifact is absent — continuing with configured trusted identities
05:50:41.307 [error] local node self-trust was not added: node signing public-key artifact is absent — continuing with configured trusted identities
05:50:41.309 [error] local node self-trust was not added: node signing public-key artifact is absent — continuing with configured trusted identities
05:50:41.312 [error] local node self-trust was not added: node signing public-key artifact is absent — continuing with configured trusted identities
05:50:41.315 [error] local node self-trust was not added: node signing public-key artifact is absent — continuing with configured trusted identities
05:50:41.320 [error] local node self-trust was not added: node signing public-key artifact is absent — continuing with configured trusted identities
05:50:41.324 [error] local node self-trust was not added: node signing public-key artifact is absent — continuing with configured trusted identities
05:50:41.329 [error] local node self-trust was not added: node signing public-key artifact is absent — continuing with configured trusted identities
05:50:41.331 [error] local node self-trust was not added: node signing public-key artifact is absent — continuing with configured trusted identities
05:50:41.337 [error] local node self-trust was not added: node signing public-key artifact is absent — continuing with configured trusted identities
05:50:41.342 [error] local node self-trust was not added: node signing public-key artifact is absent — continuing with configured trusted identities
05:50:41.346 [error] local node self-trust was not added: node signing public-key artifact is absent — continuing with configured trusted identities
.
Finished in 6.0 seconds (2.4s async, 3.5s sync)
121 tests, 0 failures
real 7.99
user 6.25
sys 1.40
