==> commonplace
make: Nothing to be done for 'all'.
==> commonplace_cli
Running ExUnit with seed: 739067, max_cases: 8

.................................05:51:47.514 [error] local node self-trust was not added: node signing public-key artifact is absent — continuing with configured trusted identities
.05:51:47.638 [error] local node self-trust was not added: node signing public-key artifact is absent — continuing with configured trusted identities
.05:51:47.751 [error] local node self-trust was not added: node signing public-key artifact is absent — continuing with configured trusted identities
.05:51:47.866 [error] local node self-trust was not added: node signing public-key artifact is absent — continuing with configured trusted identities
05:51:47.976 [error] local node self-trust was not added: node signing public-key artifact is absent — continuing with configured trusted identities
.05:51:48.038 [error] local node self-trust was not added: node signing public-key artifact is absent — continuing with configured trusted identities
05:51:48.043 [error] local node self-trust was not added: node signing public-key artifact is absent — continuing with configured trusted identities
05:51:48.048 [error] local node self-trust was not added: node signing public-key artifact is absent — continuing with configured trusted identities
05:51:48.067 [error] local node self-trust was not added: node signing public-key artifact is absent — continuing with configured trusted identities
.05:51:48.076 [error] local node self-trust was not added: node signing public-key artifact is absent — continuing with configured trusted identities
05:51:48.078 [error] local node self-trust was not added: node signing public-key artifact is absent — continuing with configured trusted identities
05:51:48.081 [error] local node self-trust was not added: node signing public-key artifact is absent — continuing with configured trusted identities
.05:51:48.089 [error] local node self-trust was not added: node signing public-key artifact is absent — continuing with configured trusted identities
05:51:48.091 [error] local node self-trust was not added: node signing public-key artifact is absent — continuing with configured trusted identities
05:51:48.095 [error] local node self-trust was not added: node signing public-key artifact is absent — continuing with configured trusted identities
05:51:48.098 [error] local node self-trust was not added: node signing public-key artifact is absent — continuing with configured trusted identities
.05:51:48.105 [error] local node self-trust was not added: node signing public-key artifact is absent — continuing with configured trusted identities
.05:51:48.115 [error] local node self-trust was not added: node signing public-key artifact is absent — continuing with configured trusted identities
05:51:48.118 [error] local node self-trust was not added: node signing public-key artifact is absent — continuing with configured trusted identities
05:51:48.120 [error] local node self-trust was not added: node signing public-key artifact is absent — continuing with configured trusted identities
05:51:48.123 [error] local node self-trust was not added: node signing public-key artifact is absent — continuing with configured trusted identities
05:51:48.125 [error] local node self-trust was not added: node signing public-key artifact is absent — continuing with configured trusted identities
...05:51:48.140 [error] local node self-trust was not added: node signing public-key artifact is absent — continuing with configured trusted identities
05:51:48.149 [error] local node self-trust was not added: node signing public-key artifact is absent — continuing with configured trusted identities
05:51:48.152 [error] local node self-trust was not added: node signing public-key artifact is absent — continuing with configured trusted identities
05:51:48.156 [error] local node self-trust was not added: node signing public-key artifact is absent — continuing with configured trusted identities
05:51:48.161 [error] local node self-trust was not added: node signing public-key artifact is absent — continuing with configured trusted identities
05:51:48.165 [error] local node self-trust was not added: node signing public-key artifact is absent — continuing with configured trusted identities
05:51:48.168 [error] local node self-trust was not added: node signing public-key artifact is absent — continuing with configured trusted identities
.05:51:48.181 [error] local node self-trust was not added: node signing public-key artifact is absent — continuing with configured trusted identities
.05:51:48.191 [error] local node self-trust was not added: node signing public-key artifact is absent — continuing with configured trusted identities
05:51:48.194 [error] local node self-trust was not added: node signing public-key artifact is absent — continuing with configured trusted identities
05:51:48.197 [error] local node self-trust was not added: node signing public-key artifact is absent — continuing with configured trusted identities
05:51:48.201 [error] local node self-trust was not added: node signing public-key artifact is absent — continuing with configured trusted identities
05:51:48.205 [error] local node self-trust was not added: node signing public-key artifact is absent — continuing with configured trusted identities
05:51:48.209 [error] local node self-trust was not added: node signing public-key artifact is absent — continuing with configured trusted identities
05:51:48.213 [error] local node self-trust was not added: node signing public-key artifact is absent — continuing with configured trusted identities
.05:51:48.224 [error] local node self-trust was not added: node signing public-key artifact is absent — continuing with configured trusted identities
05:51:48.232 [error] local node self-trust was not added: node signing public-key artifact is absent — continuing with configured trusted identities
05:51:48.237 [error] local node self-trust was not added: node signing public-key artifact is absent — continuing with configured trusted identities
05:51:48.244 [error] local node self-trust was not added: node signing public-key artifact is absent — continuing with configured trusted identities
05:51:48.249 [error] local node self-trust was not added: node signing public-key artifact is absent — continuing with configured trusted identities
..05:51:48.267 [error] local node self-trust was not added: node signing public-key artifact is absent — continuing with configured trusted identities
.05:51:48.283 [error] local node self-trust was not added: node signing public-key artifact is absent — continuing with configured trusted identities
.05:51:48.296 [error] local node self-trust was not added: node signing public-key artifact is absent — continuing with configured trusted identities
.05:51:48.313 [error] local node self-trust was not added: node signing public-key artifact is absent — continuing with configured trusted identities
05:51:48.314 [error] local node self-trust was not added: node signing public-key artifact is absent — continuing with configured trusted identities
05:51:48.334 [error] local node self-trust was not added: node signing public-key artifact is absent — continuing with configured trusted identities
.05:51:48.348 [error] local node self-trust was not added: node signing public-key artifact is absent — continuing with configured trusted identities
05:51:48.349 [error] local node self-trust was not added: node signing public-key artifact is absent — continuing with configured trusted identities
05:51:48.353 [error] local node self-trust was not added: node signing public-key artifact is absent — continuing with configured trusted identities
05:51:48.357 [error] local node self-trust was not added: node signing public-key artifact is absent — continuing with configured trusted identities
05:51:48.362 [error] local node self-trust was not added: node signing public-key artifact is absent — continuing with configured trusted identities
05:51:48.365 [error] local node self-trust was not added: node signing public-key artifact is absent — continuing with configured trusted identities
05:51:48.401 [error] local node self-trust was not added: node signing public-key artifact is absent — continuing with configured trusted identities
.05:51:48.427 [error] local node self-trust was not added: node signing public-key artifact is absent — continuing with configured trusted identities
05:51:48.498 [error] local node self-trust was not added: node signing public-key artifact is absent — continuing with configured trusted identities
.05:51:48.507 [error] local node self-trust was not added: node signing public-key artifact is absent — continuing with configured trusted identities
05:51:48.508 [error] local node self-trust was not added: node signing public-key artifact is absent — continuing with configured trusted identities
05:51:48.510 [error] local node self-trust was not added: node signing public-key artifact is absent — continuing with configured trusted identities
05:51:48.513 [error] local node self-trust was not added: node signing public-key artifact is absent — continuing with configured trusted identities
05:51:48.530 [error] local node self-trust was not added: node signing public-key artifact is absent — continuing with configured trusted identities
.05:51:48.540 [error] local node self-trust was not added: node signing public-key artifact is absent — continuing with configured trusted identities
05:51:48.541 [error] local node self-trust was not added: node signing public-key artifact is absent — continuing with configured trusted identities
05:51:48.553 [error] local node self-trust was not added: node signing public-key artifact is absent — continuing with configured trusted identities
.05:51:48.565 [error] local node self-trust was not added: node signing public-key artifact is absent — continuing with configured trusted identities
05:51:48.566 [error] local node self-trust was not added: node signing public-key artifact is absent — continuing with configured trusted identities
05:51:48.570 [error] local node self-trust was not added: node signing public-key artifact is absent — continuing with configured trusted identities
05:51:48.573 [error] local node self-trust was not added: node signing public-key artifact is absent — continuing with configured trusted identities
05:51:48.577 [error] local node self-trust was not added: node signing public-key artifact is absent — continuing with configured trusted identities
05:51:48.580 [error] local node self-trust was not added: node signing public-key artifact is absent — continuing with configured trusted identities
05:51:48.583 [error] local node self-trust was not added: node signing public-key artifact is absent — continuing with configured trusted identities
05:51:48.587 [error] local node self-trust was not added: node signing public-key artifact is absent — continuing with configured trusted identities
05:51:48.590 [error] local node self-trust was not added: node signing public-key artifact is absent — continuing with configured trusted identities
05:51:48.614 [error] local node self-trust was not added: node signing public-key artifact is absent — continuing with configured trusted identities
.05:51:48.632 [error] local node self-trust was not added: node signing public-key artifact is absent — continuing with configured trusted identities
05:51:48.632 [error] local node self-trust was not added: node signing public-key artifact is absent — continuing with configured trusted identities
05:51:48.638 [error] local node self-trust was not added: node signing public-key artifact is absent — continuing with configured trusted identities
05:51:48.640 [error] local node self-trust was not added: node signing public-key artifact is absent — continuing with configured trusted identities
05:51:48.642 [error] local node self-trust was not added: node signing public-key artifact is absent — continuing with configured trusted identities
05:51:48.659 [error] local node self-trust was not added: node signing public-key artifact is absent — continuing with configured trusted identities
.05:51:48.663 [error] local node self-trust was not added: node signing public-key artifact is absent — continuing with configured trusted identities
.05:51:48.703 [error] local node self-trust was not added: node signing public-key artifact is absent — continuing with configured trusted identities
.05:51:48.717 [error] local node self-trust was not added: node signing public-key artifact is absent — continuing with configured trusted identities
05:51:48.750 [error] local node self-trust was not added: node signing public-key artifact is absent — continuing with configured trusted identities
05:51:48.755 [error] local node self-trust was not added: node signing public-key artifact is absent — continuing with configured trusted identities
05:51:48.760 [error] local node self-trust was not added: node signing public-key artifact is absent — continuing with configured trusted identities
05:51:48.765 [error] local node self-trust was not added: node signing public-key artifact is absent — continuing with configured trusted identities
05:51:48.770 [error] local node self-trust was not added: node signing public-key artifact is absent — continuing with configured trusted identities
05:51:48.774 [error] local node self-trust was not added: node signing public-key artifact is absent — continuing with configured trusted identities
05:51:48.777 [error] local node self-trust was not added: node signing public-key artifact is absent — continuing with configured trusted identities
05:51:48.782 [error] local node self-trust was not added: node signing public-key artifact is absent — continuing with configured trusted identities
05:51:48.786 [error] local node self-trust was not added: node signing public-key artifact is absent — continuing with configured trusted identities
05:51:48.793 [error] local node self-trust was not added: node signing public-key artifact is absent — continuing with configured trusted identities
05:51:48.806 [error] local node self-trust was not added: node signing public-key artifact is absent — continuing with configured trusted identities
05:51:48.810 [error] local node self-trust was not added: node signing public-key artifact is absent — continuing with configured trusted identities
05:51:48.816 [error] local node self-trust was not added: node signing public-key artifact is absent — continuing with configured trusted identities
05:51:48.820 [error] local node self-trust was not added: node signing public-key artifact is absent — continuing with configured trusted identities
05:51:48.826 [error] local node self-trust was not added: node signing public-key artifact is absent — continuing with configured trusted identities
05:51:48.835 [error] local node self-trust was not added: node signing public-key artifact is absent — continuing with configured trusted identities
05:51:48.839 [error] local node self-trust was not added: node signing public-key artifact is absent — continuing with configured trusted identities
05:51:48.843 [error] local node self-trust was not added: node signing public-key artifact is absent — continuing with configured trusted identities
05:51:48.847 [error] local node self-trust was not added: node signing public-key artifact is absent — continuing with configured trusted identities
05:51:48.852 [error] local node self-trust was not added: node signing public-key artifact is absent — continuing with configured trusted identities
.05:51:48.874 [error] local node self-trust was not added: node signing public-key artifact is absent — continuing with configured trusted identities
.05:51:48.886 [error] local node self-trust was not added: node signing public-key artifact is absent — continuing with configured trusted identities
05:51:48.888 [error] local node self-trust was not added: node signing public-key artifact is absent — continuing with configured trusted identities
05:51:48.892 [error] local node self-trust was not added: node signing public-key artifact is absent — continuing with configured trusted identities
05:51:48.897 [error] local node self-trust was not added: node signing public-key artifact is absent — continuing with configured trusted identities
05:51:48.901 [error] local node self-trust was not added: node signing public-key artifact is absent — continuing with configured trusted identities
05:51:48.905 [error] local node self-trust was not added: node signing public-key artifact is absent — continuing with configured trusted identities
05:51:48.908 [error] local node self-trust was not added: node signing public-key artifact is absent — continuing with configured trusted identities
05:51:48.911 [error] local node self-trust was not added: node signing public-key artifact is absent — continuing with configured trusted identities
05:51:48.915 [error] local node self-trust was not added: node signing public-key artifact is absent — continuing with configured trusted identities
05:51:48.918 [error] local node self-trust was not added: node signing public-key artifact is absent — continuing with configured trusted identities
05:51:48.924 [error] local node self-trust was not added: node signing public-key artifact is absent — continuing with configured trusted identities
05:51:48.930 [error] local node self-trust was not added: node signing public-key artifact is absent — continuing with configured trusted identities
05:51:48.937 [error] local node self-trust was not added: node signing public-key artifact is absent — continuing with configured trusted identities
05:51:48.941 [error] local node self-trust was not added: node signing public-key artifact is absent — continuing with configured trusted identities
05:51:48.944 [error] local node self-trust was not added: node signing public-key artifact is absent — continuing with configured trusted identities
05:51:48.949 [error] local node self-trust was not added: node signing public-key artifact is absent — continuing with configured trusted identities
.05:51:48.965 [error] local node self-trust was not added: node signing public-key artifact is absent — continuing with configured trusted identities
05:51:48.967 [error] local node self-trust was not added: node signing public-key artifact is absent — continuing with configured trusted identities
05:51:48.969 [error] local node self-trust was not added: node signing public-key artifact is absent — continuing with configured trusted identities
05:51:48.972 [error] local node self-trust was not added: node signing public-key artifact is absent — continuing with configured trusted identities
05:51:48.974 [error] local node self-trust was not added: node signing public-key artifact is absent — continuing with configured trusted identities
05:51:48.976 [error] local node self-trust was not added: node signing public-key artifact is absent — continuing with configured trusted identities
05:51:48.979 [error] local node self-trust was not added: node signing public-key artifact is absent — continuing with configured trusted identities
05:51:48.982 [error] local node self-trust was not added: node signing public-key artifact is absent — continuing with configured trusted identities
05:51:48.985 [error] local node self-trust was not added: node signing public-key artifact is absent — continuing with configured trusted identities
05:51:48.988 [error] local node self-trust was not added: node signing public-key artifact is absent — continuing with configured trusted identities
05:51:48.993 [error] local node self-trust was not added: node signing public-key artifact is absent — continuing with configured trusted identities
05:51:48.999 [error] local node self-trust was not added: node signing public-key artifact is absent — continuing with configured trusted identities
05:51:49.002 [error] local node self-trust was not added: node signing public-key artifact is absent — continuing with configured trusted identities
05:51:49.005 [error] local node self-trust was not added: node signing public-key artifact is absent — continuing with configured trusted identities
05:51:49.007 [error] local node self-trust was not added: node signing public-key artifact is absent — continuing with configured trusted identities
05:51:49.010 [error] local node self-trust was not added: node signing public-key artifact is absent — continuing with configured trusted identities
05:51:49.032 [error] local node self-trust was not added: node signing public-key artifact is absent — continuing with configured trusted identities
.05:51:49.039 [error] local node self-trust was not added: node signing public-key artifact is absent — continuing with configured trusted identities
05:51:49.041 [error] local node self-trust was not added: node signing public-key artifact is absent — continuing with configured trusted identities
05:51:49.042 [error] local node self-trust was not added: node signing public-key artifact is absent — continuing with configured trusted identities
05:51:49.044 [error] local node self-trust was not added: node signing public-key artifact is absent — continuing with configured trusted identities
05:51:49.046 [error] local node self-trust was not added: node signing public-key artifact is absent — continuing with configured trusted identities
05:51:49.047 [error] local node self-trust was not added: node signing public-key artifact is absent — continuing with configured trusted identities
05:51:49.049 [error] local node self-trust was not added: node signing public-key artifact is absent — continuing with configured trusted identities
05:51:49.050 [error] local node self-trust was not added: node signing public-key artifact is absent — continuing with configured trusted identities
05:51:49.052 [error] local node self-trust was not added: node signing public-key artifact is absent — continuing with configured trusted identities
05:51:49.054 [error] local node self-trust was not added: node signing public-key artifact is absent — continuing with configured trusted identities
05:51:49.057 [error] local node self-trust was not added: node signing public-key artifact is absent — continuing with configured trusted identities
05:51:49.061 [error] local node self-trust was not added: node signing public-key artifact is absent — continuing with configured trusted identities
05:51:49.064 [error] local node self-trust was not added: node signing public-key artifact is absent — continuing with configured trusted identities
05:51:49.067 [error] local node self-trust was not added: node signing public-key artifact is absent — continuing with configured trusted identities
05:51:49.070 [error] local node self-trust was not added: node signing public-key artifact is absent — continuing with configured trusted identities
05:51:49.073 [error] local node self-trust was not added: node signing public-key artifact is absent — continuing with configured trusted identities
05:51:49.081 [error] local node self-trust was not added: node signing public-key artifact is absent — continuing with configured trusted identities
05:51:49.086 [error] local node self-trust was not added: node signing public-key artifact is absent — continuing with configured trusted identities
05:51:49.091 [error] local node self-trust was not added: node signing public-key artifact is absent — continuing with configured trusted identities
05:51:49.094 [error] local node self-trust was not added: node signing public-key artifact is absent — continuing with configured trusted identities
05:51:49.099 [error] local node self-trust was not added: node signing public-key artifact is absent — continuing with configured trusted identities
05:51:49.104 [error] local node self-trust was not added: node signing public-key artifact is absent — continuing with configured trusted identities
.05:51:49.114 [error] local node self-trust was not added: node signing public-key artifact is absent — continuing with configured trusted identities
.05:51:49.126 [error] local node self-trust was not added: node signing public-key artifact is absent — continuing with configured trusted identities
05:51:49.128 [error] local node self-trust was not added: node signing public-key artifact is absent — continuing with configured trusted identities
05:51:49.130 [error] local node self-trust was not added: node signing public-key artifact is absent — continuing with configured trusted identities
05:51:49.131 [error] local node self-trust was not added: node signing public-key artifact is absent — continuing with configured trusted identities
05:51:49.134 [error] local node self-trust was not added: node signing public-key artifact is absent — continuing with configured trusted identities
05:51:49.136 [error] local node self-trust was not added: node signing public-key artifact is absent — continuing with configured trusted identities
05:51:49.138 [error] local node self-trust was not added: node signing public-key artifact is absent — continuing with configured trusted identities
05:51:49.140 [error] local node self-trust was not added: node signing public-key artifact is absent — continuing with configured trusted identities
05:51:49.142 [error] local node self-trust was not added: node signing public-key artifact is absent — continuing with configured trusted identities
05:51:49.143 [error] local node self-trust was not added: node signing public-key artifact is absent — continuing with configured trusted identities
05:51:49.146 [error] local node self-trust was not added: node signing public-key artifact is absent — continuing with configured trusted identities
.05:51:49.153 [error] local node self-trust was not added: node signing public-key artifact is absent — continuing with configured trusted identities
.05:51:49.164 [error] local node self-trust was not added: node signing public-key artifact is absent — continuing with configured trusted identities
05:51:49.221 [error] local node self-trust was not added: node signing public-key artifact is absent — continuing with configured trusted identities
.05:51:49.232 [error] local node self-trust was not added: node signing public-key artifact is absent — continuing with configured trusted identities
05:51:49.253 [warning] CommitStore: root attach DENIED by workspace profile doc_uuid=340c3444-dc41-4519-bad9-a29596edf2be reason="workspace class 'minimal' does not accept root entry 'bd' — declared in profile"
05:51:49.276 [error] local node self-trust was not added: node signing public-key artifact is absent — continuing with configured trusted identities
......05:51:49.288 [error] local node self-trust was not added: node signing public-key artifact is absent — continuing with configured trusted identities
.05:51:49.297 [error] local node self-trust was not added: node signing public-key artifact is absent — continuing with configured trusted identities
.05:51:49.304 [error] local node self-trust was not added: node signing public-key artifact is absent — continuing with configured trusted identities
.05:51:49.310 [error] local node self-trust was not added: node signing public-key artifact is absent — continuing with configured trusted identities
.05:51:49.316 [error] local node self-trust was not added: node signing public-key artifact is absent — continuing with configured trusted identities
..05:51:49.325 [error] local node self-trust was not added: node signing public-key artifact is absent — continuing with configured trusted identities
05:51:49.332 [error] local node self-trust was not added: node signing public-key artifact is absent — continuing with configured trusted identities
.05:51:49.340 [error] local node self-trust was not added: node signing public-key artifact is absent — continuing with configured trusted identities
05:51:49.341 [error] local node self-trust was not added: node signing public-key artifact is absent — continuing with configured trusted identities
.05:51:49.348 [error] local node self-trust was not added: node signing public-key artifact is absent — continuing with configured trusted identities
05:51:49.350 [error] local node self-trust was not added: node signing public-key artifact is absent — continuing with configured trusted identities
.05:51:49.360 [error] local node self-trust was not added: node signing public-key artifact is absent — continuing with configured trusted identities
05:51:49.361 [error] local node self-trust was not added: node signing public-key artifact is absent — continuing with configured trusted identities
05:51:49.362 [error] local node self-trust was not added: node signing public-key artifact is absent — continuing with configured trusted identities
05:51:49.364 [error] local node self-trust was not added: node signing public-key artifact is absent — continuing with configured trusted identities
05:51:49.367 [error] local node self-trust was not added: node signing public-key artifact is absent — continuing with configured trusted identities
05:51:49.368 [error] local node self-trust was not added: node signing public-key artifact is absent — continuing with configured trusted identities
05:51:49.370 [error] local node self-trust was not added: node signing public-key artifact is absent — continuing with configured trusted identities
05:51:49.372 [error] local node self-trust was not added: node signing public-key artifact is absent — continuing with configured trusted identities
05:51:49.391 [error] local node self-trust was not added: node signing public-key artifact is absent — continuing with configured trusted identities
.05:51:49.407 [error] local node self-trust was not added: node signing public-key artifact is absent — continuing with configured trusted identities
05:51:49.408 [error] local node self-trust was not added: node signing public-key artifact is absent — continuing with configured trusted identities
05:51:49.411 [error] local node self-trust was not added: node signing public-key artifact is absent — continuing with configured trusted identities
05:51:49.412 [error] local node self-trust was not added: node signing public-key artifact is absent — continuing with configured trusted identities
05:51:49.413 [error] local node self-trust was not added: node signing public-key artifact is absent — continuing with configured trusted identities
05:51:49.415 [error] local node self-trust was not added: node signing public-key artifact is absent — continuing with configured trusted identities
05:51:49.417 [error] local node self-trust was not added: node signing public-key artifact is absent — continuing with configured trusted identities
05:51:49.419 [error] local node self-trust was not added: node signing public-key artifact is absent — continuing with configured trusted identities
05:51:49.427 [warning] flock failed on /tmp/cp_checkout_sync_434688/feature.txt: :enoent, proceeding without lock
05:51:49.453 [error] local node self-trust was not added: node signing public-key artifact is absent — continuing with configured trusted identities
.05:51:49.471 [error] local node self-trust was not added: node signing public-key artifact is absent — continuing with configured trusted identities
05:51:49.471 [error] local node self-trust was not added: node signing public-key artifact is absent — continuing with configured trusted identities
05:51:49.474 [error] local node self-trust was not added: node signing public-key artifact is absent — continuing with configured trusted identities
05:51:49.477 [error] local node self-trust was not added: node signing public-key artifact is absent — continuing with configured trusted identities
05:51:49.480 [error] local node self-trust was not added: node signing public-key artifact is absent — continuing with configured trusted identities
05:51:49.483 [error] local node self-trust was not added: node signing public-key artifact is absent — continuing with configured trusted identities
05:51:49.487 [error] local node self-trust was not added: node signing public-key artifact is absent — continuing with configured trusted identities
05:51:49.490 [error] local node self-trust was not added: node signing public-key artifact is absent — continuing with configured trusted identities
Re-rooted: uuid-root → uuid-main
Exporting from new root...
Done.
05:51:49.514 [error] local node self-trust was not added: node signing public-key artifact is absent — continuing with configured trusted identities
.05:51:49.524 [error] local node self-trust was not added: node signing public-key artifact is absent — continuing with configured trusted identities
05:51:49.525 [error] local node self-trust was not added: node signing public-key artifact is absent — continuing with configured trusted identities
05:51:49.529 [error] local node self-trust was not added: node signing public-key artifact is absent — continuing with configured trusted identities
05:51:49.530 [error] local node self-trust was not added: node signing public-key artifact is absent — continuing with configured trusted identities
05:51:49.532 [error] local node self-trust was not added: node signing public-key artifact is absent — continuing with configured trusted identities
05:51:49.534 [error] local node self-trust was not added: node signing public-key artifact is absent — continuing with configured trusted identities
05:51:49.537 [error] local node self-trust was not added: node signing public-key artifact is absent — continuing with configured trusted identities
05:51:49.538 [error] local node self-trust was not added: node signing public-key artifact is absent — continuing with configured trusted identities
05:51:49.542 [warning] flock failed on /tmp/cp_checkout_sync_282661/repos/myrepo/feature/feature.txt: :enoent, proceeding without lock
05:51:49.545 [warning] flock failed on /tmp/cp_checkout_sync_282661/repos/myrepo/main/readme.txt: :enoent, proceeding without lock
05:51:49.548 [warning] flock failed on /tmp/cp_checkout_sync_282661/readme.txt: :enoent, proceeding without lock
05:51:49.566 [error] local node self-trust was not added: node signing public-key artifact is absent — continuing with configured trusted identities
.05:51:49.577 [error] local node self-trust was not added: node signing public-key artifact is absent — continuing with configured trusted identities
05:51:49.578 [error] local node self-trust was not added: node signing public-key artifact is absent — continuing with configured trusted identities
05:51:49.580 [error] local node self-trust was not added: node signing public-key artifact is absent — continuing with configured trusted identities
05:51:49.583 [error] local node self-trust was not added: node signing public-key artifact is absent — continuing with configured trusted identities
05:51:49.587 [error] local node self-trust was not added: node signing public-key artifact is absent — continuing with configured trusted identities
05:51:49.589 [error] local node self-trust was not added: node signing public-key artifact is absent — continuing with configured trusted identities
05:51:49.592 [error] local node self-trust was not added: node signing public-key artifact is absent — continuing with configured trusted identities
05:51:49.595 [error] local node self-trust was not added: node signing public-key artifact is absent — continuing with configured trusted identities
Current root: uuid-root
05:51:49.611 [error] local node self-trust was not added: node signing public-key artifact is absent — continuing with configured trusted identities
.05:51:49.621 [error] local node self-trust was not added: node signing public-key artifact is absent — continuing with configured trusted identities
05:51:49.621 [error] local node self-trust was not added: node signing public-key artifact is absent — continuing with configured trusted identities
05:51:49.625 [error] local node self-trust was not added: node signing public-key artifact is absent — continuing with configured trusted identities
05:51:49.627 [error] local node self-trust was not added: node signing public-key artifact is absent — continuing with configured trusted identities
05:51:49.629 [warning] flock failed on /tmp/cp_rt_out_86018/special.txt: :enoent, proceeding without lock
05:51:49.641 [error] local node self-trust was not added: node signing public-key artifact is absent — continuing with configured trusted identities
.05:51:49.652 [error] local node self-trust was not added: node signing public-key artifact is absent — continuing with configured trusted identities
05:51:49.652 [error] local node self-trust was not added: node signing public-key artifact is absent — continuing with configured trusted identities
05:51:49.656 [error] local node self-trust was not added: node signing public-key artifact is absent — continuing with configured trusted identities
05:51:49.658 [error] local node self-trust was not added: node signing public-key artifact is absent — continuing with configured trusted identities
05:51:49.660 [error] local node self-trust was not added: node signing public-key artifact is absent — continuing with configured trusted identities
05:51:49.662 [error] local node self-trust was not added: node signing public-key artifact is absent — continuing with configured trusted identities
05:51:49.664 [error] local node self-trust was not added: node signing public-key artifact is absent — continuing with configured trusted identities
05:51:49.666 [error] local node self-trust was not added: node signing public-key artifact is absent — continuing with configured trusted identities
05:51:49.668 [error] local node self-trust was not added: node signing public-key artifact is absent — continuing with configured trusted identities
05:51:49.674 [error] local node self-trust was not added: node signing public-key artifact is absent — continuing with configured trusted identities
05:51:49.682 [warning] flock failed on /tmp/cp_rt_out_204003/docs/examples/hello.txt: :enoent, proceeding without lock
05:51:49.683 [warning] flock failed on /tmp/cp_rt_out_204003/docs/guide.txt: :enoent, proceeding without lock
05:51:49.685 [warning] flock failed on /tmp/cp_rt_out_204003/empty.txt: :enoent, proceeding without lock
05:51:49.687 [warning] flock failed on /tmp/cp_rt_out_204003/readme.txt: :enoent, proceeding without lock
05:51:49.705 [error] local node self-trust was not added: node signing public-key artifact is absent — continuing with configured trusted identities
.......commonplace: :cx_a3fe_absent@commonplace (from /tmp/cx_x8jk_reach_failures_322970173/node_name) serves a DIFFERENT workspace — its data dir is "/other/data", not "/tmp/cx_x8jk_reach_failures_322970173". Ignoring it; that node_name file probably points at an orphan serve.
...........05:51:50.266 [error] local node self-trust was not added: node signing public-key artifact is absent — continuing with configured trusted identities
05:51:50.271 [error] local node self-trust was not added: node signing public-key artifact is absent — continuing with configured trusted identities
05:51:50.277 [error] local node self-trust was not added: node signing public-key artifact is absent — continuing with configured trusted identities
05:51:50.288 [error] local node self-trust was not added: node signing public-key artifact is absent — continuing with configured trusted identities
.05:51:50.293 [error] local node self-trust was not added: node signing public-key artifact is absent — continuing with configured trusted identities
05:51:50.296 [error] local node self-trust was not added: node signing public-key artifact is absent — continuing with configured trusted identities
05:51:50.299 [error] local node self-trust was not added: node signing public-key artifact is absent — continuing with configured trusted identities
05:51:50.306 [error] local node self-trust was not added: node signing public-key artifact is absent — continuing with configured trusted identities
.05:51:50.311 [error] local node self-trust was not added: node signing public-key artifact is absent — continuing with configured trusted identities
05:51:50.315 [error] local node self-trust was not added: node signing public-key artifact is absent — continuing with configured trusted identities
05:51:50.321 [error] local node self-trust was not added: node signing public-key artifact is absent — continuing with configured trusted identities
......05:51:50.592 [error] local node self-trust was not added: node signing public-key artifact is absent — continuing with configured trusted identities
05:51:50.593 [error] local node self-trust was not added: node signing public-key artifact is absent — continuing with configured trusted identities
05:51:50.605 [error] local node self-trust was not added: node signing public-key artifact is absent — continuing with configured trusted identities
05:51:50.609 [error] local node self-trust was not added: node signing public-key artifact is absent — continuing with configured trusted identities
05:51:50.640 [error] local node self-trust was not added: node signing public-key artifact is absent — continuing with configured trusted identities
.05:51:50.650 [error] local node self-trust was not added: node signing public-key artifact is absent — continuing with configured trusted identities
05:51:50.651 [error] local node self-trust was not added: node signing public-key artifact is absent — continuing with configured trusted identities
05:51:50.655 [error] local node self-trust was not added: node signing public-key artifact is absent — continuing with configured trusted identities
05:51:50.657 [error] local node self-trust was not added: node signing public-key artifact is absent — continuing with configured trusted identities
05:51:50.660 [error] local node self-trust was not added: node signing public-key artifact is absent — continuing with configured trusted identities
05:51:50.663 [error] local node self-trust was not added: node signing public-key artifact is absent — continuing with configured trusted identities
05:51:50.666 [error] local node self-trust was not added: node signing public-key artifact is absent — continuing with configured trusted identities
05:51:50.670 [error] local node self-trust was not added: node signing public-key artifact is absent — continuing with configured trusted identities
05:51:50.680 [error] local node self-trust was not added: node signing public-key artifact is absent — continuing with configured trusted identities
05:51:50.684 [error] local node self-trust was not added: node signing public-key artifact is absent — continuing with configured trusted identities
05:51:50.688 [error] local node self-trust was not added: node signing public-key artifact is absent — continuing with configured trusted identities
05:51:50.722 [error] local node self-trust was not added: node signing public-key artifact is absent — continuing with configured trusted identities
.05:51:50.736 [error] local node self-trust was not added: node signing public-key artifact is absent — continuing with configured trusted identities
05:51:50.739 [error] local node self-trust was not added: node signing public-key artifact is absent — continuing with configured trusted identities
05:51:50.745 [error] local node self-trust was not added: node signing public-key artifact is absent — continuing with configured trusted identities
05:51:50.748 [error] local node self-trust was not added: node signing public-key artifact is absent — continuing with configured trusted identities
05:51:50.751 [error] local node self-trust was not added: node signing public-key artifact is absent — continuing with configured trusted identities
05:51:50.758 [error] local node self-trust was not added: node signing public-key artifact is absent — continuing with configured trusted identities
05:51:50.764 [error] local node self-trust was not added: node signing public-key artifact is absent — continuing with configured trusted identities
05:51:50.767 [error] local node self-trust was not added: node signing public-key artifact is absent — continuing with configured trusted identities
05:51:50.774 [error] local node self-trust was not added: node signing public-key artifact is absent — continuing with configured trusted identities
05:51:50.779 [error] local node self-trust was not added: node signing public-key artifact is absent — continuing with configured trusted identities
05:51:50.785 [error] local node self-trust was not added: node signing public-key artifact is absent — continuing with configured trusted identities
05:51:50.795 [error] local node self-trust was not added: node signing public-key artifact is absent — continuing with configured trusted identities
05:51:50.800 [warning] flock failed on /tmp/cp_sync_export_415261/new.txt: :enoent, proceeding without lock
05:51:50.803 [warning] flock failed on /tmp/cp_sync_export_415261/notes/todo.txt: :enoent, proceeding without lock
05:51:50.832 [error] local node self-trust was not added: node signing public-key artifact is absent — continuing with configured trusted identities
.05:51:50.842 [error] local node self-trust was not added: node signing public-key artifact is absent — continuing with configured trusted identities
05:51:50.842 [error] local node self-trust was not added: node signing public-key artifact is absent — continuing with configured trusted identities
05:51:50.845 [error] local node self-trust was not added: node signing public-key artifact is absent — continuing with configured trusted identities
05:51:50.847 [error] local node self-trust was not added: node signing public-key artifact is absent — continuing with configured trusted identities
05:51:50.865 [error] local node self-trust was not added: node signing public-key artifact is absent — continuing with configured trusted identities
.
Finished in 6.0 seconds (2.6s async, 3.4s sync)
121 tests, 0 failures
real 7.95
user 6.31
sys 1.31
