==> commonplace
make: Nothing to be done for 'all'.
==> commonplace_cli
Running ExUnit with seed: 631348, max_cases: 8

.....................................05:52:55.917 [error] local node self-trust was not added: node signing public-key artifact is absent — continuing with configured trusted identities
05:52:55.955 [error] local node self-trust was not added: node signing public-key artifact is absent — continuing with configured trusted identities
05:52:55.997 [error] local node self-trust was not added: node signing public-key artifact is absent — continuing with configured trusted identities
.05:52:56.009 [error] local node self-trust was not added: node signing public-key artifact is absent — continuing with configured trusted identities
05:52:56.010 [error] local node self-trust was not added: node signing public-key artifact is absent — continuing with configured trusted identities
05:52:56.042 [error] local node self-trust was not added: node signing public-key artifact is absent — continuing with configured trusted identities
.05:52:56.053 [error] local node self-trust was not added: node signing public-key artifact is absent — continuing with configured trusted identities
05:52:56.053 [error] local node self-trust was not added: node signing public-key artifact is absent — continuing with configured trusted identities
05:52:56.059 [error] local node self-trust was not added: node signing public-key artifact is absent — continuing with configured trusted identities
05:52:56.063 [error] local node self-trust was not added: node signing public-key artifact is absent — continuing with configured trusted identities
05:52:56.065 [error] local node self-trust was not added: node signing public-key artifact is absent — continuing with configured trusted identities
05:52:56.067 [error] local node self-trust was not added: node signing public-key artifact is absent — continuing with configured trusted identities
05:52:56.090 [error] local node self-trust was not added: node signing public-key artifact is absent — continuing with configured trusted identities
.05:52:56.107 [error] local node self-trust was not added: node signing public-key artifact is absent — continuing with configured trusted identities
05:52:56.153 [error] local node self-trust was not added: node signing public-key artifact is absent — continuing with configured trusted identities
.05:52:56.165 [error] local node self-trust was not added: node signing public-key artifact is absent — continuing with configured trusted identities
05:52:56.166 [error] local node self-trust was not added: node signing public-key artifact is absent — continuing with configured trusted identities
05:52:56.168 [error] local node self-trust was not added: node signing public-key artifact is absent — continuing with configured trusted identities
05:52:56.169 [error] local node self-trust was not added: node signing public-key artifact is absent — continuing with configured trusted identities
05:52:56.172 [error] local node self-trust was not added: node signing public-key artifact is absent — continuing with configured trusted identities
05:52:56.191 [error] local node self-trust was not added: node signing public-key artifact is absent — continuing with configured trusted identities
.05:52:56.199 [error] local node self-trust was not added: node signing public-key artifact is absent — continuing with configured trusted identities
05:52:56.200 [error] local node self-trust was not added: node signing public-key artifact is absent — continuing with configured trusted identities
05:52:56.202 [error] local node self-trust was not added: node signing public-key artifact is absent — continuing with configured trusted identities
05:52:56.204 [error] local node self-trust was not added: node signing public-key artifact is absent — continuing with configured trusted identities
05:52:56.235 [error] local node self-trust was not added: node signing public-key artifact is absent — continuing with configured trusted identities
.05:52:56.244 [error] local node self-trust was not added: node signing public-key artifact is absent — continuing with configured trusted identities
05:52:56.245 [error] local node self-trust was not added: node signing public-key artifact is absent — continuing with configured trusted identities
05:52:56.249 [error] local node self-trust was not added: node signing public-key artifact is absent — continuing with configured trusted identities
05:52:56.253 [error] local node self-trust was not added: node signing public-key artifact is absent — continuing with configured trusted identities
05:52:56.255 [error] local node self-trust was not added: node signing public-key artifact is absent — continuing with configured trusted identities
05:52:56.256 [error] local node self-trust was not added: node signing public-key artifact is absent — continuing with configured trusted identities
05:52:56.258 [error] local node self-trust was not added: node signing public-key artifact is absent — continuing with configured trusted identities
05:52:56.260 [error] local node self-trust was not added: node signing public-key artifact is absent — continuing with configured trusted identities
05:52:56.262 [error] local node self-trust was not added: node signing public-key artifact is absent — continuing with configured trusted identities
05:52:56.286 [error] local node self-trust was not added: node signing public-key artifact is absent — continuing with configured trusted identities
.05:52:56.293 [error] local node self-trust was not added: node signing public-key artifact is absent — continuing with configured trusted identities
05:52:56.295 [error] local node self-trust was not added: node signing public-key artifact is absent — continuing with configured trusted identities
05:52:56.297 [error] local node self-trust was not added: node signing public-key artifact is absent — continuing with configured trusted identities
05:52:56.312 [error] local node self-trust was not added: node signing public-key artifact is absent — continuing with configured trusted identities
.05:52:56.321 [error] local node self-trust was not added: node signing public-key artifact is absent — continuing with configured trusted identities
05:52:56.324 [error] local node self-trust was not added: node signing public-key artifact is absent — continuing with configured trusted identities
05:52:56.327 [error] local node self-trust was not added: node signing public-key artifact is absent — continuing with configured trusted identities
05:52:56.330 [error] local node self-trust was not added: node signing public-key artifact is absent — continuing with configured trusted identities
.05:52:56.339 [error] local node self-trust was not added: node signing public-key artifact is absent — continuing with configured trusted identities
05:52:56.341 [error] local node self-trust was not added: node signing public-key artifact is absent — continuing with configured trusted identities
05:52:56.343 [error] local node self-trust was not added: node signing public-key artifact is absent — continuing with configured trusted identities
05:52:56.346 [error] local node self-trust was not added: node signing public-key artifact is absent — continuing with configured trusted identities
05:52:56.347 [error] local node self-trust was not added: node signing public-key artifact is absent — continuing with configured trusted identities
.05:52:56.358 [error] local node self-trust was not added: node signing public-key artifact is absent — continuing with configured trusted identities
05:52:56.360 [error] local node self-trust was not added: node signing public-key artifact is absent — continuing with configured trusted identities
05:52:56.362 [error] local node self-trust was not added: node signing public-key artifact is absent — continuing with configured trusted identities
.05:52:56.371 [error] local node self-trust was not added: node signing public-key artifact is absent — continuing with configured trusted identities
.05:52:56.443 [error] local node self-trust was not added: node signing public-key artifact is absent — continuing with configured trusted identities
.05:52:56.557 [error] local node self-trust was not added: node signing public-key artifact is absent — continuing with configured trusted identities
.05:52:56.667 [error] local node self-trust was not added: node signing public-key artifact is absent — continuing with configured trusted identities
.05:52:56.780 [error] local node self-trust was not added: node signing public-key artifact is absent — continuing with configured trusted identities
05:52:56.889 [error] local node self-trust was not added: node signing public-key artifact is absent — continuing with configured trusted identities
.05:52:56.952 [error] local node self-trust was not added: node signing public-key artifact is absent — continuing with configured trusted identities
05:52:56.960 [error] local node self-trust was not added: node signing public-key artifact is absent — continuing with configured trusted identities
05:52:56.962 [error] local node self-trust was not added: node signing public-key artifact is absent — continuing with configured trusted identities
05:52:56.966 [error] local node self-trust was not added: node signing public-key artifact is absent — continuing with configured trusted identities
05:52:56.970 [error] local node self-trust was not added: node signing public-key artifact is absent — continuing with configured trusted identities
05:52:56.974 [error] local node self-trust was not added: node signing public-key artifact is absent — continuing with configured trusted identities
05:52:56.977 [error] local node self-trust was not added: node signing public-key artifact is absent — continuing with configured trusted identities
.05:52:56.993 [error] local node self-trust was not added: node signing public-key artifact is absent — continuing with configured trusted identities
05:52:56.997 [error] local node self-trust was not added: node signing public-key artifact is absent — continuing with configured trusted identities
05:52:57.001 [error] local node self-trust was not added: node signing public-key artifact is absent — continuing with configured trusted identities
05:52:57.005 [error] local node self-trust was not added: node signing public-key artifact is absent — continuing with configured trusted identities
05:52:57.010 [error] local node self-trust was not added: node signing public-key artifact is absent — continuing with configured trusted identities
05:52:57.014 [error] local node self-trust was not added: node signing public-key artifact is absent — continuing with configured trusted identities
05:52:57.017 [error] local node self-trust was not added: node signing public-key artifact is absent — continuing with configured trusted identities
.05:52:57.030 [error] local node self-trust was not added: node signing public-key artifact is absent — continuing with configured trusted identities
.05:52:57.041 [error] local node self-trust was not added: node signing public-key artifact is absent — continuing with configured trusted identities
05:52:57.049 [error] local node self-trust was not added: node signing public-key artifact is absent — continuing with configured trusted identities
05:52:57.052 [error] local node self-trust was not added: node signing public-key artifact is absent — continuing with configured trusted identities
05:52:57.061 [error] local node self-trust was not added: node signing public-key artifact is absent — continuing with configured trusted identities
05:52:57.065 [error] local node self-trust was not added: node signing public-key artifact is absent — continuing with configured trusted identities
..05:52:57.077 [error] local node self-trust was not added: node signing public-key artifact is absent — continuing with configured trusted identities
.05:52:57.085 [error] local node self-trust was not added: node signing public-key artifact is absent — continuing with configured trusted identities
.05:52:57.093 [error] local node self-trust was not added: node signing public-key artifact is absent — continuing with configured trusted identities
..05:52:57.108 [error] local node self-trust was not added: node signing public-key artifact is absent — continuing with configured trusted identities
.05:52:57.116 [error] local node self-trust was not added: node signing public-key artifact is absent — continuing with configured trusted identities
.05:52:57.126 [error] local node self-trust was not added: node signing public-key artifact is absent — continuing with configured trusted identities
..05:52:57.140 [error] local node self-trust was not added: node signing public-key artifact is absent — continuing with configured trusted identities
.05:52:57.151 [error] local node self-trust was not added: node signing public-key artifact is absent — continuing with configured trusted identities
.05:52:57.159 [error] local node self-trust was not added: node signing public-key artifact is absent — continuing with configured trusted identities
.05:52:57.187 [error] local node self-trust was not added: node signing public-key artifact is absent — continuing with configured trusted identities
05:52:57.202 [error] local node self-trust was not added: node signing public-key artifact is absent — continuing with configured trusted identities
05:52:57.206 [error] local node self-trust was not added: node signing public-key artifact is absent — continuing with configured trusted identities
05:52:57.210 [error] local node self-trust was not added: node signing public-key artifact is absent — continuing with configured trusted identities
05:52:57.213 [error] local node self-trust was not added: node signing public-key artifact is absent — continuing with configured trusted identities
05:52:57.216 [error] local node self-trust was not added: node signing public-key artifact is absent — continuing with configured trusted identities
05:52:57.219 [error] local node self-trust was not added: node signing public-key artifact is absent — continuing with configured trusted identities
05:52:57.222 [error] local node self-trust was not added: node signing public-key artifact is absent — continuing with configured trusted identities
05:52:57.225 [error] local node self-trust was not added: node signing public-key artifact is absent — continuing with configured trusted identities
05:52:57.228 [error] local node self-trust was not added: node signing public-key artifact is absent — continuing with configured trusted identities
05:52:57.230 [error] local node self-trust was not added: node signing public-key artifact is absent — continuing with configured trusted identities
05:52:57.237 [error] local node self-trust was not added: node signing public-key artifact is absent — continuing with configured trusted identities
05:52:57.240 [error] local node self-trust was not added: node signing public-key artifact is absent — continuing with configured trusted identities
05:52:57.242 [error] local node self-trust was not added: node signing public-key artifact is absent — continuing with configured trusted identities
05:52:57.247 [error] local node self-trust was not added: node signing public-key artifact is absent — continuing with configured trusted identities
05:52:57.253 [error] local node self-trust was not added: node signing public-key artifact is absent — continuing with configured trusted identities
05:52:57.287 [error] local node self-trust was not added: node signing public-key artifact is absent — continuing with configured trusted identities
.05:52:57.298 [error] local node self-trust was not added: node signing public-key artifact is absent — continuing with configured trusted identities
.05:52:57.306 [error] local node self-trust was not added: node signing public-key artifact is absent — continuing with configured trusted identities
05:52:57.310 [error] local node self-trust was not added: node signing public-key artifact is absent — continuing with configured trusted identities
05:52:57.313 [error] local node self-trust was not added: node signing public-key artifact is absent — continuing with configured trusted identities
05:52:57.317 [error] local node self-trust was not added: node signing public-key artifact is absent — continuing with configured trusted identities
05:52:57.320 [error] local node self-trust was not added: node signing public-key artifact is absent — continuing with configured trusted identities
05:52:57.322 [error] local node self-trust was not added: node signing public-key artifact is absent — continuing with configured trusted identities
05:52:57.324 [error] local node self-trust was not added: node signing public-key artifact is absent — continuing with configured trusted identities
05:52:57.325 [error] local node self-trust was not added: node signing public-key artifact is absent — continuing with configured trusted identities
05:52:57.327 [error] local node self-trust was not added: node signing public-key artifact is absent — continuing with configured trusted identities
05:52:57.329 [error] local node self-trust was not added: node signing public-key artifact is absent — continuing with configured trusted identities
05:52:57.332 [error] local node self-trust was not added: node signing public-key artifact is absent — continuing with configured trusted identities
05:52:57.338 [error] local node self-trust was not added: node signing public-key artifact is absent — continuing with configured trusted identities
05:52:57.341 [error] local node self-trust was not added: node signing public-key artifact is absent — continuing with configured trusted identities
05:52:57.343 [error] local node self-trust was not added: node signing public-key artifact is absent — continuing with configured trusted identities
05:52:57.345 [error] local node self-trust was not added: node signing public-key artifact is absent — continuing with configured trusted identities
05:52:57.348 [error] local node self-trust was not added: node signing public-key artifact is absent — continuing with configured trusted identities
05:52:57.352 [error] local node self-trust was not added: node signing public-key artifact is absent — continuing with configured trusted identities
05:52:57.355 [error] local node self-trust was not added: node signing public-key artifact is absent — continuing with configured trusted identities
05:52:57.358 [error] local node self-trust was not added: node signing public-key artifact is absent — continuing with configured trusted identities
05:52:57.362 [error] local node self-trust was not added: node signing public-key artifact is absent — continuing with configured trusted identities
05:52:57.366 [error] local node self-trust was not added: node signing public-key artifact is absent — continuing with configured trusted identities
.05:52:57.382 [error] local node self-trust was not added: node signing public-key artifact is absent — continuing with configured trusted identities
.05:52:57.389 [error] local node self-trust was not added: node signing public-key artifact is absent — continuing with configured trusted identities
05:52:57.391 [error] local node self-trust was not added: node signing public-key artifact is absent — continuing with configured trusted identities
05:52:57.393 [error] local node self-trust was not added: node signing public-key artifact is absent — continuing with configured trusted identities
05:52:57.395 [error] local node self-trust was not added: node signing public-key artifact is absent — continuing with configured trusted identities
05:52:57.398 [error] local node self-trust was not added: node signing public-key artifact is absent — continuing with configured trusted identities
05:52:57.400 [error] local node self-trust was not added: node signing public-key artifact is absent — continuing with configured trusted identities
05:52:57.402 [error] local node self-trust was not added: node signing public-key artifact is absent — continuing with configured trusted identities
05:52:57.409 [error] local node self-trust was not added: node signing public-key artifact is absent — continuing with configured trusted identities
05:52:57.411 [error] local node self-trust was not added: node signing public-key artifact is absent — continuing with configured trusted identities
05:52:57.414 [error] local node self-trust was not added: node signing public-key artifact is absent — continuing with configured trusted identities
05:52:57.418 [error] local node self-trust was not added: node signing public-key artifact is absent — continuing with configured trusted identities
.05:52:57.425 [error] local node self-trust was not added: node signing public-key artifact is absent — continuing with configured trusted identities
05:52:57.428 [error] local node self-trust was not added: node signing public-key artifact is absent — continuing with configured trusted identities
05:52:57.430 [error] local node self-trust was not added: node signing public-key artifact is absent — continuing with configured trusted identities
05:52:57.433 [error] local node self-trust was not added: node signing public-key artifact is absent — continuing with configured trusted identities
05:52:57.436 [error] local node self-trust was not added: node signing public-key artifact is absent — continuing with configured trusted identities
05:52:57.439 [error] local node self-trust was not added: node signing public-key artifact is absent — continuing with configured trusted identities
05:52:57.441 [error] local node self-trust was not added: node signing public-key artifact is absent — continuing with configured trusted identities
05:52:57.443 [error] local node self-trust was not added: node signing public-key artifact is absent — continuing with configured trusted identities
05:52:57.445 [error] local node self-trust was not added: node signing public-key artifact is absent — continuing with configured trusted identities
05:52:57.447 [error] local node self-trust was not added: node signing public-key artifact is absent — continuing with configured trusted identities
05:52:57.451 [error] local node self-trust was not added: node signing public-key artifact is absent — continuing with configured trusted identities
05:52:57.455 [error] local node self-trust was not added: node signing public-key artifact is absent — continuing with configured trusted identities
05:52:57.457 [error] local node self-trust was not added: node signing public-key artifact is absent — continuing with configured trusted identities
05:52:57.459 [error] local node self-trust was not added: node signing public-key artifact is absent — continuing with configured trusted identities
05:52:57.461 [error] local node self-trust was not added: node signing public-key artifact is absent — continuing with configured trusted identities
05:52:57.468 [error] local node self-trust was not added: node signing public-key artifact is absent — continuing with configured trusted identities
.05:52:57.482 [error] local node self-trust was not added: node signing public-key artifact is absent — continuing with configured trusted identities
.05:52:57.496 [error] local node self-trust was not added: node signing public-key artifact is absent — continuing with configured trusted identities
.05:52:57.505 [error] local node self-trust was not added: node signing public-key artifact is absent — continuing with configured trusted identities
05:52:57.508 [error] local node self-trust was not added: node signing public-key artifact is absent — continuing with configured trusted identities
05:52:57.509 [error] local node self-trust was not added: node signing public-key artifact is absent — continuing with configured trusted identities
05:52:57.514 [error] local node self-trust was not added: node signing public-key artifact is absent — continuing with configured trusted identities
05:52:57.518 [error] local node self-trust was not added: node signing public-key artifact is absent — continuing with configured trusted identities
05:52:57.519 [error] local node self-trust was not added: node signing public-key artifact is absent — continuing with configured trusted identities
05:52:57.521 [error] local node self-trust was not added: node signing public-key artifact is absent — continuing with configured trusted identities
05:52:57.523 [error] local node self-trust was not added: node signing public-key artifact is absent — continuing with configured trusted identities
05:52:57.530 [error] local node self-trust was not added: node signing public-key artifact is absent — continuing with configured trusted identities
05:52:57.534 [error] local node self-trust was not added: node signing public-key artifact is absent — continuing with configured trusted identities
05:52:57.537 [error] local node self-trust was not added: node signing public-key artifact is absent — continuing with configured trusted identities
05:52:57.540 [error] local node self-trust was not added: node signing public-key artifact is absent — continuing with configured trusted identities
05:52:57.542 [error] local node self-trust was not added: node signing public-key artifact is absent — continuing with configured trusted identities
05:52:57.545 [error] local node self-trust was not added: node signing public-key artifact is absent — continuing with configured trusted identities
05:52:57.548 [error] local node self-trust was not added: node signing public-key artifact is absent — continuing with configured trusted identities
05:52:57.551 [error] local node self-trust was not added: node signing public-key artifact is absent — continuing with configured trusted identities
05:52:57.554 [error] local node self-trust was not added: node signing public-key artifact is absent — continuing with configured trusted identities
05:52:57.556 [error] local node self-trust was not added: node signing public-key artifact is absent — continuing with configured trusted identities
05:52:57.560 [error] local node self-trust was not added: node signing public-key artifact is absent — continuing with configured trusted identities
05:52:57.563 [error] local node self-trust was not added: node signing public-key artifact is absent — continuing with configured trusted identities
05:52:57.567 [error] local node self-trust was not added: node signing public-key artifact is absent — continuing with configured trusted identities
05:52:57.574 [error] local node self-trust was not added: node signing public-key artifact is absent — continuing with configured trusted identities
......05:52:57.793 [error] local node self-trust was not added: node signing public-key artifact is absent — continuing with configured trusted identities
05:52:57.795 [error] local node self-trust was not added: node signing public-key artifact is absent — continuing with configured trusted identities
.05:52:57.804 [error] local node self-trust was not added: node signing public-key artifact is absent — continuing with configured trusted identities
05:52:57.806 [error] local node self-trust was not added: node signing public-key artifact is absent — continuing with configured trusted identities
.05:52:57.813 [error] local node self-trust was not added: node signing public-key artifact is absent — continuing with configured trusted identities
05:52:57.817 [error] local node self-trust was not added: node signing public-key artifact is absent — continuing with configured trusted identities
.05:52:57.821 [error] local node self-trust was not added: node signing public-key artifact is absent — continuing with configured trusted identities
05:52:57.826 [error] local node self-trust was not added: node signing public-key artifact is absent — continuing with configured trusted identities
05:52:57.834 [error] local node self-trust was not added: node signing public-key artifact is absent — continuing with configured trusted identities
05:52:57.847 [error] local node self-trust was not added: node signing public-key artifact is absent — continuing with configured trusted identities
.05:52:57.853 [error] local node self-trust was not added: node signing public-key artifact is absent — continuing with configured trusted identities
05:52:57.858 [error] local node self-trust was not added: node signing public-key artifact is absent — continuing with configured trusted identities
05:52:57.862 [error] local node self-trust was not added: node signing public-key artifact is absent — continuing with configured trusted identities
05:52:57.868 [error] local node self-trust was not added: node signing public-key artifact is absent — continuing with configured trusted identities
.05:52:57.873 [error] local node self-trust was not added: node signing public-key artifact is absent — continuing with configured trusted identities
05:52:57.879 [error] local node self-trust was not added: node signing public-key artifact is absent — continuing with configured trusted identities
05:52:57.882 [error] local node self-trust was not added: node signing public-key artifact is absent — continuing with configured trusted identities
.commonplace: :cx_a3fe_absent@commonplace (from /tmp/cx_x8jk_reach_failures_236088120/node_name) serves a DIFFERENT workspace — its data dir is "/other/data", not "/tmp/cx_x8jk_reach_failures_236088120". Ignoring it; that node_name file probably points at an orphan serve.
.................05:52:58.531 [error] local node self-trust was not added: node signing public-key artifact is absent — continuing with configured trusted identities
05:52:58.532 [error] local node self-trust was not added: node signing public-key artifact is absent — continuing with configured trusted identities
05:52:58.535 [error] local node self-trust was not added: node signing public-key artifact is absent — continuing with configured trusted identities
05:52:58.537 [error] local node self-trust was not added: node signing public-key artifact is absent — continuing with configured trusted identities
05:52:58.540 [error] local node self-trust was not added: node signing public-key artifact is absent — continuing with configured trusted identities
05:52:58.543 [error] local node self-trust was not added: node signing public-key artifact is absent — continuing with configured trusted identities
05:52:58.545 [error] local node self-trust was not added: node signing public-key artifact is absent — continuing with configured trusted identities
05:52:58.548 [error] local node self-trust was not added: node signing public-key artifact is absent — continuing with configured trusted identities
Re-rooted: uuid-root → uuid-main
Exporting from new root...
Done.
05:52:58.585 [error] local node self-trust was not added: node signing public-key artifact is absent — continuing with configured trusted identities
.05:52:58.597 [error] local node self-trust was not added: node signing public-key artifact is absent — continuing with configured trusted identities
05:52:58.597 [error] local node self-trust was not added: node signing public-key artifact is absent — continuing with configured trusted identities
05:52:58.600 [error] local node self-trust was not added: node signing public-key artifact is absent — continuing with configured trusted identities
05:52:58.603 [error] local node self-trust was not added: node signing public-key artifact is absent — continuing with configured trusted identities
05:52:58.605 [error] local node self-trust was not added: node signing public-key artifact is absent — continuing with configured trusted identities
05:52:58.608 [error] local node self-trust was not added: node signing public-key artifact is absent — continuing with configured trusted identities
05:52:58.611 [error] local node self-trust was not added: node signing public-key artifact is absent — continuing with configured trusted identities
05:52:58.614 [error] local node self-trust was not added: node signing public-key artifact is absent — continuing with configured trusted identities
05:52:58.639 [error] local node self-trust was not added: node signing public-key artifact is absent — continuing with configured trusted identities
.05:52:58.649 [error] local node self-trust was not added: node signing public-key artifact is absent — continuing with configured trusted identities
05:52:58.651 [error] local node self-trust was not added: node signing public-key artifact is absent — continuing with configured trusted identities
05:52:58.653 [error] local node self-trust was not added: node signing public-key artifact is absent — continuing with configured trusted identities
05:52:58.655 [error] local node self-trust was not added: node signing public-key artifact is absent — continuing with configured trusted identities
05:52:58.657 [error] local node self-trust was not added: node signing public-key artifact is absent — continuing with configured trusted identities
05:52:58.659 [error] local node self-trust was not added: node signing public-key artifact is absent — continuing with configured trusted identities
05:52:58.661 [error] local node self-trust was not added: node signing public-key artifact is absent — continuing with configured trusted identities
05:52:58.663 [error] local node self-trust was not added: node signing public-key artifact is absent — continuing with configured trusted identities
Current root: uuid-root
05:52:58.688 [error] local node self-trust was not added: node signing public-key artifact is absent — continuing with configured trusted identities
.05:52:58.699 [error] local node self-trust was not added: node signing public-key artifact is absent — continuing with configured trusted identities
05:52:58.700 [error] local node self-trust was not added: node signing public-key artifact is absent — continuing with configured trusted identities
05:52:58.702 [error] local node self-trust was not added: node signing public-key artifact is absent — continuing with configured trusted identities
05:52:58.704 [error] local node self-trust was not added: node signing public-key artifact is absent — continuing with configured trusted identities
05:52:58.707 [error] local node self-trust was not added: node signing public-key artifact is absent — continuing with configured trusted identities
05:52:58.709 [error] local node self-trust was not added: node signing public-key artifact is absent — continuing with configured trusted identities
05:52:58.710 [error] local node self-trust was not added: node signing public-key artifact is absent — continuing with configured trusted identities
05:52:58.712 [error] local node self-trust was not added: node signing public-key artifact is absent — continuing with configured trusted identities
05:52:58.715 [warning] flock failed on /tmp/cp_checkout_sync_768796/feature.txt: :enoent, proceeding without lock
05:52:58.738 [error] local node self-trust was not added: node signing public-key artifact is absent — continuing with configured trusted identities
.05:52:58.747 [error] local node self-trust was not added: node signing public-key artifact is absent — continuing with configured trusted identities
05:52:58.747 [error] local node self-trust was not added: node signing public-key artifact is absent — continuing with configured trusted identities
05:52:58.749 [error] local node self-trust was not added: node signing public-key artifact is absent — continuing with configured trusted identities
05:52:58.751 [error] local node self-trust was not added: node signing public-key artifact is absent — continuing with configured trusted identities
05:52:58.754 [error] local node self-trust was not added: node signing public-key artifact is absent — continuing with configured trusted identities
05:52:58.758 [error] local node self-trust was not added: node signing public-key artifact is absent — continuing with configured trusted identities
05:52:58.760 [error] local node self-trust was not added: node signing public-key artifact is absent — continuing with configured trusted identities
05:52:58.762 [error] local node self-trust was not added: node signing public-key artifact is absent — continuing with configured trusted identities
05:52:58.768 [warning] flock failed on /tmp/cp_checkout_sync_703384/repos/myrepo/feature/feature.txt: :enoent, proceeding without lock
05:52:58.772 [warning] flock failed on /tmp/cp_checkout_sync_703384/repos/myrepo/main/readme.txt: :enoent, proceeding without lock
05:52:58.775 [warning] flock failed on /tmp/cp_checkout_sync_703384/readme.txt: :enoent, proceeding without lock
05:52:58.810 [error] local node self-trust was not added: node signing public-key artifact is absent — continuing with configured trusted identities
...05:52:58.822 [error] local node self-trust was not added: node signing public-key artifact is absent — continuing with configured trusted identities
05:52:58.867 [warning] CommitStore: root attach DENIED by workspace profile doc_uuid=d14efad3-072a-4703-8568-d357439228d9 reason="workspace class 'minimal' does not accept root entry 'bd' — declared in profile"
05:52:58.896 [error] local node self-trust was not added: node signing public-key artifact is absent — continuing with configured trusted identities
.05:52:58.906 [error] local node self-trust was not added: node signing public-key artifact is absent — continuing with configured trusted identities
05:52:58.966 [error] local node self-trust was not added: node signing public-key artifact is absent — continuing with configured trusted identities
.05:52:58.980 [error] local node self-trust was not added: node signing public-key artifact is absent — continuing with configured trusted identities
05:52:58.981 [error] local node self-trust was not added: node signing public-key artifact is absent — continuing with configured trusted identities
05:52:58.989 [error] local node self-trust was not added: node signing public-key artifact is absent — continuing with configured trusted identities
05:52:58.992 [error] local node self-trust was not added: node signing public-key artifact is absent — continuing with configured trusted identities
05:52:58.995 [error] local node self-trust was not added: node signing public-key artifact is absent — continuing with configured trusted identities
05:52:58.997 [error] local node self-trust was not added: node signing public-key artifact is absent — continuing with configured trusted identities
05:52:59.002 [error] local node self-trust was not added: node signing public-key artifact is absent — continuing with configured trusted identities
05:52:59.005 [error] local node self-trust was not added: node signing public-key artifact is absent — continuing with configured trusted identities
05:52:59.014 [error] local node self-trust was not added: node signing public-key artifact is absent — continuing with configured trusted identities
05:52:59.019 [error] local node self-trust was not added: node signing public-key artifact is absent — continuing with configured trusted identities
05:52:59.022 [error] local node self-trust was not added: node signing public-key artifact is absent — continuing with configured trusted identities
05:52:59.026 [error] local node self-trust was not added: node signing public-key artifact is absent — continuing with configured trusted identities
05:52:59.031 [warning] flock failed on /tmp/cp_sync_export_492346/new.txt: :enoent, proceeding without lock
05:52:59.033 [warning] flock failed on /tmp/cp_sync_export_492346/notes/todo.txt: :enoent, proceeding without lock
05:52:59.054 [error] local node self-trust was not added: node signing public-key artifact is absent — continuing with configured trusted identities
.05:52:59.065 [error] local node self-trust was not added: node signing public-key artifact is absent — continuing with configured trusted identities
05:52:59.065 [error] local node self-trust was not added: node signing public-key artifact is absent — continuing with configured trusted identities
05:52:59.068 [error] local node self-trust was not added: node signing public-key artifact is absent — continuing with configured trusted identities
05:52:59.071 [error] local node self-trust was not added: node signing public-key artifact is absent — continuing with configured trusted identities
05:52:59.090 [error] local node self-trust was not added: node signing public-key artifact is absent — continuing with configured trusted identities
.05:52:59.108 [error] local node self-trust was not added: node signing public-key artifact is absent — continuing with configured trusted identities
05:52:59.109 [error] local node self-trust was not added: node signing public-key artifact is absent — continuing with configured trusted identities
05:52:59.114 [error] local node self-trust was not added: node signing public-key artifact is absent — continuing with configured trusted identities
05:52:59.116 [error] local node self-trust was not added: node signing public-key artifact is absent — continuing with configured trusted identities
05:52:59.120 [error] local node self-trust was not added: node signing public-key artifact is absent — continuing with configured trusted identities
05:52:59.124 [error] local node self-trust was not added: node signing public-key artifact is absent — continuing with configured trusted identities
05:52:59.129 [error] local node self-trust was not added: node signing public-key artifact is absent — continuing with configured trusted identities
05:52:59.134 [error] local node self-trust was not added: node signing public-key artifact is absent — continuing with configured trusted identities
05:52:59.140 [error] local node self-trust was not added: node signing public-key artifact is absent — continuing with configured trusted identities
05:52:59.146 [error] local node self-trust was not added: node signing public-key artifact is absent — continuing with configured trusted identities
05:52:59.150 [error] local node self-trust was not added: node signing public-key artifact is absent — continuing with configured trusted identities
05:52:59.211 [error] local node self-trust was not added: node signing public-key artifact is absent — continuing with configured trusted identities
.05:52:59.223 [error] local node self-trust was not added: node signing public-key artifact is absent — continuing with configured trusted identities
05:52:59.224 [error] local node self-trust was not added: node signing public-key artifact is absent — continuing with configured trusted identities
05:52:59.229 [error] local node self-trust was not added: node signing public-key artifact is absent — continuing with configured trusted identities
05:52:59.232 [error] local node self-trust was not added: node signing public-key artifact is absent — continuing with configured trusted identities
05:52:59.277 [error] local node self-trust was not added: node signing public-key artifact is absent — continuing with configured trusted identities
.05:52:59.300 [error] local node self-trust was not added: node signing public-key artifact is absent — continuing with configured trusted identities
05:52:59.301 [error] local node self-trust was not added: node signing public-key artifact is absent — continuing with configured trusted identities
05:52:59.307 [error] local node self-trust was not added: node signing public-key artifact is absent — continuing with configured trusted identities
05:52:59.315 [error] local node self-trust was not added: node signing public-key artifact is absent — continuing with configured trusted identities
05:52:59.323 [error] local node self-trust was not added: node signing public-key artifact is absent — continuing with configured trusted identities
05:52:59.325 [error] local node self-trust was not added: node signing public-key artifact is absent — continuing with configured trusted identities
05:52:59.330 [error] local node self-trust was not added: node signing public-key artifact is absent — continuing with configured trusted identities
05:52:59.333 [error] local node self-trust was not added: node signing public-key artifact is absent — continuing with configured trusted identities
05:52:59.336 [error] local node self-trust was not added: node signing public-key artifact is absent — continuing with configured trusted identities
05:52:59.344 [error] local node self-trust was not added: node signing public-key artifact is absent — continuing with configured trusted identities
05:52:59.348 [warning] flock failed on /tmp/cp_rt_out_326976/docs/examples/hello.txt: :enoent, proceeding without lock
05:52:59.350 [warning] flock failed on /tmp/cp_rt_out_326976/docs/guide.txt: :enoent, proceeding without lock
05:52:59.353 [warning] flock failed on /tmp/cp_rt_out_326976/empty.txt: :enoent, proceeding without lock
05:52:59.355 [warning] flock failed on /tmp/cp_rt_out_326976/readme.txt: :enoent, proceeding without lock
05:52:59.416 [error] local node self-trust was not added: node signing public-key artifact is absent — continuing with configured trusted identities
.05:52:59.430 [error] local node self-trust was not added: node signing public-key artifact is absent — continuing with configured trusted identities
05:52:59.431 [error] local node self-trust was not added: node signing public-key artifact is absent — continuing with configured trusted identities
05:52:59.434 [error] local node self-trust was not added: node signing public-key artifact is absent — continuing with configured trusted identities
05:52:59.437 [error] local node self-trust was not added: node signing public-key artifact is absent — continuing with configured trusted identities
05:52:59.439 [warning] flock failed on /tmp/cp_rt_out_954693/special.txt: :enoent, proceeding without lock
05:52:59.480 [error] local node self-trust was not added: node signing public-key artifact is absent — continuing with configured trusted identities
.
Finished in 5.8 seconds (2.2s async, 3.6s sync)
121 tests, 0 failures
real 7.72
user 6.30
sys 1.41
