==> commonplace
make: Nothing to be done for 'all'.
==> commonplace_cli
Running ExUnit with seed: 992297, max_cases: 8

..................................05:52:41.041 [error] local node self-trust was not added: node signing public-key artifact is absent — continuing with configured trusted identities
05:52:41.062 [error] local node self-trust was not added: node signing public-key artifact is absent — continuing with configured trusted identities
05:52:41.068 [error] local node self-trust was not added: node signing public-key artifact is absent — continuing with configured trusted identities
05:52:41.071 [error] local node self-trust was not added: node signing public-key artifact is absent — continuing with configured trusted identities
05:52:41.076 [error] local node self-trust was not added: node signing public-key artifact is absent — continuing with configured trusted identities
05:52:41.082 [error] local node self-trust was not added: node signing public-key artifact is absent — continuing with configured trusted identities
05:52:41.088 [error] local node self-trust was not added: node signing public-key artifact is absent — continuing with configured trusted identities
.05:52:41.116 [error] local node self-trust was not added: node signing public-key artifact is absent — continuing with configured trusted identities
05:52:41.124 [error] local node self-trust was not added: node signing public-key artifact is absent — continuing with configured trusted identities
05:52:41.128 [error] local node self-trust was not added: node signing public-key artifact is absent — continuing with configured trusted identities
05:52:41.131 [error] local node self-trust was not added: node signing public-key artifact is absent — continuing with configured trusted identities
05:52:41.136 [error] local node self-trust was not added: node signing public-key artifact is absent — continuing with configured trusted identities
05:52:41.144 [error] local node self-trust was not added: node signing public-key artifact is absent — continuing with configured trusted identities
05:52:41.151 [error] local node self-trust was not added: node signing public-key artifact is absent — continuing with configured trusted identities
.05:52:41.167 [error] local node self-trust was not added: node signing public-key artifact is absent — continuing with configured trusted identities
05:52:41.174 [error] local node self-trust was not added: node signing public-key artifact is absent — continuing with configured trusted identities
05:52:41.177 [error] local node self-trust was not added: node signing public-key artifact is absent — continuing with configured trusted identities
05:52:41.196 [error] local node self-trust was not added: node signing public-key artifact is absent — continuing with configured trusted identities
05:52:41.202 [error] local node self-trust was not added: node signing public-key artifact is absent — continuing with configured trusted identities
.05:52:41.212 [error] local node self-trust was not added: node signing public-key artifact is absent — continuing with configured trusted identities
.05:52:41.235 [error] local node self-trust was not added: node signing public-key artifact is absent — continuing with configured trusted identities
05:52:41.237 [error] local node self-trust was not added: node signing public-key artifact is absent — continuing with configured trusted identities
05:52:41.248 [error] local node self-trust was not added: node signing public-key artifact is absent — continuing with configured trusted identities
05:52:41.252 [error] local node self-trust was not added: node signing public-key artifact is absent — continuing with configured trusted identities
05:52:41.255 [error] local node self-trust was not added: node signing public-key artifact is absent — continuing with configured trusted identities
05:52:41.258 [error] local node self-trust was not added: node signing public-key artifact is absent — continuing with configured trusted identities
05:52:41.262 [error] local node self-trust was not added: node signing public-key artifact is absent — continuing with configured trusted identities
05:52:41.266 [error] local node self-trust was not added: node signing public-key artifact is absent — continuing with configured trusted identities
05:52:41.270 [error] local node self-trust was not added: node signing public-key artifact is absent — continuing with configured trusted identities
05:52:41.273 [error] local node self-trust was not added: node signing public-key artifact is absent — continuing with configured trusted identities
05:52:41.290 [warning] flock failed on /tmp/cp_rt_out_819536/docs/examples/hello.txt: :enoent, proceeding without lock
05:52:41.293 [warning] flock failed on /tmp/cp_rt_out_819536/docs/guide.txt: :enoent, proceeding without lock
05:52:41.295 [warning] flock failed on /tmp/cp_rt_out_819536/empty.txt: :enoent, proceeding without lock
05:52:41.298 [warning] flock failed on /tmp/cp_rt_out_819536/readme.txt: :enoent, proceeding without lock
05:52:41.337 [error] local node self-trust was not added: node signing public-key artifact is absent — continuing with configured trusted identities
.05:52:41.358 [error] local node self-trust was not added: node signing public-key artifact is absent — continuing with configured trusted identities
05:52:41.360 [error] local node self-trust was not added: node signing public-key artifact is absent — continuing with configured trusted identities
05:52:41.365 [error] local node self-trust was not added: node signing public-key artifact is absent — continuing with configured trusted identities
05:52:41.370 [error] local node self-trust was not added: node signing public-key artifact is absent — continuing with configured trusted identities
05:52:41.373 [warning] flock failed on /tmp/cp_rt_out_816206/special.txt: :enoent, proceeding without lock
05:52:41.400 [error] local node self-trust was not added: node signing public-key artifact is absent — continuing with configured trusted identities
.05:52:41.401 [error] local node self-trust was not added: node signing public-key artifact is absent — continuing with configured trusted identities
05:52:41.405 [error] local node self-trust was not added: node signing public-key artifact is absent — continuing with configured trusted identities
05:52:41.410 [error] local node self-trust was not added: node signing public-key artifact is absent — continuing with configured trusted identities
05:52:41.425 [error] local node self-trust was not added: node signing public-key artifact is absent — continuing with configured trusted identities
.05:52:41.429 [error] local node self-trust was not added: node signing public-key artifact is absent — continuing with configured trusted identities
05:52:41.432 [error] local node self-trust was not added: node signing public-key artifact is absent — continuing with configured trusted identities
05:52:41.434 [error] local node self-trust was not added: node signing public-key artifact is absent — continuing with configured trusted identities
05:52:41.439 [error] local node self-trust was not added: node signing public-key artifact is absent — continuing with configured trusted identities
.05:52:41.443 [error] local node self-trust was not added: node signing public-key artifact is absent — continuing with configured trusted identities
05:52:41.447 [error] local node self-trust was not added: node signing public-key artifact is absent — continuing with configured trusted identities
05:52:41.450 [error] local node self-trust was not added: node signing public-key artifact is absent — continuing with configured trusted identities
.....05:52:41.510 [error] local node self-trust was not added: node signing public-key artifact is absent — continuing with configured trusted identities
.05:52:41.522 [error] local node self-trust was not added: node signing public-key artifact is absent — continuing with configured trusted identities
.05:52:41.530 [error] local node self-trust was not added: node signing public-key artifact is absent — continuing with configured trusted identities
.05:52:41.541 [error] local node self-trust was not added: node signing public-key artifact is absent — continuing with configured trusted identities
.05:52:41.552 [error] local node self-trust was not added: node signing public-key artifact is absent — continuing with configured trusted identities
.05:52:41.621 [error] local node self-trust was not added: node signing public-key artifact is absent — continuing with configured trusted identities
.05:52:41.748 [error] local node self-trust was not added: node signing public-key artifact is absent — continuing with configured trusted identities
.05:52:41.860 [error] local node self-trust was not added: node signing public-key artifact is absent — continuing with configured trusted identities
05:52:41.971 [error] local node self-trust was not added: node signing public-key artifact is absent — continuing with configured trusted identities
.05:52:42.087 [error] local node self-trust was not added: node signing public-key artifact is absent — continuing with configured trusted identities
.05:52:42.164 [error] local node self-trust was not added: node signing public-key artifact is absent — continuing with configured trusted identities
05:52:42.237 [warning] CommitStore: root attach DENIED by workspace profile doc_uuid=8c269712-cc95-4b8d-8f33-681b3b68f861 reason="workspace class 'minimal' does not accept root entry 'bd' — declared in profile"
05:52:42.265 [error] local node self-trust was not added: node signing public-key artifact is absent — continuing with configured trusted identities
.05:52:42.279 [error] local node self-trust was not added: node signing public-key artifact is absent — continuing with configured trusted identities
05:52:42.383 [error] local node self-trust was not added: node signing public-key artifact is absent — continuing with configured trusted identities
.......05:52:42.606 [error] local node self-trust was not added: node signing public-key artifact is absent — continuing with configured trusted identities
.05:52:42.627 [error] local node self-trust was not added: node signing public-key artifact is absent — continuing with configured trusted identities
.05:52:42.633 [error] local node self-trust was not added: node signing public-key artifact is absent — continuing with configured trusted identities
05:52:42.640 [error] local node self-trust was not added: node signing public-key artifact is absent — continuing with configured trusted identities
05:52:42.642 [error] local node self-trust was not added: node signing public-key artifact is absent — continuing with configured trusted identities
05:52:42.644 [error] local node self-trust was not added: node signing public-key artifact is absent — continuing with configured trusted identities
05:52:42.645 [error] local node self-trust was not added: node signing public-key artifact is absent — continuing with configured trusted identities
05:52:42.647 [error] local node self-trust was not added: node signing public-key artifact is absent — continuing with configured trusted identities
05:52:42.650 [error] local node self-trust was not added: node signing public-key artifact is absent — continuing with configured trusted identities
05:52:42.653 [error] local node self-trust was not added: node signing public-key artifact is absent — continuing with configured trusted identities
05:52:42.657 [error] local node self-trust was not added: node signing public-key artifact is absent — continuing with configured trusted identities
05:52:42.659 [error] local node self-trust was not added: node signing public-key artifact is absent — continuing with configured trusted identities
05:52:42.663 [error] local node self-trust was not added: node signing public-key artifact is absent — continuing with configured trusted identities
.05:52:42.675 [error] local node self-trust was not added: node signing public-key artifact is absent — continuing with configured trusted identities
05:52:42.678 [error] local node self-trust was not added: node signing public-key artifact is absent — continuing with configured trusted identities
05:52:42.679 [error] local node self-trust was not added: node signing public-key artifact is absent — continuing with configured trusted identities
05:52:42.681 [error] local node self-trust was not added: node signing public-key artifact is absent — continuing with configured trusted identities
05:52:42.683 [error] local node self-trust was not added: node signing public-key artifact is absent — continuing with configured trusted identities
05:52:42.685 [error] local node self-trust was not added: node signing public-key artifact is absent — continuing with configured trusted identities
05:52:42.686 [error] local node self-trust was not added: node signing public-key artifact is absent — continuing with configured trusted identities
05:52:42.688 [error] local node self-trust was not added: node signing public-key artifact is absent — continuing with configured trusted identities
05:52:42.691 [error] local node self-trust was not added: node signing public-key artifact is absent — continuing with configured trusted identities
05:52:42.693 [error] local node self-trust was not added: node signing public-key artifact is absent — continuing with configured trusted identities
05:52:42.696 [error] local node self-trust was not added: node signing public-key artifact is absent — continuing with configured trusted identities
05:52:42.704 [error] local node self-trust was not added: node signing public-key artifact is absent — continuing with configured trusted identities
05:52:42.706 [error] local node self-trust was not added: node signing public-key artifact is absent — continuing with configured trusted identities
05:52:42.709 [error] local node self-trust was not added: node signing public-key artifact is absent — continuing with configured trusted identities
05:52:42.710 [error] local node self-trust was not added: node signing public-key artifact is absent — continuing with configured trusted identities
05:52:42.713 [error] local node self-trust was not added: node signing public-key artifact is absent — continuing with configured trusted identities
05:52:42.735 [error] local node self-trust was not added: node signing public-key artifact is absent — continuing with configured trusted identities
.05:52:42.745 [error] local node self-trust was not added: node signing public-key artifact is absent — continuing with configured trusted identities
.05:52:42.754 [error] local node self-trust was not added: node signing public-key artifact is absent — continuing with configured trusted identities
05:52:42.757 [error] local node self-trust was not added: node signing public-key artifact is absent — continuing with configured trusted identities
05:52:42.760 [error] local node self-trust was not added: node signing public-key artifact is absent — continuing with configured trusted identities
05:52:42.762 [error] local node self-trust was not added: node signing public-key artifact is absent — continuing with configured trusted identities
05:52:42.765 [error] local node self-trust was not added: node signing public-key artifact is absent — continuing with configured trusted identities
05:52:42.767 [error] local node self-trust was not added: node signing public-key artifact is absent — continuing with configured trusted identities
05:52:42.769 [error] local node self-trust was not added: node signing public-key artifact is absent — continuing with configured trusted identities
05:52:42.773 [error] local node self-trust was not added: node signing public-key artifact is absent — continuing with configured trusted identities
05:52:42.776 [error] local node self-trust was not added: node signing public-key artifact is absent — continuing with configured trusted identities
05:52:42.780 [error] local node self-trust was not added: node signing public-key artifact is absent — continuing with configured trusted identities
05:52:42.785 [error] local node self-trust was not added: node signing public-key artifact is absent — continuing with configured trusted identities
05:52:42.788 [error] local node self-trust was not added: node signing public-key artifact is absent — continuing with configured trusted identities
05:52:42.791 [error] local node self-trust was not added: node signing public-key artifact is absent — continuing with configured trusted identities
05:52:42.795 [error] local node self-trust was not added: node signing public-key artifact is absent — continuing with configured trusted identities
05:52:42.797 [error] local node self-trust was not added: node signing public-key artifact is absent — continuing with configured trusted identities
05:52:42.800 [error] local node self-trust was not added: node signing public-key artifact is absent — continuing with configured trusted identities
05:52:42.804 [error] local node self-trust was not added: node signing public-key artifact is absent — continuing with configured trusted identities
05:52:42.807 [error] local node self-trust was not added: node signing public-key artifact is absent — continuing with configured trusted identities
05:52:42.809 [error] local node self-trust was not added: node signing public-key artifact is absent — continuing with configured trusted identities
05:52:42.813 [error] local node self-trust was not added: node signing public-key artifact is absent — continuing with configured trusted identities
05:52:42.824 [error] local node self-trust was not added: node signing public-key artifact is absent — continuing with configured trusted identities
.05:52:42.842 [error] local node self-trust was not added: node signing public-key artifact is absent — continuing with configured trusted identities
05:52:42.845 [error] local node self-trust was not added: node signing public-key artifact is absent — continuing with configured trusted identities
05:52:42.848 [error] local node self-trust was not added: node signing public-key artifact is absent — continuing with configured trusted identities
05:52:42.850 [error] local node self-trust was not added: node signing public-key artifact is absent — continuing with configured trusted identities
05:52:42.852 [error] local node self-trust was not added: node signing public-key artifact is absent — continuing with configured trusted identities
05:52:42.855 [error] local node self-trust was not added: node signing public-key artifact is absent — continuing with configured trusted identities
05:52:42.858 [error] local node self-trust was not added: node signing public-key artifact is absent — continuing with configured trusted identities
05:52:42.860 [error] local node self-trust was not added: node signing public-key artifact is absent — continuing with configured trusted identities
05:52:42.862 [error] local node self-trust was not added: node signing public-key artifact is absent — continuing with configured trusted identities
05:52:42.864 [error] local node self-trust was not added: node signing public-key artifact is absent — continuing with configured trusted identities
05:52:42.869 [error] local node self-trust was not added: node signing public-key artifact is absent — continuing with configured trusted identities
05:52:42.873 [error] local node self-trust was not added: node signing public-key artifact is absent — continuing with configured trusted identities
05:52:42.875 [error] local node self-trust was not added: node signing public-key artifact is absent — continuing with configured trusted identities
05:52:42.878 [error] local node self-trust was not added: node signing public-key artifact is absent — continuing with configured trusted identities
05:52:42.880 [error] local node self-trust was not added: node signing public-key artifact is absent — continuing with configured trusted identities
05:52:42.888 [error] local node self-trust was not added: node signing public-key artifact is absent — continuing with configured trusted identities
05:52:42.892 [error] local node self-trust was not added: node signing public-key artifact is absent — continuing with configured trusted identities
05:52:42.895 [error] local node self-trust was not added: node signing public-key artifact is absent — continuing with configured trusted identities
05:52:42.898 [error] local node self-trust was not added: node signing public-key artifact is absent — continuing with configured trusted identities
05:52:42.900 [error] local node self-trust was not added: node signing public-key artifact is absent — continuing with configured trusted identities
05:52:42.902 [error] local node self-trust was not added: node signing public-key artifact is absent — continuing with configured trusted identities
05:52:42.907 [error] local node self-trust was not added: node signing public-key artifact is absent — continuing with configured trusted identities
.05:52:42.916 [error] local node self-trust was not added: node signing public-key artifact is absent — continuing with configured trusted identities
.05:52:42.929 [error] local node self-trust was not added: node signing public-key artifact is absent — continuing with configured trusted identities
.05:52:42.940 [error] local node self-trust was not added: node signing public-key artifact is absent — continuing with configured trusted identities
05:52:42.946 [error] local node self-trust was not added: node signing public-key artifact is absent — continuing with configured trusted identities
05:52:42.948 [error] local node self-trust was not added: node signing public-key artifact is absent — continuing with configured trusted identities
05:52:42.950 [error] local node self-trust was not added: node signing public-key artifact is absent — continuing with configured trusted identities
05:52:42.953 [error] local node self-trust was not added: node signing public-key artifact is absent — continuing with configured trusted identities
05:52:42.955 [error] local node self-trust was not added: node signing public-key artifact is absent — continuing with configured trusted identities
05:52:42.957 [error] local node self-trust was not added: node signing public-key artifact is absent — continuing with configured trusted identities
05:52:42.959 [error] local node self-trust was not added: node signing public-key artifact is absent — continuing with configured trusted identities
05:52:42.962 [error] local node self-trust was not added: node signing public-key artifact is absent — continuing with configured trusted identities
05:52:42.964 [error] local node self-trust was not added: node signing public-key artifact is absent — continuing with configured trusted identities
05:52:42.967 [error] local node self-trust was not added: node signing public-key artifact is absent — continuing with configured trusted identities
05:52:42.971 [error] local node self-trust was not added: node signing public-key artifact is absent — continuing with configured trusted identities
05:52:42.973 [error] local node self-trust was not added: node signing public-key artifact is absent — continuing with configured trusted identities
05:52:42.975 [error] local node self-trust was not added: node signing public-key artifact is absent — continuing with configured trusted identities
05:52:42.977 [error] local node self-trust was not added: node signing public-key artifact is absent — continuing with configured trusted identities
05:52:42.981 [error] local node self-trust was not added: node signing public-key artifact is absent — continuing with configured trusted identities
.05:52:42.993 [error] local node self-trust was not added: node signing public-key artifact is absent — continuing with configured trusted identities
05:52:42.996 [error] local node self-trust was not added: node signing public-key artifact is absent — continuing with configured trusted identities
05:52:42.998 [error] local node self-trust was not added: node signing public-key artifact is absent — continuing with configured trusted identities
05:52:43.014 [error] local node self-trust was not added: node signing public-key artifact is absent — continuing with configured trusted identities
05:52:43.016 [error] local node self-trust was not added: node signing public-key artifact is absent — continuing with configured trusted identities
.05:52:43.025 [error] local node self-trust was not added: node signing public-key artifact is absent — continuing with configured trusted identities
05:52:43.028 [error] local node self-trust was not added: node signing public-key artifact is absent — continuing with configured trusted identities
05:52:43.030 [error] local node self-trust was not added: node signing public-key artifact is absent — continuing with configured trusted identities
05:52:43.034 [error] local node self-trust was not added: node signing public-key artifact is absent — continuing with configured trusted identities
.05:52:43.041 [error] local node self-trust was not added: node signing public-key artifact is absent — continuing with configured trusted identities
05:52:43.044 [error] local node self-trust was not added: node signing public-key artifact is absent — continuing with configured trusted identities
05:52:43.045 [error] local node self-trust was not added: node signing public-key artifact is absent — continuing with configured trusted identities
05:52:43.048 [error] local node self-trust was not added: node signing public-key artifact is absent — continuing with configured trusted identities
.05:52:43.057 [error] local node self-trust was not added: node signing public-key artifact is absent — continuing with configured trusted identities
.05:52:43.064 [error] local node self-trust was not added: node signing public-key artifact is absent — continuing with configured trusted identities
05:52:43.066 [error] local node self-trust was not added: node signing public-key artifact is absent — continuing with configured trusted identities
05:52:43.069 [error] local node self-trust was not added: node signing public-key artifact is absent — continuing with configured trusted identities
.05:52:43.088 [error] local node self-trust was not added: node signing public-key artifact is absent — continuing with configured trusted identities
05:52:43.088 [error] local node self-trust was not added: node signing public-key artifact is absent — continuing with configured trusted identities
05:52:43.090 [error] local node self-trust was not added: node signing public-key artifact is absent — continuing with configured trusted identities
05:52:43.093 [error] local node self-trust was not added: node signing public-key artifact is absent — continuing with configured trusted identities
05:52:43.096 [error] local node self-trust was not added: node signing public-key artifact is absent — continuing with configured trusted identities
05:52:43.098 [error] local node self-trust was not added: node signing public-key artifact is absent — continuing with configured trusted identities
05:52:43.100 [error] local node self-trust was not added: node signing public-key artifact is absent — continuing with configured trusted identities
05:52:43.102 [error] local node self-trust was not added: node signing public-key artifact is absent — continuing with configured trusted identities
Current root: uuid-root
05:52:43.122 [error] local node self-trust was not added: node signing public-key artifact is absent — continuing with configured trusted identities
.05:52:43.133 [error] local node self-trust was not added: node signing public-key artifact is absent — continuing with configured trusted identities
05:52:43.135 [error] local node self-trust was not added: node signing public-key artifact is absent — continuing with configured trusted identities
05:52:43.137 [error] local node self-trust was not added: node signing public-key artifact is absent — continuing with configured trusted identities
05:52:43.139 [error] local node self-trust was not added: node signing public-key artifact is absent — continuing with configured trusted identities
05:52:43.143 [error] local node self-trust was not added: node signing public-key artifact is absent — continuing with configured trusted identities
05:52:43.146 [error] local node self-trust was not added: node signing public-key artifact is absent — continuing with configured trusted identities
05:52:43.149 [error] local node self-trust was not added: node signing public-key artifact is absent — continuing with configured trusted identities
05:52:43.153 [error] local node self-trust was not added: node signing public-key artifact is absent — continuing with configured trusted identities
Re-rooted: uuid-root → uuid-main
Exporting from new root...
Done.
05:52:43.185 [error] local node self-trust was not added: node signing public-key artifact is absent — continuing with configured trusted identities
.05:52:43.201 [error] local node self-trust was not added: node signing public-key artifact is absent — continuing with configured trusted identities
05:52:43.202 [error] local node self-trust was not added: node signing public-key artifact is absent — continuing with configured trusted identities
05:52:43.206 [error] local node self-trust was not added: node signing public-key artifact is absent — continuing with configured trusted identities
05:52:43.209 [error] local node self-trust was not added: node signing public-key artifact is absent — continuing with configured trusted identities
05:52:43.211 [error] local node self-trust was not added: node signing public-key artifact is absent — continuing with configured trusted identities
05:52:43.213 [error] local node self-trust was not added: node signing public-key artifact is absent — continuing with configured trusted identities
05:52:43.215 [error] local node self-trust was not added: node signing public-key artifact is absent — continuing with configured trusted identities
05:52:43.217 [error] local node self-trust was not added: node signing public-key artifact is absent — continuing with configured trusted identities
05:52:43.238 [error] local node self-trust was not added: node signing public-key artifact is absent — continuing with configured trusted identities
.05:52:43.256 [error] local node self-trust was not added: node signing public-key artifact is absent — continuing with configured trusted identities
05:52:43.257 [error] local node self-trust was not added: node signing public-key artifact is absent — continuing with configured trusted identities
05:52:43.260 [error] local node self-trust was not added: node signing public-key artifact is absent — continuing with configured trusted identities
05:52:43.263 [error] local node self-trust was not added: node signing public-key artifact is absent — continuing with configured trusted identities
05:52:43.266 [error] local node self-trust was not added: node signing public-key artifact is absent — continuing with configured trusted identities
05:52:43.268 [error] local node self-trust was not added: node signing public-key artifact is absent — continuing with configured trusted identities
05:52:43.271 [error] local node self-trust was not added: node signing public-key artifact is absent — continuing with configured trusted identities
05:52:43.275 [error] local node self-trust was not added: node signing public-key artifact is absent — continuing with configured trusted identities
05:52:43.280 [warning] flock failed on /tmp/cp_checkout_sync_236125/repos/myrepo/feature/feature.txt: :enoent, proceeding without lock
05:52:43.284 [warning] flock failed on /tmp/cp_checkout_sync_236125/repos/myrepo/main/readme.txt: :enoent, proceeding without lock
05:52:43.286 [warning] flock failed on /tmp/cp_checkout_sync_236125/readme.txt: :enoent, proceeding without lock
05:52:43.307 [error] local node self-trust was not added: node signing public-key artifact is absent — continuing with configured trusted identities
.05:52:43.323 [error] local node self-trust was not added: node signing public-key artifact is absent — continuing with configured trusted identities
05:52:43.324 [error] local node self-trust was not added: node signing public-key artifact is absent — continuing with configured trusted identities
05:52:43.326 [error] local node self-trust was not added: node signing public-key artifact is absent — continuing with configured trusted identities
05:52:43.330 [error] local node self-trust was not added: node signing public-key artifact is absent — continuing with configured trusted identities
05:52:43.332 [error] local node self-trust was not added: node signing public-key artifact is absent — continuing with configured trusted identities
05:52:43.334 [error] local node self-trust was not added: node signing public-key artifact is absent — continuing with configured trusted identities
05:52:43.336 [error] local node self-trust was not added: node signing public-key artifact is absent — continuing with configured trusted identities
05:52:43.338 [error] local node self-trust was not added: node signing public-key artifact is absent — continuing with configured trusted identities
05:52:43.344 [warning] flock failed on /tmp/cp_checkout_sync_184238/feature.txt: :enoent, proceeding without lock
05:52:43.371 [error] local node self-trust was not added: node signing public-key artifact is absent — continuing with configured trusted identities
..............commonplace: :cx_a3fe_absent@commonplace (from /tmp/cx_x8jk_reach_failures_64984745/node_name) serves a DIFFERENT workspace — its data dir is "/other/data", not "/tmp/cx_x8jk_reach_failures_64984745". Ignoring it; that node_name file probably points at an orphan serve.
....05:52:43.951 [error] local node self-trust was not added: node signing public-key artifact is absent — continuing with configured trusted identities
05:52:43.952 [error] local node self-trust was not added: node signing public-key artifact is absent — continuing with configured trusted identities
05:52:43.955 [error] local node self-trust was not added: node signing public-key artifact is absent — continuing with configured trusted identities
05:52:43.958 [error] local node self-trust was not added: node signing public-key artifact is absent — continuing with configured trusted identities
05:52:43.961 [error] local node self-trust was not added: node signing public-key artifact is absent — continuing with configured trusted identities
05:52:44.000 [error] local node self-trust was not added: node signing public-key artifact is absent — continuing with configured trusted identities
.05:52:44.016 [error] local node self-trust was not added: node signing public-key artifact is absent — continuing with configured trusted identities
05:52:44.017 [error] local node self-trust was not added: node signing public-key artifact is absent — continuing with configured trusted identities
05:52:44.053 [error] local node self-trust was not added: node signing public-key artifact is absent — continuing with configured trusted identities
.05:52:44.064 [error] local node self-trust was not added: node signing public-key artifact is absent — continuing with configured trusted identities
05:52:44.065 [error] local node self-trust was not added: node signing public-key artifact is absent — continuing with configured trusted identities
05:52:44.108 [error] local node self-trust was not added: node signing public-key artifact is absent — continuing with configured trusted identities
.05:52:44.129 [error] local node self-trust was not added: node signing public-key artifact is absent — continuing with configured trusted identities
05:52:44.183 [error] local node self-trust was not added: node signing public-key artifact is absent — continuing with configured trusted identities
.05:52:44.197 [error] local node self-trust was not added: node signing public-key artifact is absent — continuing with configured trusted identities
05:52:44.198 [error] local node self-trust was not added: node signing public-key artifact is absent — continuing with configured trusted identities
05:52:44.203 [error] local node self-trust was not added: node signing public-key artifact is absent — continuing with configured trusted identities
05:52:44.206 [error] local node self-trust was not added: node signing public-key artifact is absent — continuing with configured trusted identities
05:52:44.211 [error] local node self-trust was not added: node signing public-key artifact is absent — continuing with configured trusted identities
05:52:44.213 [error] local node self-trust was not added: node signing public-key artifact is absent — continuing with configured trusted identities
05:52:44.217 [error] local node self-trust was not added: node signing public-key artifact is absent — continuing with configured trusted identities
05:52:44.219 [error] local node self-trust was not added: node signing public-key artifact is absent — continuing with configured trusted identities
05:52:44.222 [error] local node self-trust was not added: node signing public-key artifact is absent — continuing with configured trusted identities
05:52:44.264 [error] local node self-trust was not added: node signing public-key artifact is absent — continuing with configured trusted identities
.05:52:44.277 [error] local node self-trust was not added: node signing public-key artifact is absent — continuing with configured trusted identities
05:52:44.279 [error] local node self-trust was not added: node signing public-key artifact is absent — continuing with configured trusted identities
05:52:44.282 [error] local node self-trust was not added: node signing public-key artifact is absent — continuing with configured trusted identities
05:52:44.284 [error] local node self-trust was not added: node signing public-key artifact is absent — continuing with configured trusted identities
05:52:44.286 [error] local node self-trust was not added: node signing public-key artifact is absent — continuing with configured trusted identities
05:52:44.289 [error] local node self-trust was not added: node signing public-key artifact is absent — continuing with configured trusted identities
05:52:44.333 [error] local node self-trust was not added: node signing public-key artifact is absent — continuing with configured trusted identities
.05:52:44.354 [error] local node self-trust was not added: node signing public-key artifact is absent — continuing with configured trusted identities
05:52:44.354 [error] local node self-trust was not added: node signing public-key artifact is absent — continuing with configured trusted identities
05:52:44.357 [error] local node self-trust was not added: node signing public-key artifact is absent — continuing with configured trusted identities
05:52:44.359 [error] local node self-trust was not added: node signing public-key artifact is absent — continuing with configured trusted identities
05:52:44.392 [error] local node self-trust was not added: node signing public-key artifact is absent — continuing with configured trusted identities
.05:52:44.417 [error] local node self-trust was not added: node signing public-key artifact is absent — continuing with configured trusted identities
05:52:44.419 [error] local node self-trust was not added: node signing public-key artifact is absent — continuing with configured trusted identities
.05:52:44.429 [error] local node self-trust was not added: node signing public-key artifact is absent — continuing with configured trusted identities
05:52:44.438 [error] local node self-trust was not added: node signing public-key artifact is absent — continuing with configured trusted identities
.05:52:44.447 [error] local node self-trust was not added: node signing public-key artifact is absent — continuing with configured trusted identities
05:52:44.449 [error] local node self-trust was not added: node signing public-key artifact is absent — continuing with configured trusted identities
.05:52:44.456 [error] local node self-trust was not added: node signing public-key artifact is absent — continuing with configured trusted identities
..05:52:44.472 [error] local node self-trust was not added: node signing public-key artifact is absent — continuing with configured trusted identities
.05:52:44.483 [error] local node self-trust was not added: node signing public-key artifact is absent — continuing with configured trusted identities
...05:52:44.496 [error] local node self-trust was not added: node signing public-key artifact is absent — continuing with configured trusted identities
05:52:44.496 [error] local node self-trust was not added: node signing public-key artifact is absent — continuing with configured trusted identities
05:52:44.504 [error] local node self-trust was not added: node signing public-key artifact is absent — continuing with configured trusted identities
05:52:44.512 [error] local node self-trust was not added: node signing public-key artifact is absent — continuing with configured trusted identities
05:52:44.515 [error] local node self-trust was not added: node signing public-key artifact is absent — continuing with configured trusted identities
05:52:44.521 [error] local node self-trust was not added: node signing public-key artifact is absent — continuing with configured trusted identities
05:52:44.526 [error] local node self-trust was not added: node signing public-key artifact is absent — continuing with configured trusted identities
05:52:44.529 [error] local node self-trust was not added: node signing public-key artifact is absent — continuing with configured trusted identities
05:52:44.536 [error] local node self-trust was not added: node signing public-key artifact is absent — continuing with configured trusted identities
05:52:44.545 [error] local node self-trust was not added: node signing public-key artifact is absent — continuing with configured trusted identities
05:52:44.548 [error] local node self-trust was not added: node signing public-key artifact is absent — continuing with configured trusted identities
05:52:44.555 [error] local node self-trust was not added: node signing public-key artifact is absent — continuing with configured trusted identities
05:52:44.560 [warning] flock failed on /tmp/cp_sync_export_405603/new.txt: :enoent, proceeding without lock
05:52:44.563 [warning] flock failed on /tmp/cp_sync_export_405603/notes/todo.txt: :enoent, proceeding without lock
05:52:44.587 [error] local node self-trust was not added: node signing public-key artifact is absent — continuing with configured trusted identities
.05:52:44.596 [error] local node self-trust was not added: node signing public-key artifact is absent — continuing with configured trusted identities
05:52:44.596 [error] local node self-trust was not added: node signing public-key artifact is absent — continuing with configured trusted identities
05:52:44.600 [error] local node self-trust was not added: node signing public-key artifact is absent — continuing with configured trusted identities
05:52:44.603 [error] local node self-trust was not added: node signing public-key artifact is absent — continuing with configured trusted identities
05:52:44.621 [error] local node self-trust was not added: node signing public-key artifact is absent — continuing with configured trusted identities
.05:52:44.641 [error] local node self-trust was not added: node signing public-key artifact is absent — continuing with configured trusted identities
05:52:44.642 [error] local node self-trust was not added: node signing public-key artifact is absent — continuing with configured trusted identities
05:52:44.644 [error] local node self-trust was not added: node signing public-key artifact is absent — continuing with configured trusted identities
05:52:44.646 [error] local node self-trust was not added: node signing public-key artifact is absent — continuing with configured trusted identities
05:52:44.666 [error] local node self-trust was not added: node signing public-key artifact is absent — continuing with configured trusted identities
.05:52:44.675 [error] local node self-trust was not added: node signing public-key artifact is absent — continuing with configured trusted identities
05:52:44.675 [error] local node self-trust was not added: node signing public-key artifact is absent — continuing with configured trusted identities
05:52:44.678 [error] local node self-trust was not added: node signing public-key artifact is absent — continuing with configured trusted identities
05:52:44.684 [error] local node self-trust was not added: node signing public-key artifact is absent — continuing with configured trusted identities
05:52:44.686 [error] local node self-trust was not added: node signing public-key artifact is absent — continuing with configured trusted identities
05:52:44.689 [error] local node self-trust was not added: node signing public-key artifact is absent — continuing with configured trusted identities
05:52:44.691 [error] local node self-trust was not added: node signing public-key artifact is absent — continuing with configured trusted identities
05:52:44.693 [error] local node self-trust was not added: node signing public-key artifact is absent — continuing with configured trusted identities
05:52:44.698 [error] local node self-trust was not added: node signing public-key artifact is absent — continuing with configured trusted identities
05:52:44.701 [error] local node self-trust was not added: node signing public-key artifact is absent — continuing with configured trusted identities
05:52:44.703 [error] local node self-trust was not added: node signing public-key artifact is absent — continuing with configured trusted identities
05:52:44.723 [error] local node self-trust was not added: node signing public-key artifact is absent — continuing with configured trusted identities
.
Finished in 6.6 seconds (2.9s async, 3.7s sync)
121 tests, 0 failures
real 9.05
user 6.60
sys 1.54
