==> commonplace
make: Nothing to be done for 'all'.
==> commonplace_cli
Running ExUnit with seed: 167141, max_cases: 8

..............................05:49:32.577 [error] local node self-trust was not added: node signing public-key artifact is absent — continuing with configured trusted identities
05:49:32.623 [error] local node self-trust was not added: node signing public-key artifact is absent — continuing with configured trusted identities
05:49:32.639 [error] local node self-trust was not added: node signing public-key artifact is absent — continuing with configured trusted identities
05:49:32.642 [error] local node self-trust was not added: node signing public-key artifact is absent — continuing with configured trusted identities
05:49:32.645 [error] local node self-trust was not added: node signing public-key artifact is absent — continuing with configured trusted identities
05:49:32.647 [error] local node self-trust was not added: node signing public-key artifact is absent — continuing with configured trusted identities
05:49:32.649 [error] local node self-trust was not added: node signing public-key artifact is absent — continuing with configured trusted identities
05:49:32.651 [error] local node self-trust was not added: node signing public-key artifact is absent — continuing with configured trusted identities
Current root: uuid-root
05:49:32.741 [error] local node self-trust was not added: node signing public-key artifact is absent — continuing with configured trusted identities
.05:49:32.759 [error] local node self-trust was not added: node signing public-key artifact is absent — continuing with configured trusted identities
05:49:32.760 [error] local node self-trust was not added: node signing public-key artifact is absent — continuing with configured trusted identities
05:49:32.763 [error] local node self-trust was not added: node signing public-key artifact is absent — continuing with configured trusted identities
05:49:32.766 [error] local node self-trust was not added: node signing public-key artifact is absent — continuing with configured trusted identities
05:49:32.768 [error] local node self-trust was not added: node signing public-key artifact is absent — continuing with configured trusted identities
05:49:32.772 [error] local node self-trust was not added: node signing public-key artifact is absent — continuing with configured trusted identities
05:49:32.777 [error] local node self-trust was not added: node signing public-key artifact is absent — continuing with configured trusted identities
05:49:32.778 [error] local node self-trust was not added: node signing public-key artifact is absent — continuing with configured trusted identities
05:49:32.791 [warning] flock failed on /tmp/cp_checkout_sync_21182/feature.txt: :enoent, proceeding without lock
05:49:32.913 [error] local node self-trust was not added: node signing public-key artifact is absent — continuing with configured trusted identities
.05:49:32.925 [error] local node self-trust was not added: node signing public-key artifact is absent — continuing with configured trusted identities
05:49:32.927 [error] local node self-trust was not added: node signing public-key artifact is absent — continuing with configured trusted identities
05:49:32.932 [error] local node self-trust was not added: node signing public-key artifact is absent — continuing with configured trusted identities
05:49:32.934 [error] local node self-trust was not added: node signing public-key artifact is absent — continuing with configured trusted identities
05:49:32.939 [error] local node self-trust was not added: node signing public-key artifact is absent — continuing with configured trusted identities
05:49:32.945 [error] local node self-trust was not added: node signing public-key artifact is absent — continuing with configured trusted identities
05:49:32.949 [error] local node self-trust was not added: node signing public-key artifact is absent — continuing with configured trusted identities
05:49:32.951 [error] local node self-trust was not added: node signing public-key artifact is absent — continuing with configured trusted identities
Re-rooted: uuid-root → uuid-main
Exporting from new root...
Done.
05:49:33.032 [error] local node self-trust was not added: node signing public-key artifact is absent — continuing with configured trusted identities
.05:49:33.045 [error] local node self-trust was not added: node signing public-key artifact is absent — continuing with configured trusted identities
05:49:33.046 [error] local node self-trust was not added: node signing public-key artifact is absent — continuing with configured trusted identities
05:49:33.048 [error] local node self-trust was not added: node signing public-key artifact is absent — continuing with configured trusted identities
05:49:33.049 [error] local node self-trust was not added: node signing public-key artifact is absent — continuing with configured trusted identities
05:49:33.051 [error] local node self-trust was not added: node signing public-key artifact is absent — continuing with configured trusted identities
05:49:33.052 [error] local node self-trust was not added: node signing public-key artifact is absent — continuing with configured trusted identities
05:49:33.054 [error] local node self-trust was not added: node signing public-key artifact is absent — continuing with configured trusted identities
05:49:33.058 [error] local node self-trust was not added: node signing public-key artifact is absent — continuing with configured trusted identities
05:49:33.126 [error] local node self-trust was not added: node signing public-key artifact is absent — continuing with configured trusted identities
.05:49:33.137 [error] local node self-trust was not added: node signing public-key artifact is absent — continuing with configured trusted identities
05:49:33.137 [error] local node self-trust was not added: node signing public-key artifact is absent — continuing with configured trusted identities
05:49:33.139 [error] local node self-trust was not added: node signing public-key artifact is absent — continuing with configured trusted identities
05:49:33.141 [error] local node self-trust was not added: node signing public-key artifact is absent — continuing with configured trusted identities
05:49:33.142 [error] local node self-trust was not added: node signing public-key artifact is absent — continuing with configured trusted identities
05:49:33.144 [error] local node self-trust was not added: node signing public-key artifact is absent — continuing with configured trusted identities
05:49:33.146 [error] local node self-trust was not added: node signing public-key artifact is absent — continuing with configured trusted identities
05:49:33.147 [error] local node self-trust was not added: node signing public-key artifact is absent — continuing with configured trusted identities
05:49:33.150 [warning] flock failed on /tmp/cp_checkout_sync_146276/repos/myrepo/feature/feature.txt: :enoent, proceeding without lock
05:49:33.153 [warning] flock failed on /tmp/cp_checkout_sync_146276/repos/myrepo/main/readme.txt: :enoent, proceeding without lock
05:49:33.157 [warning] flock failed on /tmp/cp_checkout_sync_146276/readme.txt: :enoent, proceeding without lock
05:49:33.239 [error] local node self-trust was not added: node signing public-key artifact is absent — continuing with configured trusted identities
.05:49:33.245 [error] local node self-trust was not added: node signing public-key artifact is absent — continuing with configured trusted identities
05:49:33.247 [error] local node self-trust was not added: node signing public-key artifact is absent — continuing with configured trusted identities
.05:49:33.258 [error] local node self-trust was not added: node signing public-key artifact is absent — continuing with configured trusted identities
05:49:33.261 [error] local node self-trust was not added: node signing public-key artifact is absent — continuing with configured trusted identities
.05:49:33.267 [error] local node self-trust was not added: node signing public-key artifact is absent — continuing with configured trusted identities
05:49:33.269 [error] local node self-trust was not added: node signing public-key artifact is absent — continuing with configured trusted identities
..05:49:33.305 [error] local node self-trust was not added: node signing public-key artifact is absent — continuing with configured trusted identities
.05:49:33.312 [error] local node self-trust was not added: node signing public-key artifact is absent — continuing with configured trusted identities
.05:49:33.320 [error] local node self-trust was not added: node signing public-key artifact is absent — continuing with configured trusted identities
.05:49:33.329 [error] local node self-trust was not added: node signing public-key artifact is absent — continuing with configured trusted identities
.05:49:33.336 [error] local node self-trust was not added: node signing public-key artifact is absent — continuing with configured trusted identities
.05:49:33.352 [error] local node self-trust was not added: node signing public-key artifact is absent — continuing with configured trusted identities
.05:49:33.366 [error] local node self-trust was not added: node signing public-key artifact is absent — continuing with configured trusted identities
..05:49:33.382 [error] local node self-trust was not added: node signing public-key artifact is absent — continuing with configured trusted identities
.05:49:33.398 [error] local node self-trust was not added: node signing public-key artifact is absent — continuing with configured trusted identities
05:49:33.399 [error] local node self-trust was not added: node signing public-key artifact is absent — continuing with configured trusted identities
05:49:33.402 [error] local node self-trust was not added: node signing public-key artifact is absent — continuing with configured trusted identities
05:49:33.404 [error] local node self-trust was not added: node signing public-key artifact is absent — continuing with configured trusted identities
05:49:33.409 [error] local node self-trust was not added: node signing public-key artifact is absent — continuing with configured trusted identities
05:49:33.411 [error] local node self-trust was not added: node signing public-key artifact is absent — continuing with configured trusted identities
05:49:33.417 [error] local node self-trust was not added: node signing public-key artifact is absent — continuing with configured trusted identities
05:49:33.419 [error] local node self-trust was not added: node signing public-key artifact is absent — continuing with configured trusted identities
05:49:33.422 [error] local node self-trust was not added: node signing public-key artifact is absent — continuing with configured trusted identities
05:49:33.428 [error] local node self-trust was not added: node signing public-key artifact is absent — continuing with configured trusted identities
05:49:33.431 [warning] flock failed on /tmp/cp_rt_out_931085/docs/examples/hello.txt: :enoent, proceeding without lock
05:49:33.433 [warning] flock failed on /tmp/cp_rt_out_931085/docs/guide.txt: :enoent, proceeding without lock
05:49:33.435 [warning] flock failed on /tmp/cp_rt_out_931085/empty.txt: :enoent, proceeding without lock
05:49:33.439 [warning] flock failed on /tmp/cp_rt_out_931085/readme.txt: :enoent, proceeding without lock
05:49:33.531 [error] local node self-trust was not added: node signing public-key artifact is absent — continuing with configured trusted identities
.05:49:33.539 [error] local node self-trust was not added: node signing public-key artifact is absent — continuing with configured trusted identities
05:49:33.540 [error] local node self-trust was not added: node signing public-key artifact is absent — continuing with configured trusted identities
05:49:33.543 [error] local node self-trust was not added: node signing public-key artifact is absent — continuing with configured trusted identities
05:49:33.545 [error] local node self-trust was not added: node signing public-key artifact is absent — continuing with configured trusted identities
05:49:33.547 [warning] flock failed on /tmp/cp_rt_out_891511/special.txt: :enoent, proceeding without lock
05:49:33.626 [error] local node self-trust was not added: node signing public-key artifact is absent — continuing with configured trusted identities
.05:49:33.632 [error] local node self-trust was not added: node signing public-key artifact is absent — continuing with configured trusted identities
.05:49:33.656 [error] local node self-trust was not added: node signing public-key artifact is absent — continuing with configured trusted identities
05:49:33.667 [error] local node self-trust was not added: node signing public-key artifact is absent — continuing with configured trusted identities
05:49:33.672 [error] local node self-trust was not added: node signing public-key artifact is absent — continuing with configured trusted identities
05:49:33.675 [error] local node self-trust was not added: node signing public-key artifact is absent — continuing with configured trusted identities
05:49:33.678 [error] local node self-trust was not added: node signing public-key artifact is absent — continuing with configured trusted identities
05:49:33.682 [error] local node self-trust was not added: node signing public-key artifact is absent — continuing with configured trusted identities
05:49:33.687 [error] local node self-trust was not added: node signing public-key artifact is absent — continuing with configured trusted identities
.05:49:33.702 [error] local node self-trust was not added: node signing public-key artifact is absent — continuing with configured trusted identities
05:49:33.705 [error] local node self-trust was not added: node signing public-key artifact is absent — continuing with configured trusted identities
05:49:33.708 [error] local node self-trust was not added: node signing public-key artifact is absent — continuing with configured trusted identities
05:49:33.712 [error] local node self-trust was not added: node signing public-key artifact is absent — continuing with configured trusted identities
05:49:33.717 [error] local node self-trust was not added: node signing public-key artifact is absent — continuing with configured trusted identities
05:49:33.721 [error] local node self-trust was not added: node signing public-key artifact is absent — continuing with configured trusted identities
05:49:33.726 [error] local node self-trust was not added: node signing public-key artifact is absent — continuing with configured trusted identities
.05:49:33.740 [error] local node self-trust was not added: node signing public-key artifact is absent — continuing with configured trusted identities
05:49:33.748 [error] local node self-trust was not added: node signing public-key artifact is absent — continuing with configured trusted identities
05:49:33.750 [error] local node self-trust was not added: node signing public-key artifact is absent — continuing with configured trusted identities
05:49:33.757 [error] local node self-trust was not added: node signing public-key artifact is absent — continuing with configured trusted identities
05:49:33.761 [error] local node self-trust was not added: node signing public-key artifact is absent — continuing with configured trusted identities
.05:49:33.826 [error] local node self-trust was not added: node signing public-key artifact is absent — continuing with configured trusted identities
.05:49:33.943 [error] local node self-trust was not added: node signing public-key artifact is absent — continuing with configured trusted identities
.05:49:34.060 [error] local node self-trust was not added: node signing public-key artifact is absent — continuing with configured trusted identities
.05:49:34.184 [error] local node self-trust was not added: node signing public-key artifact is absent — continuing with configured trusted identities
05:49:34.299 [error] local node self-trust was not added: node signing public-key artifact is absent — continuing with configured trusted identities
.05:49:34.364 [error] local node self-trust was not added: node signing public-key artifact is absent — continuing with configured trusted identities
05:49:34.370 [error] local node self-trust was not added: node signing public-key artifact is absent — continuing with configured trusted identities
05:49:34.380 [error] local node self-trust was not added: node signing public-key artifact is absent — continuing with configured trusted identities
05:49:34.399 [error] local node self-trust was not added: node signing public-key artifact is absent — continuing with configured trusted identities
.05:49:34.405 [error] local node self-trust was not added: node signing public-key artifact is absent — continuing with configured trusted identities
05:49:34.410 [error] local node self-trust was not added: node signing public-key artifact is absent — continuing with configured trusted identities
05:49:34.415 [error] local node self-trust was not added: node signing public-key artifact is absent — continuing with configured trusted identities
05:49:34.422 [error] local node self-trust was not added: node signing public-key artifact is absent — continuing with configured trusted identities
.05:49:34.428 [error] local node self-trust was not added: node signing public-key artifact is absent — continuing with configured trusted identities
05:49:34.433 [error] local node self-trust was not added: node signing public-key artifact is absent — continuing with configured trusted identities
05:49:34.437 [error] local node self-trust was not added: node signing public-key artifact is absent — continuing with configured trusted identities
.05:49:34.454 [error] local node self-trust was not added: node signing public-key artifact is absent — continuing with configured trusted identities
05:49:34.455 [error] local node self-trust was not added: node signing public-key artifact is absent — continuing with configured trusted identities
05:49:34.460 [error] local node self-trust was not added: node signing public-key artifact is absent — continuing with configured trusted identities
05:49:34.462 [error] local node self-trust was not added: node signing public-key artifact is absent — continuing with configured trusted identities
05:49:34.465 [error] local node self-trust was not added: node signing public-key artifact is absent — continuing with configured trusted identities
05:49:34.565 [error] local node self-trust was not added: node signing public-key artifact is absent — continuing with configured trusted identities
.05:49:34.582 [error] local node self-trust was not added: node signing public-key artifact is absent — continuing with configured trusted identities
05:49:34.584 [error] local node self-trust was not added: node signing public-key artifact is absent — continuing with configured trusted identities
05:49:34.589 [error] local node self-trust was not added: node signing public-key artifact is absent — continuing with configured trusted identities
05:49:34.592 [error] local node self-trust was not added: node signing public-key artifact is absent — continuing with configured trusted identities
05:49:34.680 [error] local node self-trust was not added: node signing public-key artifact is absent — continuing with configured trusted identities
.05:49:34.690 [error] local node self-trust was not added: node signing public-key artifact is absent — continuing with configured trusted identities
05:49:34.690 [error] local node self-trust was not added: node signing public-key artifact is absent — continuing with configured trusted identities
05:49:34.751 [error] local node self-trust was not added: node signing public-key artifact is absent — continuing with configured trusted identities
.05:49:34.758 [error] local node self-trust was not added: node signing public-key artifact is absent — continuing with configured trusted identities
05:49:34.759 [error] local node self-trust was not added: node signing public-key artifact is absent — continuing with configured trusted identities
05:49:34.762 [error] local node self-trust was not added: node signing public-key artifact is absent — continuing with configured trusted identities
05:49:34.765 [error] local node self-trust was not added: node signing public-key artifact is absent — continuing with configured trusted identities
05:49:34.768 [error] local node self-trust was not added: node signing public-key artifact is absent — continuing with configured trusted identities
05:49:34.771 [error] local node self-trust was not added: node signing public-key artifact is absent — continuing with configured trusted identities
05:49:34.841 [error] local node self-trust was not added: node signing public-key artifact is absent — continuing with configured trusted identities
.05:49:34.853 [error] local node self-trust was not added: node signing public-key artifact is absent — continuing with configured trusted identities
05:49:34.854 [error] local node self-trust was not added: node signing public-key artifact is absent — continuing with configured trusted identities
05:49:34.924 [error] local node self-trust was not added: node signing public-key artifact is absent — continuing with configured trusted identities
.05:49:34.947 [error] local node self-trust was not added: node signing public-key artifact is absent — continuing with configured trusted identities
05:49:35.064 [error] local node self-trust was not added: node signing public-key artifact is absent — continuing with configured trusted identities
.05:49:35.078 [error] local node self-trust was not added: node signing public-key artifact is absent — continuing with configured trusted identities
05:49:35.079 [error] local node self-trust was not added: node signing public-key artifact is absent — continuing with configured trusted identities
05:49:35.082 [error] local node self-trust was not added: node signing public-key artifact is absent — continuing with configured trusted identities
05:49:35.087 [error] local node self-trust was not added: node signing public-key artifact is absent — continuing with configured trusted identities
05:49:35.092 [error] local node self-trust was not added: node signing public-key artifact is absent — continuing with configured trusted identities
05:49:35.095 [error] local node self-trust was not added: node signing public-key artifact is absent — continuing with configured trusted identities
05:49:35.098 [error] local node self-trust was not added: node signing public-key artifact is absent — continuing with configured trusted identities
05:49:35.102 [error] local node self-trust was not added: node signing public-key artifact is absent — continuing with configured trusted identities
05:49:35.104 [error] local node self-trust was not added: node signing public-key artifact is absent — continuing with configured trusted identities
05:49:35.188 [error] local node self-trust was not added: node signing public-key artifact is absent — continuing with configured trusted identities
...........commonplace: :cx_a3fe_absent@commonplace (from /tmp/cx_x8jk_reach_failures_976429839/node_name) serves a DIFFERENT workspace — its data dir is "/other/data", not "/tmp/cx_x8jk_reach_failures_976429839". Ignoring it; that node_name file probably points at an orphan serve.
.................05:49:36.257 [error] local node self-trust was not added: node signing public-key artifact is absent — continuing with configured trusted identities
05:49:36.259 [error] local node self-trust was not added: node signing public-key artifact is absent — continuing with configured trusted identities
05:49:36.261 [error] local node self-trust was not added: node signing public-key artifact is absent — continuing with configured trusted identities
05:49:36.276 [error] local node self-trust was not added: node signing public-key artifact is absent — continuing with configured trusted identities
05:49:36.278 [error] local node self-trust was not added: node signing public-key artifact is absent — continuing with configured trusted identities
.05:49:36.286 [error] local node self-trust was not added: node signing public-key artifact is absent — continuing with configured trusted identities
05:49:36.289 [error] local node self-trust was not added: node signing public-key artifact is absent — continuing with configured trusted identities
05:49:36.291 [error] local node self-trust was not added: node signing public-key artifact is absent — continuing with configured trusted identities
.05:49:36.300 [error] local node self-trust was not added: node signing public-key artifact is absent — continuing with configured trusted identities
05:49:36.303 [error] local node self-trust was not added: node signing public-key artifact is absent — continuing with configured trusted identities
05:49:36.305 [error] local node self-trust was not added: node signing public-key artifact is absent — continuing with configured trusted identities
05:49:36.308 [error] local node self-trust was not added: node signing public-key artifact is absent — continuing with configured trusted identities
.05:49:36.315 [error] local node self-trust was not added: node signing public-key artifact is absent — continuing with configured trusted identities
05:49:36.317 [error] local node self-trust was not added: node signing public-key artifact is absent — continuing with configured trusted identities
05:49:36.318 [error] local node self-trust was not added: node signing public-key artifact is absent — continuing with configured trusted identities
05:49:36.321 [error] local node self-trust was not added: node signing public-key artifact is absent — continuing with configured trusted identities
.05:49:36.336 [error] local node self-trust was not added: node signing public-key artifact is absent — continuing with configured trusted identities
......05:49:36.366 [error] local node self-trust was not added: node signing public-key artifact is absent — continuing with configured trusted identities
05:49:36.367 [error] local node self-trust was not added: node signing public-key artifact is absent — continuing with configured trusted identities
05:49:36.375 [error] local node self-trust was not added: node signing public-key artifact is absent — continuing with configured trusted identities
05:49:36.377 [error] local node self-trust was not added: node signing public-key artifact is absent — continuing with configured trusted identities
05:49:36.380 [error] local node self-trust was not added: node signing public-key artifact is absent — continuing with configured trusted identities
05:49:36.383 [error] local node self-trust was not added: node signing public-key artifact is absent — continuing with configured trusted identities
05:49:36.387 [error] local node self-trust was not added: node signing public-key artifact is absent — continuing with configured trusted identities
05:49:36.391 [error] local node self-trust was not added: node signing public-key artifact is absent — continuing with configured trusted identities
05:49:36.404 [error] local node self-trust was not added: node signing public-key artifact is absent — continuing with configured trusted identities
05:49:36.410 [error] local node self-trust was not added: node signing public-key artifact is absent — continuing with configured trusted identities
05:49:36.415 [error] local node self-trust was not added: node signing public-key artifact is absent — continuing with configured trusted identities
05:49:36.468 [error] local node self-trust was not added: node signing public-key artifact is absent — continuing with configured trusted identities
.05:49:36.483 [error] local node self-trust was not added: node signing public-key artifact is absent — continuing with configured trusted identities
05:49:36.484 [error] local node self-trust was not added: node signing public-key artifact is absent — continuing with configured trusted identities
05:49:36.487 [error] local node self-trust was not added: node signing public-key artifact is absent — continuing with configured trusted identities
05:49:36.490 [error] local node self-trust was not added: node signing public-key artifact is absent — continuing with configured trusted identities
05:49:36.492 [error] local node self-trust was not added: node signing public-key artifact is absent — continuing with configured trusted identities
05:49:36.495 [error] local node self-trust was not added: node signing public-key artifact is absent — continuing with configured trusted identities
05:49:36.500 [error] local node self-trust was not added: node signing public-key artifact is absent — continuing with configured trusted identities
05:49:36.504 [error] local node self-trust was not added: node signing public-key artifact is absent — continuing with configured trusted identities
05:49:36.510 [error] local node self-trust was not added: node signing public-key artifact is absent — continuing with configured trusted identities
05:49:36.515 [error] local node self-trust was not added: node signing public-key artifact is absent — continuing with configured trusted identities
05:49:36.519 [error] local node self-trust was not added: node signing public-key artifact is absent — continuing with configured trusted identities
05:49:36.525 [error] local node self-trust was not added: node signing public-key artifact is absent — continuing with configured trusted identities
05:49:36.528 [warning] flock failed on /tmp/cp_sync_export_414239/new.txt: :enoent, proceeding without lock
05:49:36.531 [warning] flock failed on /tmp/cp_sync_export_414239/notes/todo.txt: :enoent, proceeding without lock
05:49:36.603 [error] local node self-trust was not added: node signing public-key artifact is absent — continuing with configured trusted identities
.05:49:36.616 [error] local node self-trust was not added: node signing public-key artifact is absent — continuing with configured trusted identities
05:49:36.618 [error] local node self-trust was not added: node signing public-key artifact is absent — continuing with configured trusted identities
05:49:36.629 [error] local node self-trust was not added: node signing public-key artifact is absent — continuing with configured trusted identities
05:49:36.635 [error] local node self-trust was not added: node signing public-key artifact is absent — continuing with configured trusted identities
05:49:36.696 [error] local node self-trust was not added: node signing public-key artifact is absent — continuing with configured trusted identities
.05:49:36.708 [error] local node self-trust was not added: node signing public-key artifact is absent — continuing with configured trusted identities
05:49:36.709 [error] local node self-trust was not added: node signing public-key artifact is absent — continuing with configured trusted identities
05:49:36.713 [error] local node self-trust was not added: node signing public-key artifact is absent — continuing with configured trusted identities
05:49:36.716 [error] local node self-trust was not added: node signing public-key artifact is absent — continuing with configured trusted identities
05:49:36.784 [error] local node self-trust was not added: node signing public-key artifact is absent — continuing with configured trusted identities
.05:49:36.792 [error] local node self-trust was not added: node signing public-key artifact is absent — continuing with configured trusted identities
05:49:36.826 [warning] CommitStore: root attach DENIED by workspace profile doc_uuid=a23dc39a-9550-469d-a263-9aae352364cd reason="workspace class 'minimal' does not accept root entry 'bd' — declared in profile"
05:49:36.902 [error] local node self-trust was not added: node signing public-key artifact is absent — continuing with configured trusted identities
.05:49:36.916 [error] local node self-trust was not added: node signing public-key artifact is absent — continuing with configured trusted identities
05:49:37.024 [error] local node self-trust was not added: node signing public-key artifact is absent — continuing with configured trusted identities
.05:49:37.028 [error] local node self-trust was not added: node signing public-key artifact is absent — continuing with configured trusted identities
05:49:37.038 [error] local node self-trust was not added: node signing public-key artifact is absent — continuing with configured trusted identities
05:49:37.042 [error] local node self-trust was not added: node signing public-key artifact is absent — continuing with configured trusted identities
05:49:37.043 [error] local node self-trust was not added: node signing public-key artifact is absent — continuing with configured trusted identities
05:49:37.045 [error] local node self-trust was not added: node signing public-key artifact is absent — continuing with configured trusted identities
05:49:37.047 [error] local node self-trust was not added: node signing public-key artifact is absent — continuing with configured trusted identities
05:49:37.050 [error] local node self-trust was not added: node signing public-key artifact is absent — continuing with configured trusted identities
05:49:37.051 [error] local node self-trust was not added: node signing public-key artifact is absent — continuing with configured trusted identities
05:49:37.053 [error] local node self-trust was not added: node signing public-key artifact is absent — continuing with configured trusted identities
05:49:37.056 [error] local node self-trust was not added: node signing public-key artifact is absent — continuing with configured trusted identities
05:49:37.058 [error] local node self-trust was not added: node signing public-key artifact is absent — continuing with configured trusted identities
.05:49:37.066 [error] local node self-trust was not added: node signing public-key artifact is absent — continuing with configured trusted identities
.05:49:37.084 [error] local node self-trust was not added: node signing public-key artifact is absent — continuing with configured trusted identities
05:49:37.087 [error] local node self-trust was not added: node signing public-key artifact is absent — continuing with configured trusted identities
05:49:37.090 [error] local node self-trust was not added: node signing public-key artifact is absent — continuing with configured trusted identities
05:49:37.095 [error] local node self-trust was not added: node signing public-key artifact is absent — continuing with configured trusted identities
05:49:37.101 [error] local node self-trust was not added: node signing public-key artifact is absent — continuing with configured trusted identities
05:49:37.104 [error] local node self-trust was not added: node signing public-key artifact is absent — continuing with configured trusted identities
05:49:37.107 [error] local node self-trust was not added: node signing public-key artifact is absent — continuing with configured trusted identities
05:49:37.110 [error] local node self-trust was not added: node signing public-key artifact is absent — continuing with configured trusted identities
05:49:37.113 [error] local node self-trust was not added: node signing public-key artifact is absent — continuing with configured trusted identities
05:49:37.116 [error] local node self-trust was not added: node signing public-key artifact is absent — continuing with configured trusted identities
05:49:37.121 [error] local node self-trust was not added: node signing public-key artifact is absent — continuing with configured trusted identities
05:49:37.135 [error] local node self-trust was not added: node signing public-key artifact is absent — continuing with configured trusted identities
05:49:37.137 [error] local node self-trust was not added: node signing public-key artifact is absent — continuing with configured trusted identities
05:49:37.140 [error] local node self-trust was not added: node signing public-key artifact is absent — continuing with configured trusted identities
05:49:37.142 [error] local node self-trust was not added: node signing public-key artifact is absent — continuing with configured trusted identities
05:49:37.145 [error] local node self-trust was not added: node signing public-key artifact is absent — continuing with configured trusted identities
.05:49:37.154 [error] local node self-trust was not added: node signing public-key artifact is absent — continuing with configured trusted identities
.05:49:37.163 [error] local node self-trust was not added: node signing public-key artifact is absent — continuing with configured trusted identities
.05:49:37.168 [error] local node self-trust was not added: node signing public-key artifact is absent — continuing with configured trusted identities
05:49:37.170 [error] local node self-trust was not added: node signing public-key artifact is absent — continuing with configured trusted identities
05:49:37.172 [error] local node self-trust was not added: node signing public-key artifact is absent — continuing with configured trusted identities
05:49:37.174 [error] local node self-trust was not added: node signing public-key artifact is absent — continuing with configured trusted identities
05:49:37.177 [error] local node self-trust was not added: node signing public-key artifact is absent — continuing with configured trusted identities
05:49:37.181 [error] local node self-trust was not added: node signing public-key artifact is absent — continuing with configured trusted identities
05:49:37.183 [error] local node self-trust was not added: node signing public-key artifact is absent — continuing with configured trusted identities
05:49:37.185 [error] local node self-trust was not added: node signing public-key artifact is absent — continuing with configured trusted identities
05:49:37.186 [error] local node self-trust was not added: node signing public-key artifact is absent — continuing with configured trusted identities
05:49:37.188 [error] local node self-trust was not added: node signing public-key artifact is absent — continuing with configured trusted identities
05:49:37.191 [error] local node self-trust was not added: node signing public-key artifact is absent — continuing with configured trusted identities
05:49:37.198 [error] local node self-trust was not added: node signing public-key artifact is absent — continuing with configured trusted identities
05:49:37.203 [error] local node self-trust was not added: node signing public-key artifact is absent — continuing with configured trusted identities
05:49:37.205 [error] local node self-trust was not added: node signing public-key artifact is absent — continuing with configured trusted identities
05:49:37.210 [error] local node self-trust was not added: node signing public-key artifact is absent — continuing with configured trusted identities
05:49:37.213 [error] local node self-trust was not added: node signing public-key artifact is absent — continuing with configured trusted identities
05:49:37.235 [error] local node self-trust was not added: node signing public-key artifact is absent — continuing with configured trusted identities
.05:49:37.242 [error] local node self-trust was not added: node signing public-key artifact is absent — continuing with configured trusted identities
.05:49:37.249 [error] local node self-trust was not added: node signing public-key artifact is absent — continuing with configured trusted identities
.05:49:37.256 [error] local node self-trust was not added: node signing public-key artifact is absent — continuing with configured trusted identities
05:49:37.259 [error] local node self-trust was not added: node signing public-key artifact is absent — continuing with configured trusted identities
05:49:37.260 [error] local node self-trust was not added: node signing public-key artifact is absent — continuing with configured trusted identities
05:49:37.262 [error] local node self-trust was not added: node signing public-key artifact is absent — continuing with configured trusted identities
05:49:37.263 [error] local node self-trust was not added: node signing public-key artifact is absent — continuing with configured trusted identities
05:49:37.265 [error] local node self-trust was not added: node signing public-key artifact is absent — continuing with configured trusted identities
05:49:37.266 [error] local node self-trust was not added: node signing public-key artifact is absent — continuing with configured trusted identities
05:49:37.268 [error] local node self-trust was not added: node signing public-key artifact is absent — continuing with configured trusted identities
05:49:37.270 [error] local node self-trust was not added: node signing public-key artifact is absent — continuing with configured trusted identities
05:49:37.272 [error] local node self-trust was not added: node signing public-key artifact is absent — continuing with configured trusted identities
05:49:37.274 [error] local node self-trust was not added: node signing public-key artifact is absent — continuing with configured trusted identities
05:49:37.277 [error] local node self-trust was not added: node signing public-key artifact is absent — continuing with configured trusted identities
05:49:37.279 [error] local node self-trust was not added: node signing public-key artifact is absent — continuing with configured trusted identities
05:49:37.281 [error] local node self-trust was not added: node signing public-key artifact is absent — continuing with configured trusted identities
05:49:37.283 [error] local node self-trust was not added: node signing public-key artifact is absent — continuing with configured trusted identities
05:49:37.286 [error] local node self-trust was not added: node signing public-key artifact is absent — continuing with configured trusted identities
05:49:37.289 [error] local node self-trust was not added: node signing public-key artifact is absent — continuing with configured trusted identities
05:49:37.291 [error] local node self-trust was not added: node signing public-key artifact is absent — continuing with configured trusted identities
05:49:37.293 [error] local node self-trust was not added: node signing public-key artifact is absent — continuing with configured trusted identities
05:49:37.295 [error] local node self-trust was not added: node signing public-key artifact is absent — continuing with configured trusted identities
05:49:37.297 [error] local node self-trust was not added: node signing public-key artifact is absent — continuing with configured trusted identities
.05:49:37.312 [error] local node self-trust was not added: node signing public-key artifact is absent — continuing with configured trusted identities
05:49:37.315 [error] local node self-trust was not added: node signing public-key artifact is absent — continuing with configured trusted identities
05:49:37.316 [error] local node self-trust was not added: node signing public-key artifact is absent — continuing with configured trusted identities
05:49:37.318 [error] local node self-trust was not added: node signing public-key artifact is absent — continuing with configured trusted identities
05:49:37.321 [error] local node self-trust was not added: node signing public-key artifact is absent — continuing with configured trusted identities
05:49:37.325 [error] local node self-trust was not added: node signing public-key artifact is absent — continuing with configured trusted identities
05:49:37.328 [error] local node self-trust was not added: node signing public-key artifact is absent — continuing with configured trusted identities
05:49:37.330 [error] local node self-trust was not added: node signing public-key artifact is absent — continuing with configured trusted identities
05:49:37.334 [error] local node self-trust was not added: node signing public-key artifact is absent — continuing with configured trusted identities
05:49:37.336 [error] local node self-trust was not added: node signing public-key artifact is absent — continuing with configured trusted identities
05:49:37.340 [error] local node self-trust was not added: node signing public-key artifact is absent — continuing with configured trusted identities
05:49:37.345 [error] local node self-trust was not added: node signing public-key artifact is absent — continuing with configured trusted identities
05:49:37.348 [error] local node self-trust was not added: node signing public-key artifact is absent — continuing with configured trusted identities
05:49:37.352 [error] local node self-trust was not added: node signing public-key artifact is absent — continuing with configured trusted identities
05:49:37.354 [error] local node self-trust was not added: node signing public-key artifact is absent — continuing with configured trusted identities
05:49:37.357 [error] local node self-trust was not added: node signing public-key artifact is absent — continuing with configured trusted identities
05:49:37.360 [error] local node self-trust was not added: node signing public-key artifact is absent — continuing with configured trusted identities
05:49:37.363 [error] local node self-trust was not added: node signing public-key artifact is absent — continuing with configured trusted identities
05:49:37.365 [error] local node self-trust was not added: node signing public-key artifact is absent — continuing with configured trusted identities
05:49:37.367 [error] local node self-trust was not added: node signing public-key artifact is absent — continuing with configured trusted identities
05:49:37.369 [error] local node self-trust was not added: node signing public-key artifact is absent — continuing with configured trusted identities
05:49:37.373 [error] local node self-trust was not added: node signing public-key artifact is absent — continuing with configured trusted identities
.
Finished in 7.1 seconds (2.3s async, 4.8s sync)
121 tests, 0 failures
real 9.65
user 7.71
sys 1.69
