==> commonplace
make: Nothing to be done for 'all'.
==> commonplace_cli
Running ExUnit with seed: 232375, max_cases: 8

................................05:49:52.251 [error] local node self-trust was not added: node signing public-key artifact is absent — continuing with configured trusted identities
.05:49:52.278 [error] local node self-trust was not added: node signing public-key artifact is absent — continuing with configured trusted identities
..05:49:52.296 [error] local node self-trust was not added: node signing public-key artifact is absent — continuing with configured trusted identities
.05:49:52.305 [error] local node self-trust was not added: node signing public-key artifact is absent — continuing with configured trusted identities
..05:49:52.340 [error] local node self-trust was not added: node signing public-key artifact is absent — continuing with configured trusted identities
.05:49:52.351 [error] local node self-trust was not added: node signing public-key artifact is absent — continuing with configured trusted identities
.05:49:52.361 [error] local node self-trust was not added: node signing public-key artifact is absent — continuing with configured trusted identities
.05:49:52.373 [error] local node self-trust was not added: node signing public-key artifact is absent — continuing with configured trusted identities
......05:49:52.965 [error] local node self-trust was not added: node signing public-key artifact is absent — continuing with configured trusted identities
05:49:53.121 [error] local node self-trust was not added: node signing public-key artifact is absent — continuing with configured trusted identities
.05:49:53.132 [error] local node self-trust was not added: node signing public-key artifact is absent — continuing with configured trusted identities
05:49:53.165 [warning] CommitStore: root attach DENIED by workspace profile doc_uuid=0e8496ea-383e-4bb2-b1b6-29c71cc93d1b reason="workspace class 'minimal' does not accept root entry 'bd' — declared in profile"
05:49:53.247 [error] local node self-trust was not added: node signing public-key artifact is absent — continuing with configured trusted identities
.05:49:53.256 [error] local node self-trust was not added: node signing public-key artifact is absent — continuing with configured trusted identities
05:49:53.257 [error] local node self-trust was not added: node signing public-key artifact is absent — continuing with configured trusted identities
05:49:53.328 [error] local node self-trust was not added: node signing public-key artifact is absent — continuing with configured trusted identities
.05:49:53.343 [error] local node self-trust was not added: node signing public-key artifact is absent — continuing with configured trusted identities
05:49:53.344 [error] local node self-trust was not added: node signing public-key artifact is absent — continuing with configured trusted identities
05:49:53.348 [error] local node self-trust was not added: node signing public-key artifact is absent — continuing with configured trusted identities
05:49:53.350 [error] local node self-trust was not added: node signing public-key artifact is absent — continuing with configured trusted identities
05:49:53.452 [error] local node self-trust was not added: node signing public-key artifact is absent — continuing with configured trusted identities
.05:49:53.465 [error] local node self-trust was not added: node signing public-key artifact is absent — continuing with configured trusted identities
05:49:53.465 [error] local node self-trust was not added: node signing public-key artifact is absent — continuing with configured trusted identities
05:49:53.468 [error] local node self-trust was not added: node signing public-key artifact is absent — continuing with configured trusted identities
05:49:53.470 [error] local node self-trust was not added: node signing public-key artifact is absent — continuing with configured trusted identities
05:49:53.472 [error] local node self-trust was not added: node signing public-key artifact is absent — continuing with configured trusted identities
05:49:53.552 [error] local node self-trust was not added: node signing public-key artifact is absent — continuing with configured trusted identities
.05:49:53.565 [error] local node self-trust was not added: node signing public-key artifact is absent — continuing with configured trusted identities
05:49:53.566 [error] local node self-trust was not added: node signing public-key artifact is absent — continuing with configured trusted identities
05:49:53.568 [error] local node self-trust was not added: node signing public-key artifact is absent — continuing with configured trusted identities
05:49:53.570 [error] local node self-trust was not added: node signing public-key artifact is absent — continuing with configured trusted identities
05:49:53.572 [error] local node self-trust was not added: node signing public-key artifact is absent — continuing with configured trusted identities
05:49:53.574 [error] local node self-trust was not added: node signing public-key artifact is absent — continuing with configured trusted identities
05:49:53.579 [error] local node self-trust was not added: node signing public-key artifact is absent — continuing with configured trusted identities
05:49:53.581 [error] local node self-trust was not added: node signing public-key artifact is absent — continuing with configured trusted identities
05:49:53.583 [error] local node self-trust was not added: node signing public-key artifact is absent — continuing with configured trusted identities
05:49:53.648 [error] local node self-trust was not added: node signing public-key artifact is absent — continuing with configured trusted identities
.05:49:53.658 [error] local node self-trust was not added: node signing public-key artifact is absent — continuing with configured trusted identities
05:49:53.787 [error] local node self-trust was not added: node signing public-key artifact is absent — continuing with configured trusted identities
.05:49:53.796 [error] local node self-trust was not added: node signing public-key artifact is absent — continuing with configured trusted identities
05:49:53.798 [error] local node self-trust was not added: node signing public-key artifact is absent — continuing with configured trusted identities
05:49:53.863 [error] local node self-trust was not added: node signing public-key artifact is absent — continuing with configured trusted identities
.05:49:53.875 [error] local node self-trust was not added: node signing public-key artifact is absent — continuing with configured trusted identities
05:49:53.876 [error] local node self-trust was not added: node signing public-key artifact is absent — continuing with configured trusted identities
05:49:53.878 [error] local node self-trust was not added: node signing public-key artifact is absent — continuing with configured trusted identities
05:49:53.881 [error] local node self-trust was not added: node signing public-key artifact is absent — continuing with configured trusted identities
05:49:53.883 [error] local node self-trust was not added: node signing public-key artifact is absent — continuing with configured trusted identities
05:49:53.886 [error] local node self-trust was not added: node signing public-key artifact is absent — continuing with configured trusted identities
05:49:53.992 [error] local node self-trust was not added: node signing public-key artifact is absent — continuing with configured trusted identities
..05:49:54.008 [error] local node self-trust was not added: node signing public-key artifact is absent — continuing with configured trusted identities
05:49:54.008 [error] local node self-trust was not added: node signing public-key artifact is absent — continuing with configured trusted identities
05:49:54.014 [error] local node self-trust was not added: node signing public-key artifact is absent — continuing with configured trusted identities
05:49:54.017 [error] local node self-trust was not added: node signing public-key artifact is absent — continuing with configured trusted identities
05:49:54.024 [warning] flock failed on /tmp/cp_rt_out_666642/special.txt: :enoent, proceeding without lock
05:49:54.133 [error] local node self-trust was not added: node signing public-key artifact is absent — continuing with configured trusted identities
.05:49:54.144 [error] local node self-trust was not added: node signing public-key artifact is absent — continuing with configured trusted identities
05:49:54.144 [error] local node self-trust was not added: node signing public-key artifact is absent — continuing with configured trusted identities
05:49:54.150 [error] local node self-trust was not added: node signing public-key artifact is absent — continuing with configured trusted identities
05:49:54.154 [error] local node self-trust was not added: node signing public-key artifact is absent — continuing with configured trusted identities
05:49:54.158 [error] local node self-trust was not added: node signing public-key artifact is absent — continuing with configured trusted identities
05:49:54.163 [error] local node self-trust was not added: node signing public-key artifact is absent — continuing with configured trusted identities
05:49:54.169 [error] local node self-trust was not added: node signing public-key artifact is absent — continuing with configured trusted identities
05:49:54.171 [error] local node self-trust was not added: node signing public-key artifact is absent — continuing with configured trusted identities
05:49:54.174 [error] local node self-trust was not added: node signing public-key artifact is absent — continuing with configured trusted identities
05:49:54.181 [error] local node self-trust was not added: node signing public-key artifact is absent — continuing with configured trusted identities
05:49:54.185 [warning] flock failed on /tmp/cp_rt_out_889111/docs/examples/hello.txt: :enoent, proceeding without lock
05:49:54.189 [warning] flock failed on /tmp/cp_rt_out_889111/docs/guide.txt: :enoent, proceeding without lock
05:49:54.190 [warning] flock failed on /tmp/cp_rt_out_889111/empty.txt: :enoent, proceeding without lock
05:49:54.192 [warning] flock failed on /tmp/cp_rt_out_889111/readme.txt: :enoent, proceeding without lock
05:49:54.278 [error] local node self-trust was not added: node signing public-key artifact is absent — continuing with configured trusted identities
.....commonplace: :cx_a3fe_absent@commonplace (from /tmp/cx_x8jk_reach_failures_609510337/node_name) serves a DIFFERENT workspace — its data dir is "/other/data", not "/tmp/cx_x8jk_reach_failures_609510337". Ignoring it; that node_name file probably points at an orphan serve.
.............05:49:54.894 [error] local node self-trust was not added: node signing public-key artifact is absent — continuing with configured trusted identities
05:49:54.898 [error] local node self-trust was not added: node signing public-key artifact is absent — continuing with configured trusted identities
05:49:54.901 [error] local node self-trust was not added: node signing public-key artifact is absent — continuing with configured trusted identities
.05:49:54.912 [error] local node self-trust was not added: node signing public-key artifact is absent — continuing with configured trusted identities
05:49:54.921 [error] local node self-trust was not added: node signing public-key artifact is absent — continuing with configured trusted identities
05:49:54.926 [error] local node self-trust was not added: node signing public-key artifact is absent — continuing with configured trusted identities
05:49:54.952 [error] local node self-trust was not added: node signing public-key artifact is absent — continuing with configured trusted identities
.05:49:54.959 [error] local node self-trust was not added: node signing public-key artifact is absent — continuing with configured trusted identities
05:49:54.965 [error] local node self-trust was not added: node signing public-key artifact is absent — continuing with configured trusted identities
05:49:54.970 [error] local node self-trust was not added: node signing public-key artifact is absent — continuing with configured trusted identities
05:49:54.976 [error] local node self-trust was not added: node signing public-key artifact is absent — continuing with configured trusted identities
...05:49:54.992 [error] local node self-trust was not added: node signing public-key artifact is absent — continuing with configured trusted identities
05:49:54.993 [error] local node self-trust was not added: node signing public-key artifact is absent — continuing with configured trusted identities
05:49:54.994 [error] local node self-trust was not added: node signing public-key artifact is absent — continuing with configured trusted identities
05:49:54.997 [error] local node self-trust was not added: node signing public-key artifact is absent — continuing with configured trusted identities
05:49:54.998 [error] local node self-trust was not added: node signing public-key artifact is absent — continuing with configured trusted identities
05:49:54.999 [error] local node self-trust was not added: node signing public-key artifact is absent — continuing with configured trusted identities
05:49:55.002 [error] local node self-trust was not added: node signing public-key artifact is absent — continuing with configured trusted identities
05:49:55.004 [error] local node self-trust was not added: node signing public-key artifact is absent — continuing with configured trusted identities
05:49:55.007 [warning] flock failed on /tmp/cp_checkout_sync_278557/feature.txt: :enoent, proceeding without lock
05:49:55.137 [error] local node self-trust was not added: node signing public-key artifact is absent — continuing with configured trusted identities
.05:49:55.151 [error] local node self-trust was not added: node signing public-key artifact is absent — continuing with configured trusted identities
05:49:55.153 [error] local node self-trust was not added: node signing public-key artifact is absent — continuing with configured trusted identities
05:49:55.155 [error] local node self-trust was not added: node signing public-key artifact is absent — continuing with configured trusted identities
05:49:55.158 [error] local node self-trust was not added: node signing public-key artifact is absent — continuing with configured trusted identities
05:49:55.161 [error] local node self-trust was not added: node signing public-key artifact is absent — continuing with configured trusted identities
05:49:55.163 [error] local node self-trust was not added: node signing public-key artifact is absent — continuing with configured trusted identities
05:49:55.166 [error] local node self-trust was not added: node signing public-key artifact is absent — continuing with configured trusted identities
05:49:55.169 [error] local node self-trust was not added: node signing public-key artifact is absent — continuing with configured trusted identities
Current root: uuid-root
05:49:55.245 [error] local node self-trust was not added: node signing public-key artifact is absent — continuing with configured trusted identities
.05:49:55.260 [error] local node self-trust was not added: node signing public-key artifact is absent — continuing with configured trusted identities
05:49:55.262 [error] local node self-trust was not added: node signing public-key artifact is absent — continuing with configured trusted identities
05:49:55.268 [error] local node self-trust was not added: node signing public-key artifact is absent — continuing with configured trusted identities
05:49:55.271 [error] local node self-trust was not added: node signing public-key artifact is absent — continuing with configured trusted identities
05:49:55.274 [error] local node self-trust was not added: node signing public-key artifact is absent — continuing with configured trusted identities
05:49:55.279 [error] local node self-trust was not added: node signing public-key artifact is absent — continuing with configured trusted identities
05:49:55.281 [error] local node self-trust was not added: node signing public-key artifact is absent — continuing with configured trusted identities
05:49:55.286 [error] local node self-trust was not added: node signing public-key artifact is absent — continuing with configured trusted identities
05:49:55.292 [warning] flock failed on /tmp/cp_checkout_sync_818112/repos/myrepo/feature/feature.txt: :enoent, proceeding without lock
05:49:55.295 [warning] flock failed on /tmp/cp_checkout_sync_818112/repos/myrepo/main/readme.txt: :enoent, proceeding without lock
05:49:55.297 [warning] flock failed on /tmp/cp_checkout_sync_818112/readme.txt: :enoent, proceeding without lock
05:49:55.367 [error] local node self-trust was not added: node signing public-key artifact is absent — continuing with configured trusted identities
.05:49:55.376 [error] local node self-trust was not added: node signing public-key artifact is absent — continuing with configured trusted identities
05:49:55.377 [error] local node self-trust was not added: node signing public-key artifact is absent — continuing with configured trusted identities
05:49:55.379 [error] local node self-trust was not added: node signing public-key artifact is absent — continuing with configured trusted identities
05:49:55.380 [error] local node self-trust was not added: node signing public-key artifact is absent — continuing with configured trusted identities
05:49:55.381 [error] local node self-trust was not added: node signing public-key artifact is absent — continuing with configured trusted identities
05:49:55.383 [error] local node self-trust was not added: node signing public-key artifact is absent — continuing with configured trusted identities
05:49:55.387 [error] local node self-trust was not added: node signing public-key artifact is absent — continuing with configured trusted identities
05:49:55.389 [error] local node self-trust was not added: node signing public-key artifact is absent — continuing with configured trusted identities
05:49:55.516 [error] local node self-trust was not added: node signing public-key artifact is absent — continuing with configured trusted identities
.05:49:55.529 [error] local node self-trust was not added: node signing public-key artifact is absent — continuing with configured trusted identities
05:49:55.529 [error] local node self-trust was not added: node signing public-key artifact is absent — continuing with configured trusted identities
05:49:55.532 [error] local node self-trust was not added: node signing public-key artifact is absent — continuing with configured trusted identities
05:49:55.537 [error] local node self-trust was not added: node signing public-key artifact is absent — continuing with configured trusted identities
05:49:55.539 [error] local node self-trust was not added: node signing public-key artifact is absent — continuing with configured trusted identities
05:49:55.541 [error] local node self-trust was not added: node signing public-key artifact is absent — continuing with configured trusted identities
05:49:55.543 [error] local node self-trust was not added: node signing public-key artifact is absent — continuing with configured trusted identities
05:49:55.547 [error] local node self-trust was not added: node signing public-key artifact is absent — continuing with configured trusted identities
Re-rooted: uuid-root → uuid-main
Exporting from new root...
Done.
05:49:55.654 [error] local node self-trust was not added: node signing public-key artifact is absent — continuing with configured trusted identities
.05:49:55.664 [error] local node self-trust was not added: node signing public-key artifact is absent — continuing with configured trusted identities
05:49:55.665 [error] local node self-trust was not added: node signing public-key artifact is absent — continuing with configured trusted identities
.05:49:55.682 [error] local node self-trust was not added: node signing public-key artifact is absent — continuing with configured trusted identities
05:49:55.685 [error] local node self-trust was not added: node signing public-key artifact is absent — continuing with configured trusted identities
.05:49:55.695 [error] local node self-trust was not added: node signing public-key artifact is absent — continuing with configured trusted identities
05:49:55.697 [error] local node self-trust was not added: node signing public-key artifact is absent — continuing with configured trusted identities
.05:49:55.760 [error] local node self-trust was not added: node signing public-key artifact is absent — continuing with configured trusted identities
.05:49:55.870 [error] local node self-trust was not added: node signing public-key artifact is absent — continuing with configured trusted identities
05:49:55.989 [error] local node self-trust was not added: node signing public-key artifact is absent — continuing with configured trusted identities
.05:49:56.100 [error] local node self-trust was not added: node signing public-key artifact is absent — continuing with configured trusted identities
.05:49:56.213 [error] local node self-trust was not added: node signing public-key artifact is absent — continuing with configured trusted identities
.05:49:56.275 [error] local node self-trust was not added: node signing public-key artifact is absent — continuing with configured trusted identities
.05:49:56.301 [error] local node self-trust was not added: node signing public-key artifact is absent — continuing with configured trusted identities
05:49:56.305 [error] local node self-trust was not added: node signing public-key artifact is absent — continuing with configured trusted identities
05:49:56.307 [error] local node self-trust was not added: node signing public-key artifact is absent — continuing with configured trusted identities
05:49:56.310 [error] local node self-trust was not added: node signing public-key artifact is absent — continuing with configured trusted identities
05:49:56.314 [error] local node self-trust was not added: node signing public-key artifact is absent — continuing with configured trusted identities
05:49:56.318 [error] local node self-trust was not added: node signing public-key artifact is absent — continuing with configured trusted identities
05:49:56.320 [error] local node self-trust was not added: node signing public-key artifact is absent — continuing with configured trusted identities
05:49:56.325 [error] local node self-trust was not added: node signing public-key artifact is absent — continuing with configured trusted identities
05:49:56.330 [error] local node self-trust was not added: node signing public-key artifact is absent — continuing with configured trusted identities
05:49:56.333 [error] local node self-trust was not added: node signing public-key artifact is absent — continuing with configured trusted identities
05:49:56.340 [error] local node self-trust was not added: node signing public-key artifact is absent — continuing with configured trusted identities
05:49:56.351 [error] local node self-trust was not added: node signing public-key artifact is absent — continuing with configured trusted identities
05:49:56.357 [error] local node self-trust was not added: node signing public-key artifact is absent — continuing with configured trusted identities
05:49:56.362 [error] local node self-trust was not added: node signing public-key artifact is absent — continuing with configured trusted identities
05:49:56.365 [error] local node self-trust was not added: node signing public-key artifact is absent — continuing with configured trusted identities
05:49:56.371 [error] local node self-trust was not added: node signing public-key artifact is absent — continuing with configured trusted identities
.05:49:56.398 [error] local node self-trust was not added: node signing public-key artifact is absent — continuing with configured trusted identities
05:49:56.400 [error] local node self-trust was not added: node signing public-key artifact is absent — continuing with configured trusted identities
05:49:56.405 [error] local node self-trust was not added: node signing public-key artifact is absent — continuing with configured trusted identities
05:49:56.408 [error] local node self-trust was not added: node signing public-key artifact is absent — continuing with configured trusted identities
05:49:56.412 [error] local node self-trust was not added: node signing public-key artifact is absent — continuing with configured trusted identities
05:49:56.414 [error] local node self-trust was not added: node signing public-key artifact is absent — continuing with configured trusted identities
05:49:56.418 [error] local node self-trust was not added: node signing public-key artifact is absent — continuing with configured trusted identities
05:49:56.421 [error] local node self-trust was not added: node signing public-key artifact is absent — continuing with configured trusted identities
05:49:56.425 [error] local node self-trust was not added: node signing public-key artifact is absent — continuing with configured trusted identities
05:49:56.428 [error] local node self-trust was not added: node signing public-key artifact is absent — continuing with configured trusted identities
05:49:56.435 [error] local node self-trust was not added: node signing public-key artifact is absent — continuing with configured trusted identities
.05:49:56.444 [error] local node self-trust was not added: node signing public-key artifact is absent — continuing with configured trusted identities
05:49:56.446 [error] local node self-trust was not added: node signing public-key artifact is absent — continuing with configured trusted identities
05:49:56.449 [error] local node self-trust was not added: node signing public-key artifact is absent — continuing with configured trusted identities
05:49:56.454 [error] local node self-trust was not added: node signing public-key artifact is absent — continuing with configured trusted identities
05:49:56.458 [error] local node self-trust was not added: node signing public-key artifact is absent — continuing with configured trusted identities
05:49:56.462 [error] local node self-trust was not added: node signing public-key artifact is absent — continuing with configured trusted identities
05:49:56.465 [error] local node self-trust was not added: node signing public-key artifact is absent — continuing with configured trusted identities
05:49:56.469 [error] local node self-trust was not added: node signing public-key artifact is absent — continuing with configured trusted identities
05:49:56.473 [error] local node self-trust was not added: node signing public-key artifact is absent — continuing with configured trusted identities
05:49:56.476 [error] local node self-trust was not added: node signing public-key artifact is absent — continuing with configured trusted identities
05:49:56.480 [error] local node self-trust was not added: node signing public-key artifact is absent — continuing with configured trusted identities
05:49:56.485 [error] local node self-trust was not added: node signing public-key artifact is absent — continuing with configured trusted identities
05:49:56.488 [error] local node self-trust was not added: node signing public-key artifact is absent — continuing with configured trusted identities
05:49:56.491 [error] local node self-trust was not added: node signing public-key artifact is absent — continuing with configured trusted identities
05:49:56.494 [error] local node self-trust was not added: node signing public-key artifact is absent — continuing with configured trusted identities
05:49:56.497 [error] local node self-trust was not added: node signing public-key artifact is absent — continuing with configured trusted identities
05:49:56.505 [error] local node self-trust was not added: node signing public-key artifact is absent — continuing with configured trusted identities
05:49:56.509 [error] local node self-trust was not added: node signing public-key artifact is absent — continuing with configured trusted identities
05:49:56.514 [error] local node self-trust was not added: node signing public-key artifact is absent — continuing with configured trusted identities
05:49:56.520 [error] local node self-trust was not added: node signing public-key artifact is absent — continuing with configured trusted identities
05:49:56.523 [error] local node self-trust was not added: node signing public-key artifact is absent — continuing with configured trusted identities
05:49:56.529 [error] local node self-trust was not added: node signing public-key artifact is absent — continuing with configured trusted identities
.05:49:56.538 [error] local node self-trust was not added: node signing public-key artifact is absent — continuing with configured trusted identities
.05:49:56.547 [error] local node self-trust was not added: node signing public-key artifact is absent — continuing with configured trusted identities
05:49:56.550 [error] local node self-trust was not added: node signing public-key artifact is absent — continuing with configured trusted identities
05:49:56.552 [error] local node self-trust was not added: node signing public-key artifact is absent — continuing with configured trusted identities
05:49:56.555 [error] local node self-trust was not added: node signing public-key artifact is absent — continuing with configured trusted identities
05:49:56.558 [error] local node self-trust was not added: node signing public-key artifact is absent — continuing with configured trusted identities
05:49:56.560 [error] local node self-trust was not added: node signing public-key artifact is absent — continuing with configured trusted identities
05:49:56.564 [error] local node self-trust was not added: node signing public-key artifact is absent — continuing with configured trusted identities
05:49:56.567 [error] local node self-trust was not added: node signing public-key artifact is absent — continuing with configured trusted identities
05:49:56.570 [error] local node self-trust was not added: node signing public-key artifact is absent — continuing with configured trusted identities
05:49:56.576 [error] local node self-trust was not added: node signing public-key artifact is absent — continuing with configured trusted identities
05:49:56.586 [error] local node self-trust was not added: node signing public-key artifact is absent — continuing with configured trusted identities
05:49:56.593 [error] local node self-trust was not added: node signing public-key artifact is absent — continuing with configured trusted identities
05:49:56.598 [error] local node self-trust was not added: node signing public-key artifact is absent — continuing with configured trusted identities
05:49:56.602 [error] local node self-trust was not added: node signing public-key artifact is absent — continuing with configured trusted identities
05:49:56.605 [error] local node self-trust was not added: node signing public-key artifact is absent — continuing with configured trusted identities
05:49:56.611 [error] local node self-trust was not added: node signing public-key artifact is absent — continuing with configured trusted identities
05:49:56.622 [error] local node self-trust was not added: node signing public-key artifact is absent — continuing with configured trusted identities
05:49:56.632 [error] local node self-trust was not added: node signing public-key artifact is absent — continuing with configured trusted identities
05:49:56.637 [error] local node self-trust was not added: node signing public-key artifact is absent — continuing with configured trusted identities
05:49:56.642 [error] local node self-trust was not added: node signing public-key artifact is absent — continuing with configured trusted identities
05:49:56.651 [error] local node self-trust was not added: node signing public-key artifact is absent — continuing with configured trusted identities
.05:49:56.668 [error] local node self-trust was not added: node signing public-key artifact is absent — continuing with configured trusted identities
05:49:56.670 [error] local node self-trust was not added: node signing public-key artifact is absent — continuing with configured trusted identities
05:49:56.673 [error] local node self-trust was not added: node signing public-key artifact is absent — continuing with configured trusted identities
05:49:56.676 [error] local node self-trust was not added: node signing public-key artifact is absent — continuing with configured trusted identities
05:49:56.679 [error] local node self-trust was not added: node signing public-key artifact is absent — continuing with configured trusted identities
05:49:56.689 [error] local node self-trust was not added: node signing public-key artifact is absent — continuing with configured trusted identities
05:49:56.693 [error] local node self-trust was not added: node signing public-key artifact is absent — continuing with configured trusted identities
05:49:56.695 [error] local node self-trust was not added: node signing public-key artifact is absent — continuing with configured trusted identities
05:49:56.699 [error] local node self-trust was not added: node signing public-key artifact is absent — continuing with configured trusted identities
05:49:56.703 [error] local node self-trust was not added: node signing public-key artifact is absent — continuing with configured trusted identities
05:49:56.706 [error] local node self-trust was not added: node signing public-key artifact is absent — continuing with configured trusted identities
05:49:56.710 [error] local node self-trust was not added: node signing public-key artifact is absent — continuing with configured trusted identities
05:49:56.714 [error] local node self-trust was not added: node signing public-key artifact is absent — continuing with configured trusted identities
05:49:56.721 [error] local node self-trust was not added: node signing public-key artifact is absent — continuing with configured trusted identities
05:49:56.725 [error] local node self-trust was not added: node signing public-key artifact is absent — continuing with configured trusted identities
05:49:56.729 [error] local node self-trust was not added: node signing public-key artifact is absent — continuing with configured trusted identities
05:49:56.761 [error] local node self-trust was not added: node signing public-key artifact is absent — continuing with configured trusted identities
.05:49:56.775 [error] local node self-trust was not added: node signing public-key artifact is absent — continuing with configured trusted identities
.05:49:56.788 [error] local node self-trust was not added: node signing public-key artifact is absent — continuing with configured trusted identities
.05:49:56.795 [error] local node self-trust was not added: node signing public-key artifact is absent — continuing with configured trusted identities
......05:49:56.809 [error] local node self-trust was not added: node signing public-key artifact is absent — continuing with configured trusted identities
.05:49:56.825 [error] local node self-trust was not added: node signing public-key artifact is absent — continuing with configured trusted identities
05:49:56.832 [error] local node self-trust was not added: node signing public-key artifact is absent — continuing with configured trusted identities
05:49:56.834 [error] local node self-trust was not added: node signing public-key artifact is absent — continuing with configured trusted identities
05:49:56.836 [error] local node self-trust was not added: node signing public-key artifact is absent — continuing with configured trusted identities
05:49:56.838 [error] local node self-trust was not added: node signing public-key artifact is absent — continuing with configured trusted identities
.05:49:56.846 [error] local node self-trust was not added: node signing public-key artifact is absent — continuing with configured trusted identities
05:49:56.852 [error] local node self-trust was not added: node signing public-key artifact is absent — continuing with configured trusted identities
05:49:56.855 [error] local node self-trust was not added: node signing public-key artifact is absent — continuing with configured trusted identities
05:49:56.857 [error] local node self-trust was not added: node signing public-key artifact is absent — continuing with configured trusted identities
05:49:56.861 [error] local node self-trust was not added: node signing public-key artifact is absent — continuing with configured trusted identities
05:49:56.864 [error] local node self-trust was not added: node signing public-key artifact is absent — continuing with configured trusted identities
05:49:56.866 [error] local node self-trust was not added: node signing public-key artifact is absent — continuing with configured trusted identities
.05:49:56.879 [error] local node self-trust was not added: node signing public-key artifact is absent — continuing with configured trusted identities
05:49:56.882 [error] local node self-trust was not added: node signing public-key artifact is absent — continuing with configured trusted identities
05:49:56.884 [error] local node self-trust was not added: node signing public-key artifact is absent — continuing with configured trusted identities
05:49:56.889 [error] local node self-trust was not added: node signing public-key artifact is absent — continuing with configured trusted identities
05:49:56.892 [error] local node self-trust was not added: node signing public-key artifact is absent — continuing with configured trusted identities
05:49:56.895 [error] local node self-trust was not added: node signing public-key artifact is absent — continuing with configured trusted identities
05:49:56.898 [error] local node self-trust was not added: node signing public-key artifact is absent — continuing with configured trusted identities
.05:49:56.905 [error] local node self-trust was not added: node signing public-key artifact is absent — continuing with configured trusted identities
05:49:56.907 [error] local node self-trust was not added: node signing public-key artifact is absent — continuing with configured trusted identities
05:49:56.909 [error] local node self-trust was not added: node signing public-key artifact is absent — continuing with configured trusted identities
.05:49:56.936 [error] local node self-trust was not added: node signing public-key artifact is absent — continuing with configured trusted identities
05:49:56.939 [error] local node self-trust was not added: node signing public-key artifact is absent — continuing with configured trusted identities
05:49:56.944 [error] local node self-trust was not added: node signing public-key artifact is absent — continuing with configured trusted identities
05:49:56.947 [error] local node self-trust was not added: node signing public-key artifact is absent — continuing with configured trusted identities
05:49:56.950 [error] local node self-trust was not added: node signing public-key artifact is absent — continuing with configured trusted identities
.05:49:56.961 [error] local node self-trust was not added: node signing public-key artifact is absent — continuing with configured trusted identities
.05:49:56.969 [error] local node self-trust was not added: node signing public-key artifact is absent — continuing with configured trusted identities
05:49:56.974 [error] local node self-trust was not added: node signing public-key artifact is absent — continuing with configured trusted identities
05:49:56.976 [error] local node self-trust was not added: node signing public-key artifact is absent — continuing with configured trusted identities
05:49:56.980 [error] local node self-trust was not added: node signing public-key artifact is absent — continuing with configured trusted identities
.05:49:56.989 [error] local node self-trust was not added: node signing public-key artifact is absent — continuing with configured trusted identities
05:49:56.993 [error] local node self-trust was not added: node signing public-key artifact is absent — continuing with configured trusted identities
05:49:56.997 [error] local node self-trust was not added: node signing public-key artifact is absent — continuing with configured trusted identities
05:49:57.000 [error] local node self-trust was not added: node signing public-key artifact is absent — continuing with configured trusted identities
.05:49:57.016 [error] local node self-trust was not added: node signing public-key artifact is absent — continuing with configured trusted identities
05:49:57.016 [error] local node self-trust was not added: node signing public-key artifact is absent — continuing with configured trusted identities
05:49:57.026 [error] local node self-trust was not added: node signing public-key artifact is absent — continuing with configured trusted identities
05:49:57.029 [error] local node self-trust was not added: node signing public-key artifact is absent — continuing with configured trusted identities
05:49:57.033 [error] local node self-trust was not added: node signing public-key artifact is absent — continuing with configured trusted identities
05:49:57.036 [error] local node self-trust was not added: node signing public-key artifact is absent — continuing with configured trusted identities
05:49:57.039 [error] local node self-trust was not added: node signing public-key artifact is absent — continuing with configured trusted identities
05:49:57.043 [error] local node self-trust was not added: node signing public-key artifact is absent — continuing with configured trusted identities
05:49:57.054 [error] local node self-trust was not added: node signing public-key artifact is absent — continuing with configured trusted identities
05:49:57.057 [error] local node self-trust was not added: node signing public-key artifact is absent — continuing with configured trusted identities
05:49:57.062 [error] local node self-trust was not added: node signing public-key artifact is absent — continuing with configured trusted identities
05:49:57.147 [error] local node self-trust was not added: node signing public-key artifact is absent — continuing with configured trusted identities
.05:49:57.155 [error] local node self-trust was not added: node signing public-key artifact is absent — continuing with configured trusted identities
05:49:57.156 [error] local node self-trust was not added: node signing public-key artifact is absent — continuing with configured trusted identities
05:49:57.159 [error] local node self-trust was not added: node signing public-key artifact is absent — continuing with configured trusted identities
05:49:57.162 [error] local node self-trust was not added: node signing public-key artifact is absent — continuing with configured trusted identities
05:49:57.225 [error] local node self-trust was not added: node signing public-key artifact is absent — continuing with configured trusted identities
.05:49:57.237 [error] local node self-trust was not added: node signing public-key artifact is absent — continuing with configured trusted identities
05:49:57.237 [error] local node self-trust was not added: node signing public-key artifact is absent — continuing with configured trusted identities
05:49:57.241 [error] local node self-trust was not added: node signing public-key artifact is absent — continuing with configured trusted identities
05:49:57.244 [error] local node self-trust was not added: node signing public-key artifact is absent — continuing with configured trusted identities
05:49:57.323 [error] local node self-trust was not added: node signing public-key artifact is absent — continuing with configured trusted identities
.05:49:57.336 [error] local node self-trust was not added: node signing public-key artifact is absent — continuing with configured trusted identities
05:49:57.337 [error] local node self-trust was not added: node signing public-key artifact is absent — continuing with configured trusted identities
05:49:57.339 [error] local node self-trust was not added: node signing public-key artifact is absent — continuing with configured trusted identities
05:49:57.342 [error] local node self-trust was not added: node signing public-key artifact is absent — continuing with configured trusted identities
05:49:57.344 [error] local node self-trust was not added: node signing public-key artifact is absent — continuing with configured trusted identities
05:49:57.346 [error] local node self-trust was not added: node signing public-key artifact is absent — continuing with configured trusted identities
05:49:57.349 [error] local node self-trust was not added: node signing public-key artifact is absent — continuing with configured trusted identities
05:49:57.351 [error] local node self-trust was not added: node signing public-key artifact is absent — continuing with configured trusted identities
05:49:57.356 [error] local node self-trust was not added: node signing public-key artifact is absent — continuing with configured trusted identities
05:49:57.359 [error] local node self-trust was not added: node signing public-key artifact is absent — continuing with configured trusted identities
05:49:57.361 [error] local node self-trust was not added: node signing public-key artifact is absent — continuing with configured trusted identities
05:49:57.365 [error] local node self-trust was not added: node signing public-key artifact is absent — continuing with configured trusted identities
05:49:57.367 [warning] flock failed on /tmp/cp_sync_export_418437/new.txt: :enoent, proceeding without lock
05:49:57.369 [warning] flock failed on /tmp/cp_sync_export_418437/notes/todo.txt: :enoent, proceeding without lock
05:49:57.428 [error] local node self-trust was not added: node signing public-key artifact is absent — continuing with configured trusted identities
.
Finished in 8.1 seconds (2.8s async, 5.2s sync)
121 tests, 0 failures
real 10.55
user 8.00
sys 1.71
